Archive member included because of file (symbol)

contiki-cc13xx.a(contiki-main.o)
                              obj_cc13xx/startup_gcc.o (main)
contiki-cc13xx.a(board.o)     contiki-cc13xx.a(contiki-main.o) (board_init)
contiki-cc13xx.a(node-id.o)   contiki-cc13xx.a(contiki-main.o) (node_id_burn)
contiki-cc13xx.a(external-watchd)
                              contiki-cc13xx.a(contiki-main.o) (watchdog_process)
contiki-cc13xx.a(prop-mode.o)
                              contiki-cc13xx.a(contiki-main.o) (prop_mode_driver)
contiki-cc13xx.a(prop-mode-tx-po)
                              contiki-cc13xx.a(prop-mode.o) (prop_mode_tx_power_431_527)
contiki-cc13xx.a(clock.o)     contiki-cc13xx.a(contiki-main.o) (clock_init)
contiki-cc13xx.a(rtimer-arch.o)
                              contiki-cc13xx.a(prop-mode.o) (rtimer_arch_now)
contiki-cc13xx.a(soc-rtc.o)   contiki-cc13xx.a(contiki-main.o) (soc_rtc_init)
contiki-cc13xx.a(contiki-watchdo)
                              contiki-cc13xx.a(contiki-main.o) (watchdog_init)
contiki-cc13xx.a(putchar.o)   contiki-cc13xx.a(node-id.o) (putchar)
contiki-cc13xx.a(ieee-addr.o)
                              contiki-cc13xx.a(contiki-main.o) (ieee_addr_cpy_to)
contiki-cc13xx.a(cc26xx-uart.o)
                              contiki-cc13xx.a(contiki-main.o) (cc26xx_uart_init)
contiki-cc13xx.a(lpm.o)       contiki-cc13xx.a(prop-mode.o) (lpm_sleep)
contiki-cc13xx.a(oscillators.o)
                              contiki-cc13xx.a(contiki-main.o) (oscillators_select_lf_xosc)
contiki-cc13xx.a(rf-core.o)   contiki-cc13xx.a(prop-mode.o) (rf_core_is_accessible)
contiki-cc13xx.a(rf-ble.o)    contiki-cc13xx.a(prop-mode.o) (rf_ble_is_active)
contiki-cc13xx.a(random.o)    contiki-cc13xx.a(contiki-main.o) (random_init)
contiki-cc13xx.a(soc-trng.o)  contiki-cc13xx.a(random.o) (soc_trng_rand_synchronous)
contiki-cc13xx.a(dbg-printf.o)
                              hello-world.co (printf)
contiki-cc13xx.a(strformat.o)
                              contiki-cc13xx.a(dbg-printf.o) (format_str_v)
contiki-cc13xx.a(autostart.o)
                              contiki-cc13xx.a(contiki-main.o) (autostart_start)
contiki-cc13xx.a(ctimer.o)    contiki-cc13xx.a(contiki-main.o) (ctimer_init)
contiki-cc13xx.a(energest.o)  contiki-cc13xx.a(contiki-main.o) (energest_init)
contiki-cc13xx.a(etimer.o)    contiki-cc13xx.a(clock.o) (etimer_request_poll)
contiki-cc13xx.a(process.o)   contiki-cc13xx.a(soc-trng.o) (process_alloc_event)
contiki-cc13xx.a(rtimer.o)    contiki-cc13xx.a(contiki-main.o) (rtimer_init)
contiki-cc13xx.a(timer.o)     contiki-cc13xx.a(etimer.o) (timer_set)
contiki-cc13xx.a(serial-line.o)
                              hello-world.co (serial_line_event_message)
contiki-cc13xx.a(leds.o)      contiki-cc13xx.a(board.o) (leds_init)
contiki-cc13xx.a(list.o)      contiki-cc13xx.a(lpm.o) (list_init)
contiki-cc13xx.a(ringbuf.o)   contiki-cc13xx.a(serial-line.o) (ringbuf_init)
contiki-cc13xx.a(sicslowpan.o)
                              contiki-cc13xx.a(contiki-main.o) (sicslowpan_driver)
contiki-cc13xx.a(tcpip.o)     contiki-cc13xx.a(sicslowpan.o) (tcpip_set_outputfunc)
contiki-cc13xx.a(rpl-ext-header.)
                              contiki-cc13xx.a(tcpip.o) (rpl_update_header)
contiki-cc13xx.a(rpl.o)       contiki-cc13xx.a(tcpip.o) (rpl_init)
contiki-cc13xx.a(rpl-icmp6.o)
                              contiki-cc13xx.a(rpl.o) (dao_output)
contiki-cc13xx.a(rpl-dag.o)   contiki-cc13xx.a(rpl.o) (rpl_dag_init)
contiki-cc13xx.a(setup.o)     obj_cc13xx/startup_gcc.o (NOROM_SetupTrimDevice)
contiki-cc13xx.a(setup_rom.o)
                              contiki-cc13xx.a(setup.o) (NOROM_SetupAfterColdResetWakeupFromShutDownCfg1)
contiki-cc13xx.a(trng.o)      contiki-cc13xx.a(soc-trng.o) (NOROM_TRNGConfigure)
contiki-cc13xx.a(adi.o)       contiki-cc13xx.a(oscillators.o) (SafeHapiVoid)
contiki-cc13xx.a(ddi.o)       contiki-cc13xx.a(setup_rom.o) (NOROM_DDI32RegWrite)
contiki-cc13xx.a(chipinfo.o)  contiki-cc13xx.a(prop-mode.o) (NOROM_ChipInfo_GetChipFamily)
contiki-cc13xx.a(cpu.o)       contiki-cc13xx.a(contiki-main.o) (NOROM_CPUcpsid)
contiki-cc13xx.a(pwr_ctrl.o)  contiki-cc13xx.a(lpm.o) (NOROM_PowerCtrlSourceSet)
contiki-cc13xx.a(sys_ctrl.o)  contiki-cc13xx.a(lpm.o) (NOROM_SysCtrlSetRechargeBeforePowerDown)
contiki-cc13xx.a(osc.o)       contiki-cc13xx.a(oscillators.o) (NOROM_OSCClockSourceSet)
contiki-cc13xx.a(aon_rtc.o)   contiki-cc13xx.a(rtimer-arch.o) (NOROM_AONRTCCurrentCompareValueGet)
contiki-cc13xx.a(rfc.o)       contiki-cc13xx.a(prop-mode.o) (NOROM_RFCRTrim)
contiki-cc13xx.a(queuebuf.o)  contiki-cc13xx.a(sicslowpan.o) (queuebuf_numfree)
contiki-cc13xx.a(nbr-table.o)
                              contiki-cc13xx.a(rpl-dag.o) (nbr_table_register)
contiki-cc13xx.a(packetbuf.o)
                              contiki-cc13xx.a(queuebuf.o) (packetbuf_copyto)
contiki-cc13xx.a(netstack.o)  contiki-cc13xx.a(contiki-main.o) (netstack_init)
contiki-cc13xx.a(linkaddr.o)  contiki-cc13xx.a(sicslowpan.o) (linkaddr_copy)
[...]
Memory Configuration

Name             Origin             Length             Attributes
FLASH            0x00000000         0x0001ffa8         xr
FLASH_CCFG       0x0001ffa8         0x00000058         xr
SRAM             0x20000000         0x00005000         xrw
GPRAM            0x11000000         0x00002000         xrw
*default*        0x00000000         0xffffffff

Linker script and memory map

LOAD obj_cc13xx/fault-handlers.o
LOAD obj_cc13xx/ccfg.o
LOAD obj_cc13xx/startup_gcc.o
LOAD hello-world.co
LOAD contiki-cc13xx.a
LOAD /opt/gcc-arm-none/bin/../lib/gcc/arm-none-eabi/4.9.3/../../../../arm-none-eabi/lib/armv7-m/libm.a
START GROUP
LOAD /opt/gcc-arm-none/bin/../lib/gcc/arm-none-eabi/4.9.3/armv7-m/libgcc.a
LOAD /opt/gcc-arm-none/bin/../lib/gcc/arm-none-eabi/4.9.3/../../../../arm-none-eabi/lib/armv7-m/libc.a
END GROUP
START GROUP
LOAD /opt/gcc-arm-none/bin/../lib/gcc/arm-none-eabi/4.9.3/armv7-m/libgcc.a
LOAD /opt/gcc-arm-none/bin/../lib/gcc/arm-none-eabi/4.9.3/../../../../arm-none-eabi/lib/armv7-m/libc.a
LOAD /opt/gcc-arm-none/bin/../lib/gcc/arm-none-eabi/4.9.3/../../../../arm-none-eabi/lib/armv7-m/libnosys.a
END GROUP
                0x20005000                _estack = (ORIGIN (SRAM) + 0x5000)
                0x00000000                _Min_Heap_Size = 0x0
                0x00000100                _Min_Stack_Size = 0x100

.text           0x00000000     0xe0b4
                0x00000000                _text = .
 *(SORT(.vectors))
 .vectors       0x00000000       0xc8 obj_cc13xx/startup_gcc.o
                0x00000000                g_pfnVectors
 *(SORT(.text*))
 .text.FaultISR
                0x000000c8       0x18 obj_cc13xx/fault-handlers.o
                0x000000c8                FaultISR
 .text.NmiSRHandler
                0x000000e0        0x4 obj_cc13xx/startup_gcc.o
                0x000000e0                NmiSR
 .text.IntDefaultHandler
                0x000000e4        0x4 obj_cc13xx/startup_gcc.o
                0x000000e4                SSI0IntHandler
                0x000000e4                SWEvent0IntHandler
                0x000000e4                uDMAIntHandler
                0x000000e4                WatchdogIntHandler
                0x000000e4                RFCHardwareIntHandler
                0x000000e4                Timer1BIntHandler
                0x000000e4                I2SIntHandler
                0x000000e4                Timer2BIntHandler
                0x000000e4                Timer2AIntHandler
                0x000000e4                Timer1AIntHandler
                0x000000e4                GPIOIntHandler
                0x000000e4                AONIntHandler
                0x000000e4                AUXSWEvent0IntHandler
                0x000000e4                AUXADCIntHandler
                0x000000e4                PendSVIntHandler
                0x000000e4                AUXSWEvent1IntHandler
                0x000000e4                SVCallIntHandler
                0x000000e4                MPUFaultIntHandler
                0x000000e4                SysTickIntHandler
                0x000000e4                BusFaultIntHandler
                0x000000e4                AONProgIntHandler
                0x000000e4                AUXCompAIntHandler
                0x000000e4                SSI1IntHandler
                0x000000e4                FlashIntHandler
                0x000000e4                uDMAErrIntHandler
                0x000000e4                UsageFaultIntHandler
                0x000000e4                RFCCmdAckIntHandler
                0x000000e4                CryptoIntHandler
                0x000000e4                Timer0AIntHandler
                0x000000e4                I2CIntHandler
                0x000000e4                DebugMonIntHandler
                0x000000e4                Timer0BIntHandler
                0x000000e4                AUXCombEventIntHandler
                0x000000e4                Timer3AIntHandler
                0x000000e4                DynProgIntHandler
                0x000000e4                Timer3BIntHandler
 .text.ResetISR
                0x000000e8       0x5c obj_cc13xx/startup_gcc.o
                0x000000e8                ResetISR
 .text.process_thread_hello_world_process
                0x00000144       0x4c hello-world.co
 .text.startup.main
                0x00000190      0x19c contiki-cc13xx.a(contiki-main.o)
                0x00000190                main
 .text.wakeup_handler
                0x0000032c       0x20 contiki-cc13xx.a(board.o)
 .text.leds_arch_init
                0x0000034c       0x28 contiki-cc13xx.a(board.o)
                0x0000034c                leds_arch_init
 .text.logic_test
                0x00000374        0xc contiki-cc13xx.a(board.o)
                0x00000374                logic_test
 .text.board_init
                0x00000380       0xa4 contiki-cc13xx.a(board.o)
                0x00000380                board_init
 .text.node_id_burn
                0x00000424        0xc contiki-cc13xx.a(node-id.o)
                0x00000424                node_id_burn
 .text.restart_count_byte_burn
                0x00000430       0x30 contiki-cc13xx.a(node-id.o)
                0x00000430                restart_count_byte_burn
 .text.restart_count_byte_restore
                0x00000460       0x30 contiki-cc13xx.a(node-id.o)
                0x00000460                restart_count_byte_restore
 .text.process_thread_watchdog_process
                0x00000490       0x64 contiki-cc13xx.a(external-watchd)
 .text.get_object
                0x000004f4        0x4 contiki-cc13xx.a(prop-mode.o)
 .text.set_object
                0x000004f8        0x4 contiki-cc13xx.a(prop-mode.o)
 .text.set_channel
                0x000004fc       0x5c contiki-cc13xx.a(prop-mode.o)
 .text.request  0x00000558       0x20 contiki-cc13xx.a(prop-mode.o)
 .text.soft_off_prop
                0x00000578       0x4c contiki-cc13xx.a(prop-mode.o)
 .text.prop_div_radio_setup
                0x000005c4       0x68 contiki-cc13xx.a(prop-mode.o)
 .text.prop_fs  0x0000062c       0x48 contiki-cc13xx.a(prop-mode.o)
 .text.prepare  0x00000674       0x1c contiki-cc13xx.a(prop-mode.o)
 .text.pending_packet
                0x00000690       0x34 contiki-cc13xx.a(prop-mode.o)
 .text.read_frame
                0x000006c4       0x50 contiki-cc13xx.a(prop-mode.o)
 .text.rx_off_prop
                0x00000714       0x64 contiki-cc13xx.a(prop-mode.o)
 .text.rx_on_prop
                0x00000778       0xa8 contiki-cc13xx.a(prop-mode.o)
 .text.soft_on_prop
                0x00000820       0x38 contiki-cc13xx.a(prop-mode.o)
 .text.off      0x00000858       0x24 contiki-cc13xx.a(prop-mode.o)
 .text.on       0x0000087c      0x248 contiki-cc13xx.a(prop-mode.o)
 .text.set_value
                0x00000ac4      0x1a4 contiki-cc13xx.a(prop-mode.o)
 .text.get_value
                0x00000c68      0x188 contiki-cc13xx.a(prop-mode.o)
 .text.transmit
                0x00000df0       0xdc contiki-cc13xx.a(prop-mode.o)
 .text.send     0x00000ecc       0x24 contiki-cc13xx.a(prop-mode.o)
 .text.channel_clear
                0x00000ef0       0x88 contiki-cc13xx.a(prop-mode.o)
 .text.receiving_packet
                0x00000f78       0x28 contiki-cc13xx.a(prop-mode.o)
 .text.init     0x00000fa0       0x88 contiki-cc13xx.a(prop-mode.o)
 .text.power_domain_on
                0x00001028       0x20 contiki-cc13xx.a(clock.o)
 .text.clock_init
                0x00001048       0x98 contiki-cc13xx.a(clock.o)
                0x00001048                clock_init
 .text.clock_time
                0x000010e0       0x34 contiki-cc13xx.a(clock.o)
                0x000010e0                clock_time
 .text.clock_update
                0x00001114       0x3c contiki-cc13xx.a(clock.o)
                0x00001114                clock_update
 .text.clock_seconds
                0x00001150       0x18 contiki-cc13xx.a(clock.o)
                0x00001150                clock_seconds
 .text.rtimer_arch_init
                0x00001168        0x4 contiki-cc13xx.a(rtimer-arch.o)
                0x00001168                rtimer_arch_init
 .text.rtimer_arch_schedule
                0x0000116c        0x8 contiki-cc13xx.a(rtimer-arch.o)
                0x0000116c                rtimer_arch_schedule
 .text.rtimer_arch_now
                0x00001174        0x4 contiki-cc13xx.a(rtimer-arch.o)
                0x00001174                rtimer_arch_now
 .text.soc_rtc_init
                0x00001178       0xa0 contiki-cc13xx.a(soc-rtc.o)
                0x00001178                soc_rtc_init
 .text.soc_rtc_schedule_one_shot
                0x00001218       0x70 contiki-cc13xx.a(soc-rtc.o)
                0x00001218                soc_rtc_schedule_one_shot
 .text.AONRTCIntHandler
                0x00001288       0x88 contiki-cc13xx.a(soc-rtc.o)
                0x00001288                AONRTCIntHandler
 .text.lock_config
                0x00001310       0x18 contiki-cc13xx.a(contiki-watchdo)
 .text.unlock_config
                0x00001328       0x2c contiki-cc13xx.a(contiki-watchdo)
 .text.watchdog_init
                0x00001354       0x1c contiki-cc13xx.a(contiki-watchdo)
                0x00001354                watchdog_init
 .text.watchdog_start
                0x00001370       0x30 contiki-cc13xx.a(contiki-watchdo)
                0x00001370                watchdog_start
 .text.watchdog_periodic
                0x000013a0       0x1c contiki-cc13xx.a(contiki-watchdo)
                0x000013a0                watchdog_periodic
 .text.putchar  0x000013bc       0x10 contiki-cc13xx.a(putchar.o)
                0x000013bc                putchar
 .text.puts     0x000013cc       0x30 contiki-cc13xx.a(putchar.o)
                0x000013cc                puts
 .text.dbg_send_bytes
                0x000013fc       0x40 contiki-cc13xx.a(putchar.o)
                0x000013fc                dbg_send_bytes
 .text.ieee_addr_cpy_to
                0x0000143c       0x40 contiki-cc13xx.a(ieee-addr.o)
                0x0000143c                ieee_addr_cpy_to
 .text.power_and_clock
                0x0000147c       0x40 contiki-cc13xx.a(cc26xx-uart.o)
 .text.enable   0x000014bc       0xf4 contiki-cc13xx.a(cc26xx-uart.o)
 .text.accessible
                0x000015b0       0x24 contiki-cc13xx.a(cc26xx-uart.o)
 .text.lpm_drop_handler
                0x000015d4       0xcc contiki-cc13xx.a(cc26xx-uart.o)
 .text.cc26xx_uart_init
                0x000016a0       0x28 contiki-cc13xx.a(cc26xx-uart.o)
                0x000016a0                cc26xx_uart_init
 .text.cc26xx_uart_write_byte
                0x000016c8       0x28 contiki-cc13xx.a(cc26xx-uart.o)
                0x000016c8                cc26xx_uart_write_byte
 .text.cc26xx_uart_set_input
                0x000016f0       0x64 contiki-cc13xx.a(cc26xx-uart.o)
                0x000016f0                cc26xx_uart_set_input
 .text.cc26xx_uart_busy
                0x00001754       0x18 contiki-cc13xx.a(cc26xx-uart.o)
                0x00001754                cc26xx_uart_busy
 .text.UART0IntHandler
                0x0000176c       0x54 contiki-cc13xx.a(cc26xx-uart.o)
                0x0000176c                UART0IntHandler
 .text.lpm_sleep
                0x000017c0       0x14 contiki-cc13xx.a(lpm.o)
                0x000017c0                lpm_sleep
 .text.lpm_register_module
                0x000017d4        0xc contiki-cc13xx.a(lpm.o)
                0x000017d4                lpm_register_module
 .text.lpm_unregister_module
                0x000017e0        0xc contiki-cc13xx.a(lpm.o)
                0x000017e0                lpm_unregister_module
 .text.lpm_init
                0x000017ec        0xc contiki-cc13xx.a(lpm.o)
                0x000017ec                lpm_init
 .text.lpm_pin_set_default_state
                0x000017f8       0x2c contiki-cc13xx.a(lpm.o)
                0x000017f8                lpm_pin_set_default_state
 .text.oscillators_select_lf_xosc
                0x00001824       0x58 contiki-cc13xx.a(oscillators.o)
                0x00001824                oscillators_select_lf_xosc
 .text.oscillators_request_hf_xosc
                0x0000187c       0x30 contiki-cc13xx.a(oscillators.o)
                0x0000187c                oscillators_request_hf_xosc
 .text.oscillators_switch_to_hf_xosc
                0x000018ac       0x34 contiki-cc13xx.a(oscillators.o)
                0x000018ac                oscillators_switch_to_hf_xosc
 .text.oscillators_switch_to_hf_rc
                0x000018e0       0x38 contiki-cc13xx.a(oscillators.o)
                0x000018e0                oscillators_switch_to_hf_rc
 .text.process_thread_rf_core_process
                0x00001918       0x58 contiki-cc13xx.a(rf-core.o)
 .text.rf_core_is_accessible
                0x00001970       0x10 contiki-cc13xx.a(rf-core.o)
                0x00001970                rf_core_is_accessible
 .text.rf_core_send_cmd
                0x00001980       0xa4 contiki-cc13xx.a(rf-core.o)
                0x00001980                rf_core_send_cmd
 .text.rf_core_wait_cmd_done
                0x00001a24       0x30 contiki-cc13xx.a(rf-core.o)
                0x00001a24                rf_core_wait_cmd_done
 .text.rf_core_power_up
                0x00001a54       0xcc contiki-cc13xx.a(rf-core.o)
                0x00001a54                rf_core_power_up
 .text.rf_core_start_rat
                0x00001b20       0x68 contiki-cc13xx.a(rf-core.o)
                0x00001b20                rf_core_start_rat
 .text.rf_core_stop_rat
                0x00001b88       0x7c contiki-cc13xx.a(rf-core.o)
                0x00001b88                rf_core_stop_rat
 .text.rf_core_power_down
                0x00001c04       0xec contiki-cc13xx.a(rf-core.o)
                0x00001c04                rf_core_power_down
 .text.rf_core_set_modesel
                0x00001cf0       0x44 contiki-cc13xx.a(rf-core.o)
                0x00001cf0                rf_core_set_modesel
 .text.rf_core_setup_interrupts
                0x00001d34       0x74 contiki-cc13xx.a(rf-core.o)
                0x00001d34                rf_core_setup_interrupts
 .text.rf_core_cmd_done_en
                0x00001da8       0x28 contiki-cc13xx.a(rf-core.o)
                0x00001da8                rf_core_cmd_done_en
 .text.rf_core_cmd_done_dis
                0x00001dd0       0x18 contiki-cc13xx.a(rf-core.o)
                0x00001dd0                rf_core_cmd_done_dis
 .text.rf_core_get_last_radio_op
                0x00001de8        0xc contiki-cc13xx.a(rf-core.o)
                0x00001de8                rf_core_get_last_radio_op
 .text.rf_core_primary_mode_register
                0x00001df4        0xc contiki-cc13xx.a(rf-core.o)
                0x00001df4                rf_core_primary_mode_register
 .text.RFCCPE1IntHandler
                0x00001e00       0x28 contiki-cc13xx.a(rf-core.o)
                0x00001e00                RFCCPE1IntHandler
 .text.RFCCPE0IntHandler
                0x00001e28       0x5c contiki-cc13xx.a(rf-core.o)
                0x00001e28                RFCCPE0IntHandler
 .text.rf_ble_is_active
                0x00001e84        0xc contiki-cc13xx.a(rf-ble.o)
                0x00001e84                rf_ble_is_active
 .text.random_rand
                0x00001e90        0xc contiki-cc13xx.a(random.o)
                0x00001e90                random_rand
 .text.random_init
                0x00001e9c        0x4 contiki-cc13xx.a(random.o)
                0x00001e9c                random_init
 .text.power_up
                0x00001ea0       0x40 contiki-cc13xx.a(soc-trng.o)
 .text.request  0x00001ee0       0x14 contiki-cc13xx.a(soc-trng.o)
 .text.process_thread_soc_trng_process
                0x00001ef4       0x94 contiki-cc13xx.a(soc-trng.o)
 .text.accessible
                0x00001f88       0x24 contiki-cc13xx.a(soc-trng.o)
 .text.soc_trng_rand_synchronous
                0x00001fac       0xc4 contiki-cc13xx.a(soc-trng.o)
                0x00001fac                soc_trng_rand_synchronous
 .text.TRNGIntHandler
                0x00002070       0x50 contiki-cc13xx.a(soc-trng.o)
                0x00002070                TRNGIntHandler
 .text.soc_trng_init
                0x000020c0       0x28 contiki-cc13xx.a(soc-trng.o)
                0x000020c0                soc_trng_init
 .text.write_str
                0x000020e8       0x14 contiki-cc13xx.a(dbg-printf.o)
 .text.printf   0x000020fc       0x24 contiki-cc13xx.a(dbg-printf.o)
                0x000020fc                printf
 .text.fill_space
                0x00002120       0x3c contiki-cc13xx.a(strformat.o)
 .text.format_str_v
                0x0000215c      0x95c contiki-cc13xx.a(strformat.o)
                0x0000215c                format_str_v
 .text.autostart_start
                0x00002ab8       0x18 contiki-cc13xx.a(autostart.o)
                0x00002ab8                autostart_start
 .text.process_thread_ctimer_process
                0x00002ad0       0x94 contiki-cc13xx.a(ctimer.o)
 .text.ctimer_init
                0x00002b64       0x28 contiki-cc13xx.a(ctimer.o)
                0x00002b64                ctimer_init
 .text.ctimer_set_with_process
                0x00002b8c       0x4c contiki-cc13xx.a(ctimer.o)
                0x00002b8c                ctimer_set_with_process
 .text.ctimer_set
                0x00002bd8       0x18 contiki-cc13xx.a(ctimer.o)
                0x00002bd8                ctimer_set
 .text.ctimer_reset
                0x00002bf0       0x38 contiki-cc13xx.a(ctimer.o)
                0x00002bf0                ctimer_reset
 .text.ctimer_restart
                0x00002c28       0x38 contiki-cc13xx.a(ctimer.o)
                0x00002c28                ctimer_restart
 .text.ctimer_stop
                0x00002c60       0x34 contiki-cc13xx.a(ctimer.o)
                0x00002c60                ctimer_stop
 .text.energest_init
                0x00002c94        0x4 contiki-cc13xx.a(energest.o)
                0x00002c94                energest_init
 .text.update_time
                0x00002c98       0x44 contiki-cc13xx.a(etimer.o)
 .text.process_thread_etimer_process
                0x00002cdc       0xc8 contiki-cc13xx.a(etimer.o)
 .text.add_timer
                0x00002da4       0x54 contiki-cc13xx.a(etimer.o)
 .text.etimer_request_poll
                0x00002df8        0xc contiki-cc13xx.a(etimer.o)
                0x00002df8                etimer_request_poll
 .text.etimer_set
                0x00002e04       0x14 contiki-cc13xx.a(etimer.o)
                0x00002e04                etimer_set
 .text.etimer_reset
                0x00002e18       0x14 contiki-cc13xx.a(etimer.o)
                0x00002e18                etimer_reset
 .text.etimer_restart
                0x00002e2c       0x14 contiki-cc13xx.a(etimer.o)
                0x00002e2c                etimer_restart
 .text.etimer_expired
                0x00002e40        0xc contiki-cc13xx.a(etimer.o)
                0x00002e40                etimer_expired
 .text.etimer_expiration_time
                0x00002e4c        0x8 contiki-cc13xx.a(etimer.o)
                0x00002e4c                etimer_expiration_time
 .text.etimer_pending
                0x00002e54       0x10 contiki-cc13xx.a(etimer.o)
                0x00002e54                etimer_pending
 .text.etimer_stop
                0x00002e64       0x4c contiki-cc13xx.a(etimer.o)
                0x00002e64                etimer_stop
 .text.exit_process
                0x00002eb0       0xb0 contiki-cc13xx.a(process.o)
 .text.call_process.part.0
                0x00002f60       0x38 contiki-cc13xx.a(process.o)
 .text.do_poll  0x00002f98       0x3c contiki-cc13xx.a(process.o)
 .text.process_alloc_event
                0x00002fd4       0x10 contiki-cc13xx.a(process.o)
                0x00002fd4                process_alloc_event
 .text.process_init
                0x00002fe4       0x34 contiki-cc13xx.a(process.o)
                0x00002fe4                process_init
 .text.process_run
                0x00003018       0xac contiki-cc13xx.a(process.o)
                0x00003018                process_run
 .text.process_post
                0x000030c4       0x40 contiki-cc13xx.a(process.o)
                0x000030c4                process_post
 .text.process_post_synch
                0x00003104       0x18 contiki-cc13xx.a(process.o)
                0x00003104                process_post_synch
 .text.process_start
                0x0000311c       0x40 contiki-cc13xx.a(process.o)
                0x0000311c                process_start
 .text.process_poll
                0x0000315c       0x18 contiki-cc13xx.a(process.o)
                0x0000315c                process_poll
 .text.rtimer_init
                0x00003174        0x4 contiki-cc13xx.a(rtimer.o)
                0x00003174                rtimer_init
 .text.rtimer_set
                0x00003178       0x2c contiki-cc13xx.a(rtimer.o)
                0x00003178                rtimer_set
 .text.rtimer_run_next
                0x000031a4       0x28 contiki-cc13xx.a(rtimer.o)
                0x000031a4                rtimer_run_next
 .text.timer_set
                0x000031cc       0x10 contiki-cc13xx.a(timer.o)
                0x000031cc                timer_set
 .text.timer_reset
                0x000031dc        0xc contiki-cc13xx.a(timer.o)
                0x000031dc                timer_reset
 .text.timer_restart
                0x000031e8        0xc contiki-cc13xx.a(timer.o)
                0x000031e8                timer_restart
 .text.timer_expired
                0x000031f4       0x1c contiki-cc13xx.a(timer.o)
                0x000031f4                timer_expired
 .text.process_thread_serial_line_process
                0x00003210       0xac contiki-cc13xx.a(serial-line.o)
 .text.serial_line_input_byte
                0x000032bc       0x54 contiki-cc13xx.a(serial-line.o)
                0x000032bc                serial_line_input_byte
 .text.serial_line_init
                0x00003310       0x24 contiki-cc13xx.a(serial-line.o)
                0x00003310                serial_line_init
 .text.leds_init
                0x00003334       0x14 contiki-cc13xx.a(leds.o)
                0x00003334                leds_init
 .text.list_init
                0x00003348        0x8 contiki-cc13xx.a(list.o)
                0x00003348                list_init
 .text.list_head
                0x00003350        0x4 contiki-cc13xx.a(list.o)
                0x00003350                list_head
 .text.list_add
                0x00003354       0x48 contiki-cc13xx.a(list.o)
                0x00003354                list_add
 .text.list_push
                0x0000339c       0x40 contiki-cc13xx.a(list.o)
                0x0000339c                list_push
 .text.list_remove
                0x000033dc       0x2c contiki-cc13xx.a(list.o)
                0x000033dc                list_remove
 .text.list_length
                0x00003408       0x14 contiki-cc13xx.a(list.o)
                0x00003408                list_length
 .text.list_item_next
                0x0000341c        0x8 contiki-cc13xx.a(list.o)
                0x0000341c                list_item_next
 .text.ringbuf_init
                0x00003424       0x10 contiki-cc13xx.a(ringbuf.o)
                0x00003424                ringbuf_init
 .text.ringbuf_put
                0x00003434       0x30 contiki-cc13xx.a(ringbuf.o)
                0x00003434                ringbuf_put
 .text.ringbuf_get
                0x00003464       0x28 contiki-cc13xx.a(ringbuf.o)
                0x00003464                ringbuf_get
 .text.sicslowpan_init
                0x0000348c       0x24 contiki-cc13xx.a(sicslowpan.o)
                0x0000348c                sicslowpan_init
 .text.compress_addr_64
                0x000034b0       0x9c contiki-cc13xx.a(sicslowpan.o)
 .text.set_packet_attrs
                0x0000354c       0x4c contiki-cc13xx.a(sicslowpan.o)
 .text.addr_context_lookup_by_prefix
                0x00003598       0x28 contiki-cc13xx.a(sicslowpan.o)
 .text.send_packet
                0x000035c0       0x24 contiki-cc13xx.a(sicslowpan.o)
 .text.packet_sent
                0x000035e4       0x28 contiki-cc13xx.a(sicslowpan.o)
 .text.store_fragment
                0x0000360c       0x68 contiki-cc13xx.a(sicslowpan.o)
 .text.add_fragment
                0x00003674      0x198 contiki-cc13xx.a(sicslowpan.o)
 .text.uncompress_addr
                0x0000380c       0xb8 contiki-cc13xx.a(sicslowpan.o)
 .text.input    0x000038c4      0x660 contiki-cc13xx.a(sicslowpan.o)
 .text.output   0x00003f24      0x730 contiki-cc13xx.a(sicslowpan.o)
 .text.start_periodic_tcp_timer
                0x00004654       0x1c contiki-cc13xx.a(tcpip.o)
 .text.tcpip_set_outputfunc
                0x00004670        0xc contiki-cc13xx.a(tcpip.o)
                0x00004670                tcpip_set_outputfunc
 .text.tcpip_icmp6_call
                0x0000467c       0x28 contiki-cc13xx.a(tcpip.o)
                0x0000467c                tcpip_icmp6_call
 .text.tcpip_input
                0x000046a4       0x24 contiki-cc13xx.a(tcpip.o)
                0x000046a4                tcpip_input
 .text.tcpip_ipv6_output
                0x000046c8       0xbc contiki-cc13xx.a(tcpip.o)
                0x000046c8                tcpip_ipv6_output
 .text.process_thread_tcpip_process
                0x00004784      0x1c8 contiki-cc13xx.a(tcpip.o)
 .text.tcpip_uipcall
                0x0000494c       0x70 contiki-cc13xx.a(tcpip.o)
                0x0000494c                tcpip_uipcall
 .text.update_hbh_header
                0x000049bc       0xcc contiki-cc13xx.a(rpl-ext-header.)
 .text.insert_hbh_header.isra.0
                0x00004a88       0xac contiki-cc13xx.a(rpl-ext-header.)
 .text.rpl_verify_hbh_header
                0x00004b34       0xf0 contiki-cc13xx.a(rpl-ext-header.)
                0x00004b34                rpl_verify_hbh_header
 .text.rpl_remove_header
                0x00004c24       0x7c contiki-cc13xx.a(rpl-ext-header.)
                0x00004c24                rpl_remove_header
 .text.rpl_update_header
                0x00004ca0       0x74 contiki-cc13xx.a(rpl-ext-header.)
                0x00004ca0                rpl_update_header
 .text.rpl_get_mode
                0x00004d14        0xc contiki-cc13xx.a(rpl.o)
                0x00004d14                rpl_get_mode
 .text.rpl_purge_routes
                0x00004d20       0x7c contiki-cc13xx.a(rpl.o)
                0x00004d20                rpl_purge_routes
 .text.rpl_remove_routes
                0x00004d9c       0x24 contiki-cc13xx.a(rpl.o)
                0x00004d9c                rpl_remove_routes
 .text.rpl_remove_routes_by_nexthop
                0x00004dc0       0x34 contiki-cc13xx.a(rpl.o)
                0x00004dc0                rpl_remove_routes_by_nexthop
 .text.rpl_add_route
                0x00004df4       0x38 contiki-cc13xx.a(rpl.o)
                0x00004df4                rpl_add_route
 .text.rpl_link_neighbor_callback
                0x00004e2c       0x60 contiki-cc13xx.a(rpl.o)
                0x00004e2c                rpl_link_neighbor_callback
 .text.rpl_ipv6_neighbor_callback
                0x00004e8c       0x30 contiki-cc13xx.a(rpl.o)
                0x00004e8c                rpl_ipv6_neighbor_callback
 .text.rpl_purge_dags
                0x00004ebc       0x40 contiki-cc13xx.a(rpl.o)
                0x00004ebc                rpl_purge_dags
 .text.rpl_init
                0x00004efc       0x4c contiki-cc13xx.a(rpl.o)
                0x00004efc                rpl_init
 .text.get32    0x00004f48       0x20 contiki-cc13xx.a(rpl-icmp6.o)
 .text.dao_ack_input
                0x00004f68       0x14 contiki-cc13xx.a(rpl-icmp6.o)
 .text.dao_output_target_seq
                0x00004f7c      0x12c contiki-cc13xx.a(rpl-icmp6.o)
 .text.dio_input
                0x000050a8      0x270 contiki-cc13xx.a(rpl-icmp6.o)
 .text.rpl_icmp6_update_nbr_table
                0x00005318       0x38 contiki-cc13xx.a(rpl-icmp6.o)
                0x00005318                rpl_icmp6_update_nbr_table
 .text.dao_input
                0x00005350      0x2ec contiki-cc13xx.a(rpl-icmp6.o)
 .text.dis_output
                0x0000563c       0x58 contiki-cc13xx.a(rpl-icmp6.o)
                0x0000563c                dis_output
 .text.dio_output
                0x00005694      0x2e4 contiki-cc13xx.a(rpl-icmp6.o)
                0x00005694                dio_output
 .text.dis_input
                0x00005978       0x54 contiki-cc13xx.a(rpl-icmp6.o)
 .text.dao_output
                0x000059cc       0x90 contiki-cc13xx.a(rpl-icmp6.o)
                0x000059cc                dao_output
 .text.dao_output_target
                0x00005a5c        0xc contiki-cc13xx.a(rpl-icmp6.o)
                0x00005a5c                dao_output_target
 .text.rpl_icmp6_register_handlers
                0x00005a68       0x30 contiki-cc13xx.a(rpl-icmp6.o)
                0x00005a68                rpl_icmp6_register_handlers
 .text.lollipop_greater_than
                0x00005a98       0x3c contiki-cc13xx.a(rpl-dag.o)
 .text.rpl_set_preferred_parent
                0x00005ad4       0x2c contiki-cc13xx.a(rpl-dag.o)
 .text.set_ip_from_prefix
                0x00005b00       0x2c contiki-cc13xx.a(rpl-dag.o)
 .text.check_prefix
                0x00005b2c       0x78 contiki-cc13xx.a(rpl-dag.o)
 .text.find_parent_any_dag_any_instance
                0x00005ba4       0x1c contiki-cc13xx.a(rpl-dag.o)
 .text.rpl_dag_init
                0x00005bc0       0x14 contiki-cc13xx.a(rpl-dag.o)
                0x00005bc0                rpl_dag_init
 .text.rpl_get_parent
                0x00005bd4       0x10 contiki-cc13xx.a(rpl-dag.o)
                0x00005bd4                rpl_get_parent
 .text.rpl_rank_via_parent
                0x00005be4       0x1c contiki-cc13xx.a(rpl-dag.o)
                0x00005be4                rpl_rank_via_parent
 .text.rpl_get_parent_ipaddr
                0x00005c00       0x18 contiki-cc13xx.a(rpl-dag.o)
                0x00005c00                rpl_get_parent_ipaddr
 .text.rpl_get_parent_link_stats
                0x00005c18       0x18 contiki-cc13xx.a(rpl-dag.o)
                0x00005c18                rpl_get_parent_link_stats
 .text.best_parent
                0x00005c30       0x98 contiki-cc13xx.a(rpl-dag.o)
 .text.rpl_parent_is_fresh
                0x00005cc8       0x10 contiki-cc13xx.a(rpl-dag.o)
                0x00005cc8                rpl_parent_is_fresh
 .text.rpl_parent_is_reachable
                0x00005cd8       0x40 contiki-cc13xx.a(rpl-dag.o)
                0x00005cd8                rpl_parent_is_reachable
 .text.rpl_repair_root
                0x00005d18       0x5c contiki-cc13xx.a(rpl-dag.o)
                0x00005d18                rpl_repair_root
 .text.rpl_set_prefix
                0x00005d74       0x98 contiki-cc13xx.a(rpl-dag.o)
                0x00005d74                rpl_set_prefix
 .text.rpl_set_default_route
                0x00005e0c       0x30 contiki-cc13xx.a(rpl-dag.o)
                0x00005e0c                rpl_set_default_route
 .text.rpl_alloc_instance
                0x00005e3c       0x34 contiki-cc13xx.a(rpl-dag.o)
                0x00005e3c                rpl_alloc_instance
 .text.rpl_alloc_dag
                0x00005e70       0x5c contiki-cc13xx.a(rpl-dag.o)
                0x00005e70                rpl_alloc_dag
 .text.rpl_add_parent
                0x00005ecc       0x30 contiki-cc13xx.a(rpl-dag.o)
                0x00005ecc                rpl_add_parent
 .text.rpl_find_parent
                0x00005efc       0x18 contiki-cc13xx.a(rpl-dag.o)
                0x00005efc                rpl_find_parent
 .text.rpl_find_parent_any_dag
                0x00005f14       0x20 contiki-cc13xx.a(rpl-dag.o)
                0x00005f14                rpl_find_parent_any_dag
 .text.rpl_select_parent
                0x00005f34       0x58 contiki-cc13xx.a(rpl-dag.o)
                0x00005f34                rpl_select_parent
 .text.rpl_select_dag
                0x00005f8c      0x184 contiki-cc13xx.a(rpl-dag.o)
                0x00005f8c                rpl_select_dag
 .text.rpl_nullify_parent
                0x00006110       0x58 contiki-cc13xx.a(rpl-dag.o)
                0x00006110                rpl_nullify_parent
 .text.rpl_remove_parent
                0x00006168       0x1c contiki-cc13xx.a(rpl-dag.o)
                0x00006168                rpl_remove_parent
 .text.nbr_callback
                0x00006184        0x4 contiki-cc13xx.a(rpl-dag.o)
 .text.remove_parents.constprop.6
                0x00006188       0x44 contiki-cc13xx.a(rpl-dag.o)
 .text.rpl_free_dag
                0x000061cc       0x3c contiki-cc13xx.a(rpl-dag.o)
                0x000061cc                rpl_free_dag
 .text.rpl_move_parent
                0x00006208       0x58 contiki-cc13xx.a(rpl-dag.o)
                0x00006208                rpl_move_parent
 .text.rpl_get_dag
                0x00006260       0x3c contiki-cc13xx.a(rpl-dag.o)
                0x00006260                rpl_get_dag
 .text.rpl_get_any_dag
                0x0000629c       0x18 contiki-cc13xx.a(rpl-dag.o)
                0x0000629c                rpl_get_any_dag
 .text.rpl_get_instance
                0x000062b4       0x20 contiki-cc13xx.a(rpl-dag.o)
                0x000062b4                rpl_get_instance
 .text.rpl_join_instance
                0x000062d4      0x168 contiki-cc13xx.a(rpl-dag.o)
                0x000062d4                rpl_join_instance
 .text.rpl_local_repair
                0x0000643c       0x90 contiki-cc13xx.a(rpl-dag.o)
                0x0000643c                rpl_local_repair
 .text.rpl_process_parent_event
                0x000064cc       0x9c contiki-cc13xx.a(rpl-dag.o)
                0x000064cc                rpl_process_parent_event
 .text.rpl_add_dag
                0x00006568      0x154 contiki-cc13xx.a(rpl-dag.o)
                0x00006568                rpl_add_dag
 .text.rpl_recalculate_ranks
                0x000066bc       0x50 contiki-cc13xx.a(rpl-dag.o)
                0x000066bc                rpl_recalculate_ranks
 .text.rpl_process_dio
                0x0000670c      0x334 contiki-cc13xx.a(rpl-dag.o)
                0x0000670c                rpl_process_dio
 .text.TrimAfterColdResetWakeupFromShutDown
                0x00006a40       0xd8 contiki-cc13xx.a(setup.o)
 .text.NOROM_SetupTrimDevice
                0x00006b18       0xa4 contiki-cc13xx.a(setup.o)
                0x00006b18                NOROM_SetupTrimDevice
 .text.NOROM_SetupGetTrimForXoscHfCtl.part.3
                0x00006bbc       0x20 contiki-cc13xx.a(setup_rom.o)
 .text.NOROM_SetupGetTrimForRadcExtCfg.part.4
                0x00006bdc       0x20 contiki-cc13xx.a(setup_rom.o)
 .text.NOROM_SetupSetVddrLevel
                0x00006bfc       0xa4 contiki-cc13xx.a(setup_rom.o)
                0x00006bfc                NOROM_SetupSetVddrLevel
 .text.NOROM_SetupAfterColdResetWakeupFromShutDownCfg1
                0x00006ca0       0xc0 contiki-cc13xx.a(setup_rom.o)
                0x00006ca0                NOROM_SetupAfterColdResetWakeupFromShutDownCfg1
 .text.NOROM_SetupAfterColdResetWakeupFromShutDownCfg3
                0x00006d60      0x194 contiki-cc13xx.a(setup_rom.o)
                0x00006d60                NOROM_SetupAfterColdResetWakeupFromShutDownCfg3
 .text.NOROM_SetupGetTrimForAnabypassValue1
                0x00006ef4       0x64 contiki-cc13xx.a(setup_rom.o)
                0x00006ef4                NOROM_SetupGetTrimForAnabypassValue1
 .text.NOROM_SetupGetTrimForAmpcompCtrl
                0x00006f58       0x74 contiki-cc13xx.a(setup_rom.o)
                0x00006f58                NOROM_SetupGetTrimForAmpcompCtrl
 .text.NOROM_SetupAfterColdResetWakeupFromShutDownCfg2
                0x00006fcc      0x19c contiki-cc13xx.a(setup_rom.o)
                0x00006fcc                NOROM_SetupAfterColdResetWakeupFromShutDownCfg2
 .text.NOROM_SetupSetCacheModeAccordingToCcfgSetting
                0x00007168       0x6c contiki-cc13xx.a(setup_rom.o)
                0x00007168                NOROM_SetupSetCacheModeAccordingToCcfgSetting
 .text.NOROM_TRNGConfigure
                0x000071d4       0x38 contiki-cc13xx.a(trng.o)
                0x000071d4                NOROM_TRNGConfigure
 .text.SafeHapiVoid
                0x0000720c       0x2c contiki-cc13xx.a(adi.o)
                0x0000720c                SafeHapiVoid
 .text.NOROM_DDI32RegWrite
                0x00007238       0x34 contiki-cc13xx.a(ddi.o)
                0x00007238                NOROM_DDI32RegWrite
 .text.NOROM_ChipInfo_GetChipFamily
                0x0000726c       0x50 contiki-cc13xx.a(chipinfo.o)
                0x0000726c                NOROM_ChipInfo_GetChipFamily
 .text.NOROM_ChipInfo_GetChipType
                0x000072bc       0x30 contiki-cc13xx.a(chipinfo.o)
                0x000072bc                NOROM_ChipInfo_GetChipType
 .text.NOROM_ChipInfo_GetHwRevision
                0x000072ec       0x70 contiki-cc13xx.a(chipinfo.o)
                0x000072ec                NOROM_ChipInfo_GetHwRevision
 .text.NOROM_ThisCodeIsBuiltForCC13xxHwRev20AndLater_HaltIfViolated
                0x0000735c       0x18 contiki-cc13xx.a(chipinfo.o)
                0x0000735c                NOROM_ThisCodeIsBuiltForCC13xxHwRev20AndLater_HaltIfViolated
 .text.NOROM_CPUcpsid
                0x00007374        0x8 contiki-cc13xx.a(cpu.o)
                0x00007374                NOROM_CPUcpsid
 .text.NOROM_CPUcpsie
                0x0000737c        0x8 contiki-cc13xx.a(cpu.o)
                0x0000737c                NOROM_CPUcpsie
 .text.NOROM_OSCClockSourceSet
                0x00007384       0x60 contiki-cc13xx.a(osc.o)
                0x00007384                NOROM_OSCClockSourceSet
 .text.NOROM_OSCClockSourceGet
                0x000073e4       0x2c contiki-cc13xx.a(osc.o)
                0x000073e4                NOROM_OSCClockSourceGet
 .text.NOROM_AONRTCCurrentCompareValueGet
                0x00007410       0x24 contiki-cc13xx.a(aon_rtc.o)
                0x00007410                NOROM_AONRTCCurrentCompareValueGet
 .text.NOROM_RFCRTrim
                0x00007434      0x138 contiki-cc13xx.a(rfc.o)
                0x00007434                NOROM_RFCRTrim
 .text.NOROM_RFCAdi3VcoLdoVoltageMode
                0x0000756c       0x20 contiki-cc13xx.a(rfc.o)
                0x0000756c                NOROM_RFCAdi3VcoLdoVoltageMode
 .text.queuebuf_numfree
                0x0000758c        0xc contiki-cc13xx.a(queuebuf.o)
                0x0000758c                queuebuf_numfree
 .text.queuebuf_new_from_packetbuf
                0x00007598       0x48 contiki-cc13xx.a(queuebuf.o)
                0x00007598                queuebuf_new_from_packetbuf
 .text.queuebuf_update_from_packetbuf
                0x000075e0       0x1c contiki-cc13xx.a(queuebuf.o)
                0x000075e0                queuebuf_update_from_packetbuf
 .text.queuebuf_free
                0x000075fc       0x2c contiki-cc13xx.a(queuebuf.o)
                0x000075fc                queuebuf_free
 .text.queuebuf_to_packetbuf
                0x00007628       0x30 contiki-cc13xx.a(queuebuf.o)
                0x00007628                queuebuf_to_packetbuf
 .text.nbr_set_bit
                0x00007658       0x4c contiki-cc13xx.a(nbr-table.o)
 .text.index_from_lladdr
                0x000076a4       0x48 contiki-cc13xx.a(nbr-table.o)
 .text.nbr_get_bit.constprop.0
                0x000076ec       0x2c contiki-cc13xx.a(nbr-table.o)
 .text.remove_key
                0x00007718       0x8c contiki-cc13xx.a(nbr-table.o)
 .text.nbr_table_register
                0x000077a4       0x2c contiki-cc13xx.a(nbr-table.o)
                0x000077a4                nbr_table_register
 .text.nbr_table_next
                0x000077d0       0x64 contiki-cc13xx.a(nbr-table.o)
                0x000077d0                nbr_table_next
 .text.nbr_table_head
                0x00007834       0x50 contiki-cc13xx.a(nbr-table.o)
                0x00007834                nbr_table_head
 .text.nbr_table_add_lladdr
                0x00007884      0x124 contiki-cc13xx.a(nbr-table.o)
                0x00007884                nbr_table_add_lladdr
 .text.nbr_table_get_from_lladdr
                0x000079a8       0x34 contiki-cc13xx.a(nbr-table.o)
                0x000079a8                nbr_table_get_from_lladdr
 .text.nbr_table_remove
                0x000079dc       0x2c contiki-cc13xx.a(nbr-table.o)
                0x000079dc                nbr_table_remove
 .text.nbr_table_lock
                0x00007a08       0x14 contiki-cc13xx.a(nbr-table.o)
                0x00007a08                nbr_table_lock
 .text.nbr_table_unlock
                0x00007a1c       0x14 contiki-cc13xx.a(nbr-table.o)
                0x00007a1c                nbr_table_unlock
 .text.nbr_table_get_lladdr
                0x00007a30       0x2c contiki-cc13xx.a(nbr-table.o)
                0x00007a30                nbr_table_get_lladdr
 .text.nbr_table_update_lladdr
                0x00007a5c       0x48 contiki-cc13xx.a(nbr-table.o)
                0x00007a5c                nbr_table_update_lladdr
 .text.packetbuf_copyto
                0x00007aa4       0x50 contiki-cc13xx.a(packetbuf.o)
                0x00007aa4                packetbuf_copyto
 .text.packetbuf_hdralloc
                0x00007af4       0x58 contiki-cc13xx.a(packetbuf.o)
                0x00007af4                packetbuf_hdralloc
 .text.packetbuf_hdrreduce
                0x00007b4c       0x2c contiki-cc13xx.a(packetbuf.o)
                0x00007b4c                packetbuf_hdrreduce
 .text.packetbuf_set_datalen
                0x00007b78        0xc contiki-cc13xx.a(packetbuf.o)
                0x00007b78                packetbuf_set_datalen
 .text.packetbuf_dataptr
                0x00007b84       0x20 contiki-cc13xx.a(packetbuf.o)
                0x00007b84                packetbuf_dataptr
 .text.packetbuf_hdrptr
                0x00007ba4        0x8 contiki-cc13xx.a(packetbuf.o)
                0x00007ba4                packetbuf_hdrptr
 .text.packetbuf_datalen
                0x00007bac        0xc contiki-cc13xx.a(packetbuf.o)
                0x00007bac                packetbuf_datalen
 .text.packetbuf_totlen
                0x00007bb8       0x24 contiki-cc13xx.a(packetbuf.o)
                0x00007bb8                packetbuf_totlen
 .text.packetbuf_attr_clear
                0x00007bdc       0x30 contiki-cc13xx.a(packetbuf.o)
                0x00007bdc                packetbuf_attr_clear
 .text.packetbuf_clear
                0x00007c0c       0x20 contiki-cc13xx.a(packetbuf.o)
                0x00007c0c                packetbuf_clear
 .text.packetbuf_copyfrom
                0x00007c2c       0x40 contiki-cc13xx.a(packetbuf.o)
                0x00007c2c                packetbuf_copyfrom
 .text.packetbuf_attr_copyto
                0x00007c6c       0x38 contiki-cc13xx.a(packetbuf.o)
                0x00007c6c                packetbuf_attr_copyto
 .text.packetbuf_attr_copyfrom
                0x00007ca4       0x38 contiki-cc13xx.a(packetbuf.o)
                0x00007ca4                packetbuf_attr_copyfrom
 .text.packetbuf_set_attr
                0x00007cdc       0x10 contiki-cc13xx.a(packetbuf.o)
                0x00007cdc                packetbuf_set_attr
 .text.packetbuf_attr
                0x00007cec        0xc contiki-cc13xx.a(packetbuf.o)
                0x00007cec                packetbuf_attr
 .text.packetbuf_set_addr
                0x00007cf8       0x18 contiki-cc13xx.a(packetbuf.o)
                0x00007cf8                packetbuf_set_addr
 .text.packetbuf_addr
                0x00007d10       0x10 contiki-cc13xx.a(packetbuf.o)
                0x00007d10                packetbuf_addr
 .text.packetbuf_holds_broadcast
                0x00007d20       0x10 contiki-cc13xx.a(packetbuf.o)
                0x00007d20                packetbuf_holds_broadcast
 .text.netstack_init
                0x00007d30       0x1c contiki-cc13xx.a(netstack.o)
                0x00007d30                netstack_init
 .text.linkaddr_copy
                0x00007d4c        0x8 contiki-cc13xx.a(linkaddr.o)
                0x00007d4c                linkaddr_copy
 .text.linkaddr_cmp
                0x00007d54       0x10 contiki-cc13xx.a(linkaddr.o)
                0x00007d54                linkaddr_cmp
 .text.periodic
                0x00007d64       0x2c contiki-cc13xx.a(link-stats.o)
 .text.link_stats_from_lladdr
                0x00007d90        0xc contiki-cc13xx.a(link-stats.o)
                0x00007d90                link_stats_from_lladdr
 .text.link_stats_is_fresh
                0x00007d9c       0x28 contiki-cc13xx.a(link-stats.o)
                0x00007d9c                link_stats_is_fresh
 .text.link_stats_packet_sent
                0x00007dc4       0xbc contiki-cc13xx.a(link-stats.o)
                0x00007dc4                link_stats_packet_sent
 .text.link_stats_input_callback
                0x00007e80       0x5c contiki-cc13xx.a(link-stats.o)
                0x00007e80                link_stats_input_callback
 .text.link_stats_init
                0x00007edc       0x28 contiki-cc13xx.a(link-stats.o)
                0x00007edc                link_stats_init
 .text.parse    0x00007f04       0xa0 contiki-cc13xx.a(framer-802154.o)
 .text.create_frame.isra.0
                0x00007fa4      0x140 contiki-cc13xx.a(framer-802154.o)
 .text.create   0x000080e4        0x8 contiki-cc13xx.a(framer-802154.o)
 .text.hdr_length
                0x000080ec        0x8 contiki-cc13xx.a(framer-802154.o)
 .text.send_packet
                0x000080f4        0x4 contiki-cc13xx.a(hitmac.o)
 .text.packet_input
                0x000080f8        0x4 contiki-cc13xx.a(hitmac.o)
 .text.channel_check_interval
                0x000080fc        0x4 contiki-cc13xx.a(hitmac.o)
 .text.process_thread_hitmac_root_eb_process
                0x00008100       0x80 contiki-cc13xx.a(hitmac.o)
 .text.process_thread_hitmac_scheduler_process
                0x00008180       0x38 contiki-cc13xx.a(hitmac.o)
 .text.update_asn
                0x000081b8       0xc0 contiki-cc13xx.a(hitmac.o)
                0x000081b8                update_asn
 .text.process_thread_hitmac_process
                0x00008278       0x44 contiki-cc13xx.a(hitmac.o)
 .text.turn_off
                0x000082bc       0x1c contiki-cc13xx.a(hitmac.o)
 .text.turn_on  0x000082d8       0x54 contiki-cc13xx.a(hitmac.o)
 .text.hitmac_init
                0x0000832c       0x54 contiki-cc13xx.a(hitmac.o)
 .text.frame80215e_create_ie_hitmac_synchronization
                0x00008380       0x34 contiki-cc13xx.a(hitmac-frame.o)
                0x00008380                frame80215e_create_ie_hitmac_synchronization
 .text.hitmac_packet_create_eb
                0x000083b4       0x98 contiki-cc13xx.a(hitmac-frame.o)
                0x000083b4                hitmac_packet_create_eb
 .text.init     0x0000844c        0x4 contiki-cc13xx.a(nullsec.o)
 .text.input    0x00008450        0xc contiki-cc13xx.a(nullsec.o)
 .text.send     0x0000845c       0x20 contiki-cc13xx.a(nullsec.o)
 .text.duty_cycle
                0x0000847c        0x4 contiki-cc13xx.a(contikimac.o)
 .text.init     0x00008480       0x40 contiki-cc13xx.a(contikimac.o)
 .text.on       0x000084c0       0x2c contiki-cc13xx.a(contikimac.o)
 .text.off      0x000084ec       0x38 contiki-cc13xx.a(contikimac.o)
 .text.recv_burst_off
                0x00008524       0x14 contiki-cc13xx.a(contikimac.o)
 .text.input_packet
                0x00008538      0x124 contiki-cc13xx.a(contikimac.o)
 .text.powercycle_turn_radio_off.part.2
                0x0000865c       0x10 contiki-cc13xx.a(contikimac.o)
 .text.turn_off
                0x0000866c       0x48 contiki-cc13xx.a(contikimac.o)
 .text.turn_on  0x000086b4       0x40 contiki-cc13xx.a(contikimac.o)
 .text.schedule_powercycle_fixed.part.5
                0x000086f4       0x2c contiki-cc13xx.a(contikimac.o)
 .text.send_packet.isra.7
                0x00008720      0x228 contiki-cc13xx.a(contikimac.o)
 .text.qsend_list
                0x00008948       0xec contiki-cc13xx.a(contikimac.o)
 .text.qsend_packet
                0x00008a34       0x24 contiki-cc13xx.a(contikimac.o)
 .text.powercycle_wrapper
                0x00008a58      0x23c contiki-cc13xx.a(contikimac.o)
 .text.read_flash
                0x00008c94       0x3c contiki-cc13xx.a(flashdata.o)
                0x00008c94                read_flash
 .text.write_to_flash
                0x00008cd0      0x118 contiki-cc13xx.a(flashdata.o)
                0x00008cd0                write_to_flash
 .text.aux_ctrl_power_up
                0x00008de8       0x28 contiki-cc13xx.a(aux-ctrl.o)
                0x00008de8                aux_ctrl_power_up
 .text.aux_ctrl_register_consumer
                0x00008e10       0x40 contiki-cc13xx.a(aux-ctrl.o)
                0x00008e10                aux_ctrl_register_consumer
 .text.aux_ctrl_power_down
                0x00008e50       0x6c contiki-cc13xx.a(aux-ctrl.o)
                0x00008e50                aux_ctrl_power_down
 .text.aux_ctrl_unregister_consumer
                0x00008ebc       0x28 contiki-cc13xx.a(aux-ctrl.o)
                0x00008ebc                aux_ctrl_unregister_consumer
 .text.memb_init
                0x00008ee4       0x24 contiki-cc13xx.a(memb.o)
                0x00008ee4                memb_init
 .text.memb_alloc
                0x00008f08       0x3c contiki-cc13xx.a(memb.o)
                0x00008f08                memb_alloc
 .text.memb_free
                0x00008f44       0x44 contiki-cc13xx.a(memb.o)
                0x00008f44                memb_free
 .text.memb_inmemb
                0x00008f88       0x1c contiki-cc13xx.a(memb.o)
                0x00008f88                memb_inmemb
 .text.memb_numfree
                0x00008fa4       0x1c contiki-cc13xx.a(memb.o)
                0x00008fa4                memb_numfree
 .text.echo_reply_input
                0x00008fc0       0xb0 contiki-cc13xx.a(uip-icmp6.o)
 .text.echo_request_input
                0x00009070       0xb8 contiki-cc13xx.a(uip-icmp6.o)
 .text.uip_icmp6_input
                0x00009128       0x3c contiki-cc13xx.a(uip-icmp6.o)
                0x00009128                uip_icmp6_input
 .text.uip_icmp6_register_input_handler
                0x00009164        0xc contiki-cc13xx.a(uip-icmp6.o)
                0x00009164                uip_icmp6_register_input_handler
 .text.uip_icmp6_error_output
                0x00009170      0x150 contiki-cc13xx.a(uip-icmp6.o)
                0x00009170                uip_icmp6_error_output
 .text.uip_icmp6_send
                0x000092c0       0x84 contiki-cc13xx.a(uip-icmp6.o)
                0x000092c0                uip_icmp6_send
 .text.uip_icmp6_init
                0x00009344       0x24 contiki-cc13xx.a(uip-icmp6.o)
                0x00009344                uip_icmp6_init
 .text.uip_ds6_list_loop
                0x00009368       0x60 contiki-cc13xx.a(uip-ds6.o)
                0x00009368                uip_ds6_list_loop
 .text.uip_ds6_prefix_add
                0x000093c8       0x6c contiki-cc13xx.a(uip-ds6.o)
                0x000093c8                uip_ds6_prefix_add
 .text.uip_ds6_is_addr_onlink
                0x00009434       0x3c contiki-cc13xx.a(uip-ds6.o)
                0x00009434                uip_ds6_is_addr_onlink
 .text.uip_ds6_addr_lookup
                0x00009470       0x30 contiki-cc13xx.a(uip-ds6.o)
                0x00009470                uip_ds6_addr_lookup
 .text.uip_ds6_get_link_local
                0x000094a0       0x44 contiki-cc13xx.a(uip-ds6.o)
                0x000094a0                uip_ds6_get_link_local
 .text.uip_ds6_maddr_add
                0x000094e4       0x50 contiki-cc13xx.a(uip-ds6.o)
                0x000094e4                uip_ds6_maddr_add
 .text.uip_ds6_addr_add
                0x00009534       0xa8 contiki-cc13xx.a(uip-ds6.o)
                0x00009534                uip_ds6_addr_add
 .text.uip_ds6_maddr_lookup
                0x000095dc       0x30 contiki-cc13xx.a(uip-ds6.o)
                0x000095dc                uip_ds6_maddr_lookup
 .text.uip_ds6_addr_rm
                0x0000960c       0x48 contiki-cc13xx.a(uip-ds6.o)
                0x0000960c                uip_ds6_addr_rm
 .text.uip_ds6_periodic
                0x00009654       0x5c contiki-cc13xx.a(uip-ds6.o)
                0x00009654                uip_ds6_periodic
 .text.uip_ds6_select_src
                0x000096b0       0xf4 contiki-cc13xx.a(uip-ds6.o)
                0x000096b0                uip_ds6_select_src
 .text.uip_ds6_set_addr_iid
                0x000097a4       0x14 contiki-cc13xx.a(uip-ds6.o)
                0x000097a4                uip_ds6_set_addr_iid
 .text.uip_ds6_compute_reachable_time
                0x000097b8       0x28 contiki-cc13xx.a(uip-ds6.o)
                0x000097b8                uip_ds6_compute_reachable_time
 .text.uip_ds6_init
                0x000097e0       0xf8 contiki-cc13xx.a(uip-ds6.o)
                0x000097e0                uip_ds6_init
 .text.call_route_callback
                0x000098d8       0x50 contiki-cc13xx.a(uip-ds6-route.o)
 .text.uip_ds6_route_init
                0x00009928       0x4c contiki-cc13xx.a(uip-ds6-route.o)
                0x00009928                uip_ds6_route_init
 .text.uip_ds6_route_nexthop
                0x00009974       0x1c contiki-cc13xx.a(uip-ds6-route.o)
                0x00009974                uip_ds6_route_nexthop
 .text.uip_ds6_route_head
                0x00009990        0xc contiki-cc13xx.a(uip-ds6-route.o)
                0x00009990                uip_ds6_route_head
 .text.uip_ds6_route_next
                0x0000999c        0x8 contiki-cc13xx.a(uip-ds6-route.o)
                0x0000999c                uip_ds6_route_next
 .text.uip_ds6_route_is_nexthop
                0x000099a4       0x20 contiki-cc13xx.a(uip-ds6-route.o)
                0x000099a4                uip_ds6_route_is_nexthop
 .text.uip_ds6_route_lookup
                0x000099c4       0x78 contiki-cc13xx.a(uip-ds6-route.o)
                0x000099c4                uip_ds6_route_lookup
 .text.uip_ds6_route_rm
                0x00009a3c       0xac contiki-cc13xx.a(uip-ds6-route.o)
                0x00009a3c                uip_ds6_route_rm
 .text.rm_routelist
                0x00009ae8       0x38 contiki-cc13xx.a(uip-ds6-route.o)
 .text.rm_routelist_callback
                0x00009b20        0x4 contiki-cc13xx.a(uip-ds6-route.o)
 .text.uip_ds6_route_add
                0x00009b24      0x12c contiki-cc13xx.a(uip-ds6-route.o)
                0x00009b24                uip_ds6_route_add
 .text.uip_ds6_defrt_rm
                0x00009c50       0x48 contiki-cc13xx.a(uip-ds6-route.o)
                0x00009c50                uip_ds6_defrt_rm
 .text.uip_ds6_defrt_lookup
                0x00009c98       0x34 contiki-cc13xx.a(uip-ds6-route.o)
                0x00009c98                uip_ds6_defrt_lookup
 .text.uip_ds6_defrt_add
                0x00009ccc       0x5c contiki-cc13xx.a(uip-ds6-route.o)
                0x00009ccc                uip_ds6_defrt_add
 .text.uip_ds6_defrt_choose
                0x00009d28       0x34 contiki-cc13xx.a(uip-ds6-route.o)
                0x00009d28                uip_ds6_defrt_choose
 .text.uip_ds6_defrt_periodic
                0x00009d5c       0x3c contiki-cc13xx.a(uip-ds6-route.o)
                0x00009d5c                uip_ds6_defrt_periodic
 .text.chksum   0x00009d98       0x50 contiki-cc13xx.a(uip6.o)
 .text.upper_layer_chksum
                0x00009de8       0x58 contiki-cc13xx.a(uip6.o)
 .text.ext_hdr_options_process
                0x00009e40       0xc8 contiki-cc13xx.a(uip6.o)
 .text.uip_add32
                0x00009f08       0x58 contiki-cc13xx.a(uip6.o)
                0x00009f08                uip_add32
 .text.unlikely.uip_add_rcv_nxt
                0x00009f60       0x2c contiki-cc13xx.a(uip6.o)
 .text.uip_icmp6chksum
                0x00009f8c        0x8 contiki-cc13xx.a(uip6.o)
                0x00009f8c                uip_icmp6chksum
 .text.uip_init
                0x00009f94       0x5c contiki-cc13xx.a(uip6.o)
                0x00009f94                uip_init
 .text.remove_ext_hdr
                0x00009ff0       0x60 contiki-cc13xx.a(uip6.o)
                0x00009ff0                remove_ext_hdr
 .text.uip_unlisten
                0x0000a050       0x28 contiki-cc13xx.a(uip6.o)
                0x0000a050                uip_unlisten
 .text.uip_process
                0x0000a078     0x10fc contiki-cc13xx.a(uip6.o)
                0x0000a078                uip_process
 .text.uip_htonl
                0x0000b174       0x14 contiki-cc13xx.a(uip6.o)
                0x0000b174                uip_htonl
 .text.uip_ds6_nbr_rm
                0x0000b188       0x20 contiki-cc13xx.a(uip-ds6-nbr.o)
                0x0000b188                uip_ds6_nbr_rm
 .text.uip_ds6_neighbors_init
                0x0000b1a8       0x1c contiki-cc13xx.a(uip-ds6-nbr.o)
                0x0000b1a8                uip_ds6_neighbors_init
 .text.uip_ds6_nbr_add
                0x0000b1c4       0x38 contiki-cc13xx.a(uip-ds6-nbr.o)
                0x0000b1c4                uip_ds6_nbr_add
 .text.uip_ds6_nbr_get_ll
                0x0000b1fc       0x10 contiki-cc13xx.a(uip-ds6-nbr.o)
                0x0000b1fc                uip_ds6_nbr_get_ll
 .text.uip_ds6_nbr_lookup
                0x0000b20c       0x3c contiki-cc13xx.a(uip-ds6-nbr.o)
                0x0000b20c                uip_ds6_nbr_lookup
 .text.uip_ds6_nbr_ipaddr_from_lladdr
                0x0000b248       0x10 contiki-cc13xx.a(uip-ds6-nbr.o)
                0x0000b248                uip_ds6_nbr_ipaddr_from_lladdr
 .text.uip_ds6_nbr_lladdr_from_ipaddr
                0x0000b258       0x1c contiki-cc13xx.a(uip-ds6-nbr.o)
                0x0000b258                uip_ds6_nbr_lladdr_from_ipaddr
 .text.uip_ds6_link_neighbor_callback
                0x0000b274       0x34 contiki-cc13xx.a(uip-ds6-nbr.o)
                0x0000b274                uip_ds6_link_neighbor_callback
 .text.ns_input
                0x0000b2a8      0x2a0 contiki-cc13xx.a(uip-nd6.o)
 .text.uip_nd6_init
                0x0000b548        0xc contiki-cc13xx.a(uip-nd6.o)
                0x0000b548                uip_nd6_init
 .text.uip_debug_ipaddr_print
                0x0000b554       0xb0 contiki-cc13xx.a(uip-debug.o)
                0x0000b554                uip_debug_ipaddr_print
 .text.update_nbr
                0x0000b604      0x11c contiki-cc13xx.a(rpl-nbr-policy.)
 .text.handle_periodic_timer
                0x0000b720       0x14 contiki-cc13xx.a(rpl-nbr-policy.)
 .text.find_removable_dio
                0x0000b734       0x40 contiki-cc13xx.a(rpl-nbr-policy.)
                0x0000b734                find_removable_dio
 .text.find_removable_dao
                0x0000b774       0x38 contiki-cc13xx.a(rpl-nbr-policy.)
                0x0000b774                find_removable_dao
 .text.rpl_nbr_policy_find_removable
                0x0000b7ac       0x40 contiki-cc13xx.a(rpl-nbr-policy.)
                0x0000b7ac                rpl_nbr_policy_find_removable
 .text.new_dio_interval
                0x0000b7ec       0x60 contiki-cc13xx.a(rpl-timers.o)
 .text.handle_periodic_timer
                0x0000b84c       0x58 contiki-cc13xx.a(rpl-timers.o)
 .text.set_dao_lifetime_timer
                0x0000b8a4       0x48 contiki-cc13xx.a(rpl-timers.o)
 .text.handle_unicast_dio_timer
                0x0000b8ec       0x1c contiki-cc13xx.a(rpl-timers.o)
 .text.handle_dio_timer
                0x0000b908       0x8c contiki-cc13xx.a(rpl-timers.o)
 .text.schedule_dao
                0x0000b994       0x54 contiki-cc13xx.a(rpl-timers.o)
 .text.handle_dao_timer
                0x0000b9e8       0x5c contiki-cc13xx.a(rpl-timers.o)
 .text.rpl_reset_periodic_timer
                0x0000ba44       0x3c contiki-cc13xx.a(rpl-timers.o)
                0x0000ba44                rpl_reset_periodic_timer
 .text.rpl_reset_dio_timer
                0x0000ba80       0x1c contiki-cc13xx.a(rpl-timers.o)
                0x0000ba80                rpl_reset_dio_timer
 .text.rpl_schedule_dao
                0x0000ba9c        0x8 contiki-cc13xx.a(rpl-timers.o)
                0x0000ba9c                rpl_schedule_dao
 .text.rpl_schedule_unicast_dio_immediately
                0x0000baa4       0x14 contiki-cc13xx.a(rpl-timers.o)
                0x0000baa4                rpl_schedule_unicast_dio_immediately
 .text.get_probing_delay
                0x0000bab8       0x4c contiki-cc13xx.a(rpl-timers.o)
                0x0000bab8                get_probing_delay
 .text.get_probing_target
                0x0000bb04       0xdc contiki-cc13xx.a(rpl-timers.o)
                0x0000bb04                get_probing_target
 .text.rpl_schedule_probing
                0x0000bbe0       0x20 contiki-cc13xx.a(rpl-timers.o)
                0x0000bbe0                rpl_schedule_probing
 .text.handle_probing_timer
                0x0000bc00       0x34 contiki-cc13xx.a(rpl-timers.o)
 .text.reset    0x0000bc34        0x4 contiki-cc13xx.a(rpl-mrhof.o)
 .text.update_metric_container
                0x0000bc38        0x8 contiki-cc13xx.a(rpl-mrhof.o)
 .text.parent_link_metric
                0x0000bc40       0x14 contiki-cc13xx.a(rpl-mrhof.o)
 .text.parent_has_usable_link
                0x0000bc54       0x18 contiki-cc13xx.a(rpl-mrhof.o)
 .text.best_dag
                0x0000bc6c       0x2c contiki-cc13xx.a(rpl-mrhof.o)
 .text.parent_path_cost
                0x0000bc98       0x4c contiki-cc13xx.a(rpl-mrhof.o)
 .text.parent_is_acceptable
                0x0000bce4       0x34 contiki-cc13xx.a(rpl-mrhof.o)
 .text.rank_via_parent
                0x0000bd18       0x3c contiki-cc13xx.a(rpl-mrhof.o)
 .text.best_parent
                0x0000bd54       0x70 contiki-cc13xx.a(rpl-mrhof.o)
 .text.NOROM_FlashSectorErase
                0x0000bdc4       0x1c contiki-cc13xx.a(flash.o)
                0x0000bdc4                NOROM_FlashSectorErase
 .text.NOROM_FlashProgram
                0x0000bde0       0x1c contiki-cc13xx.a(flash.o)
                0x0000bde0                NOROM_FlashProgram
 .text.NOROM_VIMSModeGet
                0x0000bdfc       0x10 contiki-cc13xx.a(vims.o)
                0x0000bdfc                NOROM_VIMSModeGet
 .text.mac_sequence_is_duplicate
                0x0000be0c       0x50 contiki-cc13xx.a(mac-sequence.o)
                0x0000be0c                mac_sequence_is_duplicate
 .text.mac_sequence_register_seqno
                0x0000be5c       0x6c contiki-cc13xx.a(mac-sequence.o)
                0x0000be5c                mac_sequence_register_seqno
 .text.frame802154_get_pan_id
                0x0000bec8        0xc contiki-cc13xx.a(frame802154.o)
                0x0000bec8                frame802154_get_pan_id
 .text.frame802154_has_panid
                0x0000bed4       0xb8 contiki-cc13xx.a(frame802154.o)
                0x0000bed4                frame802154_has_panid
 .text.field_len
                0x0000bf8c       0x9c contiki-cc13xx.a(frame802154.o)
 .text.frame802154_is_broadcast_addr
                0x0000c028       0x20 contiki-cc13xx.a(frame802154.o)
                0x0000c028                frame802154_is_broadcast_addr
 .text.frame802154_hdrlen
                0x0000c048       0x34 contiki-cc13xx.a(frame802154.o)
                0x0000c048                frame802154_hdrlen
 .text.frame802154_create_fcf
                0x0000c07c       0x64 contiki-cc13xx.a(frame802154.o)
                0x0000c07c                frame802154_create_fcf
 .text.frame802154_create
                0x0000c0e0       0xb8 contiki-cc13xx.a(frame802154.o)
                0x0000c0e0                frame802154_create
 .text.frame802154_parse_fcf
                0x0000c198       0x4c contiki-cc13xx.a(frame802154.o)
                0x0000c198                frame802154_parse_fcf
 .text.frame802154_parse
                0x0000c1e4      0x134 contiki-cc13xx.a(frame802154.o)
                0x0000c1e4                frame802154_parse
 .text.mac_call_sent_callback
                0x0000c318       0x10 contiki-cc13xx.a(mac.o)
                0x0000c318                mac_call_sent_callback
 .text.stimer_set
                0x0000c328       0x10 contiki-cc13xx.a(stimer.o)
                0x0000c328                stimer_set
 .text.stimer_expired
                0x0000c338       0x20 contiki-cc13xx.a(stimer.o)
                0x0000c338                stimer_expired
 .text          0x0000c358       0x2c /opt/gcc-arm-none/bin/../lib/gcc/arm-none-eabi/4.9.3/armv7-m/libgcc.a(_aeabi_uldivmod.o)
                0x0000c358                __aeabi_uldivmod
 .text          0x0000c384       0x60 /opt/gcc-arm-none/bin/../lib/gcc/arm-none-eabi/4.9.3/armv7-m/libgcc.a(bpabi.o)
                0x0000c384                __gnu_ldivmod_helper
                0x0000c3b4                __gnu_uldivmod_helper
 .text          0x0000c3e4        0x4 /opt/gcc-arm-none/bin/../lib/gcc/arm-none-eabi/4.9.3/armv7-m/libgcc.a(_dvmd_tls.o)
                0x0000c3e4                __aeabi_ldiv0
                0x0000c3e4                __aeabi_idiv0
 .text          0x0000c3e8      0x2ac /opt/gcc-arm-none/bin/../lib/gcc/arm-none-eabi/4.9.3/armv7-m/libgcc.a(_divdi3.o)
                0x0000c3e8                __divdi3
 .text          0x0000c694      0x270 /opt/gcc-arm-none/bin/../lib/gcc/arm-none-eabi/4.9.3/armv7-m/libgcc.a(_udivdi3.o)
                0x0000c694                __udivdi3
 .text.memcmp   0x0000c904       0x64 /opt/gcc-arm-none/bin/../lib/gcc/arm-none-eabi/4.9.3/../../../../arm-none-eabi/lib/armv7-m/libc.a(lib_a-memcmp.o)
                0x0000c904                memcmp
 .text          0x0000c968       0xec /opt/gcc-arm-none/bin/../lib/gcc/arm-none-eabi/4.9.3/../../../../arm-none-eabi/lib/armv7-m/libc.a(lib_a-memcpy.o)
                0x0000c968                memcpy
 .text.memmove  0x0000ca54       0xc8 /opt/gcc-arm-none/bin/../lib/gcc/arm-none-eabi/4.9.3/../../../../arm-none-eabi/lib/armv7-m/libc.a(lib_a-memmove.o)
                0x0000ca54                memmove
 .text.memset   0x0000cb1c       0x9c /opt/gcc-arm-none/bin/../lib/gcc/arm-none-eabi/4.9.3/../../../../arm-none-eabi/lib/armv7-m/libc.a(lib_a-memset.o)
                0x0000cb1c                memset
 .text.strlen   0x0000cbb8       0x5c /opt/gcc-arm-none/bin/../lib/gcc/arm-none-eabi/4.9.3/../../../../arm-none-eabi/lib/armv7-m/libc.a(lib_a-strlen.o)
                0x0000cbb8                strlen
 *(SORT(.rodata*))
 .rodata.autostart_processes
                0x0000cc14        0x8 hello-world.co
                0x0000cc14                autostart_processes
 .rodata.str1.4
                0x0000cc1c       0x28 hello-world.co
 .rodata.str1.4
                0x0000cc44       0x91 contiki-cc13xx.a(contiki-main.o)
                                 0x94 (size before relaxing)
 *fill*         0x0000ccd5        0x3 00000000
 .rodata        0x0000ccd8       0x68 contiki-cc13xx.a(board.o)
 .rodata.str1.4
                0x0000cd40       0xe2 contiki-cc13xx.a(node-id.o)
                                 0xe4 (size before relaxing)
 *fill*         0x0000ce22        0x2 00000000
 .rodata.str1.4
                0x0000ce24       0x1a contiki-cc13xx.a(external-watchd)
                                 0x1c (size before relaxing)
 *fill*         0x0000ce3e        0x2 00000000
 .rodata.mode_prop
                0x0000ce40        0x8 contiki-cc13xx.a(prop-mode.o)
 .rodata.prop_mode_driver
                0x0000ce48       0x38 contiki-cc13xx.a(prop-mode.o)
                0x0000ce48                prop_mode_driver
 .rodata.str1.4
                0x0000ce80      0x4ae contiki-cc13xx.a(prop-mode.o)
                                0x4b0 (size before relaxing)
 *fill*         0x0000d32e        0x2 00000000
 .rodata.patchGenfskRfe
                0x0000d330      0x6b4 contiki-cc13xx.a(prop-mode.o)
 .rodata.patchImageGenfsk
                0x0000d9e4      0x28c contiki-cc13xx.a(prop-mode.o)
 .rodata.prop_mode_tx_power_431_527
                0x0000dc70       0x30 contiki-cc13xx.a(prop-mode-tx-po)
                0x0000dc70                prop_mode_tx_power_431_527
 .rodata.str1.4
                0x0000dca0       0x46 contiki-cc13xx.a(rf-core.o)
                                 0x48 (size before relaxing)
 *fill*         0x0000dce6        0x2 00000000
 .rodata.str1.4
                0x0000dce8       0x1b contiki-cc13xx.a(soc-trng.o)
                                 0x1c (size before relaxing)
 *fill*         0x0000dd03        0x1 00000000
 .rodata.str1.4
                0x0000dd04       0x46 contiki-cc13xx.a(strformat.o)
                                 0x48 (size before relaxing)
 *fill*         0x0000dd4a        0x2 00000000
 .rodata.buffer.4019
                0x0000dd4c       0x10 contiki-cc13xx.a(strformat.o)
 .rodata.buffer.4028
                0x0000dd5c       0x10 contiki-cc13xx.a(strformat.o)
 .rodata.str1.4
                0x0000dd6c        0xf contiki-cc13xx.a(ctimer.o)
                                 0x10 (size before relaxing)
 *fill*         0x0000dd7b        0x1 00000000
 .rodata.str1.4
                0x0000dd7c        0xc contiki-cc13xx.a(etimer.o)
 .rodata.str1.4
                0x0000dd88        0xe contiki-cc13xx.a(serial-line.o)
                                 0x10 (size before relaxing)
 *fill*         0x0000dd96        0x2 00000000
 .rodata        0x0000dd98        0x4 contiki-cc13xx.a(sicslowpan.o)
 .rodata.ttl_values
                0x0000dd9c        0x4 contiki-cc13xx.a(sicslowpan.o)
 .rodata.unc_llconf
                0x0000dda0        0x4 contiki-cc13xx.a(sicslowpan.o)
                0x0000dda0                unc_llconf
 .rodata.llprefix
                0x0000dda4        0x4 contiki-cc13xx.a(sicslowpan.o)
                0x0000dda4                llprefix
 .rodata.sicslowpan_driver
                0x0000dda8        0xc contiki-cc13xx.a(sicslowpan.o)
                0x0000dda8                sicslowpan_driver
 .rodata.unc_mxconf
                0x0000ddb4        0x4 contiki-cc13xx.a(sicslowpan.o)
                0x0000ddb4                unc_mxconf
 .rodata.unc_ctxconf
                0x0000ddb8        0x4 contiki-cc13xx.a(sicslowpan.o)
                0x0000ddb8                unc_ctxconf
 .rodata.str1.4
                0x0000ddbc        0xb contiki-cc13xx.a(sicslowpan.o)
                                  0xc (size before relaxing)
 *fill*         0x0000ddc7        0x1 00000000
 .rodata.str1.4
                0x0000ddc8        0xd contiki-cc13xx.a(tcpip.o)
                                 0x10 (size before relaxing)
 *fill*         0x0000ddd5        0x3 00000000
 .rodata.linkaddr_null
                0x0000ddd8        0x4 contiki-cc13xx.a(linkaddr.o)
                0x0000ddd8                linkaddr_null
 .rodata.framer_802154
                0x0000dddc        0xc contiki-cc13xx.a(framer-802154.o)
                0x0000dddc                framer_802154
 .rodata.str1.4
                0x0000dde8       0x8b contiki-cc13xx.a(hitmac.o)
                                 0x8c (size before relaxing)
 *fill*         0x0000de73        0x1 00000000
 .rodata.hitmac_driver
                0x0000de74       0x1c contiki-cc13xx.a(hitmac.o)
                0x0000de74                hitmac_driver
 .rodata.str1.4
                0x0000de90      0x127 contiki-cc13xx.a(hitmac-frame.o)
                                0x128 (size before relaxing)
 *fill*         0x0000dfb7        0x1 00000000
 .rodata.str1.4
                0x0000dfb8        0x8 contiki-cc13xx.a(nullsec.o)
 .rodata.nullsec_driver
                0x0000dfc0       0x10 contiki-cc13xx.a(nullsec.o)
                0x0000dfc0                nullsec_driver
 .rodata.str1.4
                0x0000dfd0        0xb contiki-cc13xx.a(contikimac.o)
                                  0xc (size before relaxing)
 *fill*         0x0000dfdb        0x1 00000000
 .rodata.contikimac_driver
                0x0000dfdc       0x20 contiki-cc13xx.a(contikimac.o)
                0x0000dfdc                contikimac_driver
 .rodata.str1.4
                0x0000dffc       0x8c contiki-cc13xx.a(flashdata.o)
 .rodata.str1.4
                0x0000e088       0x2c contiki-cc13xx.a(uip-debug.o)
                0x0000e0b4                _etext = .

.glue_7         0x0000e0b4        0x0
 .glue_7        0x00000000        0x0 linker stubs

.glue_7t        0x0000e0b4        0x0
 .glue_7t       0x00000000        0x0 linker stubs

.vfp11_veneer   0x0000e0b4        0x0
 .vfp11_veneer  0x00000000        0x0 linker stubs

.v4_bx          0x0000e0b4        0x0
 .v4_bx         0x00000000        0x0 linker stubs

.iplt           0x0000e0b4        0x0
 .iplt          0x00000000        0x0 obj_cc13xx/startup_gcc.o

.data           0x20000000      0x30d load address 0x0000e0b4
                0x20000000                _data = .
 *(SORT(vtable))
 *(SORT(.data*))
 .data.hello_world_process
                0x20000000       0x10 hello-world.co
                0x20000000                hello_world_process
 .data.srf_module
                0x20000010       0x14 contiki-cc13xx.a(board.o)
 .data.watchdog_process
                0x20000024       0x10 contiki-cc13xx.a(external-watchd)
                0x20000024                watchdog_process
 .data.prop_lpm_module
                0x20000034       0x14 contiki-cc13xx.a(prop-mode.o)
 .data.tx_power_current
                0x20000048        0x4 contiki-cc13xx.a(prop-mode.o)
                0x20000048                tx_power_current
 .data.uart_module
                0x2000004c       0x14 contiki-cc13xx.a(cc26xx-uart.o)
 .data.rf_core_process
                0x20000060       0x10 contiki-cc13xx.a(rf-core.o)
                0x20000060                rf_core_process
 .data.rng_module
                0x20000070       0x14 contiki-cc13xx.a(soc-trng.o)
 .data.soc_trng_process
                0x20000084       0x10 contiki-cc13xx.a(soc-trng.o)
                0x20000084                soc_trng_process
 .data.ctxt     0x20000094        0x8 contiki-cc13xx.a(dbg-printf.o)
 .data.ctimer_process
                0x2000009c       0x10 contiki-cc13xx.a(ctimer.o)
                0x2000009c                ctimer_process
 .data.etimer_process
                0x200000ac       0x10 contiki-cc13xx.a(etimer.o)
                0x200000ac                etimer_process
 .data.serial_line_process
                0x200000bc       0x10 contiki-cc13xx.a(serial-line.o)
                0x200000bc                serial_line_process
 .data.tcpip_process
                0x200000cc       0x10 contiki-cc13xx.a(tcpip.o)
                0x200000cc                tcpip_process
 .data.dao_ack_handler
                0x200000dc        0xc contiki-cc13xx.a(rpl-icmp6.o)
 .data.dis_handler
                0x200000e8        0xc contiki-cc13xx.a(rpl-icmp6.o)
 .data.dao_handler
                0x200000f4        0xc contiki-cc13xx.a(rpl-icmp6.o)
 .data.dio_handler
                0x20000100        0xc contiki-cc13xx.a(rpl-icmp6.o)
 .data.rpl_parents
                0x2000010c        0x4 contiki-cc13xx.a(rpl-dag.o)
                0x2000010c                rpl_parents
 .data.rpl_parents_struct
                0x20000110       0x10 contiki-cc13xx.a(rpl-dag.o)
 .data.bufmem   0x20000120        0xc contiki-cc13xx.a(queuebuf.o)
 .data.buframmem
                0x2000012c        0xc contiki-cc13xx.a(queuebuf.o)
 .data.neighbor_addr_mem
                0x20000138        0xc contiki-cc13xx.a(nbr-table.o)
 .data.link_stats_struct
                0x20000144       0x10 contiki-cc13xx.a(link-stats.o)
 .data.hitmac_root_eb_process
                0x20000154       0x10 contiki-cc13xx.a(hitmac.o)
                0x20000154                hitmac_root_eb_process
 .data.hitmac_scheduler_process
                0x20000164       0x10 contiki-cc13xx.a(hitmac.o)
                0x20000164                hitmac_scheduler_process
 .data.hitmac_process
                0x20000174       0x10 contiki-cc13xx.a(hitmac.o)
                0x20000174                hitmac_process
 .data.smartrf_settings_cmd_prop_rx_adv
                0x20000184       0x30 contiki-cc13xx.a(smartrf-setting)
                0x20000184                smartrf_settings_cmd_prop_rx_adv
 .data.smartrf_settings_cmd_fs
                0x200001b4       0x18 contiki-cc13xx.a(smartrf-setting)
                0x200001b4                smartrf_settings_cmd_fs
 .data.smartrf_settings_cmd_prop_radio_div_setup
                0x200001cc       0x28 contiki-cc13xx.a(smartrf-setting)
                0x200001cc                smartrf_settings_cmd_prop_radio_div_setup
 .data.smartrf_settings_cmd_prop_tx_adv
                0x200001f4       0x20 contiki-cc13xx.a(smartrf-setting)
                0x200001f4                smartrf_settings_cmd_prop_tx_adv
 .data.overrides
                0x20000214       0x60 contiki-cc13xx.a(smartrf-setting)
 .data.echo_request_handler
                0x20000274        0xc contiki-cc13xx.a(uip-icmp6.o)
 .data.echo_reply_handler
                0x20000280        0xc contiki-cc13xx.a(uip-icmp6.o)
 .data.defaultroutermemb
                0x2000028c        0xc contiki-cc13xx.a(uip-ds6-route.o)
 .data.nbr_routes_struct
                0x20000298       0x10 contiki-cc13xx.a(uip-ds6-route.o)
 .data.nbr_routes
                0x200002a8        0x4 contiki-cc13xx.a(uip-ds6-route.o)
                0x200002a8                nbr_routes
 .data.routememb
                0x200002ac        0xc contiki-cc13xx.a(uip-ds6-route.o)
 .data.neighborroutememb
                0x200002b8        0xc contiki-cc13xx.a(uip-ds6-route.o)
 .data.ds6_neighbors
                0x200002c4        0x4 contiki-cc13xx.a(uip-ds6-nbr.o)
                0x200002c4                ds6_neighbors
 .data.ds6_neighbors_struct
                0x200002c8       0x10 contiki-cc13xx.a(uip-ds6-nbr.o)
 .data.ns_input_handler
                0x200002d8        0xc contiki-cc13xx.a(uip-nd6.o)
 .data.rpl_mrhof
                0x200002e4       0x24 contiki-cc13xx.a(rpl-mrhof.o)
                0x200002e4                rpl_mrhof
 .data.mac_pan_id
                0x20000308        0x2 contiki-cc13xx.a(frame802154.o)
 .data.rssi_threshold
                0x2000030a        0x1 contiki-cc13xx.a(prop-mode.o)
 .data.rng_ready_event
                0x2000030b        0x1 contiki-cc13xx.a(soc-trng.o)
 .data.dao_sequence
                0x2000030c        0x1 contiki-cc13xx.a(rpl-icmp6.o)
                0x2000030d                _edata = .

.igot.plt       0x20000310        0x0 load address 0x0000e3c1
 .igot.plt      0x00000000        0x0 obj_cc13xx/startup_gcc.o

.ARM.exidx      0x0000e3c4        0x8
 *(SORT(.ARM.exidx*))
 .ARM.exidx     0x0000e3c4        0x8 /opt/gcc-arm-none/bin/../lib/gcc/arm-none-eabi/4.9.3/armv7-m/libgcc.a(_divdi3.o)
 .ARM.exidx     0x0000e3cc        0x0 /opt/gcc-arm-none/bin/../lib/gcc/arm-none-eabi/4.9.3/armv7-m/libgcc.a(_udivdi3.o)
                                  0x8 (size before relaxing)

.bss            0x20000310     0x29e3
                0x20000310                _bss = .
 *(SORT(.bss*))
 .bss.count     0x20000310        0x8 contiki-cc13xx.a(clock.o)
 .bss.rands_cache
                0x20000318       0x20 contiki-cc13xx.a(soc-trng.o)
 .bss.inited    0x20000338        0x4 contiki-cc13xx.a(board.o)
 .bss.dog       0x2000033c       0x10 contiki-cc13xx.a(external-watchd)
 .bss.rx_stats  0x2000034c        0xc contiki-cc13xx.a(prop-mode.o)
 .bss.rx_data_queue
                0x20000358        0x8 contiki-cc13xx.a(prop-mode.o)
 .bss.rx_read_entry
                0x20000360        0x4 contiki-cc13xx.a(prop-mode.o)
 .bss.tx_buf    0x20000364       0xb8 contiki-cc13xx.a(prop-mode.o)
 .bss.rx_buf    0x2000041c      0x230 contiki-cc13xx.a(prop-mode.o)
 .bss.last_isr_time
                0x2000064c        0x4 contiki-cc13xx.a(soc-rtc.o)
 .bss.input_handler
                0x20000650        0x4 contiki-cc13xx.a(cc26xx-uart.o)
 .bss.modules_list_list
                0x20000654        0x4 contiki-cc13xx.a(lpm.o)
 .bss.last_radio_op
                0x20000658        0x4 contiki-cc13xx.a(rf-core.o)
 .bss.primary_mode
                0x2000065c        0x4 contiki-cc13xx.a(rf-core.o)
 .bss.rat_offset
                0x20000660        0x4 contiki-cc13xx.a(rf-core.o)
                0x20000660                rat_offset
 .bss.notify_cb
                0x20000664        0x4 contiki-cc13xx.a(soc-trng.o)
 .bss.rands_mask
                0x20000668        0x4 contiki-cc13xx.a(soc-trng.o)
 .bss.ctimer_list_list
                0x2000066c        0x4 contiki-cc13xx.a(ctimer.o)
 .bss.timerlist
                0x20000670        0x4 contiki-cc13xx.a(etimer.o)
 .bss.next_expiration
                0x20000674        0x4 contiki-cc13xx.a(etimer.o)
 .bss.process_current
                0x20000678        0x4 contiki-cc13xx.a(process.o)
                0x20000678                process_current
 .bss.process_list
                0x2000067c        0x4 contiki-cc13xx.a(process.o)
                0x2000067c                process_list
 .bss.events    0x20000680      0x180 contiki-cc13xx.a(process.o)
 .bss.next_rtimer
                0x20000800        0x4 contiki-cc13xx.a(rtimer.o)
 .bss.rxbuf_data
                0x20000804       0x80 contiki-cc13xx.a(serial-line.o)
 .bss.buf.4853  0x20000884       0x80 contiki-cc13xx.a(serial-line.o)
 .bss.rxbuf     0x20000904        0x8 contiki-cc13xx.a(serial-line.o)
 .bss.ptr.4854  0x2000090c        0x4 contiki-cc13xx.a(serial-line.o)
 .bss.context   0x20000910        0x4 contiki-cc13xx.a(sicslowpan.o)
 .bss.last_rssi
                0x20000914        0x4 contiki-cc13xx.a(sicslowpan.o)
 .bss.hc06_ptr  0x20000918        0x4 contiki-cc13xx.a(sicslowpan.o)
 .bss.frag_info
                0x2000091c      0x158 contiki-cc13xx.a(sicslowpan.o)
 .bss.addr_contexts
                0x20000a74        0xc contiki-cc13xx.a(sicslowpan.o)
 .bss.packetbuf_ptr
                0x20000a80        0x4 contiki-cc13xx.a(sicslowpan.o)
 .bss.last_tx_status
                0x20000a84        0x4 contiki-cc13xx.a(sicslowpan.o)
 .bss.frag_buf  0x20000a88      0x54c contiki-cc13xx.a(sicslowpan.o)
 .bss.packetbuf_payload_len
                0x20000fd4        0x4 contiki-cc13xx.a(sicslowpan.o)
 .bss.callback  0x20000fd8        0x4 contiki-cc13xx.a(sicslowpan.o)
 .bss.s         0x20000fdc       0xa4 contiki-cc13xx.a(tcpip.o)
 .bss.periodic  0x20001080       0x10 contiki-cc13xx.a(tcpip.o)
 .bss.outputfunc
                0x20001090        0x4 contiki-cc13xx.a(tcpip.o)
 .bss._rpl_parents_mem
                0x20001094       0xa0 contiki-cc13xx.a(rpl-dag.o)
 .bss.buframmem_memb_count
                0x20001134        0x8 contiki-cc13xx.a(queuebuf.o)
 .bss.bufmem_memb_mem
                0x2000113c       0x20 contiki-cc13xx.a(queuebuf.o)
 .bss.buframmem_memb_mem
                0x2000115c      0x520 contiki-cc13xx.a(queuebuf.o)
 .bss.bufmem_memb_count
                0x2000167c        0x8 contiki-cc13xx.a(queuebuf.o)
 .bss.neighbor_addr_mem_memb_count
                0x20001684       0x14 contiki-cc13xx.a(nbr-table.o)
 .bss.locked_map
                0x20001698       0x14 contiki-cc13xx.a(nbr-table.o)
 .bss.nbr_table_keys_list
                0x200016ac        0x4 contiki-cc13xx.a(nbr-table.o)
 .bss.neighbor_addr_mem_memb_mem
                0x200016b0       0xa0 contiki-cc13xx.a(nbr-table.o)
 .bss.used_map  0x20001750       0x14 contiki-cc13xx.a(nbr-table.o)
 .bss.all_tables
                0x20001764       0x20 contiki-cc13xx.a(nbr-table.o)
 .bss.num_tables
                0x20001784        0x4 contiki-cc13xx.a(nbr-table.o)
 .bss.packetbuf_aligned
                0x20001788       0x80 contiki-cc13xx.a(packetbuf.o)
 .bss._link_stats_mem
                0x20001808       0xf0 contiki-cc13xx.a(link-stats.o)
 .bss.hitmac_is_started
                0x200018f8        0x4 contiki-cc13xx.a(hitmac.o)
 .bss.hitmac_current_scheduler
                0x200018fc       0x14 contiki-cc13xx.a(hitmac.o)
 .bss.asn_rtimer.6216
                0x20001910        0xc contiki-cc13xx.a(hitmac.o)
 .bss.hitmac_is_associated
                0x2000191c        0x4 contiki-cc13xx.a(hitmac.o)
 .bss.hitmac_current_asn
                0x20001920        0x8 contiki-cc13xx.a(hitmac.o)
 .bss.mod_type  0x20001928        0x4 contiki-cc13xx.a(hitmac.o)
 .bss.cycle_start
                0x2000192c        0x4 contiki-cc13xx.a(contikimac.o)
 .bss.we_are_receiving_burst
                0x20001930        0x4 contiki-cc13xx.a(contikimac.o)
 .bss.rt        0x20001934        0xc contiki-cc13xx.a(contikimac.o)
 .bss.ct.7034   0x20001940       0x20 contiki-cc13xx.a(contikimac.o)
 .bss.pt        0x20001960        0x4 contiki-cc13xx.a(contikimac.o)
 .bss.start.6959
                0x20001964        0x4 contiki-cc13xx.a(contikimac.o)
 .bss.consumers_list_list
                0x20001968        0x4 contiki-cc13xx.a(aux-ctrl.o)
 .bss.tmp_ipaddr
                0x2000196c       0x10 contiki-cc13xx.a(uip-icmp6.o)
 .bss.echo_reply_callback_list_list
                0x2000197c        0x4 contiki-cc13xx.a(uip-icmp6.o)
 .bss.input_handler_list_list
                0x20001980        0x4 contiki-cc13xx.a(uip-icmp6.o)
 .bss.locmaddr  0x20001984        0x4 contiki-cc13xx.a(uip-ds6.o)
 .bss.locprefix
                0x20001988        0x4 contiki-cc13xx.a(uip-ds6.o)
 .bss.locaddr   0x2000198c        0x4 contiki-cc13xx.a(uip-ds6.o)
 .bss.loc_fipaddr
                0x20001990       0x10 contiki-cc13xx.a(uip-ds6.o)
 .bss.defaultroutermemb_memb_mem
                0x200019a0       0x40 contiki-cc13xx.a(uip-ds6-route.o)
 .bss.num_routes
                0x200019e0        0x4 contiki-cc13xx.a(uip-ds6-route.o)
 .bss.defaultroutermemb_memb_count
                0x200019e4        0x4 contiki-cc13xx.a(uip-ds6-route.o)
 .bss.defaultrouterlist_list
                0x200019e8        0x4 contiki-cc13xx.a(uip-ds6-route.o)
 .bss._nbr_routes_mem
                0x200019ec       0xa0 contiki-cc13xx.a(uip-ds6-route.o)
 .bss.routelist_list
                0x20001a8c        0x4 contiki-cc13xx.a(uip-ds6-route.o)
 .bss.routememb_memb_mem
                0x20001a90      0x320 contiki-cc13xx.a(uip-ds6-route.o)
 .bss.neighborroutememb_memb_mem
                0x20001db0       0xa0 contiki-cc13xx.a(uip-ds6-route.o)
 .bss.notificationlist_list
                0x20001e50        0x4 contiki-cc13xx.a(uip-ds6-route.o)
 .bss.neighborroutememb_memb_count
                0x20001e54       0x14 contiki-cc13xx.a(uip-ds6-route.o)
 .bss.routememb_memb_count
                0x20001e68       0x14 contiki-cc13xx.a(uip-ds6-route.o)
 .bss.iss       0x20001e7c        0x4 contiki-cc13xx.a(uip6.o)
 .bss._ds6_neighbors_mem
                0x20001e80      0x168 contiki-cc13xx.a(uip-ds6-nbr.o)
 .bss.nbr       0x20001fe8        0x4 contiki-cc13xx.a(uip-nd6.o)
 .bss.nd6_opt_llao
                0x20001fec        0x4 contiki-cc13xx.a(uip-nd6.o)
 .bss.addr      0x20001ff0        0x4 contiki-cc13xx.a(uip-nd6.o)
 .bss.periodic_timer
                0x20001ff4       0x20 contiki-cc13xx.a(rpl-nbr-policy.)
 .bss.timer_init
                0x20002014        0x4 contiki-cc13xx.a(rpl-nbr-policy.)
 .bss.num_children
                0x20002018        0x4 contiki-cc13xx.a(rpl-nbr-policy.)
 .bss.worst_rank_nbr
                0x2000201c        0x4 contiki-cc13xx.a(rpl-nbr-policy.)
 .bss.num_free  0x20002020        0x4 contiki-cc13xx.a(rpl-nbr-policy.)
 .bss.num_parents
                0x20002024        0x4 contiki-cc13xx.a(rpl-nbr-policy.)
 .bss.periodic_timer
                0x20002028       0x20 contiki-cc13xx.a(rpl-timers.o)
 .bss.received_seqnos
                0x20002048       0xc0 contiki-cc13xx.a(mac-sequence.o)
 .bss.node_id   0x20002108        0x2 contiki-cc13xx.a(node-id.o)
                0x20002108                node_id
 .bss.my_tag    0x2000210a        0x2 contiki-cc13xx.a(sicslowpan.o)
 .bss.buflen    0x2000210c        0x2 contiki-cc13xx.a(packetbuf.o)
 .bss.bufptr    0x2000210e        0x2 contiki-cc13xx.a(packetbuf.o)
 .bss.lastport  0x20002110        0x2 contiki-cc13xx.a(uip6.o)
 .bss.worst_rank
                0x20002112        0x2 contiki-cc13xx.a(rpl-nbr-policy.)
 .bss.next_dis  0x20002114        0x2 contiki-cc13xx.a(rpl-timers.o)
 .bss.rat_offset_known
                0x20002116        0x1 contiki-cc13xx.a(rf-core.o)
 .bss.ble_mode_on
                0x20002117        0x1 contiki-cc13xx.a(rf-ble.o)
 .bss.initialized
                0x20002118        0x1 contiki-cc13xx.a(ctimer.o)
 .bss.fevent    0x20002119        0x1 contiki-cc13xx.a(process.o)
 .bss.nevents   0x2000211a        0x1 contiki-cc13xx.a(process.o)
 .bss.poll_requested
                0x2000211b        0x1 contiki-cc13xx.a(process.o)
 .bss.lastevent
                0x2000211c        0x1 contiki-cc13xx.a(process.o)
 .bss.overflow.4847
                0x2000211d        0x1 contiki-cc13xx.a(serial-line.o)
 .bss.leds      0x2000211e        0x1 contiki-cc13xx.a(leds.o)
 .bss.uncomp_hdr_len
                0x2000211f        0x1 contiki-cc13xx.a(sicslowpan.o)
 .bss.packetbuf_hdr_len
                0x20002120        0x1 contiki-cc13xx.a(sicslowpan.o)
 .bss.mode      0x20002121        0x1 contiki-cc13xx.a(rpl.o)
 .bss.hdrlen    0x20002122        0x1 contiki-cc13xx.a(packetbuf.o)
 .bss.mac_dsn   0x20002123        0x1 contiki-cc13xx.a(framer-802154.o)
 .bss.initialized
                0x20002124        0x1 contiki-cc13xx.a(framer-802154.o)
 .bss.radio_is_on
                0x20002125        0x1 contiki-cc13xx.a(contikimac.o)
 .bss.we_are_sending
                0x20002126        0x1 contiki-cc13xx.a(contikimac.o)
 .bss.contikimac_keep_radio_on
                0x20002127        0x1 contiki-cc13xx.a(contikimac.o)
 .bss.packet_seen.6953
                0x20002128        0x1 contiki-cc13xx.a(contikimac.o)
 .bss.silence_periods.6960
                0x20002129        0x1 contiki-cc13xx.a(contikimac.o)
 .bss.count.6954
                0x2000212a        0x1 contiki-cc13xx.a(contikimac.o)
 .bss.contikimac_is_on
                0x2000212b        0x1 contiki-cc13xx.a(contikimac.o)
 .bss.periods.6961
                0x2000212c        0x1 contiki-cc13xx.a(contikimac.o)
 .bss.uip_ext_len
                0x2000212d        0x1 contiki-cc13xx.a(uip6.o)
                0x2000212d                uip_ext_len
 .bss.uip_ext_bitmap
                0x2000212e        0x1 contiki-cc13xx.a(uip6.o)
                0x2000212e                uip_ext_bitmap
 .bss.uip_ext_opt_offset
                0x2000212f        0x1 contiki-cc13xx.a(uip6.o)
                0x2000212f                uip_ext_opt_offset
 .bss.nd6_opt_offset
                0x20002130        0x1 contiki-cc13xx.a(uip-nd6.o)
 .bss.dio_send_ok
                0x20002131        0x1 contiki-cc13xx.a(rpl-timers.o)
 *(SORT(COMMON))
 *fill*         0x20002132        0x2 
 COMMON         0x20002134       0x26 contiki-cc13xx.a(contiki-main.o)
                0x20002134                normal_byte
                0x20002136                channel_byte
                0x20002138                restart_count
                0x2000213c                cmd_read_meter
 *fill*         0x2000215a        0x2 
 COMMON         0x2000215c      0x158 contiki-cc13xx.a(rpl-dag.o)
                0x2000215c                default_instance
                0x20002160                instance_table
 COMMON         0x200022b4       0x22 contiki-cc13xx.a(packetbuf.o)
                0x200022b4                packetbuf_addrs
                0x200022b8                packetbuf_attrs
 *fill*         0x200022d6        0x2 
 COMMON         0x200022d8        0x2 contiki-cc13xx.a(linkaddr.o)
                0x200022d8                linkaddr_node_addr
 *fill*         0x200022da        0x2 
 COMMON         0x200022dc       0x20 contiki-cc13xx.a(link-stats.o)
                0x200022dc                periodic_timer
 COMMON         0x200022fc        0x4 contiki-cc13xx.a(hitmac.o)
                0x200022fc                hitmac_is_root
 COMMON         0x20002300      0x174 contiki-cc13xx.a(uip-ds6.o)
                0x20002300                uip_ds6_timer_ra
                0x20002308                uip_ds6_if
                0x20002400                uip_ds6_netif_addr_list_offset
                0x20002401                uip_ds6_addr_size
                0x20002404                uip_ds6_prefix_list
                0x20002464                uip_ds6_timer_periodic
 COMMON         0x20002474      0x87c contiki-cc13xx.a(uip6.o)
                0x20002474                uip_len
                0x20002478                uip_sappdata
                0x2000247c                uip_acc32
                0x20002480                uip_lladdr
                0x20002488                uip_aligned_buf
                0x20002988                uip_flags
                0x2000298c                uip_next_hdr
                0x20002990                uip_udp_conn
                0x20002994                uip_appdata
                0x20002998                uip_conn
                0x2000299c                uip_conns
                0x20002b7c                uip_icmp6_conns
                0x20002b84                uip_listenports
                0x20002bac                uip_slen
                0x20002bb0                uip_udp_conns
 COMMON         0x20002cf0        0x1 contiki-cc13xx.a(serial-line.o)
                0x20002cf0                serial_line_event_message
 COMMON         0x20002cf1        0x2 contiki-cc13xx.a(tcpip.o)
                0x20002cf1                tcpip_event
                0x20002cf2                tcpip_icmp6_event
                0x20002cf3                _ebss = .

.ccfg           0x0001ffa8       0x58
 *(SORT(.ccfg))
 .ccfg          0x0001ffa8       0x58 obj_cc13xx/ccfg.o
                0x0001ffa8                __ccfg

.rel.dyn        0x00020000        0x0
 .rel.iplt      0x00000000        0x0 obj_cc13xx/startup_gcc.o

._user_heap_stack
                0x20002cf3      0x101
                0x20002cf4                . = ALIGN (0x4)
 *fill*         0x20002cf3        0x1 
                0x20002cf4                . = (. + _Min_Heap_Size)
                0x20002df4                . = (. + _Min_Stack_Size)
 *fill*         0x20002cf4      0x100 
                0x20002df4                . = ALIGN (0x4)

.gpram
OUTPUT(hello-world.elf elf32-littlearm)

.comment        0x00000000       0x70
 .comment       0x00000000       0x70 obj_cc13xx/fault-handlers.o
                                 0x71 (size before relaxing)
 .comment       0x00000000       0x71 obj_cc13xx/ccfg.o
 .comment       0x00000000       0x71 obj_cc13xx/startup_gcc.o
 .comment       0x00000000       0x71 hello-world.co
 .comment       0x00000000       0x71 contiki-cc13xx.a(contiki-main.o)
 .comment       0x00000000       0x71 contiki-cc13xx.a(board.o)
 .comment       0x00000000       0x71 contiki-cc13xx.a(node-id.o)
 .comment       0x00000000       0x71 contiki-cc13xx.a(external-watchd)
 .comment       0x00000000       0x71 contiki-cc13xx.a(prop-mode.o)
 .comment       0x00000000       0x71 contiki-cc13xx.a(prop-mode-tx-po)