Archive member included because of file (symbol)

contiki-cc13xx.a(contiki-main.o)
                              obj_cc13xx/startup_gcc.o (main)
contiki-cc13xx.a(board.o)     contiki-cc13xx.a(contiki-main.o) (board_init)
contiki-cc13xx.a(node-id.o)   contiki-cc13xx.a(contiki-main.o) (node_id_burn)
contiki-cc13xx.a(external-watchd)
                              contiki-cc13xx.a(contiki-main.o) (watchdog_process)
contiki-cc13xx.a(prop-mode.o)
                              contiki-cc13xx.a(contiki-main.o) (prop_mode_driver)
contiki-cc13xx.a(prop-mode-tx-po)
                              contiki-cc13xx.a(prop-mode.o) (prop_mode_tx_power_431_527)
contiki-cc13xx.a(clock.o)     contiki-cc13xx.a(contiki-main.o) (clock_init)
contiki-cc13xx.a(rtimer-arch.o)
                              contiki-cc13xx.a(prop-mode.o) (rtimer_arch_now)
contiki-cc13xx.a(soc-rtc.o)   contiki-cc13xx.a(contiki-main.o) (soc_rtc_init)
contiki-cc13xx.a(contiki-watchdo)
                              contiki-cc13xx.a(contiki-main.o) (watchdog_init)
contiki-cc13xx.a(putchar.o)   contiki-cc13xx.a(node-id.o) (putchar)
contiki-cc13xx.a(ieee-addr.o)
                              contiki-cc13xx.a(contiki-main.o) (ieee_addr_cpy_to)
contiki-cc13xx.a(cc26xx-uart.o)
                              contiki-cc13xx.a(contiki-main.o) (cc26xx_uart_init)
contiki-cc13xx.a(lpm.o)       contiki-cc13xx.a(contiki-main.o) (lpm_drop)
contiki-cc13xx.a(oscillators.o)
                              contiki-cc13xx.a(contiki-main.o) (oscillators_select_lf_xosc)
contiki-cc13xx.a(rf-core.o)   contiki-cc13xx.a(prop-mode.o) (rf_core_is_accessible)
contiki-cc13xx.a(rf-ble.o)    contiki-cc13xx.a(prop-mode.o) (rf_ble_is_active)
contiki-cc13xx.a(random.o)    contiki-cc13xx.a(contiki-main.o) (random_init)
contiki-cc13xx.a(soc-trng.o)  contiki-cc13xx.a(random.o) (soc_trng_rand_synchronous)
contiki-cc13xx.a(dbg-printf.o)
                              app-root.co (printf)
contiki-cc13xx.a(strformat.o)
                              contiki-cc13xx.a(dbg-printf.o) (format_str_v)
contiki-cc13xx.a(autostart.o)
                              contiki-cc13xx.a(contiki-main.o) (autostart_start)
contiki-cc13xx.a(energest.o)  contiki-cc13xx.a(contiki-main.o) (energest_init)
contiki-cc13xx.a(etimer.o)    contiki-cc13xx.a(clock.o) (etimer_request_poll)
contiki-cc13xx.a(ctimer.o)    contiki-cc13xx.a(contiki-main.o) (ctimer_init)
contiki-cc13xx.a(process.o)   contiki-cc13xx.a(soc-trng.o) (process_alloc_event)
contiki-cc13xx.a(rtimer.o)    contiki-cc13xx.a(contiki-main.o) (rtimer_init)
contiki-cc13xx.a(timer.o)     contiki-cc13xx.a(etimer.o) (timer_set)
contiki-cc13xx.a(serial-line.o)
                              contiki-cc13xx.a(contiki-main.o) (serial_line_init)
contiki-cc13xx.a(leds.o)      contiki-cc13xx.a(board.o) (leds_init)
contiki-cc13xx.a(list.o)      contiki-cc13xx.a(lpm.o) (list_init)
contiki-cc13xx.a(ringbuf.o)   contiki-cc13xx.a(serial-line.o) (ringbuf_init)
contiki-cc13xx.a(sicslowpan.o)
                              contiki-cc13xx.a(contiki-main.o) (sicslowpan_driver)
contiki-cc13xx.a(tcpip.o)     contiki-cc13xx.a(sicslowpan.o) (tcpip_set_outputfunc)
contiki-cc13xx.a(rpl-dag.o)   contiki-cc13xx.a(tcpip.o) (rpl_repair_root)
contiki-cc13xx.a(rpl-timers.o)
                              contiki-cc13xx.a(rpl-dag.o) (rpl_reset_dio_timer)
contiki-cc13xx.a(rpl-ext-header.)
                              contiki-cc13xx.a(tcpip.o) (rpl_update_header)
contiki-cc13xx.a(rpl.o)       contiki-cc13xx.a(rpl-timers.o) (rpl_get_mode)
contiki-cc13xx.a(rpl-mrhof.o)
                              contiki-cc13xx.a(rpl-dag.o) (rpl_mrhof)
contiki-cc13xx.a(rpl-icmp6.o)
                              contiki-cc13xx.a(rpl-dag.o) (rpl_icmp6_update_nbr_table)
contiki-cc13xx.a(setup.o)     obj_cc13xx/startup_gcc.o (NOROM_SetupTrimDevice)
contiki-cc13xx.a(setup_rom.o)
                              contiki-cc13xx.a(setup.o) (NOROM_SetupAfterColdResetWakeupFromShutDownCfg1)
contiki-cc13xx.a(adi.o)       contiki-cc13xx.a(oscillators.o) (SafeHapiVoid)
contiki-cc13xx.a(cpu.o)       contiki-cc13xx.a(contiki-main.o) (NOROM_CPUcpsid)
contiki-cc13xx.a(ddi.o)       contiki-cc13xx.a(setup_rom.o) (NOROM_DDI32RegWrite)
contiki-cc13xx.a(sys_ctrl.o)  contiki-cc13xx.a(lpm.o) (NOROM_SysCtrlSetRechargeBeforePowerDown)
contiki-cc13xx.a(pwr_ctrl.o)  contiki-cc13xx.a(lpm.o) (NOROM_PowerCtrlSourceSet)
contiki-cc13xx.a(osc.o)       contiki-cc13xx.a(oscillators.o) (NOROM_OSCClockSourceSet)
contiki-cc13xx.a(trng.o)      contiki-cc13xx.a(soc-trng.o) (NOROM_TRNGConfigure)
contiki-cc13xx.a(aon_rtc.o)   contiki-cc13xx.a(rtimer-arch.o) (NOROM_AONRTCCurrentCompareValueGet)
contiki-cc13xx.a(chipinfo.o)  contiki-cc13xx.a(prop-mode.o) (NOROM_ChipInfo_GetChipFamily)
contiki-cc13xx.a(rfc.o)       contiki-cc13xx.a(prop-mode.o) (NOROM_RFCRTrim)
contiki-cc13xx.a(queuebuf.o)  contiki-cc13xx.a(sicslowpan.o) (queuebuf_numfree)
contiki-cc13xx.a(nbr-table.o)
                              contiki-cc13xx.a(rpl-dag.o) (nbr_table_register)
[...]
Memory Configuration

Name             Origin             Length             Attributes
FLASH            0x00000000         0x0001ffa8         xr
FLASH_CCFG       0x0001ffa8         0x00000058         xr
SRAM             0x20000000         0x00005000         xrw
GPRAM            0x11000000         0x00002000         xrw
*default*        0x00000000         0xffffffff

Linker script and memory map

LOAD obj_cc13xx/fault-handlers.o
LOAD obj_cc13xx/ccfg.o
LOAD obj_cc13xx/startup_gcc.o
LOAD app-root.co
LOAD contiki-cc13xx.a
LOAD /opt/gcc-arm-none-eabi-4.9-cc1310/bin/../lib/gcc/arm-none-eabi/4.9.3/../../../../arm-none-eabi/lib/armv7-m/libm.a
START GROUP
LOAD /opt/gcc-arm-none-eabi-4.9-cc1310/bin/../lib/gcc/arm-none-eabi/4.9.3/armv7-m/libgcc.a
LOAD /opt/gcc-arm-none-eabi-4.9-cc1310/bin/../lib/gcc/arm-none-eabi/4.9.3/../../../../arm-none-eabi/lib/armv7-m/libc.a
END GROUP
START GROUP
LOAD /opt/gcc-arm-none-eabi-4.9-cc1310/bin/../lib/gcc/arm-none-eabi/4.9.3/armv7-m/libgcc.a
LOAD /opt/gcc-arm-none-eabi-4.9-cc1310/bin/../lib/gcc/arm-none-eabi/4.9.3/../../../../arm-none-eabi/lib/armv7-m/libc.a
LOAD /opt/gcc-arm-none-eabi-4.9-cc1310/bin/../lib/gcc/arm-none-eabi/4.9.3/../../../../arm-none-eabi/lib/armv7-m/libnosys.a
END GROUP
                0x20005000                _estack = (ORIGIN (SRAM) + 0x5000)
                0x00000000                _Min_Heap_Size = 0x0
                0x00000100                _Min_Stack_Size = 0x100

.text           0x00000000     0xe9e8
                0x00000000                _text = .
 *(SORT(.vectors))
 .vectors       0x00000000       0xc8 obj_cc13xx/startup_gcc.o
                0x00000000                g_pfnVectors
 *(SORT(.text*))
 .text.FaultISR
                0x000000c8       0x18 obj_cc13xx/fault-handlers.o
                0x000000c8                FaultISR
 .text.NmiSRHandler
                0x000000e0        0x4 obj_cc13xx/startup_gcc.o
                0x000000e0                NmiSR
 .text.IntDefaultHandler
                0x000000e4        0x4 obj_cc13xx/startup_gcc.o
                0x000000e4                SSI0IntHandler
                0x000000e4                SWEvent0IntHandler
                0x000000e4                uDMAIntHandler
                0x000000e4                WatchdogIntHandler
                0x000000e4                RFCHardwareIntHandler
                0x000000e4                Timer1BIntHandler
                0x000000e4                I2SIntHandler
                0x000000e4                Timer2BIntHandler
                0x000000e4                Timer2AIntHandler
                0x000000e4                Timer1AIntHandler
                0x000000e4                GPIOIntHandler
                0x000000e4                AONIntHandler
                0x000000e4                AUXSWEvent0IntHandler
                0x000000e4                AUXADCIntHandler
                0x000000e4                PendSVIntHandler
                0x000000e4                AUXSWEvent1IntHandler
                0x000000e4                SVCallIntHandler
                0x000000e4                MPUFaultIntHandler
                0x000000e4                SysTickIntHandler
                0x000000e4                BusFaultIntHandler
                0x000000e4                AONProgIntHandler
                0x000000e4                AUXCompAIntHandler
                0x000000e4                SSI1IntHandler
                0x000000e4                FlashIntHandler
                0x000000e4                uDMAErrIntHandler
                0x000000e4                UsageFaultIntHandler
                0x000000e4                RFCCmdAckIntHandler
                0x000000e4                CryptoIntHandler
                0x000000e4                Timer0AIntHandler
                0x000000e4                I2CIntHandler
                0x000000e4                DebugMonIntHandler
                0x000000e4                Timer0BIntHandler
                0x000000e4                AUXCombEventIntHandler
                0x000000e4                Timer3AIntHandler
                0x000000e4                DynProgIntHandler
                0x000000e4                Timer3BIntHandler
 .text.ResetISR
                0x000000e8       0x5c obj_cc13xx/startup_gcc.o
                0x000000e8                ResetISR
 .text.process_thread_app_root_process
                0x00000144       0x8c app-root.co
 .text.set_nodeid
                0x000001d0       0x34 contiki-cc13xx.a(contiki-main.o)
                0x000001d0                set_nodeid
 .text.startup.main
                0x00000204      0x18c contiki-cc13xx.a(contiki-main.o)
                0x00000204                main
 .text.wakeup_handler
                0x00000390       0x20 contiki-cc13xx.a(board.o)
 .text.leds_arch_init
                0x000003b0       0x28 contiki-cc13xx.a(board.o)
                0x000003b0                leds_arch_init
 .text.leds_arch_set
                0x000003d8       0x1c contiki-cc13xx.a(board.o)
                0x000003d8                leds_arch_set
 .text.logic_test
                0x000003f4        0xc contiki-cc13xx.a(board.o)
                0x000003f4                logic_test
 .text.board_init
                0x00000400       0xa4 contiki-cc13xx.a(board.o)
                0x00000400                board_init
 .text.node_id_burn
                0x000004a4        0xc contiki-cc13xx.a(node-id.o)
                0x000004a4                node_id_burn
 .text.restart_count_byte_burn
                0x000004b0       0x30 contiki-cc13xx.a(node-id.o)
                0x000004b0                restart_count_byte_burn
 .text.restart_count_byte_restore
                0x000004e0       0x30 contiki-cc13xx.a(node-id.o)
                0x000004e0                restart_count_byte_restore
 .text.process_thread_watchdog_process
                0x00000510       0x64 contiki-cc13xx.a(external-watchd)
 .text.get_object
                0x00000574        0x4 contiki-cc13xx.a(prop-mode.o)
 .text.set_object
                0x00000578        0x4 contiki-cc13xx.a(prop-mode.o)
 .text.request  0x0000057c       0x20 contiki-cc13xx.a(prop-mode.o)
 .text.soft_off_prop
                0x0000059c       0x3c contiki-cc13xx.a(prop-mode.o)
 .text.rx_on_prop
                0x000005d8       0x70 contiki-cc13xx.a(prop-mode.o)
 .text.prepare  0x00000648       0x1c contiki-cc13xx.a(prop-mode.o)
 .text.pending_packet
                0x00000664       0x34 contiki-cc13xx.a(prop-mode.o)
 .text.read_frame
                0x00000698       0x50 contiki-cc13xx.a(prop-mode.o)
 .text.rx_off_prop
                0x000006e8       0x50 contiki-cc13xx.a(prop-mode.o)
 .text.prop_div_radio_setup
                0x00000738       0x50 contiki-cc13xx.a(prop-mode.o)
 .text.prop_fs  0x00000788       0x34 contiki-cc13xx.a(prop-mode.o)
 .text.soft_on_prop
                0x000007bc       0x20 contiki-cc13xx.a(prop-mode.o)
 .text.off      0x000007dc       0x24 contiki-cc13xx.a(prop-mode.o)
 .text.on       0x00000800      0x1fc contiki-cc13xx.a(prop-mode.o)
 .text.set_value
                0x000009fc      0x19c contiki-cc13xx.a(prop-mode.o)
 .text.get_value
                0x00000b98      0x16c contiki-cc13xx.a(prop-mode.o)
 .text.transmit
                0x00000d04       0xa4 contiki-cc13xx.a(prop-mode.o)
 .text.send     0x00000da8       0x24 contiki-cc13xx.a(prop-mode.o)
 .text.channel_clear
                0x00000dcc       0x74 contiki-cc13xx.a(prop-mode.o)
 .text.receiving_packet
                0x00000e40       0x28 contiki-cc13xx.a(prop-mode.o)
 .text.init     0x00000e68       0x94 contiki-cc13xx.a(prop-mode.o)
 .text.power_domain_on
                0x00000efc       0x20 contiki-cc13xx.a(clock.o)
 .text.clock_init
                0x00000f1c       0x98 contiki-cc13xx.a(clock.o)
                0x00000f1c                clock_init
 .text.clock_time
                0x00000fb4       0x34 contiki-cc13xx.a(clock.o)
                0x00000fb4                clock_time
 .text.clock_update
                0x00000fe8       0x3c contiki-cc13xx.a(clock.o)
                0x00000fe8                clock_update
 .text.clock_seconds
                0x00001024       0x18 contiki-cc13xx.a(clock.o)
                0x00001024                clock_seconds
 .text.rtimer_arch_init
                0x0000103c        0x4 contiki-cc13xx.a(rtimer-arch.o)
                0x0000103c                rtimer_arch_init
 .text.rtimer_arch_schedule
                0x00001040        0x8 contiki-cc13xx.a(rtimer-arch.o)
                0x00001040                rtimer_arch_schedule
 .text.rtimer_arch_now
                0x00001048        0x4 contiki-cc13xx.a(rtimer-arch.o)
                0x00001048                rtimer_arch_now
 .text.soc_rtc_init
                0x0000104c       0xa0 contiki-cc13xx.a(soc-rtc.o)
                0x0000104c                soc_rtc_init
 .text.soc_rtc_schedule_one_shot
                0x000010ec       0x70 contiki-cc13xx.a(soc-rtc.o)
                0x000010ec                soc_rtc_schedule_one_shot
 .text.soc_rtc_last_isr_time
                0x0000115c        0xc contiki-cc13xx.a(soc-rtc.o)
                0x0000115c                soc_rtc_last_isr_time
 .text.AONRTCIntHandler
                0x00001168       0x88 contiki-cc13xx.a(soc-rtc.o)
                0x00001168                AONRTCIntHandler
 .text.lock_config
                0x000011f0       0x18 contiki-cc13xx.a(contiki-watchdo)
 .text.unlock_config
                0x00001208       0x2c contiki-cc13xx.a(contiki-watchdo)
 .text.watchdog_init
                0x00001234       0x1c contiki-cc13xx.a(contiki-watchdo)
                0x00001234                watchdog_init
 .text.watchdog_start
                0x00001250       0x30 contiki-cc13xx.a(contiki-watchdo)
                0x00001250                watchdog_start
 .text.watchdog_periodic
                0x00001280       0x1c contiki-cc13xx.a(contiki-watchdo)
                0x00001280                watchdog_periodic
 .text.putchar  0x0000129c       0x10 contiki-cc13xx.a(putchar.o)
                0x0000129c                putchar
 .text.puts     0x000012ac       0x30 contiki-cc13xx.a(putchar.o)
                0x000012ac                puts
 .text.dbg_send_bytes
                0x000012dc       0x40 contiki-cc13xx.a(putchar.o)
                0x000012dc                dbg_send_bytes
 .text.ieee_addr_cpy_to
                0x0000131c       0x40 contiki-cc13xx.a(ieee-addr.o)
                0x0000131c                ieee_addr_cpy_to
 .text.power_and_clock
                0x0000135c       0x40 contiki-cc13xx.a(cc26xx-uart.o)
 .text.enable   0x0000139c       0xf4 contiki-cc13xx.a(cc26xx-uart.o)
 .text.accessible
                0x00001490       0x24 contiki-cc13xx.a(cc26xx-uart.o)
 .text.lpm_drop_handler
                0x000014b4       0xcc contiki-cc13xx.a(cc26xx-uart.o)
 .text.cc26xx_uart_init
                0x00001580       0x28 contiki-cc13xx.a(cc26xx-uart.o)
                0x00001580                cc26xx_uart_init
 .text.cc26xx_uart_write_byte
                0x000015a8       0x28 contiki-cc13xx.a(cc26xx-uart.o)
                0x000015a8                cc26xx_uart_write_byte
 .text.cc26xx_uart_busy
                0x000015d0       0x18 contiki-cc13xx.a(cc26xx-uart.o)
                0x000015d0                cc26xx_uart_busy
 .text.UART0IntHandler
                0x000015e8       0x54 contiki-cc13xx.a(cc26xx-uart.o)
                0x000015e8                UART0IntHandler
 .text.lpm_drop
                0x0000163c      0x25c contiki-cc13xx.a(lpm.o)
                0x0000163c                lpm_drop
 .text.lpm_register_module
                0x00001898        0xc contiki-cc13xx.a(lpm.o)
                0x00001898                lpm_register_module
 .text.lpm_unregister_module
                0x000018a4        0xc contiki-cc13xx.a(lpm.o)
                0x000018a4                lpm_unregister_module
 .text.lpm_init
                0x000018b0       0x20 contiki-cc13xx.a(lpm.o)
                0x000018b0                lpm_init
 .text.lpm_pin_set_default_state
                0x000018d0       0x2c contiki-cc13xx.a(lpm.o)
                0x000018d0                lpm_pin_set_default_state
 .text.oscillators_select_lf_xosc
                0x000018fc       0x58 contiki-cc13xx.a(oscillators.o)
                0x000018fc                oscillators_select_lf_xosc
 .text.oscillators_request_hf_xosc
                0x00001954       0x30 contiki-cc13xx.a(oscillators.o)
                0x00001954                oscillators_request_hf_xosc
 .text.oscillators_switch_to_hf_xosc
                0x00001984       0x34 contiki-cc13xx.a(oscillators.o)
                0x00001984                oscillators_switch_to_hf_xosc
 .text.oscillators_switch_to_hf_rc
                0x000019b8       0x38 contiki-cc13xx.a(oscillators.o)
                0x000019b8                oscillators_switch_to_hf_rc
 .text.process_thread_rf_core_process
                0x000019f0       0x58 contiki-cc13xx.a(rf-core.o)
 .text.rf_core_is_accessible
                0x00001a48       0x10 contiki-cc13xx.a(rf-core.o)
                0x00001a48                rf_core_is_accessible
 .text.rf_core_send_cmd
                0x00001a58       0xa4 contiki-cc13xx.a(rf-core.o)
                0x00001a58                rf_core_send_cmd
 .text.rf_core_wait_cmd_done
                0x00001afc       0x30 contiki-cc13xx.a(rf-core.o)
                0x00001afc                rf_core_wait_cmd_done
 .text.rf_core_power_up
                0x00001b2c       0xcc contiki-cc13xx.a(rf-core.o)
                0x00001b2c                rf_core_power_up
 .text.rf_core_start_rat
                0x00001bf8       0x68 contiki-cc13xx.a(rf-core.o)
                0x00001bf8                rf_core_start_rat
 .text.rf_core_stop_rat
                0x00001c60       0x7c contiki-cc13xx.a(rf-core.o)
                0x00001c60                rf_core_stop_rat
 .text.rf_core_power_down
                0x00001cdc       0xec contiki-cc13xx.a(rf-core.o)
                0x00001cdc                rf_core_power_down
 .text.rf_core_set_modesel
                0x00001dc8       0x44 contiki-cc13xx.a(rf-core.o)
                0x00001dc8                rf_core_set_modesel
 .text.rf_core_setup_interrupts
                0x00001e0c       0x74 contiki-cc13xx.a(rf-core.o)
                0x00001e0c                rf_core_setup_interrupts
 .text.rf_core_cmd_done_en
                0x00001e80       0x28 contiki-cc13xx.a(rf-core.o)
                0x00001e80                rf_core_cmd_done_en
 .text.rf_core_cmd_done_dis
                0x00001ea8       0x18 contiki-cc13xx.a(rf-core.o)
                0x00001ea8                rf_core_cmd_done_dis
 .text.rf_core_get_last_radio_op
                0x00001ec0        0xc contiki-cc13xx.a(rf-core.o)
                0x00001ec0                rf_core_get_last_radio_op
 .text.rf_core_primary_mode_register
                0x00001ecc        0xc contiki-cc13xx.a(rf-core.o)
                0x00001ecc                rf_core_primary_mode_register
 .text.RFCCPE1IntHandler
                0x00001ed8       0x28 contiki-cc13xx.a(rf-core.o)
                0x00001ed8                RFCCPE1IntHandler
 .text.RFCCPE0IntHandler
                0x00001f00       0x5c contiki-cc13xx.a(rf-core.o)
                0x00001f00                RFCCPE0IntHandler
 .text.rf_ble_is_active
                0x00001f5c        0xc contiki-cc13xx.a(rf-ble.o)
                0x00001f5c                rf_ble_is_active
 .text.random_rand
                0x00001f68        0xc contiki-cc13xx.a(random.o)
                0x00001f68                random_rand
 .text.random_init
                0x00001f74        0x4 contiki-cc13xx.a(random.o)
                0x00001f74                random_init
 .text.power_up
                0x00001f78       0x40 contiki-cc13xx.a(soc-trng.o)
 .text.request  0x00001fb8       0x14 contiki-cc13xx.a(soc-trng.o)
 .text.process_thread_soc_trng_process
                0x00001fcc       0x94 contiki-cc13xx.a(soc-trng.o)
 .text.accessible
                0x00002060       0x24 contiki-cc13xx.a(soc-trng.o)
 .text.soc_trng_rand_synchronous
                0x00002084       0xc4 contiki-cc13xx.a(soc-trng.o)
                0x00002084                soc_trng_rand_synchronous
 .text.TRNGIntHandler
                0x00002148       0x50 contiki-cc13xx.a(soc-trng.o)
                0x00002148                TRNGIntHandler
 .text.soc_trng_init
                0x00002198       0x28 contiki-cc13xx.a(soc-trng.o)
                0x00002198                soc_trng_init
 .text.write_str
                0x000021c0       0x14 contiki-cc13xx.a(dbg-printf.o)
 .text.printf   0x000021d4       0x24 contiki-cc13xx.a(dbg-printf.o)
                0x000021d4                printf
 .text.fill_space
                0x000021f8       0x3c contiki-cc13xx.a(strformat.o)
 .text.format_str_v
                0x00002234      0x95c contiki-cc13xx.a(strformat.o)
                0x00002234                format_str_v
 .text.autostart_start
                0x00002b90       0x18 contiki-cc13xx.a(autostart.o)
                0x00002b90                autostart_start
 .text.energest_init
                0x00002ba8        0x4 contiki-cc13xx.a(energest.o)
                0x00002ba8                energest_init
 .text.update_time
                0x00002bac       0x44 contiki-cc13xx.a(etimer.o)
 .text.process_thread_etimer_process
                0x00002bf0       0xc8 contiki-cc13xx.a(etimer.o)
 .text.add_timer
                0x00002cb8       0x54 contiki-cc13xx.a(etimer.o)
 .text.etimer_request_poll
                0x00002d0c        0xc contiki-cc13xx.a(etimer.o)
                0x00002d0c                etimer_request_poll
 .text.etimer_set
                0x00002d18       0x14 contiki-cc13xx.a(etimer.o)
                0x00002d18                etimer_set
 .text.etimer_reset
                0x00002d2c       0x14 contiki-cc13xx.a(etimer.o)
                0x00002d2c                etimer_reset
 .text.etimer_restart
                0x00002d40       0x14 contiki-cc13xx.a(etimer.o)
                0x00002d40                etimer_restart
 .text.etimer_expired
                0x00002d54        0xc contiki-cc13xx.a(etimer.o)
                0x00002d54                etimer_expired
 .text.etimer_expiration_time
                0x00002d60        0x8 contiki-cc13xx.a(etimer.o)
                0x00002d60                etimer_expiration_time
 .text.etimer_pending
                0x00002d68       0x10 contiki-cc13xx.a(etimer.o)
                0x00002d68                etimer_pending
 .text.etimer_next_expiration_time
                0x00002d78       0x14 contiki-cc13xx.a(etimer.o)
                0x00002d78                etimer_next_expiration_time
 .text.etimer_stop
                0x00002d8c       0x4c contiki-cc13xx.a(etimer.o)
                0x00002d8c                etimer_stop
 .text.process_thread_ctimer_process
                0x00002dd8       0x94 contiki-cc13xx.a(ctimer.o)
 .text.ctimer_init
                0x00002e6c       0x28 contiki-cc13xx.a(ctimer.o)
                0x00002e6c                ctimer_init
 .text.ctimer_set_with_process
                0x00002e94       0x4c contiki-cc13xx.a(ctimer.o)
                0x00002e94                ctimer_set_with_process
 .text.ctimer_set
                0x00002ee0       0x18 contiki-cc13xx.a(ctimer.o)
                0x00002ee0                ctimer_set
 .text.ctimer_reset
                0x00002ef8       0x38 contiki-cc13xx.a(ctimer.o)
                0x00002ef8                ctimer_reset
 .text.ctimer_restart
                0x00002f30       0x38 contiki-cc13xx.a(ctimer.o)
                0x00002f30                ctimer_restart
 .text.ctimer_stop
                0x00002f68       0x34 contiki-cc13xx.a(ctimer.o)
                0x00002f68                ctimer_stop
 .text.exit_process
                0x00002f9c       0xb0 contiki-cc13xx.a(process.o)
 .text.call_process.part.0
                0x0000304c       0x38 contiki-cc13xx.a(process.o)
 .text.do_poll  0x00003084       0x3c contiki-cc13xx.a(process.o)
 .text.process_alloc_event
                0x000030c0       0x10 contiki-cc13xx.a(process.o)
                0x000030c0                process_alloc_event
 .text.process_init
                0x000030d0       0x34 contiki-cc13xx.a(process.o)
                0x000030d0                process_init
 .text.process_run
                0x00003104       0xac contiki-cc13xx.a(process.o)
                0x00003104                process_run
 .text.process_nevents
                0x000031b0       0x14 contiki-cc13xx.a(process.o)
                0x000031b0                process_nevents
 .text.process_post
                0x000031c4       0x40 contiki-cc13xx.a(process.o)
                0x000031c4                process_post
 .text.process_post_synch
                0x00003204       0x18 contiki-cc13xx.a(process.o)
                0x00003204                process_post_synch
 .text.process_start
                0x0000321c       0x40 contiki-cc13xx.a(process.o)
                0x0000321c                process_start
 .text.process_poll
                0x0000325c       0x18 contiki-cc13xx.a(process.o)
                0x0000325c                process_poll
 .text.rtimer_init
                0x00003274        0x4 contiki-cc13xx.a(rtimer.o)
                0x00003274                rtimer_init
 .text.rtimer_set
                0x00003278       0x34 contiki-cc13xx.a(rtimer.o)
                0x00003278                rtimer_set
 .text.rtimer_run_next
                0x000032ac       0x28 contiki-cc13xx.a(rtimer.o)
                0x000032ac                rtimer_run_next
 .text.timer_set
                0x000032d4       0x10 contiki-cc13xx.a(timer.o)
                0x000032d4                timer_set
 .text.timer_reset
                0x000032e4        0xc contiki-cc13xx.a(timer.o)
                0x000032e4                timer_reset
 .text.timer_restart
                0x000032f0        0xc contiki-cc13xx.a(timer.o)
                0x000032f0                timer_restart
 .text.timer_expired
                0x000032fc       0x1c contiki-cc13xx.a(timer.o)
                0x000032fc                timer_expired
 .text.process_thread_serial_line_process
                0x00003318       0xac contiki-cc13xx.a(serial-line.o)
 .text.serial_line_init
                0x000033c4       0x24 contiki-cc13xx.a(serial-line.o)
                0x000033c4                serial_line_init
 .text.leds_init
                0x000033e8       0x14 contiki-cc13xx.a(leds.o)
                0x000033e8                leds_init
 .text.leds_toggle
                0x000033fc       0x14 contiki-cc13xx.a(leds.o)
                0x000033fc                leds_toggle
 .text.list_init
                0x00003410        0x8 contiki-cc13xx.a(list.o)
                0x00003410                list_init
 .text.list_head
                0x00003418        0x4 contiki-cc13xx.a(list.o)
                0x00003418                list_head
 .text.list_add
                0x0000341c       0x48 contiki-cc13xx.a(list.o)
                0x0000341c                list_add
 .text.list_push
                0x00003464       0x40 contiki-cc13xx.a(list.o)
                0x00003464                list_push
 .text.list_remove
                0x000034a4       0x2c contiki-cc13xx.a(list.o)
                0x000034a4                list_remove
 .text.list_length
                0x000034d0       0x14 contiki-cc13xx.a(list.o)
                0x000034d0                list_length
 .text.list_item_next
                0x000034e4        0x8 contiki-cc13xx.a(list.o)
                0x000034e4                list_item_next
 .text.ringbuf_init
                0x000034ec       0x10 contiki-cc13xx.a(ringbuf.o)
                0x000034ec                ringbuf_init
 .text.ringbuf_get
                0x000034fc       0x28 contiki-cc13xx.a(ringbuf.o)
                0x000034fc                ringbuf_get
 .text.sicslowpan_init
                0x00003524       0x24 contiki-cc13xx.a(sicslowpan.o)
                0x00003524                sicslowpan_init
 .text.compress_addr_64
                0x00003548       0x9c contiki-cc13xx.a(sicslowpan.o)
 .text.set_packet_attrs
                0x000035e4       0x4c contiki-cc13xx.a(sicslowpan.o)
 .text.addr_context_lookup_by_prefix
                0x00003630       0x28 contiki-cc13xx.a(sicslowpan.o)
 .text.send_packet
                0x00003658       0x24 contiki-cc13xx.a(sicslowpan.o)
 .text.packet_sent
                0x0000367c       0x28 contiki-cc13xx.a(sicslowpan.o)
 .text.store_fragment
                0x000036a4       0x68 contiki-cc13xx.a(sicslowpan.o)
 .text.add_fragment
                0x0000370c      0x198 contiki-cc13xx.a(sicslowpan.o)
 .text.uncompress_addr
                0x000038a4       0xb8 contiki-cc13xx.a(sicslowpan.o)
 .text.input    0x0000395c      0x660 contiki-cc13xx.a(sicslowpan.o)
 .text.output   0x00003fbc      0x730 contiki-cc13xx.a(sicslowpan.o)
 .text.start_periodic_tcp_timer
                0x000046ec       0x1c contiki-cc13xx.a(tcpip.o)
 .text.tcpip_set_outputfunc
                0x00004708        0xc contiki-cc13xx.a(tcpip.o)
                0x00004708                tcpip_set_outputfunc
 .text.tcpip_icmp6_call
                0x00004714       0x28 contiki-cc13xx.a(tcpip.o)
                0x00004714                tcpip_icmp6_call
 .text.tcpip_input
                0x0000473c       0x24 contiki-cc13xx.a(tcpip.o)
                0x0000473c                tcpip_input
 .text.tcpip_ipv6_output
                0x00004760       0xbc contiki-cc13xx.a(tcpip.o)
                0x00004760                tcpip_ipv6_output
 .text.process_thread_tcpip_process
                0x0000481c      0x1c8 contiki-cc13xx.a(tcpip.o)
 .text.tcpip_uipcall
                0x000049e4       0x70 contiki-cc13xx.a(tcpip.o)
                0x000049e4                tcpip_uipcall
 .text.lollipop_greater_than
                0x00004a54       0x3c contiki-cc13xx.a(rpl-dag.o)
 .text.rpl_set_preferred_parent
                0x00004a90       0x2c contiki-cc13xx.a(rpl-dag.o)
 .text.set_ip_from_prefix
                0x00004abc       0x2c contiki-cc13xx.a(rpl-dag.o)
 .text.check_prefix
                0x00004ae8       0x78 contiki-cc13xx.a(rpl-dag.o)
 .text.find_parent_any_dag_any_instance
                0x00004b60       0x1c contiki-cc13xx.a(rpl-dag.o)
 .text.rpl_dag_init
                0x00004b7c       0x14 contiki-cc13xx.a(rpl-dag.o)
                0x00004b7c                rpl_dag_init
 .text.rpl_get_parent
                0x00004b90       0x10 contiki-cc13xx.a(rpl-dag.o)
                0x00004b90                rpl_get_parent
 .text.rpl_rank_via_parent
                0x00004ba0       0x1c contiki-cc13xx.a(rpl-dag.o)
                0x00004ba0                rpl_rank_via_parent
 .text.rpl_get_parent_ipaddr
                0x00004bbc       0x18 contiki-cc13xx.a(rpl-dag.o)
                0x00004bbc                rpl_get_parent_ipaddr
 .text.rpl_get_parent_link_stats
                0x00004bd4       0x18 contiki-cc13xx.a(rpl-dag.o)
                0x00004bd4                rpl_get_parent_link_stats
 .text.best_parent
                0x00004bec       0x98 contiki-cc13xx.a(rpl-dag.o)
 .text.rpl_parent_is_fresh
                0x00004c84       0x10 contiki-cc13xx.a(rpl-dag.o)
                0x00004c84                rpl_parent_is_fresh
 .text.rpl_parent_is_reachable
                0x00004c94       0x40 contiki-cc13xx.a(rpl-dag.o)
                0x00004c94                rpl_parent_is_reachable
 .text.rpl_repair_root
                0x00004cd4       0x5c contiki-cc13xx.a(rpl-dag.o)
                0x00004cd4                rpl_repair_root
 .text.rpl_set_prefix
                0x00004d30       0x98 contiki-cc13xx.a(rpl-dag.o)
                0x00004d30                rpl_set_prefix
 .text.rpl_set_default_route
                0x00004dc8       0x30 contiki-cc13xx.a(rpl-dag.o)
                0x00004dc8                rpl_set_default_route
 .text.rpl_alloc_instance
                0x00004df8       0x34 contiki-cc13xx.a(rpl-dag.o)
                0x00004df8                rpl_alloc_instance
 .text.rpl_alloc_dag
                0x00004e2c       0x5c contiki-cc13xx.a(rpl-dag.o)
                0x00004e2c                rpl_alloc_dag
 .text.rpl_add_parent
                0x00004e88       0x30 contiki-cc13xx.a(rpl-dag.o)
                0x00004e88                rpl_add_parent
 .text.rpl_find_parent
                0x00004eb8       0x18 contiki-cc13xx.a(rpl-dag.o)
                0x00004eb8                rpl_find_parent
 .text.rpl_find_parent_any_dag
                0x00004ed0       0x20 contiki-cc13xx.a(rpl-dag.o)
                0x00004ed0                rpl_find_parent_any_dag
 .text.rpl_select_parent
                0x00004ef0       0x58 contiki-cc13xx.a(rpl-dag.o)
                0x00004ef0                rpl_select_parent
 .text.rpl_select_dag
                0x00004f48      0x184 contiki-cc13xx.a(rpl-dag.o)
                0x00004f48                rpl_select_dag
 .text.rpl_nullify_parent
                0x000050cc       0x58 contiki-cc13xx.a(rpl-dag.o)
                0x000050cc                rpl_nullify_parent
 .text.rpl_remove_parent
                0x00005124       0x1c contiki-cc13xx.a(rpl-dag.o)
                0x00005124                rpl_remove_parent
 .text.nbr_callback
                0x00005140        0x4 contiki-cc13xx.a(rpl-dag.o)
 .text.remove_parents.constprop.6
                0x00005144       0x44 contiki-cc13xx.a(rpl-dag.o)
 .text.rpl_free_dag
                0x00005188       0x3c contiki-cc13xx.a(rpl-dag.o)
                0x00005188                rpl_free_dag
 .text.rpl_move_parent
                0x000051c4       0x58 contiki-cc13xx.a(rpl-dag.o)
                0x000051c4                rpl_move_parent
 .text.rpl_get_dag
                0x0000521c       0x3c contiki-cc13xx.a(rpl-dag.o)
                0x0000521c                rpl_get_dag
 .text.rpl_get_any_dag
                0x00005258       0x18 contiki-cc13xx.a(rpl-dag.o)
                0x00005258                rpl_get_any_dag
 .text.rpl_get_instance
                0x00005270       0x20 contiki-cc13xx.a(rpl-dag.o)
                0x00005270                rpl_get_instance
 .text.rpl_join_instance
                0x00005290      0x168 contiki-cc13xx.a(rpl-dag.o)
                0x00005290                rpl_join_instance
 .text.rpl_local_repair
                0x000053f8       0x90 contiki-cc13xx.a(rpl-dag.o)
                0x000053f8                rpl_local_repair
 .text.rpl_process_parent_event
                0x00005488       0x9c contiki-cc13xx.a(rpl-dag.o)
                0x00005488                rpl_process_parent_event
 .text.rpl_add_dag
                0x00005524      0x154 contiki-cc13xx.a(rpl-dag.o)
                0x00005524                rpl_add_dag
 .text.rpl_recalculate_ranks
                0x00005678       0x50 contiki-cc13xx.a(rpl-dag.o)
                0x00005678                rpl_recalculate_ranks
 .text.rpl_process_dio
                0x000056c8      0x334 contiki-cc13xx.a(rpl-dag.o)
                0x000056c8                rpl_process_dio
 .text.new_dio_interval
                0x000059fc       0x60 contiki-cc13xx.a(rpl-timers.o)
 .text.handle_periodic_timer
                0x00005a5c       0x58 contiki-cc13xx.a(rpl-timers.o)
 .text.set_dao_lifetime_timer
                0x00005ab4       0x48 contiki-cc13xx.a(rpl-timers.o)
 .text.handle_unicast_dio_timer
                0x00005afc       0x1c contiki-cc13xx.a(rpl-timers.o)
 .text.handle_dio_timer
                0x00005b18       0x8c contiki-cc13xx.a(rpl-timers.o)
 .text.schedule_dao
                0x00005ba4       0x54 contiki-cc13xx.a(rpl-timers.o)
 .text.handle_dao_timer
                0x00005bf8       0x5c contiki-cc13xx.a(rpl-timers.o)
 .text.rpl_reset_periodic_timer
                0x00005c54       0x3c contiki-cc13xx.a(rpl-timers.o)
                0x00005c54                rpl_reset_periodic_timer
 .text.rpl_reset_dio_timer
                0x00005c90       0x1c contiki-cc13xx.a(rpl-timers.o)
                0x00005c90                rpl_reset_dio_timer
 .text.rpl_schedule_dao
                0x00005cac        0x8 contiki-cc13xx.a(rpl-timers.o)
                0x00005cac                rpl_schedule_dao
 .text.rpl_schedule_unicast_dio_immediately
                0x00005cb4       0x14 contiki-cc13xx.a(rpl-timers.o)
                0x00005cb4                rpl_schedule_unicast_dio_immediately
 .text.get_probing_delay
                0x00005cc8       0x4c contiki-cc13xx.a(rpl-timers.o)
                0x00005cc8                get_probing_delay
 .text.get_probing_target
                0x00005d14       0xdc contiki-cc13xx.a(rpl-timers.o)
                0x00005d14                get_probing_target
 .text.rpl_schedule_probing
                0x00005df0       0x20 contiki-cc13xx.a(rpl-timers.o)
                0x00005df0                rpl_schedule_probing
 .text.handle_probing_timer
                0x00005e10       0x34 contiki-cc13xx.a(rpl-timers.o)
 .text.update_hbh_header
                0x00005e44       0xcc contiki-cc13xx.a(rpl-ext-header.)
 .text.insert_hbh_header.isra.0
                0x00005f10       0xac contiki-cc13xx.a(rpl-ext-header.)
 .text.rpl_verify_hbh_header
                0x00005fbc       0xf0 contiki-cc13xx.a(rpl-ext-header.)
                0x00005fbc                rpl_verify_hbh_header
 .text.rpl_remove_header
                0x000060ac       0x7c contiki-cc13xx.a(rpl-ext-header.)
                0x000060ac                rpl_remove_header
 .text.rpl_update_header
                0x00006128       0x74 contiki-cc13xx.a(rpl-ext-header.)
                0x00006128                rpl_update_header
 .text.rpl_get_mode
                0x0000619c        0xc contiki-cc13xx.a(rpl.o)
                0x0000619c                rpl_get_mode
 .text.rpl_purge_routes
                0x000061a8       0x7c contiki-cc13xx.a(rpl.o)
                0x000061a8                rpl_purge_routes
 .text.rpl_remove_routes
                0x00006224       0x24 contiki-cc13xx.a(rpl.o)
                0x00006224                rpl_remove_routes
 .text.rpl_remove_routes_by_nexthop
                0x00006248       0x34 contiki-cc13xx.a(rpl.o)
                0x00006248                rpl_remove_routes_by_nexthop
 .text.rpl_add_route
                0x0000627c       0x38 contiki-cc13xx.a(rpl.o)
                0x0000627c                rpl_add_route
 .text.rpl_link_neighbor_callback
                0x000062b4       0x60 contiki-cc13xx.a(rpl.o)
                0x000062b4                rpl_link_neighbor_callback
 .text.rpl_ipv6_neighbor_callback
                0x00006314       0x30 contiki-cc13xx.a(rpl.o)
                0x00006314                rpl_ipv6_neighbor_callback
 .text.rpl_purge_dags
                0x00006344       0x40 contiki-cc13xx.a(rpl.o)
                0x00006344                rpl_purge_dags
 .text.rpl_init
                0x00006384       0x4c contiki-cc13xx.a(rpl.o)
                0x00006384                rpl_init
 .text.reset    0x000063d0        0x4 contiki-cc13xx.a(rpl-mrhof.o)
 .text.update_metric_container
                0x000063d4        0x8 contiki-cc13xx.a(rpl-mrhof.o)
 .text.parent_link_metric
                0x000063dc       0x14 contiki-cc13xx.a(rpl-mrhof.o)
 .text.parent_has_usable_link
                0x000063f0       0x18 contiki-cc13xx.a(rpl-mrhof.o)
 .text.best_dag
                0x00006408       0x2c contiki-cc13xx.a(rpl-mrhof.o)
 .text.parent_path_cost
                0x00006434       0x4c contiki-cc13xx.a(rpl-mrhof.o)
 .text.parent_is_acceptable
                0x00006480       0x34 contiki-cc13xx.a(rpl-mrhof.o)
 .text.rank_via_parent
                0x000064b4       0x3c contiki-cc13xx.a(rpl-mrhof.o)
 .text.best_parent
                0x000064f0       0x70 contiki-cc13xx.a(rpl-mrhof.o)
 .text.get32    0x00006560       0x20 contiki-cc13xx.a(rpl-icmp6.o)
 .text.dao_ack_input
                0x00006580       0x14 contiki-cc13xx.a(rpl-icmp6.o)
 .text.dao_output_target_seq
                0x00006594      0x12c contiki-cc13xx.a(rpl-icmp6.o)
 .text.dio_input
                0x000066c0      0x270 contiki-cc13xx.a(rpl-icmp6.o)
 .text.rpl_icmp6_update_nbr_table
                0x00006930       0x38 contiki-cc13xx.a(rpl-icmp6.o)
                0x00006930                rpl_icmp6_update_nbr_table
 .text.dao_input
                0x00006968      0x2ec contiki-cc13xx.a(rpl-icmp6.o)
 .text.dis_output
                0x00006c54       0x58 contiki-cc13xx.a(rpl-icmp6.o)
                0x00006c54                dis_output
 .text.dio_output
                0x00006cac      0x2e4 contiki-cc13xx.a(rpl-icmp6.o)
                0x00006cac                dio_output
 .text.dis_input
                0x00006f90       0x54 contiki-cc13xx.a(rpl-icmp6.o)
 .text.dao_output
                0x00006fe4       0x90 contiki-cc13xx.a(rpl-icmp6.o)
                0x00006fe4                dao_output
 .text.dao_output_target
                0x00007074        0xc contiki-cc13xx.a(rpl-icmp6.o)
                0x00007074                dao_output_target
 .text.rpl_icmp6_register_handlers
                0x00007080       0x30 contiki-cc13xx.a(rpl-icmp6.o)
                0x00007080                rpl_icmp6_register_handlers
 .text.TrimAfterColdResetWakeupFromShutDown
                0x000070b0       0xd8 contiki-cc13xx.a(setup.o)
 .text.NOROM_SetupTrimDevice
                0x00007188       0xa4 contiki-cc13xx.a(setup.o)
                0x00007188                NOROM_SetupTrimDevice
 .text.NOROM_SetupGetTrimForXoscHfCtl.part.3
                0x0000722c       0x20 contiki-cc13xx.a(setup_rom.o)
 .text.NOROM_SetupGetTrimForRadcExtCfg.part.4
                0x0000724c       0x20 contiki-cc13xx.a(setup_rom.o)
 .text.NOROM_SetupSetVddrLevel
                0x0000726c       0xa4 contiki-cc13xx.a(setup_rom.o)
                0x0000726c                NOROM_SetupSetVddrLevel
 .text.NOROM_SetupAfterColdResetWakeupFromShutDownCfg1
                0x00007310       0xc0 contiki-cc13xx.a(setup_rom.o)
                0x00007310                NOROM_SetupAfterColdResetWakeupFromShutDownCfg1
 .text.NOROM_SetupAfterColdResetWakeupFromShutDownCfg3
                0x000073d0      0x194 contiki-cc13xx.a(setup_rom.o)
                0x000073d0                NOROM_SetupAfterColdResetWakeupFromShutDownCfg3
 .text.NOROM_SetupGetTrimForAnabypassValue1
                0x00007564       0x64 contiki-cc13xx.a(setup_rom.o)
                0x00007564                NOROM_SetupGetTrimForAnabypassValue1
 .text.NOROM_SetupGetTrimForAmpcompCtrl
                0x000075c8       0x74 contiki-cc13xx.a(setup_rom.o)
                0x000075c8                NOROM_SetupGetTrimForAmpcompCtrl
 .text.NOROM_SetupAfterColdResetWakeupFromShutDownCfg2
                0x0000763c      0x19c contiki-cc13xx.a(setup_rom.o)
                0x0000763c                NOROM_SetupAfterColdResetWakeupFromShutDownCfg2
 .text.NOROM_SetupSetCacheModeAccordingToCcfgSetting
                0x000077d8       0x6c contiki-cc13xx.a(setup_rom.o)
                0x000077d8                NOROM_SetupSetCacheModeAccordingToCcfgSetting
 .text.SafeHapiVoid
                0x00007844       0x2c contiki-cc13xx.a(adi.o)
                0x00007844                SafeHapiVoid
 .text.NOROM_CPUcpsid
                0x00007870        0x8 contiki-cc13xx.a(cpu.o)
                0x00007870                NOROM_CPUcpsid
 .text.NOROM_CPUcpsie
                0x00007878        0x8 contiki-cc13xx.a(cpu.o)
                0x00007878                NOROM_CPUcpsie
 .text.NOROM_DDI32RegWrite
                0x00007880       0x34 contiki-cc13xx.a(ddi.o)
                0x00007880                NOROM_DDI32RegWrite
 .text.NOROM_SysCtrlSetRechargeBeforePowerDown
                0x000078b4      0x2b0 contiki-cc13xx.a(sys_ctrl.o)
                0x000078b4                NOROM_SysCtrlSetRechargeBeforePowerDown
 .text.NOROM_SysCtrlAdjustRechargeAfterPowerDown
                0x00007b64       0x64 contiki-cc13xx.a(sys_ctrl.o)
                0x00007b64                NOROM_SysCtrlAdjustRechargeAfterPowerDown
 .text.NOROM_SysCtrl_DCDC_VoltageConditionalControl
                0x00007bc8       0x7c contiki-cc13xx.a(sys_ctrl.o)
                0x00007bc8                NOROM_SysCtrl_DCDC_VoltageConditionalControl
 .text.NOROM_PowerCtrlSourceSet
                0x00007c44       0x30 contiki-cc13xx.a(pwr_ctrl.o)
                0x00007c44                NOROM_PowerCtrlSourceSet
 .text.NOROM_OSCClockSourceSet
                0x00007c74       0x60 contiki-cc13xx.a(osc.o)
                0x00007c74                NOROM_OSCClockSourceSet
 .text.NOROM_OSCClockSourceGet
                0x00007cd4       0x2c contiki-cc13xx.a(osc.o)
                0x00007cd4                NOROM_OSCClockSourceGet
 .text.NOROM_TRNGConfigure
                0x00007d00       0x38 contiki-cc13xx.a(trng.o)
                0x00007d00                NOROM_TRNGConfigure
 .text.NOROM_AONRTCCurrentCompareValueGet
                0x00007d38       0x24 contiki-cc13xx.a(aon_rtc.o)
                0x00007d38                NOROM_AONRTCCurrentCompareValueGet
 .text.NOROM_ChipInfo_GetChipFamily
                0x00007d5c       0x50 contiki-cc13xx.a(chipinfo.o)
                0x00007d5c                NOROM_ChipInfo_GetChipFamily
 .text.NOROM_ChipInfo_GetChipType
                0x00007dac       0x30 contiki-cc13xx.a(chipinfo.o)
                0x00007dac                NOROM_ChipInfo_GetChipType
 .text.NOROM_ChipInfo_GetHwRevision
                0x00007ddc       0x70 contiki-cc13xx.a(chipinfo.o)
                0x00007ddc                NOROM_ChipInfo_GetHwRevision
 .text.NOROM_ThisCodeIsBuiltForCC13xxHwRev20AndLater_HaltIfViolated
                0x00007e4c       0x18 contiki-cc13xx.a(chipinfo.o)
                0x00007e4c                NOROM_ThisCodeIsBuiltForCC13xxHwRev20AndLater_HaltIfViolated
 .text.NOROM_RFCRTrim
                0x00007e64      0x138 contiki-cc13xx.a(rfc.o)
                0x00007e64                NOROM_RFCRTrim
 .text.NOROM_RFCAdi3VcoLdoVoltageMode
                0x00007f9c       0x20 contiki-cc13xx.a(rfc.o)
                0x00007f9c                NOROM_RFCAdi3VcoLdoVoltageMode
 .text.queuebuf_numfree
                0x00007fbc        0xc contiki-cc13xx.a(queuebuf.o)
                0x00007fbc                queuebuf_numfree
 .text.queuebuf_new_from_packetbuf
                0x00007fc8       0x48 contiki-cc13xx.a(queuebuf.o)
                0x00007fc8                queuebuf_new_from_packetbuf
 .text.queuebuf_free
                0x00008010       0x2c contiki-cc13xx.a(queuebuf.o)
                0x00008010                queuebuf_free
 .text.queuebuf_to_packetbuf
                0x0000803c       0x30 contiki-cc13xx.a(queuebuf.o)
                0x0000803c                queuebuf_to_packetbuf
 .text.nbr_set_bit
                0x0000806c       0x4c contiki-cc13xx.a(nbr-table.o)
 .text.index_from_lladdr
                0x000080b8       0x48 contiki-cc13xx.a(nbr-table.o)
 .text.nbr_get_bit.constprop.0
                0x00008100       0x2c contiki-cc13xx.a(nbr-table.o)
 .text.remove_key
                0x0000812c       0x8c contiki-cc13xx.a(nbr-table.o)
 .text.nbr_table_register
                0x000081b8       0x2c contiki-cc13xx.a(nbr-table.o)
                0x000081b8                nbr_table_register
 .text.nbr_table_next
                0x000081e4       0x64 contiki-cc13xx.a(nbr-table.o)
                0x000081e4                nbr_table_next
 .text.nbr_table_head
                0x00008248       0x50 contiki-cc13xx.a(nbr-table.o)
                0x00008248                nbr_table_head
 .text.nbr_table_add_lladdr
                0x00008298      0x124 contiki-cc13xx.a(nbr-table.o)
                0x00008298                nbr_table_add_lladdr
 .text.nbr_table_get_from_lladdr
                0x000083bc       0x34 contiki-cc13xx.a(nbr-table.o)
                0x000083bc                nbr_table_get_from_lladdr
 .text.nbr_table_remove
                0x000083f0       0x2c contiki-cc13xx.a(nbr-table.o)
                0x000083f0                nbr_table_remove
 .text.nbr_table_lock
                0x0000841c       0x14 contiki-cc13xx.a(nbr-table.o)
                0x0000841c                nbr_table_lock
 .text.nbr_table_unlock
                0x00008430       0x14 contiki-cc13xx.a(nbr-table.o)
                0x00008430                nbr_table_unlock
 .text.nbr_table_get_lladdr
                0x00008444       0x2c contiki-cc13xx.a(nbr-table.o)
                0x00008444                nbr_table_get_lladdr
 .text.nbr_table_update_lladdr
                0x00008470       0x48 contiki-cc13xx.a(nbr-table.o)
                0x00008470                nbr_table_update_lladdr
 .text.packetbuf_copyto
                0x000084b8       0x50 contiki-cc13xx.a(packetbuf.o)
                0x000084b8                packetbuf_copyto
 .text.packetbuf_hdralloc
                0x00008508       0x58 contiki-cc13xx.a(packetbuf.o)
                0x00008508                packetbuf_hdralloc
 .text.packetbuf_set_datalen
                0x00008560        0xc contiki-cc13xx.a(packetbuf.o)
                0x00008560                packetbuf_set_datalen
 .text.packetbuf_dataptr
                0x0000856c       0x20 contiki-cc13xx.a(packetbuf.o)
                0x0000856c                packetbuf_dataptr
 .text.packetbuf_hdrptr
                0x0000858c        0x8 contiki-cc13xx.a(packetbuf.o)
                0x0000858c                packetbuf_hdrptr
 .text.packetbuf_datalen
                0x00008594        0xc contiki-cc13xx.a(packetbuf.o)
                0x00008594                packetbuf_datalen
 .text.packetbuf_totlen
                0x000085a0       0x24 contiki-cc13xx.a(packetbuf.o)
                0x000085a0                packetbuf_totlen
 .text.packetbuf_attr_clear
                0x000085c4       0x30 contiki-cc13xx.a(packetbuf.o)
                0x000085c4                packetbuf_attr_clear
 .text.packetbuf_clear
                0x000085f4       0x20 contiki-cc13xx.a(packetbuf.o)
                0x000085f4                packetbuf_clear
 .text.packetbuf_copyfrom
                0x00008614       0x40 contiki-cc13xx.a(packetbuf.o)
                0x00008614                packetbuf_copyfrom
 .text.packetbuf_attr_copyto
                0x00008654       0x38 contiki-cc13xx.a(packetbuf.o)
                0x00008654                packetbuf_attr_copyto
 .text.packetbuf_attr_copyfrom
                0x0000868c       0x38 contiki-cc13xx.a(packetbuf.o)
                0x0000868c                packetbuf_attr_copyfrom
 .text.packetbuf_set_attr
                0x000086c4       0x10 contiki-cc13xx.a(packetbuf.o)
                0x000086c4                packetbuf_set_attr
 .text.packetbuf_attr
                0x000086d4        0xc contiki-cc13xx.a(packetbuf.o)
                0x000086d4                packetbuf_attr
 .text.packetbuf_set_addr
                0x000086e0       0x18 contiki-cc13xx.a(packetbuf.o)
                0x000086e0                packetbuf_set_addr
 .text.packetbuf_addr
                0x000086f8       0x10 contiki-cc13xx.a(packetbuf.o)
                0x000086f8                packetbuf_addr
 .text.packetbuf_holds_broadcast
                0x00008708       0x10 contiki-cc13xx.a(packetbuf.o)
                0x00008708                packetbuf_holds_broadcast
 .text.netstack_init
                0x00008718       0x1c contiki-cc13xx.a(netstack.o)
                0x00008718                netstack_init
 .text.linkaddr_copy
                0x00008734        0x8 contiki-cc13xx.a(linkaddr.o)
                0x00008734                linkaddr_copy
 .text.linkaddr_cmp
                0x0000873c       0x10 contiki-cc13xx.a(linkaddr.o)
                0x0000873c                linkaddr_cmp
 .text.periodic
                0x0000874c       0x2c contiki-cc13xx.a(link-stats.o)
 .text.link_stats_from_lladdr
                0x00008778        0xc contiki-cc13xx.a(link-stats.o)
                0x00008778                link_stats_from_lladdr
 .text.link_stats_is_fresh
                0x00008784       0x28 contiki-cc13xx.a(link-stats.o)
                0x00008784                link_stats_is_fresh
 .text.link_stats_packet_sent
                0x000087ac       0xbc contiki-cc13xx.a(link-stats.o)
                0x000087ac                link_stats_packet_sent
 .text.link_stats_input_callback
                0x00008868       0x5c contiki-cc13xx.a(link-stats.o)
                0x00008868                link_stats_input_callback
 .text.link_stats_init
                0x000088c4       0x28 contiki-cc13xx.a(link-stats.o)
                0x000088c4                link_stats_init
 .text.parse    0x000088ec       0x7c contiki-cc13xx.a(framer-802154.o)
 .text.create_frame.isra.0
                0x00008968      0x140 contiki-cc13xx.a(framer-802154.o)
 .text.create   0x00008aa8        0x8 contiki-cc13xx.a(framer-802154.o)
 .text.hdr_length
                0x00008ab0        0x8 contiki-cc13xx.a(framer-802154.o)
 .text.frame802154_get_pan_id
                0x00008ab8        0xc contiki-cc13xx.a(frame802154.o)
                0x00008ab8                frame802154_get_pan_id
 .text.frame802154_has_panid
                0x00008ac4       0xb8 contiki-cc13xx.a(frame802154.o)
                0x00008ac4                frame802154_has_panid
 .text.field_len
                0x00008b7c       0x9c contiki-cc13xx.a(frame802154.o)
 .text.frame802154_is_broadcast_addr
                0x00008c18       0x20 contiki-cc13xx.a(frame802154.o)
                0x00008c18                frame802154_is_broadcast_addr
 .text.frame802154_hdrlen
                0x00008c38       0x34 contiki-cc13xx.a(frame802154.o)
                0x00008c38                frame802154_hdrlen
 .text.frame802154_create_fcf
                0x00008c6c       0x64 contiki-cc13xx.a(frame802154.o)
                0x00008c6c                frame802154_create_fcf
 .text.frame802154_create
                0x00008cd0       0xb8 contiki-cc13xx.a(frame802154.o)
                0x00008cd0                frame802154_create
 .text.frame802154_parse_fcf
                0x00008d88       0x4c contiki-cc13xx.a(frame802154.o)
                0x00008d88                frame802154_parse_fcf
 .text.frame802154_parse
                0x00008dd4      0x134 contiki-cc13xx.a(frame802154.o)
                0x00008dd4                frame802154_parse
 .text.on       0x00008f08        0xc contiki-cc13xx.a(nullrdc.o)
 .text.channel_check_interval
                0x00008f14        0x4 contiki-cc13xx.a(nullrdc.o)
 .text.init     0x00008f18        0xc contiki-cc13xx.a(nullrdc.o)
 .text.packet_input
                0x00008f24       0xc4 contiki-cc13xx.a(nullrdc.o)
 .text.send_one_packet
                0x00008fe8      0x114 contiki-cc13xx.a(nullrdc.o)
 .text.send_list
                0x000090fc       0x24 contiki-cc13xx.a(nullrdc.o)
 .text.send_packet
                0x00009120        0x4 contiki-cc13xx.a(nullrdc.o)
 .text.off      0x00009124       0x1c contiki-cc13xx.a(nullrdc.o)
 .text.channel_check_interval
                0x00009140        0x4 contiki-cc13xx.a(hitmac.o)
 .text.update_asn
                0x00009144       0xf8 contiki-cc13xx.a(hitmac.o)
                0x00009144                update_asn
 .text.hitmac_init
                0x0000923c       0xcc contiki-cc13xx.a(hitmac.o)
 .text.turn_off
                0x00009308       0x1c contiki-cc13xx.a(hitmac.o)
 .text.turn_on  0x00009324       0x20 contiki-cc13xx.a(hitmac.o)
 .text.hitmac_send_packet.part.2
                0x00009344       0x60 contiki-cc13xx.a(hitmac.o)
 .text.packet_input
                0x000093a4      0x194 contiki-cc13xx.a(hitmac.o)
 .text.process_thread_hitmac_root_eb_process
                0x00009538       0x38 contiki-cc13xx.a(hitmac.o)
 .text.hitmac_send_packet
                0x00009570       0x5c contiki-cc13xx.a(hitmac.o)
                0x00009570                hitmac_send_packet
 .text.send_packet
                0x000095cc       0x60 contiki-cc13xx.a(hitmac.o)
 .text.hitmac_send_data
                0x0000962c       0xd8 contiki-cc13xx.a(hitmac.o)
                0x0000962c                hitmac_send_data
 .text.hitmac_set_asn
                0x00009704       0x50 contiki-cc13xx.a(hitmac.o)
                0x00009704                hitmac_set_asn
 .text.hitmac_receive_eb
                0x00009754       0xe0 contiki-cc13xx.a(hitmac.o)
                0x00009754                hitmac_receive_eb
 .text.process_thread_hitmac_scheduler_process
                0x00009834       0x74 contiki-cc13xx.a(hitmac.o)
 .text.hitmac_request
                0x000098a8      0x148 contiki-cc13xx.a(hitmac.o)
                0x000098a8                hitmac_request
 .text.process_thread_hitmac_process
                0x000099f0       0x98 contiki-cc13xx.a(hitmac.o)
 .text.frame80215e_create_ie_hitmac_synchronization
                0x00009a88       0x34 contiki-cc13xx.a(hitmac-frame.o)
                0x00009a88                frame80215e_create_ie_hitmac_synchronization
 .text.hitmac_packet_create_eb
                0x00009abc       0x98 contiki-cc13xx.a(hitmac-frame.o)
                0x00009abc                hitmac_packet_create_eb
 .text.hitmac_packet_create_request_associate
                0x00009b54       0x80 contiki-cc13xx.a(hitmac-frame.o)
                0x00009b54                hitmac_packet_create_request_associate
 .text.hitmac_packet_create_dataframe
                0x00009bd4       0xb0 contiki-cc13xx.a(hitmac-frame.o)
                0x00009bd4                hitmac_packet_create_dataframe
 .text.hitmac_parse_information_elements
                0x00009c84       0x3c contiki-cc13xx.a(hitmac-frame.o)
                0x00009c84                hitmac_parse_information_elements
 .text.hitmac_packet_parse_eb
                0x00009cc0      0x108 contiki-cc13xx.a(hitmac-frame.o)
                0x00009cc0                hitmac_packet_parse_eb
 .text.hitmac_packet_parse_cmd
                0x00009dc8       0xe8 contiki-cc13xx.a(hitmac-frame.o)
                0x00009dc8                hitmac_packet_parse_cmd
 .text.get_asn_mod_val
                0x00009eb0       0x4c contiki-cc13xx.a(hitmac-frame.o)
                0x00009eb0                get_asn_mod_val
 .text.hitmac_queue_init
                0x00009efc       0x30 contiki-cc13xx.a(hitmac-frame.o)
                0x00009efc                hitmac_queue_init
 .text.hitmac_queue_reset
                0x00009f2c        0x4 contiki-cc13xx.a(hitmac-frame.o)
                0x00009f2c                hitmac_queue_reset
 .text.hitmac_queue_add_packet
                0x00009f30       0x8c contiki-cc13xx.a(hitmac-frame.o)
                0x00009f30                hitmac_queue_add_packet
 .text.hitmac_queue_remove_packet
                0x00009fbc       0x44 contiki-cc13xx.a(hitmac-frame.o)
                0x00009fbc                hitmac_queue_remove_packet
 .text.hitmac_queue_get_packet
                0x0000a000       0x34 contiki-cc13xx.a(hitmac-frame.o)
                0x0000a000                hitmac_queue_get_packet
 .text.init     0x0000a034        0x4 contiki-cc13xx.a(nullsec.o)
 .text.input    0x0000a038        0xc contiki-cc13xx.a(nullsec.o)
 .text.send     0x0000a044       0x20 contiki-cc13xx.a(nullsec.o)
 .text.read_flash
                0x0000a064       0x3c contiki-cc13xx.a(flashdata.o)
                0x0000a064                read_flash
 .text.write_to_flash
                0x0000a0a0      0x118 contiki-cc13xx.a(flashdata.o)
                0x0000a0a0                write_to_flash
 .text.aux_ctrl_power_up
                0x0000a1b8       0x28 contiki-cc13xx.a(aux-ctrl.o)
                0x0000a1b8                aux_ctrl_power_up
 .text.aux_ctrl_register_consumer
                0x0000a1e0       0x40 contiki-cc13xx.a(aux-ctrl.o)
                0x0000a1e0                aux_ctrl_register_consumer
 .text.aux_ctrl_power_down
                0x0000a220       0x6c contiki-cc13xx.a(aux-ctrl.o)
                0x0000a220                aux_ctrl_power_down
 .text.aux_ctrl_unregister_consumer
                0x0000a28c       0x28 contiki-cc13xx.a(aux-ctrl.o)
                0x0000a28c                aux_ctrl_unregister_consumer
 .text.ringbufindex_init
                0x0000a2b4        0xc contiki-cc13xx.a(ringbufindex.o)
                0x0000a2b4                ringbufindex_init
 .text.ringbufindex_put
                0x0000a2c0       0x1c contiki-cc13xx.a(ringbufindex.o)
                0x0000a2c0                ringbufindex_put
 .text.ringbufindex_peek_put
                0x0000a2dc       0x18 contiki-cc13xx.a(ringbufindex.o)
                0x0000a2dc                ringbufindex_peek_put
 .text.ringbufindex_get
                0x0000a2f4       0x1c contiki-cc13xx.a(ringbufindex.o)
                0x0000a2f4                ringbufindex_get
 .text.ringbufindex_peek_get
                0x0000a310       0x14 contiki-cc13xx.a(ringbufindex.o)
                0x0000a310                ringbufindex_peek_get
 .text.memb_init
                0x0000a324       0x24 contiki-cc13xx.a(memb.o)
                0x0000a324                memb_init
 .text.memb_alloc
                0x0000a348       0x3c contiki-cc13xx.a(memb.o)
                0x0000a348                memb_alloc
 .text.memb_free
                0x0000a384       0x44 contiki-cc13xx.a(memb.o)
                0x0000a384                memb_free
 .text.memb_inmemb
                0x0000a3c8       0x1c contiki-cc13xx.a(memb.o)
                0x0000a3c8                memb_inmemb
 .text.memb_numfree
                0x0000a3e4       0x1c contiki-cc13xx.a(memb.o)
                0x0000a3e4                memb_numfree
 .text.echo_reply_input
                0x0000a400       0xb0 contiki-cc13xx.a(uip-icmp6.o)
 .text.echo_request_input
                0x0000a4b0       0xb8 contiki-cc13xx.a(uip-icmp6.o)
 .text.uip_icmp6_input
                0x0000a568       0x3c contiki-cc13xx.a(uip-icmp6.o)
                0x0000a568                uip_icmp6_input
 .text.uip_icmp6_register_input_handler
                0x0000a5a4        0xc contiki-cc13xx.a(uip-icmp6.o)
                0x0000a5a4                uip_icmp6_register_input_handler
 .text.uip_icmp6_error_output
                0x0000a5b0      0x150 contiki-cc13xx.a(uip-icmp6.o)
                0x0000a5b0                uip_icmp6_error_output
 .text.uip_icmp6_send
                0x0000a700       0x84 contiki-cc13xx.a(uip-icmp6.o)
                0x0000a700                uip_icmp6_send
 .text.uip_icmp6_init
                0x0000a784       0x24 contiki-cc13xx.a(uip-icmp6.o)
                0x0000a784                uip_icmp6_init
 .text.uip_ds6_list_loop
                0x0000a7a8       0x60 contiki-cc13xx.a(uip-ds6.o)
                0x0000a7a8                uip_ds6_list_loop
 .text.uip_ds6_prefix_add
                0x0000a808       0x6c contiki-cc13xx.a(uip-ds6.o)
                0x0000a808                uip_ds6_prefix_add
 .text.uip_ds6_is_addr_onlink
                0x0000a874       0x3c contiki-cc13xx.a(uip-ds6.o)
                0x0000a874                uip_ds6_is_addr_onlink
 .text.uip_ds6_addr_lookup
                0x0000a8b0       0x30 contiki-cc13xx.a(uip-ds6.o)
                0x0000a8b0                uip_ds6_addr_lookup
 .text.uip_ds6_get_link_local
                0x0000a8e0       0x44 contiki-cc13xx.a(uip-ds6.o)
                0x0000a8e0                uip_ds6_get_link_local
 .text.uip_ds6_maddr_add
                0x0000a924       0x50 contiki-cc13xx.a(uip-ds6.o)
                0x0000a924                uip_ds6_maddr_add
 .text.uip_ds6_addr_add
                0x0000a974       0xa8 contiki-cc13xx.a(uip-ds6.o)
                0x0000a974                uip_ds6_addr_add
 .text.uip_ds6_maddr_lookup
                0x0000aa1c       0x30 contiki-cc13xx.a(uip-ds6.o)
                0x0000aa1c                uip_ds6_maddr_lookup
 .text.uip_ds6_addr_rm
                0x0000aa4c       0x48 contiki-cc13xx.a(uip-ds6.o)
                0x0000aa4c                uip_ds6_addr_rm
 .text.uip_ds6_periodic
                0x0000aa94       0x5c contiki-cc13xx.a(uip-ds6.o)
                0x0000aa94                uip_ds6_periodic
 .text.uip_ds6_select_src
                0x0000aaf0       0xf4 contiki-cc13xx.a(uip-ds6.o)
                0x0000aaf0                uip_ds6_select_src
 .text.uip_ds6_set_addr_iid
                0x0000abe4       0x14 contiki-cc13xx.a(uip-ds6.o)
                0x0000abe4                uip_ds6_set_addr_iid
 .text.uip_ds6_compute_reachable_time
                0x0000abf8       0x28 contiki-cc13xx.a(uip-ds6.o)
                0x0000abf8                uip_ds6_compute_reachable_time
 .text.uip_ds6_init
                0x0000ac20       0xf8 contiki-cc13xx.a(uip-ds6.o)
                0x0000ac20                uip_ds6_init
 .text.call_route_callback
                0x0000ad18       0x50 contiki-cc13xx.a(uip-ds6-route.o)
 .text.uip_ds6_route_init
                0x0000ad68       0x4c contiki-cc13xx.a(uip-ds6-route.o)
                0x0000ad68                uip_ds6_route_init
 .text.uip_ds6_route_nexthop
                0x0000adb4       0x1c contiki-cc13xx.a(uip-ds6-route.o)
                0x0000adb4                uip_ds6_route_nexthop
 .text.uip_ds6_route_head
                0x0000add0        0xc contiki-cc13xx.a(uip-ds6-route.o)
                0x0000add0                uip_ds6_route_head
 .text.uip_ds6_route_next
                0x0000addc        0x8 contiki-cc13xx.a(uip-ds6-route.o)
                0x0000addc                uip_ds6_route_next
 .text.uip_ds6_route_is_nexthop
                0x0000ade4       0x20 contiki-cc13xx.a(uip-ds6-route.o)
                0x0000ade4                uip_ds6_route_is_nexthop
 .text.uip_ds6_route_lookup
                0x0000ae04       0x78 contiki-cc13xx.a(uip-ds6-route.o)
                0x0000ae04                uip_ds6_route_lookup
 .text.uip_ds6_route_rm
                0x0000ae7c       0xac contiki-cc13xx.a(uip-ds6-route.o)
                0x0000ae7c                uip_ds6_route_rm
 .text.rm_routelist
                0x0000af28       0x38 contiki-cc13xx.a(uip-ds6-route.o)
 .text.rm_routelist_callback
                0x0000af60        0x4 contiki-cc13xx.a(uip-ds6-route.o)
 .text.uip_ds6_route_add
                0x0000af64      0x12c contiki-cc13xx.a(uip-ds6-route.o)
                0x0000af64                uip_ds6_route_add
 .text.uip_ds6_defrt_rm
                0x0000b090       0x48 contiki-cc13xx.a(uip-ds6-route.o)
                0x0000b090                uip_ds6_defrt_rm
 .text.uip_ds6_defrt_lookup
                0x0000b0d8       0x34 contiki-cc13xx.a(uip-ds6-route.o)
                0x0000b0d8                uip_ds6_defrt_lookup
 .text.uip_ds6_defrt_add
                0x0000b10c       0x5c contiki-cc13xx.a(uip-ds6-route.o)
                0x0000b10c                uip_ds6_defrt_add
 .text.uip_ds6_defrt_choose
                0x0000b168       0x34 contiki-cc13xx.a(uip-ds6-route.o)
                0x0000b168                uip_ds6_defrt_choose
 .text.uip_ds6_defrt_periodic
                0x0000b19c       0x3c contiki-cc13xx.a(uip-ds6-route.o)
                0x0000b19c                uip_ds6_defrt_periodic
 .text.chksum   0x0000b1d8       0x50 contiki-cc13xx.a(uip6.o)
 .text.upper_layer_chksum
                0x0000b228       0x58 contiki-cc13xx.a(uip6.o)
 .text.ext_hdr_options_process
                0x0000b280       0xc8 contiki-cc13xx.a(uip6.o)
 .text.uip_add32
                0x0000b348       0x58 contiki-cc13xx.a(uip6.o)
                0x0000b348                uip_add32
 .text.unlikely.uip_add_rcv_nxt
                0x0000b3a0       0x2c contiki-cc13xx.a(uip6.o)
 .text.uip_icmp6chksum
                0x0000b3cc        0x8 contiki-cc13xx.a(uip6.o)
                0x0000b3cc                uip_icmp6chksum
 .text.uip_init
                0x0000b3d4       0x5c contiki-cc13xx.a(uip6.o)
                0x0000b3d4                uip_init
 .text.remove_ext_hdr
                0x0000b430       0x60 contiki-cc13xx.a(uip6.o)
                0x0000b430                remove_ext_hdr
 .text.uip_unlisten
                0x0000b490       0x28 contiki-cc13xx.a(uip6.o)
                0x0000b490                uip_unlisten
 .text.uip_process
                0x0000b4b8     0x10fc contiki-cc13xx.a(uip6.o)
                0x0000b4b8                uip_process
 .text.uip_htonl
                0x0000c5b4       0x14 contiki-cc13xx.a(uip6.o)
                0x0000c5b4                uip_htonl
 .text.uip_ds6_nbr_rm
                0x0000c5c8       0x20 contiki-cc13xx.a(uip-ds6-nbr.o)
                0x0000c5c8                uip_ds6_nbr_rm
 .text.uip_ds6_neighbors_init
                0x0000c5e8       0x1c contiki-cc13xx.a(uip-ds6-nbr.o)
                0x0000c5e8                uip_ds6_neighbors_init
 .text.uip_ds6_nbr_add
                0x0000c604       0x38 contiki-cc13xx.a(uip-ds6-nbr.o)
                0x0000c604                uip_ds6_nbr_add
 .text.uip_ds6_nbr_get_ll
                0x0000c63c       0x10 contiki-cc13xx.a(uip-ds6-nbr.o)
                0x0000c63c                uip_ds6_nbr_get_ll
 .text.uip_ds6_nbr_lookup
                0x0000c64c       0x3c contiki-cc13xx.a(uip-ds6-nbr.o)
                0x0000c64c                uip_ds6_nbr_lookup
 .text.uip_ds6_nbr_ipaddr_from_lladdr
                0x0000c688       0x10 contiki-cc13xx.a(uip-ds6-nbr.o)
                0x0000c688                uip_ds6_nbr_ipaddr_from_lladdr
 .text.uip_ds6_nbr_lladdr_from_ipaddr
                0x0000c698       0x1c contiki-cc13xx.a(uip-ds6-nbr.o)
                0x0000c698                uip_ds6_nbr_lladdr_from_ipaddr
 .text.uip_ds6_link_neighbor_callback
                0x0000c6b4       0x34 contiki-cc13xx.a(uip-ds6-nbr.o)
                0x0000c6b4                uip_ds6_link_neighbor_callback
 .text.ns_input
                0x0000c6e8      0x2a0 contiki-cc13xx.a(uip-nd6.o)
 .text.uip_nd6_init
                0x0000c988        0xc contiki-cc13xx.a(uip-nd6.o)
                0x0000c988                uip_nd6_init
 .text.uip_debug_ipaddr_print
                0x0000c994       0xb0 contiki-cc13xx.a(uip-debug.o)
                0x0000c994                uip_debug_ipaddr_print
 .text.update_nbr
                0x0000ca44      0x11c contiki-cc13xx.a(rpl-nbr-policy.)
 .text.handle_periodic_timer
                0x0000cb60       0x14 contiki-cc13xx.a(rpl-nbr-policy.)
 .text.find_removable_dio
                0x0000cb74       0x40 contiki-cc13xx.a(rpl-nbr-policy.)
                0x0000cb74                find_removable_dio
 .text.find_removable_dao
                0x0000cbb4       0x38 contiki-cc13xx.a(rpl-nbr-policy.)
                0x0000cbb4                find_removable_dao
 .text.rpl_nbr_policy_find_removable
                0x0000cbec       0x40 contiki-cc13xx.a(rpl-nbr-policy.)
                0x0000cbec                rpl_nbr_policy_find_removable
 .text.NOROM_AONBatMonTemperatureGetDegC
                0x0000cc2c       0x30 contiki-cc13xx.a(aon_batmon.o)
                0x0000cc2c                NOROM_AONBatMonTemperatureGetDegC
 .text.NOROM_VIMSModeGet
                0x0000cc5c       0x10 contiki-cc13xx.a(vims.o)
                0x0000cc5c                NOROM_VIMSModeGet
 .text.NOROM_FlashSectorErase
                0x0000cc6c       0x1c contiki-cc13xx.a(flash.o)
                0x0000cc6c                NOROM_FlashSectorErase
 .text.NOROM_FlashProgram
                0x0000cc88       0x1c contiki-cc13xx.a(flash.o)
                0x0000cc88                NOROM_FlashProgram
 .text.mac_sequence_is_duplicate
                0x0000cca4       0x50 contiki-cc13xx.a(mac-sequence.o)
                0x0000cca4                mac_sequence_is_duplicate
 .text.mac_sequence_register_seqno
                0x0000ccf4       0x6c contiki-cc13xx.a(mac-sequence.o)
                0x0000ccf4                mac_sequence_register_seqno
 .text.mac_call_sent_callback
                0x0000cd60       0x10 contiki-cc13xx.a(mac.o)
                0x0000cd60                mac_call_sent_callback
 .text.stimer_set
                0x0000cd70       0x10 contiki-cc13xx.a(stimer.o)
                0x0000cd70                stimer_set
 .text.stimer_expired
                0x0000cd80       0x20 contiki-cc13xx.a(stimer.o)
                0x0000cd80                stimer_expired
 .text          0x0000cda0       0x2c /opt/gcc-arm-none-eabi-4.9-cc1310/bin/../lib/gcc/arm-none-eabi/4.9.3/armv7-m/libgcc.a(_aeabi_uldivmod.o)
                0x0000cda0                __aeabi_uldivmod
 .text          0x0000cdcc       0x60 /opt/gcc-arm-none-eabi-4.9-cc1310/bin/../lib/gcc/arm-none-eabi/4.9.3/armv7-m/libgcc.a(bpabi.o)
                0x0000cdcc                __gnu_ldivmod_helper
                0x0000cdfc                __gnu_uldivmod_helper
 .text          0x0000ce2c        0x4 /opt/gcc-arm-none-eabi-4.9-cc1310/bin/../lib/gcc/arm-none-eabi/4.9.3/armv7-m/libgcc.a(_dvmd_tls.o)
                0x0000ce2c                __aeabi_ldiv0
                0x0000ce2c                __aeabi_idiv0
 .text          0x0000ce30      0x2ac /opt/gcc-arm-none-eabi-4.9-cc1310/bin/../lib/gcc/arm-none-eabi/4.9.3/armv7-m/libgcc.a(_divdi3.o)
                0x0000ce30                __divdi3
 .text          0x0000d0dc      0x270 /opt/gcc-arm-none-eabi-4.9-cc1310/bin/../lib/gcc/arm-none-eabi/4.9.3/armv7-m/libgcc.a(_udivdi3.o)
                0x0000d0dc                __udivdi3
 .text.memcmp   0x0000d34c       0x64 /opt/gcc-arm-none-eabi-4.9-cc1310/bin/../lib/gcc/arm-none-eabi/4.9.3/../../../../arm-none-eabi/lib/armv7-m/libc.a(lib_a-memcmp.o)
                0x0000d34c                memcmp
 .text          0x0000d3b0       0xec /opt/gcc-arm-none-eabi-4.9-cc1310/bin/../lib/gcc/arm-none-eabi/4.9.3/../../../../arm-none-eabi/lib/armv7-m/libc.a(lib_a-memcpy.o)
                0x0000d3b0                memcpy
 .text.memmove  0x0000d49c       0xc8 /opt/gcc-arm-none-eabi-4.9-cc1310/bin/../lib/gcc/arm-none-eabi/4.9.3/../../../../arm-none-eabi/lib/armv7-m/libc.a(lib_a-memmove.o)
                0x0000d49c                memmove
 .text.memset   0x0000d564       0x9c /opt/gcc-arm-none-eabi-4.9-cc1310/bin/../lib/gcc/arm-none-eabi/4.9.3/../../../../arm-none-eabi/lib/armv7-m/libc.a(lib_a-memset.o)
                0x0000d564                memset
 .text.strlen   0x0000d600       0x5c /opt/gcc-arm-none-eabi-4.9-cc1310/bin/../lib/gcc/arm-none-eabi/4.9.3/../../../../arm-none-eabi/lib/armv7-m/libc.a(lib_a-strlen.o)
                0x0000d600                strlen
 *(SORT(.rodata*))
 .rodata.autostart_processes
                0x0000d65c        0x8 app-root.co
                0x0000d65c                autostart_processes
 .rodata.str1.4
                0x0000d664       0x45 app-root.co
                                 0x48 (size before relaxing)
 *fill*         0x0000d6a9        0x3 00000000
 .rodata.str1.4
                0x0000d6ac       0x91 contiki-cc13xx.a(contiki-main.o)
                                 0x94 (size before relaxing)
 *fill*         0x0000d73d        0x3 00000000
 .rodata        0x0000d740       0x68 contiki-cc13xx.a(board.o)
 .rodata.str1.4
                0x0000d7a8       0xe2 contiki-cc13xx.a(node-id.o)
                                 0xe4 (size before relaxing)
 *fill*         0x0000d88a        0x2 00000000
 .rodata.str1.4
                0x0000d88c       0x1a contiki-cc13xx.a(external-watchd)
                                 0x1c (size before relaxing)
 *fill*         0x0000d8a6        0x2 00000000
 .rodata.mode_prop
                0x0000d8a8        0x8 contiki-cc13xx.a(prop-mode.o)
 .rodata.prop_mode_driver
                0x0000d8b0       0x38 contiki-cc13xx.a(prop-mode.o)
                0x0000d8b0                prop_mode_driver
 .rodata.patchGenfskRfe
                0x0000d8e8      0x6b4 contiki-cc13xx.a(prop-mode.o)
 .rodata.patchImageGenfsk
                0x0000df9c      0x28c contiki-cc13xx.a(prop-mode.o)
 .rodata.prop_mode_tx_power_431_527
                0x0000e228       0x30 contiki-cc13xx.a(prop-mode-tx-po)
                0x0000e228                prop_mode_tx_power_431_527
 .rodata.str1.4
                0x0000e258       0x46 contiki-cc13xx.a(rf-core.o)
                                 0x48 (size before relaxing)
 *fill*         0x0000e29e        0x2 00000000
 .rodata.str1.4
                0x0000e2a0       0x1b contiki-cc13xx.a(soc-trng.o)
                                 0x1c (size before relaxing)
 *fill*         0x0000e2bb        0x1 00000000
 .rodata.str1.4
                0x0000e2bc       0x46 contiki-cc13xx.a(strformat.o)
                                 0x48 (size before relaxing)
 *fill*         0x0000e302        0x2 00000000
 .rodata.buffer.4019
                0x0000e304       0x10 contiki-cc13xx.a(strformat.o)
 .rodata.buffer.4028
                0x0000e314       0x10 contiki-cc13xx.a(strformat.o)
 .rodata.str1.4
                0x0000e324        0xc contiki-cc13xx.a(etimer.o)
 .rodata.str1.4
                0x0000e330        0xf contiki-cc13xx.a(ctimer.o)
                                 0x10 (size before relaxing)
 *fill*         0x0000e33f        0x1 00000000
 .rodata.str1.4
                0x0000e340        0xe contiki-cc13xx.a(serial-line.o)
                                 0x10 (size before relaxing)
 *fill*         0x0000e34e        0x2 00000000
 .rodata        0x0000e350        0x4 contiki-cc13xx.a(sicslowpan.o)
 .rodata.ttl_values
                0x0000e354        0x4 contiki-cc13xx.a(sicslowpan.o)
 .rodata.unc_llconf
                0x0000e358        0x4 contiki-cc13xx.a(sicslowpan.o)
                0x0000e358                unc_llconf
 .rodata.llprefix
                0x0000e35c        0x4 contiki-cc13xx.a(sicslowpan.o)
                0x0000e35c                llprefix
 .rodata.sicslowpan_driver
                0x0000e360        0xc contiki-cc13xx.a(sicslowpan.o)
                0x0000e360                sicslowpan_driver
 .rodata.unc_mxconf
                0x0000e36c        0x4 contiki-cc13xx.a(sicslowpan.o)
                0x0000e36c                unc_mxconf
 .rodata.unc_ctxconf
                0x0000e370        0x4 contiki-cc13xx.a(sicslowpan.o)
                0x0000e370                unc_ctxconf
 .rodata.str1.4
                0x0000e374        0xb contiki-cc13xx.a(sicslowpan.o)
                                  0xc (size before relaxing)
 *fill*         0x0000e37f        0x1 00000000
 .rodata.str1.4
                0x0000e380        0xd contiki-cc13xx.a(tcpip.o)
                                 0x10 (size before relaxing)
 *fill*         0x0000e38d        0x3 00000000
 .rodata.linkaddr_null
                0x0000e390        0x4 contiki-cc13xx.a(linkaddr.o)
                0x0000e390                linkaddr_null
 .rodata.framer_802154
                0x0000e394        0xc contiki-cc13xx.a(framer-802154.o)
                0x0000e394                framer_802154
 .rodata.str1.4
                0x0000e3a0        0x8 contiki-cc13xx.a(nullrdc.o)
 .rodata.nullrdc_driver
                0x0000e3a8       0x20 contiki-cc13xx.a(nullrdc.o)
                0x0000e3a8                nullrdc_driver
 .rodata.str1.4
                0x0000e3c8      0x243 contiki-cc13xx.a(hitmac.o)
                                0x244 (size before relaxing)
 *fill*         0x0000e60b        0x1 00000000
 .rodata.hitmac_driver
                0x0000e60c       0x1c contiki-cc13xx.a(hitmac.o)
                0x0000e60c                hitmac_driver
 .rodata.str1.4
                0x0000e628      0x2ed contiki-cc13xx.a(hitmac-frame.o)
                                0x2f0 (size before relaxing)
 *fill*         0x0000e915        0x3 00000000
 .rodata.str1.4
                0x0000e918        0x8 contiki-cc13xx.a(nullsec.o)
 .rodata.nullsec_driver
                0x0000e920       0x10 contiki-cc13xx.a(nullsec.o)
                0x0000e920                nullsec_driver
 .rodata.str1.4
                0x0000e930       0x8c contiki-cc13xx.a(flashdata.o)
 .rodata.str1.4
                0x0000e9bc       0x2c contiki-cc13xx.a(uip-debug.o)
                0x0000e9e8                _etext = .

.glue_7         0x0000e9e8        0x0
 .glue_7        0x00000000        0x0 linker stubs

.glue_7t        0x0000e9e8        0x0
 .glue_7t       0x00000000        0x0 linker stubs

.vfp11_veneer   0x0000e9e8        0x0
 .vfp11_veneer  0x00000000        0x0 linker stubs

.v4_bx          0x0000e9e8        0x0
 .v4_bx         0x00000000        0x0 linker stubs

.iplt           0x0000e9e8        0x0
 .iplt          0x00000000        0x0 obj_cc13xx/startup_gcc.o

.data           0x20000000      0x32d load address 0x0000e9e8
                0x20000000                _data = .
 *(SORT(vtable))
 *(SORT(.data*))
 .data.app_root_process
                0x20000000       0x10 app-root.co
                0x20000000                app_root_process
 .data.srf_module
                0x20000010       0x14 contiki-cc13xx.a(board.o)
 .data.watchdog_process
                0x20000024       0x10 contiki-cc13xx.a(external-watchd)
                0x20000024                watchdog_process
 .data.prop_lpm_module
                0x20000034       0x14 contiki-cc13xx.a(prop-mode.o)
 .data.tx_power_current
                0x20000048        0x4 contiki-cc13xx.a(prop-mode.o)
                0x20000048                tx_power_current
 .data.uart_module
                0x2000004c       0x14 contiki-cc13xx.a(cc26xx-uart.o)
 .data.rf_core_process
                0x20000060       0x10 contiki-cc13xx.a(rf-core.o)
                0x20000060                rf_core_process
 .data.rng_module
                0x20000070       0x14 contiki-cc13xx.a(soc-trng.o)
 .data.soc_trng_process
                0x20000084       0x10 contiki-cc13xx.a(soc-trng.o)
                0x20000084                soc_trng_process
 .data.ctxt     0x20000094        0x8 contiki-cc13xx.a(dbg-printf.o)
 .data.etimer_process
                0x2000009c       0x10 contiki-cc13xx.a(etimer.o)
                0x2000009c                etimer_process
 .data.ctimer_process
                0x200000ac       0x10 contiki-cc13xx.a(ctimer.o)
                0x200000ac                ctimer_process
 .data.serial_line_process
                0x200000bc       0x10 contiki-cc13xx.a(serial-line.o)
                0x200000bc                serial_line_process
 .data.tcpip_process
                0x200000cc       0x10 contiki-cc13xx.a(tcpip.o)
                0x200000cc                tcpip_process
 .data.rpl_parents
                0x200000dc        0x4 contiki-cc13xx.a(rpl-dag.o)
                0x200000dc                rpl_parents
 .data.rpl_parents_struct
                0x200000e0       0x10 contiki-cc13xx.a(rpl-dag.o)
 .data.rpl_mrhof
                0x200000f0       0x24 contiki-cc13xx.a(rpl-mrhof.o)
                0x200000f0                rpl_mrhof
 .data.dao_ack_handler
                0x20000114        0xc contiki-cc13xx.a(rpl-icmp6.o)
 .data.dis_handler
                0x20000120        0xc contiki-cc13xx.a(rpl-icmp6.o)
 .data.dao_handler
                0x2000012c        0xc contiki-cc13xx.a(rpl-icmp6.o)
 .data.dio_handler
                0x20000138        0xc contiki-cc13xx.a(rpl-icmp6.o)
 .data.bufmem   0x20000144        0xc contiki-cc13xx.a(queuebuf.o)
 .data.buframmem
                0x20000150        0xc contiki-cc13xx.a(queuebuf.o)
 .data.neighbor_addr_mem
                0x2000015c        0xc contiki-cc13xx.a(nbr-table.o)
 .data.link_stats_struct
                0x20000168       0x10 contiki-cc13xx.a(link-stats.o)
 .data.hitmac_root_eb_process
                0x20000178       0x10 contiki-cc13xx.a(hitmac.o)
                0x20000178                hitmac_root_eb_process
 .data.hitmac_scheduler_process
                0x20000188       0x10 contiki-cc13xx.a(hitmac.o)
                0x20000188                hitmac_scheduler_process
 .data.hitmac_nodeid
                0x20000198        0xc contiki-cc13xx.a(hitmac.o)
                0x20000198                hitmac_nodeid
 .data.hitmac_process
                0x200001a4       0x10 contiki-cc13xx.a(hitmac.o)
                0x200001a4                hitmac_process
 .data.nodeid_slot
                0x200001b4        0x8 contiki-cc13xx.a(hitmac.o)
                0x200001b4                nodeid_slot
 .data.packet_memb
                0x200001bc        0xc contiki-cc13xx.a(hitmac-frame.o)
 .data.smartrf_settings_cmd_prop_rx_adv
                0x200001c8       0x30 contiki-cc13xx.a(smartrf-setting)
                0x200001c8                smartrf_settings_cmd_prop_rx_adv
 .data.smartrf_settings_cmd_fs
                0x200001f8       0x18 contiki-cc13xx.a(smartrf-setting)
                0x200001f8                smartrf_settings_cmd_fs
 .data.smartrf_settings_cmd_prop_radio_div_setup
                0x20000210       0x28 contiki-cc13xx.a(smartrf-setting)
                0x20000210                smartrf_settings_cmd_prop_radio_div_setup
 .data.smartrf_settings_cmd_prop_tx_adv
                0x20000238       0x20 contiki-cc13xx.a(smartrf-setting)
                0x20000238                smartrf_settings_cmd_prop_tx_adv
 .data.overrides
                0x20000258       0x60 contiki-cc13xx.a(smartrf-setting)
 .data.echo_request_handler
                0x200002b8        0xc contiki-cc13xx.a(uip-icmp6.o)
 .data.echo_reply_handler
                0x200002c4        0xc contiki-cc13xx.a(uip-icmp6.o)
 .data.defaultroutermemb
                0x200002d0        0xc contiki-cc13xx.a(uip-ds6-route.o)
 .data.nbr_routes_struct
                0x200002dc       0x10 contiki-cc13xx.a(uip-ds6-route.o)
 .data.nbr_routes
                0x200002ec        0x4 contiki-cc13xx.a(uip-ds6-route.o)
                0x200002ec                nbr_routes
 .data.routememb
                0x200002f0        0xc contiki-cc13xx.a(uip-ds6-route.o)
 .data.neighborroutememb
                0x200002fc        0xc contiki-cc13xx.a(uip-ds6-route.o)
 .data.ds6_neighbors
                0x20000308        0x4 contiki-cc13xx.a(uip-ds6-nbr.o)
                0x20000308                ds6_neighbors
 .data.ds6_neighbors_struct
                0x2000030c       0x10 contiki-cc13xx.a(uip-ds6-nbr.o)
 .data.ns_input_handler
                0x2000031c        0xc contiki-cc13xx.a(uip-nd6.o)
 .data.mac_pan_id
                0x20000328        0x2 contiki-cc13xx.a(frame802154.o)
 .data.rssi_threshold
                0x2000032a        0x1 contiki-cc13xx.a(prop-mode.o)
 .data.rng_ready_event
                0x2000032b        0x1 contiki-cc13xx.a(soc-trng.o)
 .data.dao_sequence
                0x2000032c        0x1 contiki-cc13xx.a(rpl-icmp6.o)
                0x2000032d                _edata = .

.igot.plt       0x20000330        0x0 load address 0x0000ed15
 .igot.plt      0x00000000        0x0 obj_cc13xx/startup_gcc.o

.ARM.exidx      0x0000ed18        0x8
 *(SORT(.ARM.exidx*))
 .ARM.exidx     0x0000ed18        0x8 /opt/gcc-arm-none-eabi-4.9-cc1310/bin/../lib/gcc/arm-none-eabi/4.9.3/armv7-m/libgcc.a(_divdi3.o)
 .ARM.exidx     0x0000ed20        0x0 /opt/gcc-arm-none-eabi-4.9-cc1310/bin/../lib/gcc/arm-none-eabi/4.9.3/armv7-m/libgcc.a(_udivdi3.o)
                                  0x8 (size before relaxing)

.bss            0x20000330     0x2ee3
                0x20000330                _bss = .
 *(SORT(.bss*))
 .bss.count     0x20000330        0x8 contiki-cc13xx.a(clock.o)
 .bss.rands_cache
                0x20000338       0x20 contiki-cc13xx.a(soc-trng.o)
 .bss.inited    0x20000358        0x4 contiki-cc13xx.a(board.o)
 .bss.dog       0x2000035c       0x10 contiki-cc13xx.a(external-watchd)
 .bss.rx_stats  0x2000036c        0xc contiki-cc13xx.a(prop-mode.o)
 .bss.rx_data_queue
                0x20000378        0x8 contiki-cc13xx.a(prop-mode.o)
 .bss.rx_read_entry
                0x20000380        0x4 contiki-cc13xx.a(prop-mode.o)
 .bss.tx_buf    0x20000384       0xb8 contiki-cc13xx.a(prop-mode.o)
 .bss.rx_buf    0x2000043c      0x230 contiki-cc13xx.a(prop-mode.o)
 .bss.last_isr_time
                0x2000066c        0x4 contiki-cc13xx.a(soc-rtc.o)
 .bss.input_handler
                0x20000670        0x4 contiki-cc13xx.a(cc26xx-uart.o)
 .bss.modules_list_list
                0x20000674        0x4 contiki-cc13xx.a(lpm.o)
 .bss.last_radio_op
                0x20000678        0x4 contiki-cc13xx.a(rf-core.o)
 .bss.primary_mode
                0x2000067c        0x4 contiki-cc13xx.a(rf-core.o)
 .bss.rat_offset
                0x20000680        0x4 contiki-cc13xx.a(rf-core.o)
                0x20000680                rat_offset
 .bss.notify_cb
                0x20000684        0x4 contiki-cc13xx.a(soc-trng.o)
 .bss.rands_mask
                0x20000688        0x4 contiki-cc13xx.a(soc-trng.o)
 .bss.timerlist
                0x2000068c        0x4 contiki-cc13xx.a(etimer.o)
 .bss.next_expiration
                0x20000690        0x4 contiki-cc13xx.a(etimer.o)
 .bss.ctimer_list_list
                0x20000694        0x4 contiki-cc13xx.a(ctimer.o)
 .bss.process_current
                0x20000698        0x4 contiki-cc13xx.a(process.o)
                0x20000698                process_current
 .bss.process_list
                0x2000069c        0x4 contiki-cc13xx.a(process.o)
                0x2000069c                process_list
 .bss.events    0x200006a0      0x180 contiki-cc13xx.a(process.o)
 .bss.next_rtimer
                0x20000820        0x4 contiki-cc13xx.a(rtimer.o)
 .bss.rxbuf_data
                0x20000824       0x80 contiki-cc13xx.a(serial-line.o)
 .bss.buf.4853  0x200008a4       0x80 contiki-cc13xx.a(serial-line.o)
 .bss.rxbuf     0x20000924        0x8 contiki-cc13xx.a(serial-line.o)
 .bss.ptr.4854  0x2000092c        0x4 contiki-cc13xx.a(serial-line.o)
 .bss.context   0x20000930        0x4 contiki-cc13xx.a(sicslowpan.o)
 .bss.last_rssi
                0x20000934        0x4 contiki-cc13xx.a(sicslowpan.o)
 .bss.hc06_ptr  0x20000938        0x4 contiki-cc13xx.a(sicslowpan.o)
 .bss.frag_info
                0x2000093c      0x158 contiki-cc13xx.a(sicslowpan.o)
 .bss.addr_contexts
                0x20000a94        0xc contiki-cc13xx.a(sicslowpan.o)
 .bss.packetbuf_ptr
                0x20000aa0        0x4 contiki-cc13xx.a(sicslowpan.o)
 .bss.last_tx_status
                0x20000aa4        0x4 contiki-cc13xx.a(sicslowpan.o)
 .bss.frag_buf  0x20000aa8      0x54c contiki-cc13xx.a(sicslowpan.o)
 .bss.packetbuf_payload_len
                0x20000ff4        0x4 contiki-cc13xx.a(sicslowpan.o)
 .bss.callback  0x20000ff8        0x4 contiki-cc13xx.a(sicslowpan.o)
 .bss.s         0x20000ffc       0xa4 contiki-cc13xx.a(tcpip.o)
 .bss.periodic  0x200010a0       0x10 contiki-cc13xx.a(tcpip.o)
 .bss.outputfunc
                0x200010b0        0x4 contiki-cc13xx.a(tcpip.o)
 .bss._rpl_parents_mem
                0x200010b4       0xa0 contiki-cc13xx.a(rpl-dag.o)
 .bss.periodic_timer
                0x20001154       0x20 contiki-cc13xx.a(rpl-timers.o)
 .bss.powerQualGlobals
                0x20001174        0x8 contiki-cc13xx.a(sys_ctrl.o)
 .bss.buframmem_memb_count
                0x2000117c        0x8 contiki-cc13xx.a(queuebuf.o)
 .bss.bufmem_memb_mem
                0x20001184       0x20 contiki-cc13xx.a(queuebuf.o)
 .bss.buframmem_memb_mem
                0x200011a4      0x520 contiki-cc13xx.a(queuebuf.o)
 .bss.bufmem_memb_count
                0x200016c4        0x8 contiki-cc13xx.a(queuebuf.o)
 .bss.neighbor_addr_mem_memb_count
                0x200016cc       0x14 contiki-cc13xx.a(nbr-table.o)
 .bss.locked_map
                0x200016e0       0x14 contiki-cc13xx.a(nbr-table.o)
 .bss.nbr_table_keys_list
                0x200016f4        0x4 contiki-cc13xx.a(nbr-table.o)
 .bss.neighbor_addr_mem_memb_mem
                0x200016f8       0xa0 contiki-cc13xx.a(nbr-table.o)
 .bss.used_map  0x20001798       0x14 contiki-cc13xx.a(nbr-table.o)
 .bss.all_tables
                0x200017ac       0x20 contiki-cc13xx.a(nbr-table.o)
 .bss.num_tables
                0x200017cc        0x4 contiki-cc13xx.a(nbr-table.o)
 .bss.packetbuf_aligned
                0x200017d0       0x80 contiki-cc13xx.a(packetbuf.o)
 .bss._link_stats_mem
                0x20001850       0xf0 contiki-cc13xx.a(link-stats.o)
 .bss.current_root_addr
                0x20001940        0x4 contiki-cc13xx.a(hitmac.o)
 .bss.current_asn_time
                0x20001944        0x4 contiki-cc13xx.a(hitmac.o)
 .bss.request_pt.6898
                0x20001948        0x4 contiki-cc13xx.a(hitmac.o)
 .bss.hitmac_current_scheduler
                0x2000194c       0x14 contiki-cc13xx.a(hitmac.o)
 .bss.hitmac_is_associated
                0x20001960        0x4 contiki-cc13xx.a(hitmac.o)
 .bss.hitmac_current_bussiness
                0x20001964        0x4 contiki-cc13xx.a(hitmac.o)
 .bss.hitmac_current_asn
                0x20001968        0x8 contiki-cc13xx.a(hitmac.o)
 .bss.asn_rtimer
                0x20001970        0xc contiki-cc13xx.a(hitmac.o)
 .bss.scan_timer.6872
                0x2000197c       0x10 contiki-cc13xx.a(hitmac.o)
 .bss.packet_memb_memb_count
                0x2000198c        0x8 contiki-cc13xx.a(hitmac-frame.o)
 .bss.packet_memb_memb_mem
                0x20001994      0x460 contiki-cc13xx.a(hitmac-frame.o)
 .bss.consumers_list_list
                0x20001df4        0x4 contiki-cc13xx.a(aux-ctrl.o)
 .bss.tmp_ipaddr
                0x20001df8       0x10 contiki-cc13xx.a(uip-icmp6.o)
 .bss.echo_reply_callback_list_list
                0x20001e08        0x4 contiki-cc13xx.a(uip-icmp6.o)
 .bss.input_handler_list_list
                0x20001e0c        0x4 contiki-cc13xx.a(uip-icmp6.o)
 .bss.locmaddr  0x20001e10        0x4 contiki-cc13xx.a(uip-ds6.o)
 .bss.locprefix
                0x20001e14        0x4 contiki-cc13xx.a(uip-ds6.o)
 .bss.locaddr   0x20001e18        0x4 contiki-cc13xx.a(uip-ds6.o)
 .bss.loc_fipaddr
                0x20001e1c       0x10 contiki-cc13xx.a(uip-ds6.o)
 .bss.defaultroutermemb_memb_mem
                0x20001e2c       0x40 contiki-cc13xx.a(uip-ds6-route.o)
 .bss.num_routes
                0x20001e6c        0x4 contiki-cc13xx.a(uip-ds6-route.o)
 .bss.defaultroutermemb_memb_count
                0x20001e70        0x4 contiki-cc13xx.a(uip-ds6-route.o)
 .bss.defaultrouterlist_list
                0x20001e74        0x4 contiki-cc13xx.a(uip-ds6-route.o)
 .bss._nbr_routes_mem
                0x20001e78       0xa0 contiki-cc13xx.a(uip-ds6-route.o)
 .bss.routelist_list
                0x20001f18        0x4 contiki-cc13xx.a(uip-ds6-route.o)
 .bss.routememb_memb_mem
                0x20001f1c      0x320 contiki-cc13xx.a(uip-ds6-route.o)
 .bss.neighborroutememb_memb_mem
                0x2000223c       0xa0 contiki-cc13xx.a(uip-ds6-route.o)
 .bss.notificationlist_list
                0x200022dc        0x4 contiki-cc13xx.a(uip-ds6-route.o)
 .bss.neighborroutememb_memb_count
                0x200022e0       0x14 contiki-cc13xx.a(uip-ds6-route.o)
 .bss.routememb_memb_count
                0x200022f4       0x14 contiki-cc13xx.a(uip-ds6-route.o)
 .bss.iss       0x20002308        0x4 contiki-cc13xx.a(uip6.o)
 .bss._ds6_neighbors_mem
                0x2000230c      0x168 contiki-cc13xx.a(uip-ds6-nbr.o)
 .bss.nbr       0x20002474        0x4 contiki-cc13xx.a(uip-nd6.o)
 .bss.nd6_opt_llao
                0x20002478        0x4 contiki-cc13xx.a(uip-nd6.o)
 .bss.addr      0x2000247c        0x4 contiki-cc13xx.a(uip-nd6.o)
 .bss.periodic_timer
                0x20002480       0x20 contiki-cc13xx.a(rpl-nbr-policy.)
 .bss.timer_init
                0x200024a0        0x4 contiki-cc13xx.a(rpl-nbr-policy.)
 .bss.num_children
                0x200024a4        0x4 contiki-cc13xx.a(rpl-nbr-policy.)
 .bss.worst_rank_nbr
                0x200024a8        0x4 contiki-cc13xx.a(rpl-nbr-policy.)
 .bss.num_free  0x200024ac        0x4 contiki-cc13xx.a(rpl-nbr-policy.)
 .bss.num_parents
                0x200024b0        0x4 contiki-cc13xx.a(rpl-nbr-policy.)
 .bss.received_seqnos
                0x200024b4       0xc0 contiki-cc13xx.a(mac-sequence.o)
 .bss.node_id   0x20002574        0x2 contiki-cc13xx.a(node-id.o)
                0x20002574                node_id
 .bss.my_tag    0x20002576        0x2 contiki-cc13xx.a(sicslowpan.o)
 .bss.next_dis  0x20002578        0x2 contiki-cc13xx.a(rpl-timers.o)
 .bss.buflen    0x2000257a        0x2 contiki-cc13xx.a(packetbuf.o)
 .bss.bufptr    0x2000257c        0x2 contiki-cc13xx.a(packetbuf.o)
 .bss.lastport  0x2000257e        0x2 contiki-cc13xx.a(uip6.o)
 .bss.worst_rank
                0x20002580        0x2 contiki-cc13xx.a(rpl-nbr-policy.)
 .bss.c         0x20002582        0x1 contiki-cc13xx.a(board.o)
 .bss.rat_offset_known
                0x20002583        0x1 contiki-cc13xx.a(rf-core.o)
 .bss.ble_mode_on
                0x20002584        0x1 contiki-cc13xx.a(rf-ble.o)
 .bss.initialized
                0x20002585        0x1 contiki-cc13xx.a(ctimer.o)
 .bss.fevent    0x20002586        0x1 contiki-cc13xx.a(process.o)
 .bss.nevents   0x20002587        0x1 contiki-cc13xx.a(process.o)
 .bss.poll_requested
                0x20002588        0x1 contiki-cc13xx.a(process.o)
 .bss.lastevent
                0x20002589        0x1 contiki-cc13xx.a(process.o)
 .bss.leds      0x2000258a        0x1 contiki-cc13xx.a(leds.o)
 .bss.uncomp_hdr_len
                0x2000258b        0x1 contiki-cc13xx.a(sicslowpan.o)
 .bss.packetbuf_hdr_len
                0x2000258c        0x1 contiki-cc13xx.a(sicslowpan.o)
 .bss.dio_send_ok
                0x2000258d        0x1 contiki-cc13xx.a(rpl-timers.o)
 .bss.mode      0x2000258e        0x1 contiki-cc13xx.a(rpl.o)
 .bss.hdrlen    0x2000258f        0x1 contiki-cc13xx.a(packetbuf.o)
 .bss.mac_dsn   0x20002590        0x1 contiki-cc13xx.a(framer-802154.o)
 .bss.initialized
                0x20002591        0x1 contiki-cc13xx.a(framer-802154.o)
 .bss.lost_sync_num
                0x20002592        0x1 contiki-cc13xx.a(hitmac.o)
                0x20002592                lost_sync_num
 .bss.rand_req.6873
                0x20002593        0x1 contiki-cc13xx.a(hitmac.o)
 .bss.hitmac_slot
                0x20002594        0x1 contiki-cc13xx.a(hitmac.o)
 .bss.mod_type  0x20002595        0x1 contiki-cc13xx.a(hitmac.o)
 .bss.hitmac_packet_seqno.6260
                0x20002596        0x1 contiki-cc13xx.a(hitmac-frame.o)
 .bss.uip_ext_len
                0x20002597        0x1 contiki-cc13xx.a(uip6.o)
                0x20002597                uip_ext_len
 .bss.uip_ext_bitmap
                0x20002598        0x1 contiki-cc13xx.a(uip6.o)
                0x20002598                uip_ext_bitmap
 .bss.uip_ext_opt_offset
                0x20002599        0x1 contiki-cc13xx.a(uip6.o)
                0x20002599                uip_ext_opt_offset
 .bss.nd6_opt_offset
                0x2000259a        0x1 contiki-cc13xx.a(uip-nd6.o)
 *(SORT(COMMON))
 *fill*         0x2000259b        0x1 
 COMMON         0x2000259c       0x8c app-root.co
                0x2000259c                conn_process
                0x200025a0                input_buf