Archive member included because of file (symbol)

contiki-cc13xx.a(contiki-main.o)
                              obj_cc13xx/startup_gcc.o (main)
contiki-cc13xx.a(board.o)     contiki-cc13xx.a(contiki-main.o) (board_init)
contiki-cc13xx.a(node-id.o)   contiki-cc13xx.a(contiki-main.o) (node_id_burn)
contiki-cc13xx.a(external-watchd)
                              contiki-cc13xx.a(contiki-main.o) (watchdog_process)
contiki-cc13xx.a(prop-mode.o)
                              contiki-cc13xx.a(contiki-main.o) (prop_mode_driver)
contiki-cc13xx.a(prop-mode-tx-po)
                              contiki-cc13xx.a(prop-mode.o) (prop_mode_tx_power_431_527)
contiki-cc13xx.a(clock.o)     contiki-cc13xx.a(contiki-main.o) (clock_init)
contiki-cc13xx.a(rtimer-arch.o)
                              contiki-cc13xx.a(prop-mode.o) (rtimer_arch_now)
contiki-cc13xx.a(soc-rtc.o)   contiki-cc13xx.a(contiki-main.o) (soc_rtc_init)
contiki-cc13xx.a(contiki-watchdo)
                              contiki-cc13xx.a(contiki-main.o) (watchdog_init)
contiki-cc13xx.a(putchar.o)   contiki-cc13xx.a(node-id.o) (putchar)
contiki-cc13xx.a(ieee-addr.o)
                              contiki-cc13xx.a(contiki-main.o) (ieee_addr_cpy_to)
contiki-cc13xx.a(cc26xx-uart.o)
                              contiki-cc13xx.a(contiki-main.o) (cc26xx_uart_init)
contiki-cc13xx.a(lpm.o)       contiki-cc13xx.a(contiki-main.o) (lpm_drop)
contiki-cc13xx.a(oscillators.o)
                              contiki-cc13xx.a(contiki-main.o) (oscillators_select_lf_xosc)
contiki-cc13xx.a(rf-core.o)   contiki-cc13xx.a(prop-mode.o) (rf_core_is_accessible)
contiki-cc13xx.a(rf-ble.o)    contiki-cc13xx.a(prop-mode.o) (rf_ble_is_active)
contiki-cc13xx.a(random.o)    contiki-cc13xx.a(contiki-main.o) (random_init)
contiki-cc13xx.a(soc-trng.o)  contiki-cc13xx.a(random.o) (soc_trng_rand_synchronous)
contiki-cc13xx.a(dbg-printf.o)
                              app-root.co (printf)
contiki-cc13xx.a(dbg-sprintf.o)
                              app-root.co (sprintf)
contiki-cc13xx.a(strformat.o)
                              contiki-cc13xx.a(dbg-printf.o) (format_str_v)
contiki-cc13xx.a(autostart.o)
                              contiki-cc13xx.a(contiki-main.o) (autostart_start)
contiki-cc13xx.a(ctimer.o)    contiki-cc13xx.a(contiki-main.o) (ctimer_init)
contiki-cc13xx.a(energest.o)  contiki-cc13xx.a(contiki-main.o) (energest_init)
contiki-cc13xx.a(etimer.o)    contiki-cc13xx.a(clock.o) (etimer_request_poll)
contiki-cc13xx.a(process.o)   contiki-cc13xx.a(soc-trng.o) (process_alloc_event)
contiki-cc13xx.a(rtimer.o)    contiki-cc13xx.a(contiki-main.o) (rtimer_init)
contiki-cc13xx.a(timer.o)     contiki-cc13xx.a(etimer.o) (timer_set)
contiki-cc13xx.a(serial-line.o)
                              contiki-cc13xx.a(contiki-main.o) (serial_line_init)
contiki-cc13xx.a(leds.o)      contiki-cc13xx.a(board.o) (leds_init)
contiki-cc13xx.a(list.o)      contiki-cc13xx.a(lpm.o) (list_init)
contiki-cc13xx.a(ringbuf.o)   contiki-cc13xx.a(serial-line.o) (ringbuf_init)
contiki-cc13xx.a(sicslowpan.o)
                              contiki-cc13xx.a(contiki-main.o) (sicslowpan_driver)
contiki-cc13xx.a(tcpip.o)     contiki-cc13xx.a(sicslowpan.o) (tcpip_set_outputfunc)
contiki-cc13xx.a(rpl-ext-header.)
                              contiki-cc13xx.a(tcpip.o) (rpl_update_header)
contiki-cc13xx.a(rpl.o)       contiki-cc13xx.a(tcpip.o) (rpl_init)
contiki-cc13xx.a(rpl-icmp6.o)
                              contiki-cc13xx.a(rpl.o) (dao_output)
contiki-cc13xx.a(rpl-dag.o)   contiki-cc13xx.a(rpl.o) (rpl_dag_init)
contiki-cc13xx.a(setup.o)     obj_cc13xx/startup_gcc.o (NOROM_SetupTrimDevice)
contiki-cc13xx.a(setup_rom.o)
                              contiki-cc13xx.a(setup.o) (NOROM_SetupAfterColdResetWakeupFromShutDownCfg1)
contiki-cc13xx.a(trng.o)      contiki-cc13xx.a(soc-trng.o) (NOROM_TRNGConfigure)
contiki-cc13xx.a(adi.o)       contiki-cc13xx.a(oscillators.o) (SafeHapiVoid)
contiki-cc13xx.a(ddi.o)       contiki-cc13xx.a(setup_rom.o) (NOROM_DDI32RegWrite)
contiki-cc13xx.a(chipinfo.o)  contiki-cc13xx.a(prop-mode.o) (NOROM_ChipInfo_GetChipFamily)
contiki-cc13xx.a(cpu.o)       contiki-cc13xx.a(contiki-main.o) (NOROM_CPUcpsid)
contiki-cc13xx.a(pwr_ctrl.o)  contiki-cc13xx.a(lpm.o) (NOROM_PowerCtrlSourceSet)
contiki-cc13xx.a(sys_ctrl.o)  contiki-cc13xx.a(lpm.o) (NOROM_SysCtrlSetRechargeBeforePowerDown)
contiki-cc13xx.a(osc.o)       contiki-cc13xx.a(oscillators.o) (NOROM_OSCClockSourceSet)
contiki-cc13xx.a(aon_rtc.o)   contiki-cc13xx.a(rtimer-arch.o) (NOROM_AONRTCCurrentCompareValueGet)
contiki-cc13xx.a(rfc.o)       contiki-cc13xx.a(prop-mode.o) (NOROM_RFCRTrim)
contiki-cc13xx.a(queuebuf.o)  contiki-cc13xx.a(sicslowpan.o) (queuebuf_numfree)
contiki-cc13xx.a(nbr-table.o)
                              contiki-cc13xx.a(rpl-dag.o) (nbr_table_register)
contiki-cc13xx.a(packetbuf.o)
                              contiki-cc13xx.a(queuebuf.o) (packetbuf_copyto)
contiki-cc13xx.a(netstack.o)  contiki-cc13xx.a(contiki-main.o) (netstack_init)
[...]
Memory Configuration

Name             Origin             Length             Attributes
FLASH            0x00000000         0x0001ffa8         xr
FLASH_CCFG       0x0001ffa8         0x00000058         xr
SRAM             0x20000000         0x00005000         xrw
GPRAM            0x11000000         0x00002000         xrw
*default*        0x00000000         0xffffffff

Linker script and memory map

LOAD obj_cc13xx/fault-handlers.o
LOAD obj_cc13xx/ccfg.o
LOAD obj_cc13xx/startup_gcc.o
LOAD app-root.co
LOAD contiki-cc13xx.a
LOAD /opt/gcc-arm-none/bin/../lib/gcc/arm-none-eabi/4.9.3/../../../../arm-none-eabi/lib/armv7-m/libm.a
START GROUP
LOAD /opt/gcc-arm-none/bin/../lib/gcc/arm-none-eabi/4.9.3/armv7-m/libgcc.a
LOAD /opt/gcc-arm-none/bin/../lib/gcc/arm-none-eabi/4.9.3/../../../../arm-none-eabi/lib/armv7-m/libc.a
END GROUP
START GROUP
LOAD /opt/gcc-arm-none/bin/../lib/gcc/arm-none-eabi/4.9.3/armv7-m/libgcc.a
LOAD /opt/gcc-arm-none/bin/../lib/gcc/arm-none-eabi/4.9.3/../../../../arm-none-eabi/lib/armv7-m/libc.a
LOAD /opt/gcc-arm-none/bin/../lib/gcc/arm-none-eabi/4.9.3/../../../../arm-none-eabi/lib/armv7-m/libnosys.a
END GROUP
                0x20005000                _estack = (ORIGIN (SRAM) + 0x5000)
                0x00000000                _Min_Heap_Size = 0x0
                0x00000100                _Min_Stack_Size = 0x100

.text           0x00000000     0xe96c
                0x00000000                _text = .
 *(SORT(.vectors))
 .vectors       0x00000000       0xc8 obj_cc13xx/startup_gcc.o
                0x00000000                g_pfnVectors
 *(SORT(.text*))
 .text.FaultISR
                0x000000c8       0x18 obj_cc13xx/fault-handlers.o
                0x000000c8                FaultISR
 .text.NmiSRHandler
                0x000000e0        0x4 obj_cc13xx/startup_gcc.o
                0x000000e0                NmiSR
 .text.IntDefaultHandler
                0x000000e4        0x4 obj_cc13xx/startup_gcc.o
                0x000000e4                SSI0IntHandler
                0x000000e4                SWEvent0IntHandler
                0x000000e4                uDMAIntHandler
                0x000000e4                WatchdogIntHandler
                0x000000e4                RFCHardwareIntHandler
                0x000000e4                Timer1BIntHandler
                0x000000e4                I2SIntHandler
                0x000000e4                Timer2BIntHandler
                0x000000e4                Timer2AIntHandler
                0x000000e4                Timer1AIntHandler
                0x000000e4                GPIOIntHandler
                0x000000e4                AONIntHandler
                0x000000e4                AUXSWEvent0IntHandler
                0x000000e4                AUXADCIntHandler
                0x000000e4                PendSVIntHandler
                0x000000e4                AUXSWEvent1IntHandler
                0x000000e4                SVCallIntHandler
                0x000000e4                MPUFaultIntHandler
                0x000000e4                SysTickIntHandler
                0x000000e4                BusFaultIntHandler
                0x000000e4                AONProgIntHandler
                0x000000e4                AUXCompAIntHandler
                0x000000e4                SSI1IntHandler
                0x000000e4                FlashIntHandler
                0x000000e4                uDMAErrIntHandler
                0x000000e4                UsageFaultIntHandler
                0x000000e4                RFCCmdAckIntHandler
                0x000000e4                CryptoIntHandler
                0x000000e4                Timer0AIntHandler
                0x000000e4                I2CIntHandler
                0x000000e4                DebugMonIntHandler
                0x000000e4                Timer0BIntHandler
                0x000000e4                AUXCombEventIntHandler
                0x000000e4                Timer3AIntHandler
                0x000000e4                DynProgIntHandler
                0x000000e4                Timer3BIntHandler
 .text.ResetISR
                0x000000e8       0x5c obj_cc13xx/startup_gcc.o
                0x000000e8                ResetISR
 .text.process_thread_app_root_process
                0x00000144      0x160 app-root.co
 .text.set_nodeid
                0x000002a4       0x34 contiki-cc13xx.a(contiki-main.o)
                0x000002a4                set_nodeid
 .text.startup.main
                0x000002d8      0x18c contiki-cc13xx.a(contiki-main.o)
                0x000002d8                main
 .text.wakeup_handler
                0x00000464       0x20 contiki-cc13xx.a(board.o)
 .text.leds_arch_init
                0x00000484       0x28 contiki-cc13xx.a(board.o)
                0x00000484                leds_arch_init
 .text.leds_arch_set
                0x000004ac       0x1c contiki-cc13xx.a(board.o)
                0x000004ac                leds_arch_set
 .text.logic_test
                0x000004c8        0xc contiki-cc13xx.a(board.o)
                0x000004c8                logic_test
 .text.board_init
                0x000004d4       0xa4 contiki-cc13xx.a(board.o)
                0x000004d4                board_init
 .text.node_id_burn
                0x00000578        0xc contiki-cc13xx.a(node-id.o)
                0x00000578                node_id_burn
 .text.restart_count_byte_burn
                0x00000584       0x30 contiki-cc13xx.a(node-id.o)
                0x00000584                restart_count_byte_burn
 .text.restart_count_byte_restore
                0x000005b4       0x30 contiki-cc13xx.a(node-id.o)
                0x000005b4                restart_count_byte_restore
 .text.process_thread_watchdog_process
                0x000005e4       0x64 contiki-cc13xx.a(external-watchd)
 .text.get_object
                0x00000648        0x4 contiki-cc13xx.a(prop-mode.o)
 .text.set_object
                0x0000064c        0x4 contiki-cc13xx.a(prop-mode.o)
 .text.request  0x00000650       0x20 contiki-cc13xx.a(prop-mode.o)
 .text.soft_off_prop
                0x00000670       0x3c contiki-cc13xx.a(prop-mode.o)
 .text.rx_on_prop
                0x000006ac       0x70 contiki-cc13xx.a(prop-mode.o)
 .text.prepare  0x0000071c       0x1c contiki-cc13xx.a(prop-mode.o)
 .text.pending_packet
                0x00000738       0x34 contiki-cc13xx.a(prop-mode.o)
 .text.read_frame
                0x0000076c       0x50 contiki-cc13xx.a(prop-mode.o)
 .text.rx_off_prop
                0x000007bc       0x50 contiki-cc13xx.a(prop-mode.o)
 .text.prop_div_radio_setup
                0x0000080c       0x50 contiki-cc13xx.a(prop-mode.o)
 .text.prop_fs  0x0000085c       0x34 contiki-cc13xx.a(prop-mode.o)
 .text.soft_on_prop
                0x00000890       0x20 contiki-cc13xx.a(prop-mode.o)
 .text.off      0x000008b0       0x24 contiki-cc13xx.a(prop-mode.o)
 .text.on       0x000008d4      0x1fc contiki-cc13xx.a(prop-mode.o)
 .text.set_value
                0x00000ad0      0x19c contiki-cc13xx.a(prop-mode.o)
 .text.get_value
                0x00000c6c      0x16c contiki-cc13xx.a(prop-mode.o)
 .text.transmit
                0x00000dd8       0xa4 contiki-cc13xx.a(prop-mode.o)
 .text.send     0x00000e7c       0x24 contiki-cc13xx.a(prop-mode.o)
 .text.channel_clear
                0x00000ea0       0x74 contiki-cc13xx.a(prop-mode.o)
 .text.receiving_packet
                0x00000f14       0x28 contiki-cc13xx.a(prop-mode.o)
 .text.init     0x00000f3c       0x94 contiki-cc13xx.a(prop-mode.o)
 .text.power_domain_on
                0x00000fd0       0x20 contiki-cc13xx.a(clock.o)
 .text.clock_init
                0x00000ff0       0x98 contiki-cc13xx.a(clock.o)
                0x00000ff0                clock_init
 .text.clock_time
                0x00001088       0x34 contiki-cc13xx.a(clock.o)
                0x00001088                clock_time
 .text.clock_update
                0x000010bc       0x3c contiki-cc13xx.a(clock.o)
                0x000010bc                clock_update
 .text.clock_seconds
                0x000010f8       0x18 contiki-cc13xx.a(clock.o)
                0x000010f8                clock_seconds
 .text.rtimer_arch_init
                0x00001110        0x4 contiki-cc13xx.a(rtimer-arch.o)
                0x00001110                rtimer_arch_init
 .text.rtimer_arch_schedule
                0x00001114        0x8 contiki-cc13xx.a(rtimer-arch.o)
                0x00001114                rtimer_arch_schedule
 .text.rtimer_arch_now
                0x0000111c        0x4 contiki-cc13xx.a(rtimer-arch.o)
                0x0000111c                rtimer_arch_now
 .text.soc_rtc_init
                0x00001120       0xa0 contiki-cc13xx.a(soc-rtc.o)
                0x00001120                soc_rtc_init
 .text.soc_rtc_schedule_one_shot
                0x000011c0       0x70 contiki-cc13xx.a(soc-rtc.o)
                0x000011c0                soc_rtc_schedule_one_shot
 .text.soc_rtc_last_isr_time
                0x00001230        0xc contiki-cc13xx.a(soc-rtc.o)
                0x00001230                soc_rtc_last_isr_time
 .text.AONRTCIntHandler
                0x0000123c       0x88 contiki-cc13xx.a(soc-rtc.o)
                0x0000123c                AONRTCIntHandler
 .text.lock_config
                0x000012c4       0x18 contiki-cc13xx.a(contiki-watchdo)
 .text.unlock_config
                0x000012dc       0x2c contiki-cc13xx.a(contiki-watchdo)
 .text.watchdog_init
                0x00001308       0x1c contiki-cc13xx.a(contiki-watchdo)
                0x00001308                watchdog_init
 .text.watchdog_start
                0x00001324       0x30 contiki-cc13xx.a(contiki-watchdo)
                0x00001324                watchdog_start
 .text.watchdog_periodic
                0x00001354       0x1c contiki-cc13xx.a(contiki-watchdo)
                0x00001354                watchdog_periodic
 .text.putchar  0x00001370       0x10 contiki-cc13xx.a(putchar.o)
                0x00001370                putchar
 .text.puts     0x00001380       0x30 contiki-cc13xx.a(putchar.o)
                0x00001380                puts
 .text.dbg_send_bytes
                0x000013b0       0x40 contiki-cc13xx.a(putchar.o)
                0x000013b0                dbg_send_bytes
 .text.ieee_addr_cpy_to
                0x000013f0       0x40 contiki-cc13xx.a(ieee-addr.o)
                0x000013f0                ieee_addr_cpy_to
 .text.power_and_clock
                0x00001430       0x40 contiki-cc13xx.a(cc26xx-uart.o)
 .text.enable   0x00001470       0xf4 contiki-cc13xx.a(cc26xx-uart.o)
 .text.accessible
                0x00001564       0x24 contiki-cc13xx.a(cc26xx-uart.o)
 .text.lpm_drop_handler
                0x00001588       0xcc contiki-cc13xx.a(cc26xx-uart.o)
 .text.cc26xx_uart_init
                0x00001654       0x28 contiki-cc13xx.a(cc26xx-uart.o)
                0x00001654                cc26xx_uart_init
 .text.cc26xx_uart_write_byte
                0x0000167c       0x28 contiki-cc13xx.a(cc26xx-uart.o)
                0x0000167c                cc26xx_uart_write_byte
 .text.cc26xx_uart_busy
                0x000016a4       0x18 contiki-cc13xx.a(cc26xx-uart.o)
                0x000016a4                cc26xx_uart_busy
 .text.UART0IntHandler
                0x000016bc       0x54 contiki-cc13xx.a(cc26xx-uart.o)
                0x000016bc                UART0IntHandler
 .text.lpm_drop
                0x00001710      0x25c contiki-cc13xx.a(lpm.o)
                0x00001710                lpm_drop
 .text.lpm_register_module
                0x0000196c        0xc contiki-cc13xx.a(lpm.o)
                0x0000196c                lpm_register_module
 .text.lpm_unregister_module
                0x00001978        0xc contiki-cc13xx.a(lpm.o)
                0x00001978                lpm_unregister_module
 .text.lpm_init
                0x00001984       0x20 contiki-cc13xx.a(lpm.o)
                0x00001984                lpm_init
 .text.lpm_pin_set_default_state
                0x000019a4       0x2c contiki-cc13xx.a(lpm.o)
                0x000019a4                lpm_pin_set_default_state
 .text.oscillators_select_lf_xosc
                0x000019d0       0x58 contiki-cc13xx.a(oscillators.o)
                0x000019d0                oscillators_select_lf_xosc
 .text.oscillators_request_hf_xosc
                0x00001a28       0x30 contiki-cc13xx.a(oscillators.o)
                0x00001a28                oscillators_request_hf_xosc
 .text.oscillators_switch_to_hf_xosc
                0x00001a58       0x34 contiki-cc13xx.a(oscillators.o)
                0x00001a58                oscillators_switch_to_hf_xosc
 .text.oscillators_switch_to_hf_rc
                0x00001a8c       0x38 contiki-cc13xx.a(oscillators.o)
                0x00001a8c                oscillators_switch_to_hf_rc
 .text.process_thread_rf_core_process
                0x00001ac4       0x58 contiki-cc13xx.a(rf-core.o)
 .text.rf_core_is_accessible
                0x00001b1c       0x10 contiki-cc13xx.a(rf-core.o)
                0x00001b1c                rf_core_is_accessible
 .text.rf_core_send_cmd
                0x00001b2c       0xa4 contiki-cc13xx.a(rf-core.o)
                0x00001b2c                rf_core_send_cmd
 .text.rf_core_wait_cmd_done
                0x00001bd0       0x30 contiki-cc13xx.a(rf-core.o)
                0x00001bd0                rf_core_wait_cmd_done
 .text.rf_core_power_up
                0x00001c00       0xcc contiki-cc13xx.a(rf-core.o)
                0x00001c00                rf_core_power_up
 .text.rf_core_start_rat
                0x00001ccc       0x68 contiki-cc13xx.a(rf-core.o)
                0x00001ccc                rf_core_start_rat
 .text.rf_core_stop_rat
                0x00001d34       0x7c contiki-cc13xx.a(rf-core.o)
                0x00001d34                rf_core_stop_rat
 .text.rf_core_power_down
                0x00001db0       0xec contiki-cc13xx.a(rf-core.o)
                0x00001db0                rf_core_power_down
 .text.rf_core_set_modesel
                0x00001e9c       0x44 contiki-cc13xx.a(rf-core.o)
                0x00001e9c                rf_core_set_modesel
 .text.rf_core_setup_interrupts
                0x00001ee0       0x74 contiki-cc13xx.a(rf-core.o)
                0x00001ee0                rf_core_setup_interrupts
 .text.rf_core_cmd_done_en
                0x00001f54       0x28 contiki-cc13xx.a(rf-core.o)
                0x00001f54                rf_core_cmd_done_en
 .text.rf_core_cmd_done_dis
                0x00001f7c       0x18 contiki-cc13xx.a(rf-core.o)
                0x00001f7c                rf_core_cmd_done_dis
 .text.rf_core_get_last_radio_op
                0x00001f94        0xc contiki-cc13xx.a(rf-core.o)
                0x00001f94                rf_core_get_last_radio_op
 .text.rf_core_primary_mode_register
                0x00001fa0        0xc contiki-cc13xx.a(rf-core.o)
                0x00001fa0                rf_core_primary_mode_register
 .text.RFCCPE1IntHandler
                0x00001fac       0x28 contiki-cc13xx.a(rf-core.o)
                0x00001fac                RFCCPE1IntHandler
 .text.RFCCPE0IntHandler
                0x00001fd4       0x5c contiki-cc13xx.a(rf-core.o)
                0x00001fd4                RFCCPE0IntHandler
 .text.rf_ble_is_active
                0x00002030        0xc contiki-cc13xx.a(rf-ble.o)
                0x00002030                rf_ble_is_active
 .text.random_rand
                0x0000203c        0xc contiki-cc13xx.a(random.o)
                0x0000203c                random_rand
 .text.random_init
                0x00002048        0x4 contiki-cc13xx.a(random.o)
                0x00002048                random_init
 .text.power_up
                0x0000204c       0x40 contiki-cc13xx.a(soc-trng.o)
 .text.request  0x0000208c       0x14 contiki-cc13xx.a(soc-trng.o)
 .text.process_thread_soc_trng_process
                0x000020a0       0x94 contiki-cc13xx.a(soc-trng.o)
 .text.accessible
                0x00002134       0x24 contiki-cc13xx.a(soc-trng.o)
 .text.soc_trng_rand_synchronous
                0x00002158       0xc4 contiki-cc13xx.a(soc-trng.o)
                0x00002158                soc_trng_rand_synchronous
 .text.TRNGIntHandler
                0x0000221c       0x50 contiki-cc13xx.a(soc-trng.o)
                0x0000221c                TRNGIntHandler
 .text.soc_trng_init
                0x0000226c       0x28 contiki-cc13xx.a(soc-trng.o)
                0x0000226c                soc_trng_init
 .text.write_str
                0x00002294       0x14 contiki-cc13xx.a(dbg-printf.o)
 .text.printf   0x000022a8       0x24 contiki-cc13xx.a(dbg-printf.o)
                0x000022a8                printf
 .text.buffer_str
                0x000022cc       0x18 contiki-cc13xx.a(dbg-sprintf.o)
 .text.sprintf  0x000022e4       0x34 contiki-cc13xx.a(dbg-sprintf.o)
                0x000022e4                sprintf
 .text.fill_space
                0x00002318       0x3c contiki-cc13xx.a(strformat.o)
 .text.format_str_v
                0x00002354      0x95c contiki-cc13xx.a(strformat.o)
                0x00002354                format_str_v
 .text.autostart_start
                0x00002cb0       0x18 contiki-cc13xx.a(autostart.o)
                0x00002cb0                autostart_start
 .text.process_thread_ctimer_process
                0x00002cc8       0x94 contiki-cc13xx.a(ctimer.o)
 .text.ctimer_init
                0x00002d5c       0x28 contiki-cc13xx.a(ctimer.o)
                0x00002d5c                ctimer_init
 .text.ctimer_set_with_process
                0x00002d84       0x4c contiki-cc13xx.a(ctimer.o)
                0x00002d84                ctimer_set_with_process
 .text.ctimer_set
                0x00002dd0       0x18 contiki-cc13xx.a(ctimer.o)
                0x00002dd0                ctimer_set
 .text.ctimer_reset
                0x00002de8       0x38 contiki-cc13xx.a(ctimer.o)
                0x00002de8                ctimer_reset
 .text.ctimer_restart
                0x00002e20       0x38 contiki-cc13xx.a(ctimer.o)
                0x00002e20                ctimer_restart
 .text.ctimer_stop
                0x00002e58       0x34 contiki-cc13xx.a(ctimer.o)
                0x00002e58                ctimer_stop
 .text.energest_init
                0x00002e8c        0x4 contiki-cc13xx.a(energest.o)
                0x00002e8c                energest_init
 .text.update_time
                0x00002e90       0x44 contiki-cc13xx.a(etimer.o)
 .text.process_thread_etimer_process
                0x00002ed4       0xc8 contiki-cc13xx.a(etimer.o)
 .text.add_timer
                0x00002f9c       0x54 contiki-cc13xx.a(etimer.o)
 .text.etimer_request_poll
                0x00002ff0        0xc contiki-cc13xx.a(etimer.o)
                0x00002ff0                etimer_request_poll
 .text.etimer_set
                0x00002ffc       0x14 contiki-cc13xx.a(etimer.o)
                0x00002ffc                etimer_set
 .text.etimer_reset
                0x00003010       0x14 contiki-cc13xx.a(etimer.o)
                0x00003010                etimer_reset
 .text.etimer_restart
                0x00003024       0x14 contiki-cc13xx.a(etimer.o)
                0x00003024                etimer_restart
 .text.etimer_expired
                0x00003038        0xc contiki-cc13xx.a(etimer.o)
                0x00003038                etimer_expired
 .text.etimer_expiration_time
                0x00003044        0x8 contiki-cc13xx.a(etimer.o)
                0x00003044                etimer_expiration_time
 .text.etimer_pending
                0x0000304c       0x10 contiki-cc13xx.a(etimer.o)
                0x0000304c                etimer_pending
 .text.etimer_next_expiration_time
                0x0000305c       0x14 contiki-cc13xx.a(etimer.o)
                0x0000305c                etimer_next_expiration_time
 .text.etimer_stop
                0x00003070       0x4c contiki-cc13xx.a(etimer.o)
                0x00003070                etimer_stop
 .text.exit_process
                0x000030bc       0xb0 contiki-cc13xx.a(process.o)
 .text.call_process.part.0
                0x0000316c       0x38 contiki-cc13xx.a(process.o)
 .text.do_poll  0x000031a4       0x3c contiki-cc13xx.a(process.o)
 .text.process_alloc_event
                0x000031e0       0x10 contiki-cc13xx.a(process.o)
                0x000031e0                process_alloc_event
 .text.process_init
                0x000031f0       0x34 contiki-cc13xx.a(process.o)
                0x000031f0                process_init
 .text.process_run
                0x00003224       0xac contiki-cc13xx.a(process.o)
                0x00003224                process_run
 .text.process_nevents
                0x000032d0       0x14 contiki-cc13xx.a(process.o)
                0x000032d0                process_nevents
 .text.process_post
                0x000032e4       0x40 contiki-cc13xx.a(process.o)
                0x000032e4                process_post
 .text.process_post_synch
                0x00003324       0x18 contiki-cc13xx.a(process.o)
                0x00003324                process_post_synch
 .text.process_start
                0x0000333c       0x40 contiki-cc13xx.a(process.o)
                0x0000333c                process_start
 .text.process_poll
                0x0000337c       0x18 contiki-cc13xx.a(process.o)
                0x0000337c                process_poll
 .text.rtimer_init
                0x00003394        0x4 contiki-cc13xx.a(rtimer.o)
                0x00003394                rtimer_init
 .text.rtimer_set
                0x00003398       0x34 contiki-cc13xx.a(rtimer.o)
                0x00003398                rtimer_set
 .text.rtimer_run_next
                0x000033cc       0x28 contiki-cc13xx.a(rtimer.o)
                0x000033cc                rtimer_run_next
 .text.timer_set
                0x000033f4       0x10 contiki-cc13xx.a(timer.o)
                0x000033f4                timer_set
 .text.timer_reset
                0x00003404        0xc contiki-cc13xx.a(timer.o)
                0x00003404                timer_reset
 .text.timer_restart
                0x00003410        0xc contiki-cc13xx.a(timer.o)
                0x00003410                timer_restart
 .text.timer_expired
                0x0000341c       0x1c contiki-cc13xx.a(timer.o)
                0x0000341c                timer_expired
 .text.process_thread_serial_line_process
                0x00003438       0xac contiki-cc13xx.a(serial-line.o)
 .text.serial_line_init
                0x000034e4       0x24 contiki-cc13xx.a(serial-line.o)
                0x000034e4                serial_line_init
 .text.leds_init
                0x00003508       0x14 contiki-cc13xx.a(leds.o)
                0x00003508                leds_init
 .text.leds_toggle
                0x0000351c       0x14 contiki-cc13xx.a(leds.o)
                0x0000351c                leds_toggle
 .text.list_init
                0x00003530        0x8 contiki-cc13xx.a(list.o)
                0x00003530                list_init
 .text.list_head
                0x00003538        0x4 contiki-cc13xx.a(list.o)
                0x00003538                list_head
 .text.list_add
                0x0000353c       0x48 contiki-cc13xx.a(list.o)
                0x0000353c                list_add
 .text.list_push
                0x00003584       0x40 contiki-cc13xx.a(list.o)
                0x00003584                list_push
 .text.list_remove
                0x000035c4       0x2c contiki-cc13xx.a(list.o)
                0x000035c4                list_remove
 .text.list_length
                0x000035f0       0x14 contiki-cc13xx.a(list.o)
                0x000035f0                list_length
 .text.list_item_next
                0x00003604        0x8 contiki-cc13xx.a(list.o)
                0x00003604                list_item_next
 .text.ringbuf_init
                0x0000360c       0x10 contiki-cc13xx.a(ringbuf.o)
                0x0000360c                ringbuf_init
 .text.ringbuf_get
                0x0000361c       0x28 contiki-cc13xx.a(ringbuf.o)
                0x0000361c                ringbuf_get
 .text.sicslowpan_init
                0x00003644       0x24 contiki-cc13xx.a(sicslowpan.o)
                0x00003644                sicslowpan_init
 .text.compress_addr_64
                0x00003668       0x9c contiki-cc13xx.a(sicslowpan.o)
 .text.set_packet_attrs
                0x00003704       0x4c contiki-cc13xx.a(sicslowpan.o)
 .text.addr_context_lookup_by_prefix
                0x00003750       0x28 contiki-cc13xx.a(sicslowpan.o)
 .text.send_packet
                0x00003778       0x24 contiki-cc13xx.a(sicslowpan.o)
 .text.packet_sent
                0x0000379c       0x28 contiki-cc13xx.a(sicslowpan.o)
 .text.store_fragment
                0x000037c4       0x68 contiki-cc13xx.a(sicslowpan.o)
 .text.add_fragment
                0x0000382c      0x198 contiki-cc13xx.a(sicslowpan.o)
 .text.uncompress_addr
                0x000039c4       0xb8 contiki-cc13xx.a(sicslowpan.o)
 .text.input    0x00003a7c      0x660 contiki-cc13xx.a(sicslowpan.o)
 .text.output   0x000040dc      0x730 contiki-cc13xx.a(sicslowpan.o)
 .text.start_periodic_tcp_timer
                0x0000480c       0x1c contiki-cc13xx.a(tcpip.o)
 .text.tcpip_set_outputfunc
                0x00004828        0xc contiki-cc13xx.a(tcpip.o)
                0x00004828                tcpip_set_outputfunc
 .text.tcpip_icmp6_call
                0x00004834       0x28 contiki-cc13xx.a(tcpip.o)
                0x00004834                tcpip_icmp6_call
 .text.tcpip_input
                0x0000485c       0x24 contiki-cc13xx.a(tcpip.o)
                0x0000485c                tcpip_input
 .text.tcpip_ipv6_output
                0x00004880       0xbc contiki-cc13xx.a(tcpip.o)
                0x00004880                tcpip_ipv6_output
 .text.process_thread_tcpip_process
                0x0000493c      0x1c8 contiki-cc13xx.a(tcpip.o)
 .text.tcpip_uipcall
                0x00004b04       0x70 contiki-cc13xx.a(tcpip.o)
                0x00004b04                tcpip_uipcall
 .text.update_hbh_header
                0x00004b74       0xcc contiki-cc13xx.a(rpl-ext-header.)
 .text.insert_hbh_header.isra.0
                0x00004c40       0xac contiki-cc13xx.a(rpl-ext-header.)
 .text.rpl_verify_hbh_header
                0x00004cec       0xf0 contiki-cc13xx.a(rpl-ext-header.)
                0x00004cec                rpl_verify_hbh_header
 .text.rpl_remove_header
                0x00004ddc       0x7c contiki-cc13xx.a(rpl-ext-header.)
                0x00004ddc                rpl_remove_header
 .text.rpl_update_header
                0x00004e58       0x74 contiki-cc13xx.a(rpl-ext-header.)
                0x00004e58                rpl_update_header
 .text.rpl_get_mode
                0x00004ecc        0xc contiki-cc13xx.a(rpl.o)
                0x00004ecc                rpl_get_mode
 .text.rpl_purge_routes
                0x00004ed8       0x7c contiki-cc13xx.a(rpl.o)
                0x00004ed8                rpl_purge_routes
 .text.rpl_remove_routes
                0x00004f54       0x24 contiki-cc13xx.a(rpl.o)
                0x00004f54                rpl_remove_routes
 .text.rpl_remove_routes_by_nexthop
                0x00004f78       0x34 contiki-cc13xx.a(rpl.o)
                0x00004f78                rpl_remove_routes_by_nexthop
 .text.rpl_add_route
                0x00004fac       0x38 contiki-cc13xx.a(rpl.o)
                0x00004fac                rpl_add_route
 .text.rpl_link_neighbor_callback
                0x00004fe4       0x60 contiki-cc13xx.a(rpl.o)
                0x00004fe4                rpl_link_neighbor_callback
 .text.rpl_ipv6_neighbor_callback
                0x00005044       0x30 contiki-cc13xx.a(rpl.o)
                0x00005044                rpl_ipv6_neighbor_callback
 .text.rpl_purge_dags
                0x00005074       0x40 contiki-cc13xx.a(rpl.o)
                0x00005074                rpl_purge_dags
 .text.rpl_init
                0x000050b4       0x4c contiki-cc13xx.a(rpl.o)
                0x000050b4                rpl_init
 .text.get32    0x00005100       0x20 contiki-cc13xx.a(rpl-icmp6.o)
 .text.dao_ack_input
                0x00005120       0x14 contiki-cc13xx.a(rpl-icmp6.o)
 .text.dao_output_target_seq
                0x00005134      0x12c contiki-cc13xx.a(rpl-icmp6.o)
 .text.dio_input
                0x00005260      0x270 contiki-cc13xx.a(rpl-icmp6.o)
 .text.rpl_icmp6_update_nbr_table
                0x000054d0       0x38 contiki-cc13xx.a(rpl-icmp6.o)
                0x000054d0                rpl_icmp6_update_nbr_table
 .text.dao_input
                0x00005508      0x2ec contiki-cc13xx.a(rpl-icmp6.o)
 .text.dis_output
                0x000057f4       0x58 contiki-cc13xx.a(rpl-icmp6.o)
                0x000057f4                dis_output
 .text.dio_output
                0x0000584c      0x2e4 contiki-cc13xx.a(rpl-icmp6.o)
                0x0000584c                dio_output
 .text.dis_input
                0x00005b30       0x54 contiki-cc13xx.a(rpl-icmp6.o)
 .text.dao_output
                0x00005b84       0x90 contiki-cc13xx.a(rpl-icmp6.o)
                0x00005b84                dao_output
 .text.dao_output_target
                0x00005c14        0xc contiki-cc13xx.a(rpl-icmp6.o)
                0x00005c14                dao_output_target
 .text.rpl_icmp6_register_handlers
                0x00005c20       0x30 contiki-cc13xx.a(rpl-icmp6.o)
                0x00005c20                rpl_icmp6_register_handlers
 .text.lollipop_greater_than
                0x00005c50       0x3c contiki-cc13xx.a(rpl-dag.o)
 .text.rpl_set_preferred_parent
                0x00005c8c       0x2c contiki-cc13xx.a(rpl-dag.o)
 .text.set_ip_from_prefix
                0x00005cb8       0x2c contiki-cc13xx.a(rpl-dag.o)
 .text.check_prefix
                0x00005ce4       0x78 contiki-cc13xx.a(rpl-dag.o)
 .text.find_parent_any_dag_any_instance
                0x00005d5c       0x1c contiki-cc13xx.a(rpl-dag.o)
 .text.rpl_dag_init
                0x00005d78       0x14 contiki-cc13xx.a(rpl-dag.o)
                0x00005d78                rpl_dag_init
 .text.rpl_get_parent
                0x00005d8c       0x10 contiki-cc13xx.a(rpl-dag.o)
                0x00005d8c                rpl_get_parent
 .text.rpl_rank_via_parent
                0x00005d9c       0x1c contiki-cc13xx.a(rpl-dag.o)
                0x00005d9c                rpl_rank_via_parent
 .text.rpl_get_parent_ipaddr
                0x00005db8       0x18 contiki-cc13xx.a(rpl-dag.o)
                0x00005db8                rpl_get_parent_ipaddr
 .text.rpl_get_parent_link_stats
                0x00005dd0       0x18 contiki-cc13xx.a(rpl-dag.o)
                0x00005dd0                rpl_get_parent_link_stats
 .text.best_parent
                0x00005de8       0x98 contiki-cc13xx.a(rpl-dag.o)
 .text.rpl_parent_is_fresh
                0x00005e80       0x10 contiki-cc13xx.a(rpl-dag.o)
                0x00005e80                rpl_parent_is_fresh
 .text.rpl_parent_is_reachable
                0x00005e90       0x40 contiki-cc13xx.a(rpl-dag.o)
                0x00005e90                rpl_parent_is_reachable
 .text.rpl_repair_root
                0x00005ed0       0x5c contiki-cc13xx.a(rpl-dag.o)
                0x00005ed0                rpl_repair_root
 .text.rpl_set_prefix
                0x00005f2c       0x98 contiki-cc13xx.a(rpl-dag.o)
                0x00005f2c                rpl_set_prefix
 .text.rpl_set_default_route
                0x00005fc4       0x30 contiki-cc13xx.a(rpl-dag.o)
                0x00005fc4                rpl_set_default_route
 .text.rpl_alloc_instance
                0x00005ff4       0x34 contiki-cc13xx.a(rpl-dag.o)
                0x00005ff4                rpl_alloc_instance
 .text.rpl_alloc_dag
                0x00006028       0x5c contiki-cc13xx.a(rpl-dag.o)
                0x00006028                rpl_alloc_dag
 .text.rpl_add_parent
                0x00006084       0x30 contiki-cc13xx.a(rpl-dag.o)
                0x00006084                rpl_add_parent
 .text.rpl_find_parent
                0x000060b4       0x18 contiki-cc13xx.a(rpl-dag.o)
                0x000060b4                rpl_find_parent
 .text.rpl_find_parent_any_dag
                0x000060cc       0x20 contiki-cc13xx.a(rpl-dag.o)
                0x000060cc                rpl_find_parent_any_dag
 .text.rpl_select_parent
                0x000060ec       0x58 contiki-cc13xx.a(rpl-dag.o)
                0x000060ec                rpl_select_parent
 .text.rpl_select_dag
                0x00006144      0x184 contiki-cc13xx.a(rpl-dag.o)
                0x00006144                rpl_select_dag
 .text.rpl_nullify_parent
                0x000062c8       0x58 contiki-cc13xx.a(rpl-dag.o)
                0x000062c8                rpl_nullify_parent
 .text.rpl_remove_parent
                0x00006320       0x1c contiki-cc13xx.a(rpl-dag.o)
                0x00006320                rpl_remove_parent
 .text.nbr_callback
                0x0000633c        0x4 contiki-cc13xx.a(rpl-dag.o)
 .text.remove_parents.constprop.6
                0x00006340       0x44 contiki-cc13xx.a(rpl-dag.o)
 .text.rpl_free_dag
                0x00006384       0x3c contiki-cc13xx.a(rpl-dag.o)
                0x00006384                rpl_free_dag
 .text.rpl_move_parent
                0x000063c0       0x58 contiki-cc13xx.a(rpl-dag.o)
                0x000063c0                rpl_move_parent
 .text.rpl_get_dag
                0x00006418       0x3c contiki-cc13xx.a(rpl-dag.o)
                0x00006418                rpl_get_dag
 .text.rpl_get_any_dag
                0x00006454       0x18 contiki-cc13xx.a(rpl-dag.o)
                0x00006454                rpl_get_any_dag
 .text.rpl_get_instance
                0x0000646c       0x20 contiki-cc13xx.a(rpl-dag.o)
                0x0000646c                rpl_get_instance
 .text.rpl_join_instance
                0x0000648c      0x168 contiki-cc13xx.a(rpl-dag.o)
                0x0000648c                rpl_join_instance
 .text.rpl_local_repair
                0x000065f4       0x90 contiki-cc13xx.a(rpl-dag.o)
                0x000065f4                rpl_local_repair
 .text.rpl_process_parent_event
                0x00006684       0x9c contiki-cc13xx.a(rpl-dag.o)
                0x00006684                rpl_process_parent_event
 .text.rpl_add_dag
                0x00006720      0x154 contiki-cc13xx.a(rpl-dag.o)
                0x00006720                rpl_add_dag
 .text.rpl_recalculate_ranks
                0x00006874       0x50 contiki-cc13xx.a(rpl-dag.o)
                0x00006874                rpl_recalculate_ranks
 .text.rpl_process_dio
                0x000068c4      0x334 contiki-cc13xx.a(rpl-dag.o)
                0x000068c4                rpl_process_dio
 .text.TrimAfterColdResetWakeupFromShutDown
                0x00006bf8       0xd8 contiki-cc13xx.a(setup.o)
 .text.NOROM_SetupTrimDevice
                0x00006cd0       0xa4 contiki-cc13xx.a(setup.o)
                0x00006cd0                NOROM_SetupTrimDevice
 .text.NOROM_SetupGetTrimForXoscHfCtl.part.3
                0x00006d74       0x20 contiki-cc13xx.a(setup_rom.o)
 .text.NOROM_SetupGetTrimForRadcExtCfg.part.4
                0x00006d94       0x20 contiki-cc13xx.a(setup_rom.o)
 .text.NOROM_SetupSetVddrLevel
                0x00006db4       0xa4 contiki-cc13xx.a(setup_rom.o)
                0x00006db4                NOROM_SetupSetVddrLevel
 .text.NOROM_SetupAfterColdResetWakeupFromShutDownCfg1
                0x00006e58       0xc0 contiki-cc13xx.a(setup_rom.o)
                0x00006e58                NOROM_SetupAfterColdResetWakeupFromShutDownCfg1
 .text.NOROM_SetupAfterColdResetWakeupFromShutDownCfg3
                0x00006f18      0x194 contiki-cc13xx.a(setup_rom.o)
                0x00006f18                NOROM_SetupAfterColdResetWakeupFromShutDownCfg3
 .text.NOROM_SetupGetTrimForAnabypassValue1
                0x000070ac       0x64 contiki-cc13xx.a(setup_rom.o)
                0x000070ac                NOROM_SetupGetTrimForAnabypassValue1
 .text.NOROM_SetupGetTrimForAmpcompCtrl
                0x00007110       0x74 contiki-cc13xx.a(setup_rom.o)
                0x00007110                NOROM_SetupGetTrimForAmpcompCtrl
 .text.NOROM_SetupAfterColdResetWakeupFromShutDownCfg2
                0x00007184      0x19c contiki-cc13xx.a(setup_rom.o)
                0x00007184                NOROM_SetupAfterColdResetWakeupFromShutDownCfg2
 .text.NOROM_SetupSetCacheModeAccordingToCcfgSetting
                0x00007320       0x6c contiki-cc13xx.a(setup_rom.o)
                0x00007320                NOROM_SetupSetCacheModeAccordingToCcfgSetting
 .text.NOROM_TRNGConfigure
                0x0000738c       0x38 contiki-cc13xx.a(trng.o)
                0x0000738c                NOROM_TRNGConfigure
 .text.SafeHapiVoid
                0x000073c4       0x2c contiki-cc13xx.a(adi.o)
                0x000073c4                SafeHapiVoid
 .text.NOROM_DDI32RegWrite
                0x000073f0       0x34 contiki-cc13xx.a(ddi.o)
                0x000073f0                NOROM_DDI32RegWrite
 .text.NOROM_ChipInfo_GetChipFamily
                0x00007424       0x50 contiki-cc13xx.a(chipinfo.o)
                0x00007424                NOROM_ChipInfo_GetChipFamily
 .text.NOROM_ChipInfo_GetChipType
                0x00007474       0x30 contiki-cc13xx.a(chipinfo.o)
                0x00007474                NOROM_ChipInfo_GetChipType
 .text.NOROM_ChipInfo_GetHwRevision
                0x000074a4       0x70 contiki-cc13xx.a(chipinfo.o)
                0x000074a4                NOROM_ChipInfo_GetHwRevision
 .text.NOROM_ThisCodeIsBuiltForCC13xxHwRev20AndLater_HaltIfViolated
                0x00007514       0x18 contiki-cc13xx.a(chipinfo.o)
                0x00007514                NOROM_ThisCodeIsBuiltForCC13xxHwRev20AndLater_HaltIfViolated
 .text.NOROM_CPUcpsid
                0x0000752c        0x8 contiki-cc13xx.a(cpu.o)
                0x0000752c                NOROM_CPUcpsid
 .text.NOROM_CPUcpsie
                0x00007534        0x8 contiki-cc13xx.a(cpu.o)
                0x00007534                NOROM_CPUcpsie
 .text.NOROM_PowerCtrlSourceSet
                0x0000753c       0x30 contiki-cc13xx.a(pwr_ctrl.o)
                0x0000753c                NOROM_PowerCtrlSourceSet
 .text.NOROM_SysCtrlSetRechargeBeforePowerDown
                0x0000756c      0x2b0 contiki-cc13xx.a(sys_ctrl.o)
                0x0000756c                NOROM_SysCtrlSetRechargeBeforePowerDown
 .text.NOROM_SysCtrlAdjustRechargeAfterPowerDown
                0x0000781c       0x64 contiki-cc13xx.a(sys_ctrl.o)
                0x0000781c                NOROM_SysCtrlAdjustRechargeAfterPowerDown
 .text.NOROM_SysCtrl_DCDC_VoltageConditionalControl
                0x00007880       0x7c contiki-cc13xx.a(sys_ctrl.o)
                0x00007880                NOROM_SysCtrl_DCDC_VoltageConditionalControl
 .text.NOROM_OSCClockSourceSet
                0x000078fc       0x60 contiki-cc13xx.a(osc.o)
                0x000078fc                NOROM_OSCClockSourceSet
 .text.NOROM_OSCClockSourceGet
                0x0000795c       0x2c contiki-cc13xx.a(osc.o)
                0x0000795c                NOROM_OSCClockSourceGet
 .text.NOROM_AONRTCCurrentCompareValueGet
                0x00007988       0x24 contiki-cc13xx.a(aon_rtc.o)
                0x00007988                NOROM_AONRTCCurrentCompareValueGet
 .text.NOROM_RFCRTrim
                0x000079ac      0x138 contiki-cc13xx.a(rfc.o)
                0x000079ac                NOROM_RFCRTrim
 .text.NOROM_RFCAdi3VcoLdoVoltageMode
                0x00007ae4       0x20 contiki-cc13xx.a(rfc.o)
                0x00007ae4                NOROM_RFCAdi3VcoLdoVoltageMode
 .text.queuebuf_numfree
                0x00007b04        0xc contiki-cc13xx.a(queuebuf.o)
                0x00007b04                queuebuf_numfree
 .text.queuebuf_new_from_packetbuf
                0x00007b10       0x48 contiki-cc13xx.a(queuebuf.o)
                0x00007b10                queuebuf_new_from_packetbuf
 .text.queuebuf_free
                0x00007b58       0x2c contiki-cc13xx.a(queuebuf.o)
                0x00007b58                queuebuf_free
 .text.queuebuf_to_packetbuf
                0x00007b84       0x30 contiki-cc13xx.a(queuebuf.o)
                0x00007b84                queuebuf_to_packetbuf
 .text.nbr_set_bit
                0x00007bb4       0x4c contiki-cc13xx.a(nbr-table.o)
 .text.index_from_lladdr
                0x00007c00       0x48 contiki-cc13xx.a(nbr-table.o)
 .text.nbr_get_bit.constprop.0
                0x00007c48       0x2c contiki-cc13xx.a(nbr-table.o)
 .text.remove_key
                0x00007c74       0x8c contiki-cc13xx.a(nbr-table.o)
 .text.nbr_table_register
                0x00007d00       0x2c contiki-cc13xx.a(nbr-table.o)
                0x00007d00                nbr_table_register
 .text.nbr_table_next
                0x00007d2c       0x64 contiki-cc13xx.a(nbr-table.o)
                0x00007d2c                nbr_table_next
 .text.nbr_table_head
                0x00007d90       0x50 contiki-cc13xx.a(nbr-table.o)
                0x00007d90                nbr_table_head
 .text.nbr_table_add_lladdr
                0x00007de0      0x124 contiki-cc13xx.a(nbr-table.o)
                0x00007de0                nbr_table_add_lladdr
 .text.nbr_table_get_from_lladdr
                0x00007f04       0x34 contiki-cc13xx.a(nbr-table.o)
                0x00007f04                nbr_table_get_from_lladdr
 .text.nbr_table_remove
                0x00007f38       0x2c contiki-cc13xx.a(nbr-table.o)
                0x00007f38                nbr_table_remove
 .text.nbr_table_lock
                0x00007f64       0x14 contiki-cc13xx.a(nbr-table.o)
                0x00007f64                nbr_table_lock
 .text.nbr_table_unlock
                0x00007f78       0x14 contiki-cc13xx.a(nbr-table.o)
                0x00007f78                nbr_table_unlock
 .text.nbr_table_get_lladdr
                0x00007f8c       0x2c contiki-cc13xx.a(nbr-table.o)
                0x00007f8c                nbr_table_get_lladdr
 .text.nbr_table_update_lladdr
                0x00007fb8       0x48 contiki-cc13xx.a(nbr-table.o)
                0x00007fb8                nbr_table_update_lladdr
 .text.packetbuf_copyto
                0x00008000       0x50 contiki-cc13xx.a(packetbuf.o)
                0x00008000                packetbuf_copyto
 .text.packetbuf_hdralloc
                0x00008050       0x58 contiki-cc13xx.a(packetbuf.o)
                0x00008050                packetbuf_hdralloc
 .text.packetbuf_set_datalen
                0x000080a8        0xc contiki-cc13xx.a(packetbuf.o)
                0x000080a8                packetbuf_set_datalen
 .text.packetbuf_dataptr
                0x000080b4       0x20 contiki-cc13xx.a(packetbuf.o)
                0x000080b4                packetbuf_dataptr
 .text.packetbuf_hdrptr
                0x000080d4        0x8 contiki-cc13xx.a(packetbuf.o)
                0x000080d4                packetbuf_hdrptr
 .text.packetbuf_datalen
                0x000080dc        0xc contiki-cc13xx.a(packetbuf.o)
                0x000080dc                packetbuf_datalen
 .text.packetbuf_totlen
                0x000080e8       0x24 contiki-cc13xx.a(packetbuf.o)
                0x000080e8                packetbuf_totlen
 .text.packetbuf_attr_clear
                0x0000810c       0x30 contiki-cc13xx.a(packetbuf.o)
                0x0000810c                packetbuf_attr_clear
 .text.packetbuf_clear
                0x0000813c       0x20 contiki-cc13xx.a(packetbuf.o)
                0x0000813c                packetbuf_clear
 .text.packetbuf_copyfrom
                0x0000815c       0x40 contiki-cc13xx.a(packetbuf.o)
                0x0000815c                packetbuf_copyfrom
 .text.packetbuf_attr_copyto
                0x0000819c       0x38 contiki-cc13xx.a(packetbuf.o)
                0x0000819c                packetbuf_attr_copyto
 .text.packetbuf_attr_copyfrom
                0x000081d4       0x38 contiki-cc13xx.a(packetbuf.o)
                0x000081d4                packetbuf_attr_copyfrom
 .text.packetbuf_set_attr
                0x0000820c       0x10 contiki-cc13xx.a(packetbuf.o)
                0x0000820c                packetbuf_set_attr
 .text.packetbuf_attr
                0x0000821c        0xc contiki-cc13xx.a(packetbuf.o)
                0x0000821c                packetbuf_attr
 .text.packetbuf_set_addr
                0x00008228       0x18 contiki-cc13xx.a(packetbuf.o)
                0x00008228                packetbuf_set_addr
 .text.packetbuf_addr
                0x00008240       0x10 contiki-cc13xx.a(packetbuf.o)
                0x00008240                packetbuf_addr
 .text.packetbuf_holds_broadcast
                0x00008250       0x10 contiki-cc13xx.a(packetbuf.o)
                0x00008250                packetbuf_holds_broadcast
 .text.netstack_init
                0x00008260       0x1c contiki-cc13xx.a(netstack.o)
                0x00008260                netstack_init
 .text.linkaddr_copy
                0x0000827c        0x8 contiki-cc13xx.a(linkaddr.o)
                0x0000827c                linkaddr_copy
 .text.linkaddr_cmp
                0x00008284       0x10 contiki-cc13xx.a(linkaddr.o)
                0x00008284                linkaddr_cmp
 .text.periodic
                0x00008294       0x2c contiki-cc13xx.a(link-stats.o)
 .text.link_stats_from_lladdr
                0x000082c0        0xc contiki-cc13xx.a(link-stats.o)
                0x000082c0                link_stats_from_lladdr
 .text.link_stats_is_fresh
                0x000082cc       0x28 contiki-cc13xx.a(link-stats.o)
                0x000082cc                link_stats_is_fresh
 .text.link_stats_packet_sent
                0x000082f4       0xbc contiki-cc13xx.a(link-stats.o)
                0x000082f4                link_stats_packet_sent
 .text.link_stats_input_callback
                0x000083b0       0x5c contiki-cc13xx.a(link-stats.o)
                0x000083b0                link_stats_input_callback
 .text.link_stats_init
                0x0000840c       0x28 contiki-cc13xx.a(link-stats.o)
                0x0000840c                link_stats_init
 .text.parse    0x00008434       0x7c contiki-cc13xx.a(framer-802154.o)
 .text.create_frame.isra.0
                0x000084b0      0x140 contiki-cc13xx.a(framer-802154.o)
 .text.create   0x000085f0        0x8 contiki-cc13xx.a(framer-802154.o)
 .text.hdr_length
                0x000085f8        0x8 contiki-cc13xx.a(framer-802154.o)
 .text.on       0x00008600        0xc contiki-cc13xx.a(nullrdc.o)
 .text.channel_check_interval
                0x0000860c        0x4 contiki-cc13xx.a(nullrdc.o)
 .text.init     0x00008610        0xc contiki-cc13xx.a(nullrdc.o)
 .text.packet_input
                0x0000861c       0xc4 contiki-cc13xx.a(nullrdc.o)
 .text.send_one_packet
                0x000086e0      0x114 contiki-cc13xx.a(nullrdc.o)
 .text.send_list
                0x000087f4       0x24 contiki-cc13xx.a(nullrdc.o)
 .text.send_packet
                0x00008818        0x4 contiki-cc13xx.a(nullrdc.o)
 .text.off      0x0000881c       0x1c contiki-cc13xx.a(nullrdc.o)
 .text.channel_check_interval
                0x00008838        0x4 contiki-cc13xx.a(hitmac.o)
 .text.update_asn
                0x0000883c       0xe4 contiki-cc13xx.a(hitmac.o)
                0x0000883c                update_asn
 .text.hitmac_init
                0x00008920       0xcc contiki-cc13xx.a(hitmac.o)
 .text.turn_off
                0x000089ec       0x1c contiki-cc13xx.a(hitmac.o)
 .text.turn_on  0x00008a08       0x20 contiki-cc13xx.a(hitmac.o)
 .text.hitmac_send_packet.part.2
                0x00008a28       0x54 contiki-cc13xx.a(hitmac.o)
 .text.packet_input
                0x00008a7c      0x170 contiki-cc13xx.a(hitmac.o)
 .text.process_thread_hitmac_root_eb_process
                0x00008bec       0x44 contiki-cc13xx.a(hitmac.o)
 .text.hitmac_send_packet
                0x00008c30       0x70 contiki-cc13xx.a(hitmac.o)
                0x00008c30                hitmac_send_packet
 .text.send_packet
                0x00008ca0       0x80 contiki-cc13xx.a(hitmac.o)
 .text.hitmac_nodes_send_data
                0x00008d20       0xb4 contiki-cc13xx.a(hitmac.o)
                0x00008d20                hitmac_nodes_send_data
 .text.hitmac_node_parse_data
                0x00008dd4       0xc8 contiki-cc13xx.a(hitmac.o)
                0x00008dd4                hitmac_node_parse_data
 .text.hitmac_root_send_data
                0x00008e9c       0xe8 contiki-cc13xx.a(hitmac.o)
                0x00008e9c                hitmac_root_send_data
 .text.get_mod_type
                0x00008f84       0x18 contiki-cc13xx.a(hitmac.o)
                0x00008f84                get_mod_type
 .text.hitmac_receive_eb
                0x00008f9c      0x118 contiki-cc13xx.a(hitmac.o)
                0x00008f9c                hitmac_receive_eb
 .text.process_thread_hitmac_scheduler_process
                0x000090b4      0x244 contiki-cc13xx.a(hitmac.o)
 .text.hitmac_request
                0x000092f8      0x17c contiki-cc13xx.a(hitmac.o)
                0x000092f8                hitmac_request
 .text.process_thread_hitmac_process
                0x00009474       0x98 contiki-cc13xx.a(hitmac.o)
 .text.hitmac_packet_create_eb
                0x0000950c       0xa8 contiki-cc13xx.a(hitmac-frame.o)
                0x0000950c                hitmac_packet_create_eb
 .text.hitmac_packet_create_request_associate
                0x000095b4       0x80 contiki-cc13xx.a(hitmac-frame.o)
                0x000095b4                hitmac_packet_create_request_associate
 .text.hitmac_packet_create_dataframe
                0x00009634       0xb0 contiki-cc13xx.a(hitmac-frame.o)
                0x00009634                hitmac_packet_create_dataframe
 .text.hitmac_parse_information_elements
                0x000096e4       0x3c contiki-cc13xx.a(hitmac-frame.o)
                0x000096e4                hitmac_parse_information_elements
 .text.hitmac_packet_parse_eb
                0x00009720       0x6c contiki-cc13xx.a(hitmac-frame.o)
                0x00009720                hitmac_packet_parse_eb
 .text.hitmac_packet_parse_cmd
                0x0000978c       0x44 contiki-cc13xx.a(hitmac-frame.o)
                0x0000978c                hitmac_packet_parse_cmd
 .text.get_asn_mod_val
                0x000097d0       0x4c contiki-cc13xx.a(hitmac-frame.o)
                0x000097d0                get_asn_mod_val
 .text.hitmac_queue_init
                0x0000981c       0x30 contiki-cc13xx.a(hitmac-frame.o)
                0x0000981c                hitmac_queue_init
 .text.hitmac_queue_reset
                0x0000984c        0x4 contiki-cc13xx.a(hitmac-frame.o)
                0x0000984c                hitmac_queue_reset
 .text.hitmac_queue_add_packet
                0x00009850       0x74 contiki-cc13xx.a(hitmac-frame.o)
                0x00009850                hitmac_queue_add_packet
 .text.hitmac_queue_remove_packet
                0x000098c4       0x34 contiki-cc13xx.a(hitmac-frame.o)
                0x000098c4                hitmac_queue_remove_packet
 .text.hitmac_queue_get_packet
                0x000098f8       0x20 contiki-cc13xx.a(hitmac-frame.o)
                0x000098f8                hitmac_queue_get_packet
 .text.init     0x00009918        0x4 contiki-cc13xx.a(nullsec.o)
 .text.input    0x0000991c        0xc contiki-cc13xx.a(nullsec.o)
 .text.send     0x00009928       0x20 contiki-cc13xx.a(nullsec.o)
 .text.read_flash
                0x00009948       0x3c contiki-cc13xx.a(flashdata.o)
                0x00009948                read_flash
 .text.write_to_flash
                0x00009984      0x118 contiki-cc13xx.a(flashdata.o)
                0x00009984                write_to_flash
 .text.aux_ctrl_power_up
                0x00009a9c       0x28 contiki-cc13xx.a(aux-ctrl.o)
                0x00009a9c                aux_ctrl_power_up
 .text.aux_ctrl_register_consumer
                0x00009ac4       0x40 contiki-cc13xx.a(aux-ctrl.o)
                0x00009ac4                aux_ctrl_register_consumer
 .text.aux_ctrl_power_down
                0x00009b04       0x6c contiki-cc13xx.a(aux-ctrl.o)
                0x00009b04                aux_ctrl_power_down
 .text.aux_ctrl_unregister_consumer
                0x00009b70       0x28 contiki-cc13xx.a(aux-ctrl.o)
                0x00009b70                aux_ctrl_unregister_consumer
 .text.ringbufindex_init
                0x00009b98        0xc contiki-cc13xx.a(ringbufindex.o)
                0x00009b98                ringbufindex_init
 .text.ringbufindex_put
                0x00009ba4       0x1c contiki-cc13xx.a(ringbufindex.o)
                0x00009ba4                ringbufindex_put
 .text.ringbufindex_peek_put
                0x00009bc0       0x18 contiki-cc13xx.a(ringbufindex.o)
                0x00009bc0                ringbufindex_peek_put
 .text.ringbufindex_get
                0x00009bd8       0x1c contiki-cc13xx.a(ringbufindex.o)
                0x00009bd8                ringbufindex_get
 .text.ringbufindex_peek_get
                0x00009bf4       0x14 contiki-cc13xx.a(ringbufindex.o)
                0x00009bf4                ringbufindex_peek_get
 .text.memb_init
                0x00009c08       0x24 contiki-cc13xx.a(memb.o)
                0x00009c08                memb_init
 .text.memb_alloc
                0x00009c2c       0x3c contiki-cc13xx.a(memb.o)
                0x00009c2c                memb_alloc
 .text.memb_free
                0x00009c68       0x44 contiki-cc13xx.a(memb.o)
                0x00009c68                memb_free
 .text.memb_inmemb
                0x00009cac       0x1c contiki-cc13xx.a(memb.o)
                0x00009cac                memb_inmemb
 .text.memb_numfree
                0x00009cc8       0x1c contiki-cc13xx.a(memb.o)
                0x00009cc8                memb_numfree
 .text.echo_reply_input
                0x00009ce4       0xb0 contiki-cc13xx.a(uip-icmp6.o)
 .text.echo_request_input
                0x00009d94       0xb8 contiki-cc13xx.a(uip-icmp6.o)
 .text.uip_icmp6_input
                0x00009e4c       0x3c contiki-cc13xx.a(uip-icmp6.o)
                0x00009e4c                uip_icmp6_input
 .text.uip_icmp6_register_input_handler
                0x00009e88        0xc contiki-cc13xx.a(uip-icmp6.o)
                0x00009e88                uip_icmp6_register_input_handler
 .text.uip_icmp6_error_output
                0x00009e94      0x150 contiki-cc13xx.a(uip-icmp6.o)
                0x00009e94                uip_icmp6_error_output
 .text.uip_icmp6_send
                0x00009fe4       0x84 contiki-cc13xx.a(uip-icmp6.o)
                0x00009fe4                uip_icmp6_send
 .text.uip_icmp6_init
                0x0000a068       0x24 contiki-cc13xx.a(uip-icmp6.o)
                0x0000a068                uip_icmp6_init
 .text.uip_ds6_list_loop
                0x0000a08c       0x60 contiki-cc13xx.a(uip-ds6.o)
                0x0000a08c                uip_ds6_list_loop
 .text.uip_ds6_prefix_add
                0x0000a0ec       0x6c contiki-cc13xx.a(uip-ds6.o)
                0x0000a0ec                uip_ds6_prefix_add
 .text.uip_ds6_is_addr_onlink
                0x0000a158       0x3c contiki-cc13xx.a(uip-ds6.o)
                0x0000a158                uip_ds6_is_addr_onlink
 .text.uip_ds6_addr_lookup
                0x0000a194       0x30 contiki-cc13xx.a(uip-ds6.o)
                0x0000a194                uip_ds6_addr_lookup
 .text.uip_ds6_get_link_local
                0x0000a1c4       0x44 contiki-cc13xx.a(uip-ds6.o)
                0x0000a1c4                uip_ds6_get_link_local
 .text.uip_ds6_maddr_add
                0x0000a208       0x50 contiki-cc13xx.a(uip-ds6.o)
                0x0000a208                uip_ds6_maddr_add
 .text.uip_ds6_addr_add
                0x0000a258       0xa8 contiki-cc13xx.a(uip-ds6.o)
                0x0000a258                uip_ds6_addr_add
 .text.uip_ds6_maddr_lookup
                0x0000a300       0x30 contiki-cc13xx.a(uip-ds6.o)
                0x0000a300                uip_ds6_maddr_lookup
 .text.uip_ds6_addr_rm
                0x0000a330       0x48 contiki-cc13xx.a(uip-ds6.o)
                0x0000a330                uip_ds6_addr_rm
 .text.uip_ds6_periodic
                0x0000a378       0x5c contiki-cc13xx.a(uip-ds6.o)
                0x0000a378                uip_ds6_periodic
 .text.uip_ds6_select_src
                0x0000a3d4       0xf4 contiki-cc13xx.a(uip-ds6.o)
                0x0000a3d4                uip_ds6_select_src
 .text.uip_ds6_set_addr_iid
                0x0000a4c8       0x14 contiki-cc13xx.a(uip-ds6.o)
                0x0000a4c8                uip_ds6_set_addr_iid
 .text.uip_ds6_compute_reachable_time
                0x0000a4dc       0x28 contiki-cc13xx.a(uip-ds6.o)
                0x0000a4dc                uip_ds6_compute_reachable_time
 .text.uip_ds6_init
                0x0000a504       0xf8 contiki-cc13xx.a(uip-ds6.o)
                0x0000a504                uip_ds6_init
 .text.call_route_callback
                0x0000a5fc       0x50 contiki-cc13xx.a(uip-ds6-route.o)
 .text.uip_ds6_route_init
                0x0000a64c       0x4c contiki-cc13xx.a(uip-ds6-route.o)
                0x0000a64c                uip_ds6_route_init
 .text.uip_ds6_route_nexthop
                0x0000a698       0x1c contiki-cc13xx.a(uip-ds6-route.o)
                0x0000a698                uip_ds6_route_nexthop
 .text.uip_ds6_route_head
                0x0000a6b4        0xc contiki-cc13xx.a(uip-ds6-route.o)
                0x0000a6b4                uip_ds6_route_head
 .text.uip_ds6_route_next
                0x0000a6c0        0x8 contiki-cc13xx.a(uip-ds6-route.o)
                0x0000a6c0                uip_ds6_route_next
 .text.uip_ds6_route_is_nexthop
                0x0000a6c8       0x20 contiki-cc13xx.a(uip-ds6-route.o)
                0x0000a6c8                uip_ds6_route_is_nexthop
 .text.uip_ds6_route_lookup
                0x0000a6e8       0x78 contiki-cc13xx.a(uip-ds6-route.o)
                0x0000a6e8                uip_ds6_route_lookup
 .text.uip_ds6_route_rm
                0x0000a760       0xac contiki-cc13xx.a(uip-ds6-route.o)
                0x0000a760                uip_ds6_route_rm
 .text.rm_routelist
                0x0000a80c       0x38 contiki-cc13xx.a(uip-ds6-route.o)
 .text.rm_routelist_callback
                0x0000a844        0x4 contiki-cc13xx.a(uip-ds6-route.o)
 .text.uip_ds6_route_add
                0x0000a848      0x12c contiki-cc13xx.a(uip-ds6-route.o)
                0x0000a848                uip_ds6_route_add
 .text.uip_ds6_defrt_rm
                0x0000a974       0x48 contiki-cc13xx.a(uip-ds6-route.o)
                0x0000a974                uip_ds6_defrt_rm
 .text.uip_ds6_defrt_lookup
                0x0000a9bc       0x34 contiki-cc13xx.a(uip-ds6-route.o)
                0x0000a9bc                uip_ds6_defrt_lookup
 .text.uip_ds6_defrt_add
                0x0000a9f0       0x5c contiki-cc13xx.a(uip-ds6-route.o)
                0x0000a9f0                uip_ds6_defrt_add
 .text.uip_ds6_defrt_choose
                0x0000aa4c       0x34 contiki-cc13xx.a(uip-ds6-route.o)
                0x0000aa4c                uip_ds6_defrt_choose
 .text.uip_ds6_defrt_periodic
                0x0000aa80       0x3c contiki-cc13xx.a(uip-ds6-route.o)
                0x0000aa80                uip_ds6_defrt_periodic
 .text.chksum   0x0000aabc       0x50 contiki-cc13xx.a(uip6.o)
 .text.upper_layer_chksum
                0x0000ab0c       0x58 contiki-cc13xx.a(uip6.o)
 .text.ext_hdr_options_process
                0x0000ab64       0xc8 contiki-cc13xx.a(uip6.o)
 .text.uip_add32
                0x0000ac2c       0x58 contiki-cc13xx.a(uip6.o)
                0x0000ac2c                uip_add32
 .text.unlikely.uip_add_rcv_nxt
                0x0000ac84       0x2c contiki-cc13xx.a(uip6.o)
 .text.uip_icmp6chksum
                0x0000acb0        0x8 contiki-cc13xx.a(uip6.o)
                0x0000acb0                uip_icmp6chksum
 .text.uip_init
                0x0000acb8       0x5c contiki-cc13xx.a(uip6.o)
                0x0000acb8                uip_init
 .text.remove_ext_hdr
                0x0000ad14       0x60 contiki-cc13xx.a(uip6.o)
                0x0000ad14                remove_ext_hdr
 .text.uip_unlisten
                0x0000ad74       0x28 contiki-cc13xx.a(uip6.o)
                0x0000ad74                uip_unlisten
 .text.uip_process
                0x0000ad9c     0x10fc contiki-cc13xx.a(uip6.o)
                0x0000ad9c                uip_process
 .text.uip_htonl
                0x0000be98       0x14 contiki-cc13xx.a(uip6.o)
                0x0000be98                uip_htonl
 .text.uip_ds6_nbr_rm
                0x0000beac       0x20 contiki-cc13xx.a(uip-ds6-nbr.o)
                0x0000beac                uip_ds6_nbr_rm
 .text.uip_ds6_neighbors_init
                0x0000becc       0x1c contiki-cc13xx.a(uip-ds6-nbr.o)
                0x0000becc                uip_ds6_neighbors_init
 .text.uip_ds6_nbr_add
                0x0000bee8       0x38 contiki-cc13xx.a(uip-ds6-nbr.o)
                0x0000bee8                uip_ds6_nbr_add
 .text.uip_ds6_nbr_get_ll
                0x0000bf20       0x10 contiki-cc13xx.a(uip-ds6-nbr.o)
                0x0000bf20                uip_ds6_nbr_get_ll
 .text.uip_ds6_nbr_lookup
                0x0000bf30       0x3c contiki-cc13xx.a(uip-ds6-nbr.o)
                0x0000bf30                uip_ds6_nbr_lookup
 .text.uip_ds6_nbr_ipaddr_from_lladdr
                0x0000bf6c       0x10 contiki-cc13xx.a(uip-ds6-nbr.o)
                0x0000bf6c                uip_ds6_nbr_ipaddr_from_lladdr
 .text.uip_ds6_nbr_lladdr_from_ipaddr
                0x0000bf7c       0x1c contiki-cc13xx.a(uip-ds6-nbr.o)
                0x0000bf7c                uip_ds6_nbr_lladdr_from_ipaddr
 .text.uip_ds6_link_neighbor_callback
                0x0000bf98       0x34 contiki-cc13xx.a(uip-ds6-nbr.o)
                0x0000bf98                uip_ds6_link_neighbor_callback
 .text.ns_input
                0x0000bfcc      0x2a0 contiki-cc13xx.a(uip-nd6.o)
 .text.uip_nd6_init
                0x0000c26c        0xc contiki-cc13xx.a(uip-nd6.o)
                0x0000c26c                uip_nd6_init
 .text.uip_debug_ipaddr_print
                0x0000c278       0xb0 contiki-cc13xx.a(uip-debug.o)
                0x0000c278                uip_debug_ipaddr_print
 .text.update_nbr
                0x0000c328      0x11c contiki-cc13xx.a(rpl-nbr-policy.)
 .text.handle_periodic_timer
                0x0000c444       0x14 contiki-cc13xx.a(rpl-nbr-policy.)
 .text.find_removable_dio
                0x0000c458       0x40 contiki-cc13xx.a(rpl-nbr-policy.)
                0x0000c458                find_removable_dio
 .text.find_removable_dao
                0x0000c498       0x38 contiki-cc13xx.a(rpl-nbr-policy.)
                0x0000c498                find_removable_dao
 .text.rpl_nbr_policy_find_removable
                0x0000c4d0       0x40 contiki-cc13xx.a(rpl-nbr-policy.)
                0x0000c4d0                rpl_nbr_policy_find_removable
 .text.new_dio_interval
                0x0000c510       0x60 contiki-cc13xx.a(rpl-timers.o)
 .text.handle_periodic_timer
                0x0000c570       0x58 contiki-cc13xx.a(rpl-timers.o)
 .text.set_dao_lifetime_timer
                0x0000c5c8       0x48 contiki-cc13xx.a(rpl-timers.o)
 .text.handle_unicast_dio_timer
                0x0000c610       0x1c contiki-cc13xx.a(rpl-timers.o)
 .text.handle_dio_timer
                0x0000c62c       0x8c contiki-cc13xx.a(rpl-timers.o)
 .text.schedule_dao
                0x0000c6b8       0x54 contiki-cc13xx.a(rpl-timers.o)
 .text.handle_dao_timer
                0x0000c70c       0x5c contiki-cc13xx.a(rpl-timers.o)
 .text.rpl_reset_periodic_timer
                0x0000c768       0x3c contiki-cc13xx.a(rpl-timers.o)
                0x0000c768                rpl_reset_periodic_timer
 .text.rpl_reset_dio_timer
                0x0000c7a4       0x1c contiki-cc13xx.a(rpl-timers.o)
                0x0000c7a4                rpl_reset_dio_timer
 .text.rpl_schedule_dao
                0x0000c7c0        0x8 contiki-cc13xx.a(rpl-timers.o)
                0x0000c7c0                rpl_schedule_dao
 .text.rpl_schedule_unicast_dio_immediately
                0x0000c7c8       0x14 contiki-cc13xx.a(rpl-timers.o)
                0x0000c7c8                rpl_schedule_unicast_dio_immediately
 .text.get_probing_delay
                0x0000c7dc       0x4c contiki-cc13xx.a(rpl-timers.o)
                0x0000c7dc                get_probing_delay
 .text.get_probing_target
                0x0000c828       0xdc contiki-cc13xx.a(rpl-timers.o)
                0x0000c828                get_probing_target
 .text.rpl_schedule_probing
                0x0000c904       0x20 contiki-cc13xx.a(rpl-timers.o)
                0x0000c904                rpl_schedule_probing
 .text.handle_probing_timer
                0x0000c924       0x34 contiki-cc13xx.a(rpl-timers.o)
 .text.reset    0x0000c958        0x4 contiki-cc13xx.a(rpl-mrhof.o)
 .text.update_metric_container
                0x0000c95c        0x8 contiki-cc13xx.a(rpl-mrhof.o)
 .text.parent_link_metric
                0x0000c964       0x14 contiki-cc13xx.a(rpl-mrhof.o)
 .text.parent_has_usable_link
                0x0000c978       0x18 contiki-cc13xx.a(rpl-mrhof.o)
 .text.best_dag
                0x0000c990       0x2c contiki-cc13xx.a(rpl-mrhof.o)
 .text.parent_path_cost
                0x0000c9bc       0x4c contiki-cc13xx.a(rpl-mrhof.o)
 .text.parent_is_acceptable
                0x0000ca08       0x34 contiki-cc13xx.a(rpl-mrhof.o)
 .text.rank_via_parent
                0x0000ca3c       0x3c contiki-cc13xx.a(rpl-mrhof.o)
 .text.best_parent
                0x0000ca78       0x70 contiki-cc13xx.a(rpl-mrhof.o)
 .text.NOROM_FlashSectorErase
                0x0000cae8       0x1c contiki-cc13xx.a(flash.o)
                0x0000cae8                NOROM_FlashSectorErase
 .text.NOROM_FlashProgram
                0x0000cb04       0x1c contiki-cc13xx.a(flash.o)
                0x0000cb04                NOROM_FlashProgram
 .text.NOROM_AONBatMonTemperatureGetDegC
                0x0000cb20       0x30 contiki-cc13xx.a(aon_batmon.o)
                0x0000cb20                NOROM_AONBatMonTemperatureGetDegC
 .text.NOROM_VIMSModeGet
                0x0000cb50       0x10 contiki-cc13xx.a(vims.o)
                0x0000cb50                NOROM_VIMSModeGet
 .text.mac_sequence_is_duplicate
                0x0000cb60       0x50 contiki-cc13xx.a(mac-sequence.o)
                0x0000cb60                mac_sequence_is_duplicate
 .text.mac_sequence_register_seqno
                0x0000cbb0       0x6c contiki-cc13xx.a(mac-sequence.o)
                0x0000cbb0                mac_sequence_register_seqno
 .text.frame802154_get_pan_id
                0x0000cc1c        0xc contiki-cc13xx.a(frame802154.o)
                0x0000cc1c                frame802154_get_pan_id
 .text.frame802154_has_panid
                0x0000cc28       0xb8 contiki-cc13xx.a(frame802154.o)
                0x0000cc28                frame802154_has_panid
 .text.field_len
                0x0000cce0       0x9c contiki-cc13xx.a(frame802154.o)
 .text.frame802154_is_broadcast_addr
                0x0000cd7c       0x20 contiki-cc13xx.a(frame802154.o)
                0x0000cd7c                frame802154_is_broadcast_addr
 .text.frame802154_hdrlen
                0x0000cd9c       0x34 contiki-cc13xx.a(frame802154.o)
                0x0000cd9c                frame802154_hdrlen
 .text.frame802154_create_fcf
                0x0000cdd0       0x64 contiki-cc13xx.a(frame802154.o)
                0x0000cdd0                frame802154_create_fcf
 .text.frame802154_create
                0x0000ce34       0xb8 contiki-cc13xx.a(frame802154.o)
                0x0000ce34                frame802154_create
 .text.frame802154_parse_fcf
                0x0000ceec       0x4c contiki-cc13xx.a(frame802154.o)
                0x0000ceec                frame802154_parse_fcf
 .text.frame802154_parse
                0x0000cf38      0x134 contiki-cc13xx.a(frame802154.o)
                0x0000cf38                frame802154_parse
 .text.mac_call_sent_callback
                0x0000d06c       0x10 contiki-cc13xx.a(mac.o)
                0x0000d06c                mac_call_sent_callback
 .text.stimer_set
                0x0000d07c       0x10 contiki-cc13xx.a(stimer.o)
                0x0000d07c                stimer_set
 .text.stimer_expired
                0x0000d08c       0x20 contiki-cc13xx.a(stimer.o)
                0x0000d08c                stimer_expired
 .text          0x0000d0ac       0x2c /opt/gcc-arm-none/bin/../lib/gcc/arm-none-eabi/4.9.3/armv7-m/libgcc.a(_aeabi_uldivmod.o)
                0x0000d0ac                __aeabi_uldivmod
 .text          0x0000d0d8       0x60 /opt/gcc-arm-none/bin/../lib/gcc/arm-none-eabi/4.9.3/armv7-m/libgcc.a(bpabi.o)
                0x0000d0d8                __gnu_ldivmod_helper
                0x0000d108                __gnu_uldivmod_helper
 .text          0x0000d138        0x4 /opt/gcc-arm-none/bin/../lib/gcc/arm-none-eabi/4.9.3/armv7-m/libgcc.a(_dvmd_tls.o)
                0x0000d138                __aeabi_ldiv0
                0x0000d138                __aeabi_idiv0
 .text          0x0000d13c      0x2ac /opt/gcc-arm-none/bin/../lib/gcc/arm-none-eabi/4.9.3/armv7-m/libgcc.a(_divdi3.o)
                0x0000d13c                __divdi3
 .text          0x0000d3e8      0x270 /opt/gcc-arm-none/bin/../lib/gcc/arm-none-eabi/4.9.3/armv7-m/libgcc.a(_udivdi3.o)
                0x0000d3e8                __udivdi3
 .text.memcmp   0x0000d658       0x64 /opt/gcc-arm-none/bin/../lib/gcc/arm-none-eabi/4.9.3/../../../../arm-none-eabi/lib/armv7-m/libc.a(lib_a-memcmp.o)
                0x0000d658                memcmp
 .text          0x0000d6bc       0xec /opt/gcc-arm-none/bin/../lib/gcc/arm-none-eabi/4.9.3/../../../../arm-none-eabi/lib/armv7-m/libc.a(lib_a-memcpy.o)
                0x0000d6bc                memcpy
 .text.memmove  0x0000d7a8       0xc8 /opt/gcc-arm-none/bin/../lib/gcc/arm-none-eabi/4.9.3/../../../../arm-none-eabi/lib/armv7-m/libc.a(lib_a-memmove.o)
                0x0000d7a8                memmove
 .text.memset   0x0000d870       0x9c /opt/gcc-arm-none/bin/../lib/gcc/arm-none-eabi/4.9.3/../../../../arm-none-eabi/lib/armv7-m/libc.a(lib_a-memset.o)
                0x0000d870                memset
 .text.strlen   0x0000d90c       0x5c /opt/gcc-arm-none/bin/../lib/gcc/arm-none-eabi/4.9.3/../../../../arm-none-eabi/lib/armv7-m/libc.a(lib_a-strlen.o)
                0x0000d90c                strlen
 *(SORT(.rodata*))
 .rodata        0x0000d968       0x14 app-root.co
 .rodata.autostart_processes
                0x0000d97c        0x8 app-root.co
                0x0000d97c                autostart_processes
 .rodata.str1.4
                0x0000d984       0x71 app-root.co
                                 0x74 (size before relaxing)
 *fill*         0x0000d9f5        0x3 00000000
 .rodata.str1.4
                0x0000d9f8       0x91 contiki-cc13xx.a(contiki-main.o)
                                 0x94 (size before relaxing)
 *fill*         0x0000da89        0x3 00000000
 .rodata        0x0000da8c       0x68 contiki-cc13xx.a(board.o)
 .rodata.str1.4
                0x0000daf4       0xe2 contiki-cc13xx.a(node-id.o)
                                 0xe4 (size before relaxing)
 *fill*         0x0000dbd6        0x2 00000000
 .rodata.str1.4
                0x0000dbd8       0x1a contiki-cc13xx.a(external-watchd)
                                 0x1c (size before relaxing)
 *fill*         0x0000dbf2        0x2 00000000
 .rodata.mode_prop
                0x0000dbf4        0x8 contiki-cc13xx.a(prop-mode.o)
 .rodata.prop_mode_driver
                0x0000dbfc       0x38 contiki-cc13xx.a(prop-mode.o)
                0x0000dbfc                prop_mode_driver
 .rodata.patchGenfskRfe
                0x0000dc34      0x6b4 contiki-cc13xx.a(prop-mode.o)
 .rodata.patchImageGenfsk
                0x0000e2e8      0x28c contiki-cc13xx.a(prop-mode.o)
 .rodata.prop_mode_tx_power_431_527
                0x0000e574       0x30 contiki-cc13xx.a(prop-mode-tx-po)
                0x0000e574                prop_mode_tx_power_431_527
 .rodata.str1.4
                0x0000e5a4       0x46 contiki-cc13xx.a(rf-core.o)
                                 0x48 (size before relaxing)
 *fill*         0x0000e5ea        0x2 00000000
 .rodata.str1.4
                0x0000e5ec       0x1b contiki-cc13xx.a(soc-trng.o)
                                 0x1c (size before relaxing)
 *fill*         0x0000e607        0x1 00000000
 .rodata.str1.4
                0x0000e608       0x46 contiki-cc13xx.a(strformat.o)
                                 0x48 (size before relaxing)
 *fill*         0x0000e64e        0x2 00000000
 .rodata.buffer.4019
                0x0000e650       0x10 contiki-cc13xx.a(strformat.o)
 .rodata.buffer.4028
                0x0000e660       0x10 contiki-cc13xx.a(strformat.o)
 .rodata.str1.4
                0x0000e670        0xf contiki-cc13xx.a(ctimer.o)
                                 0x10 (size before relaxing)
 *fill*         0x0000e67f        0x1 00000000
 .rodata.str1.4
                0x0000e680        0xc contiki-cc13xx.a(etimer.o)
 .rodata.str1.4
                0x0000e68c        0xe contiki-cc13xx.a(serial-line.o)
                                 0x10 (size before relaxing)
 *fill*         0x0000e69a        0x2 00000000
 .rodata        0x0000e69c        0x4 contiki-cc13xx.a(sicslowpan.o)
 .rodata.ttl_values
                0x0000e6a0        0x4 contiki-cc13xx.a(sicslowpan.o)
 .rodata.unc_llconf
                0x0000e6a4        0x4 contiki-cc13xx.a(sicslowpan.o)
                0x0000e6a4                unc_llconf
 .rodata.llprefix
                0x0000e6a8        0x4 contiki-cc13xx.a(sicslowpan.o)
                0x0000e6a8                llprefix
 .rodata.sicslowpan_driver
                0x0000e6ac        0xc contiki-cc13xx.a(sicslowpan.o)
                0x0000e6ac                sicslowpan_driver
 .rodata.unc_mxconf
                0x0000e6b8        0x4 contiki-cc13xx.a(sicslowpan.o)
                0x0000e6b8                unc_mxconf
 .rodata.unc_ctxconf
                0x0000e6bc        0x4 contiki-cc13xx.a(sicslowpan.o)
                0x0000e6bc                unc_ctxconf
 .rodata.str1.4
                0x0000e6c0        0xb contiki-cc13xx.a(sicslowpan.o)
                                  0xc (size before relaxing)
 *fill*         0x0000e6cb        0x1 00000000
 .rodata.str1.4
                0x0000e6cc        0xd contiki-cc13xx.a(tcpip.o)
                                 0x10 (size before relaxing)
 *fill*         0x0000e6d9        0x3 00000000
 .rodata.linkaddr_null
                0x0000e6dc        0x4 contiki-cc13xx.a(linkaddr.o)
                0x0000e6dc                linkaddr_null
 .rodata.framer_802154
                0x0000e6e0        0xc contiki-cc13xx.a(framer-802154.o)
                0x0000e6e0                framer_802154
 .rodata.str1.4
                0x0000e6ec        0x8 contiki-cc13xx.a(nullrdc.o)
 .rodata.nullrdc_driver
                0x0000e6f4       0x20 contiki-cc13xx.a(nullrdc.o)
                0x0000e6f4                nullrdc_driver
 .rodata.str1.4
                0x0000e714      0x16b contiki-cc13xx.a(hitmac.o)
                                0x16c (size before relaxing)
 *fill*         0x0000e87f        0x1 00000000
 .rodata.hitmac_driver
                0x0000e880       0x1c contiki-cc13xx.a(hitmac.o)
                0x0000e880                hitmac_driver
 .rodata.str1.4
                0x0000e89c        0x8 contiki-cc13xx.a(nullsec.o)
 .rodata.nullsec_driver
                0x0000e8a4       0x10 contiki-cc13xx.a(nullsec.o)
                0x0000e8a4                nullsec_driver
 .rodata.str1.4
                0x0000e8b4       0x8c contiki-cc13xx.a(flashdata.o)
 .rodata.str1.4
                0x0000e940       0x2c contiki-cc13xx.a(uip-debug.o)
                0x0000e96c                _etext = .

.glue_7         0x0000e96c        0x0
 .glue_7        0x00000000        0x0 linker stubs

.glue_7t        0x0000e96c        0x0
 .glue_7t       0x00000000        0x0 linker stubs

.vfp11_veneer   0x0000e96c        0x0
 .vfp11_veneer  0x00000000        0x0 linker stubs

.v4_bx          0x0000e96c        0x0
 .v4_bx         0x00000000        0x0 linker stubs

.iplt           0x0000e96c        0x0
 .iplt          0x00000000        0x0 obj_cc13xx/startup_gcc.o

.data           0x20000000      0x356 load address 0x0000e96c
                0x20000000                _data = .
 *(SORT(vtable))
 *(SORT(.data*))
 .data.app_root_process
                0x20000000       0x10 app-root.co
                0x20000000                app_root_process
 .data.srf_module
                0x20000010       0x14 contiki-cc13xx.a(board.o)
 .data.watchdog_process
                0x20000024       0x10 contiki-cc13xx.a(external-watchd)
                0x20000024                watchdog_process
 .data.prop_lpm_module
                0x20000034       0x14 contiki-cc13xx.a(prop-mode.o)
 .data.tx_power_current
                0x20000048        0x4 contiki-cc13xx.a(prop-mode.o)
                0x20000048                tx_power_current
 .data.uart_module
                0x2000004c       0x14 contiki-cc13xx.a(cc26xx-uart.o)
 .data.rf_core_process
                0x20000060       0x10 contiki-cc13xx.a(rf-core.o)
                0x20000060                rf_core_process
 .data.rng_module
                0x20000070       0x14 contiki-cc13xx.a(soc-trng.o)
 .data.soc_trng_process
                0x20000084       0x10 contiki-cc13xx.a(soc-trng.o)
                0x20000084                soc_trng_process
 .data.ctxt     0x20000094        0x8 contiki-cc13xx.a(dbg-printf.o)
 .data.ctimer_process
                0x2000009c       0x10 contiki-cc13xx.a(ctimer.o)
                0x2000009c                ctimer_process
 .data.etimer_process
                0x200000ac       0x10 contiki-cc13xx.a(etimer.o)
                0x200000ac                etimer_process
 .data.serial_line_process
                0x200000bc       0x10 contiki-cc13xx.a(serial-line.o)
                0x200000bc                serial_line_process
 .data.tcpip_process
                0x200000cc       0x10 contiki-cc13xx.a(tcpip.o)
                0x200000cc                tcpip_process
 .data.dao_ack_handler
                0x200000dc        0xc contiki-cc13xx.a(rpl-icmp6.o)
 .data.dis_handler
                0x200000e8        0xc contiki-cc13xx.a(rpl-icmp6.o)
 .data.dao_handler
                0x200000f4        0xc contiki-cc13xx.a(rpl-icmp6.o)
 .data.dio_handler
                0x20000100        0xc contiki-cc13xx.a(rpl-icmp6.o)
 .data.rpl_parents
                0x2000010c        0x4 contiki-cc13xx.a(rpl-dag.o)
                0x2000010c                rpl_parents
 .data.rpl_parents_struct
                0x20000110       0x10 contiki-cc13xx.a(rpl-dag.o)
 .data.bufmem   0x20000120        0xc contiki-cc13xx.a(queuebuf.o)
 .data.buframmem
                0x2000012c        0xc contiki-cc13xx.a(queuebuf.o)
 .data.neighbor_addr_mem
                0x20000138        0xc contiki-cc13xx.a(nbr-table.o)
 .data.link_stats_struct
                0x20000144       0x10 contiki-cc13xx.a(link-stats.o)
 .data.hitmac_process
                0x20000154       0x10 contiki-cc13xx.a(hitmac.o)
                0x20000154                hitmac_process
 .data.hitmac_nodeid
                0x20000164        0xc contiki-cc13xx.a(hitmac.o)
                0x20000164                hitmac_nodeid
 .data.hitmac_root_eb_process
                0x20000170       0x10 contiki-cc13xx.a(hitmac.o)
                0x20000170                hitmac_root_eb_process
 .data.hitmac_scheduler_process
                0x20000180       0x10 contiki-cc13xx.a(hitmac.o)
                0x20000180                hitmac_scheduler_process
 .data.nodeid_slot
                0x20000190        0x8 contiki-cc13xx.a(hitmac.o)
                0x20000190                nodeid_slot
 .data.down_buf.6887
                0x20000198       0x28 contiki-cc13xx.a(hitmac.o)
 .data.packet_memb
                0x200001c0        0xc contiki-cc13xx.a(hitmac-frame.o)
 .data.smartrf_settings_cmd_prop_rx_adv
                0x200001cc       0x30 contiki-cc13xx.a(smartrf-setting)
                0x200001cc                smartrf_settings_cmd_prop_rx_adv
 .data.smartrf_settings_cmd_fs
                0x200001fc       0x18 contiki-cc13xx.a(smartrf-setting)
                0x200001fc                smartrf_settings_cmd_fs
 .data.smartrf_settings_cmd_prop_radio_div_setup
                0x20000214       0x28 contiki-cc13xx.a(smartrf-setting)
                0x20000214                smartrf_settings_cmd_prop_radio_div_setup
 .data.smartrf_settings_cmd_prop_tx_adv
                0x2000023c       0x20 contiki-cc13xx.a(smartrf-setting)
                0x2000023c                smartrf_settings_cmd_prop_tx_adv
 .data.overrides
                0x2000025c       0x60 contiki-cc13xx.a(smartrf-setting)
 .data.echo_request_handler
                0x200002bc        0xc contiki-cc13xx.a(uip-icmp6.o)
 .data.echo_reply_handler
                0x200002c8        0xc contiki-cc13xx.a(uip-icmp6.o)
 .data.defaultroutermemb
                0x200002d4        0xc contiki-cc13xx.a(uip-ds6-route.o)
 .data.nbr_routes_struct
                0x200002e0       0x10 contiki-cc13xx.a(uip-ds6-route.o)
 .data.nbr_routes
                0x200002f0        0x4 contiki-cc13xx.a(uip-ds6-route.o)
                0x200002f0                nbr_routes
 .data.routememb
                0x200002f4        0xc contiki-cc13xx.a(uip-ds6-route.o)
 .data.neighborroutememb
                0x20000300        0xc contiki-cc13xx.a(uip-ds6-route.o)
 .data.ds6_neighbors
                0x2000030c        0x4 contiki-cc13xx.a(uip-ds6-nbr.o)
                0x2000030c                ds6_neighbors
 .data.ds6_neighbors_struct
                0x20000310       0x10 contiki-cc13xx.a(uip-ds6-nbr.o)
 .data.ns_input_handler
                0x20000320        0xc contiki-cc13xx.a(uip-nd6.o)
 .data.rpl_mrhof
                0x2000032c       0x24 contiki-cc13xx.a(rpl-mrhof.o)
                0x2000032c                rpl_mrhof
 .data.mac_pan_id
                0x20000350        0x2 contiki-cc13xx.a(frame802154.o)
 .data.rssi_threshold
                0x20000352        0x1 contiki-cc13xx.a(prop-mode.o)
 .data.rng_ready_event
                0x20000353        0x1 contiki-cc13xx.a(soc-trng.o)
 .data.dao_sequence
                0x20000354        0x1 contiki-cc13xx.a(rpl-icmp6.o)
 .data.hitmac_is_broadcast
                0x20000355        0x1 contiki-cc13xx.a(hitmac.o)
                0x20000356                _edata = .

.igot.plt       0x20000358        0x0 load address 0x0000ecc2
 .igot.plt      0x00000000        0x0 obj_cc13xx/startup_gcc.o

.ARM.exidx      0x0000ecc4        0x8
 *(SORT(.ARM.exidx*))
 .ARM.exidx     0x0000ecc4        0x8 /opt/gcc-arm-none/bin/../lib/gcc/arm-none-eabi/4.9.3/armv7-m/libgcc.a(_divdi3.o)
 .ARM.exidx     0x0000eccc        0x0 /opt/gcc-arm-none/bin/../lib/gcc/arm-none-eabi/4.9.3/armv7-m/libgcc.a(_udivdi3.o)
                                  0x8 (size before relaxing)

.bss            0x20000358     0x2f03
                0x20000358                _bss = .
 *(SORT(.bss*))
 .bss.count     0x20000358        0x8 contiki-cc13xx.a(clock.o)
 .bss.rands_cache
                0x20000360       0x20 contiki-cc13xx.a(soc-trng.o)
 .bss.i.6141    0x20000380        0x4 app-root.co
 .bss.periodic.6155
                0x20000384       0x10 app-root.co
 .bss.inited    0x20000394        0x4 contiki-cc13xx.a(board.o)
 .bss.dog       0x20000398       0x10 contiki-cc13xx.a(external-watchd)
 .bss.rx_stats  0x200003a8        0xc contiki-cc13xx.a(prop-mode.o)
 .bss.rx_data_queue
                0x200003b4        0x8 contiki-cc13xx.a(prop-mode.o)
 .bss.rx_read_entry
                0x200003bc        0x4 contiki-cc13xx.a(prop-mode.o)
 .bss.tx_buf    0x200003c0       0xb8 contiki-cc13xx.a(prop-mode.o)
 .bss.rx_buf    0x20000478      0x230 contiki-cc13xx.a(prop-mode.o)
 .bss.last_isr_time
                0x200006a8        0x4 contiki-cc13xx.a(soc-rtc.o)
 .bss.input_handler
                0x200006ac        0x4 contiki-cc13xx.a(cc26xx-uart.o)
 .bss.modules_list_list
                0x200006b0        0x4 contiki-cc13xx.a(lpm.o)
 .bss.last_radio_op
                0x200006b4        0x4 contiki-cc13xx.a(rf-core.o)
 .bss.primary_mode
                0x200006b8        0x4 contiki-cc13xx.a(rf-core.o)
 .bss.rat_offset
                0x200006bc        0x4 contiki-cc13xx.a(rf-core.o)
                0x200006bc                rat_offset
 .bss.notify_cb
                0x200006c0        0x4 contiki-cc13xx.a(soc-trng.o)
 .bss.rands_mask
                0x200006c4        0x4 contiki-cc13xx.a(soc-trng.o)
 .bss.ctimer_list_list
                0x200006c8        0x4 contiki-cc13xx.a(ctimer.o)
 .bss.timerlist
                0x200006cc        0x4 contiki-cc13xx.a(etimer.o)
 .bss.next_expiration
                0x200006d0        0x4 contiki-cc13xx.a(etimer.o)
 .bss.process_current
                0x200006d4        0x4 contiki-cc13xx.a(process.o)
                0x200006d4                process_current
 .bss.process_list
                0x200006d8        0x4 contiki-cc13xx.a(process.o)
                0x200006d8                process_list
 .bss.events    0x200006dc      0x180 contiki-cc13xx.a(process.o)
 .bss.next_rtimer
                0x2000085c        0x4 contiki-cc13xx.a(rtimer.o)
 .bss.rxbuf_data
                0x20000860       0x80 contiki-cc13xx.a(serial-line.o)
 .bss.buf.4853  0x200008e0       0x80 contiki-cc13xx.a(serial-line.o)
 .bss.rxbuf     0x20000960        0x8 contiki-cc13xx.a(serial-line.o)
 .bss.ptr.4854  0x20000968        0x4 contiki-cc13xx.a(serial-line.o)
 .bss.context   0x2000096c        0x4 contiki-cc13xx.a(sicslowpan.o)
 .bss.last_rssi
                0x20000970        0x4 contiki-cc13xx.a(sicslowpan.o)
 .bss.hc06_ptr  0x20000974        0x4 contiki-cc13xx.a(sicslowpan.o)
 .bss.frag_info
                0x20000978      0x158 contiki-cc13xx.a(sicslowpan.o)
 .bss.addr_contexts
                0x20000ad0        0xc contiki-cc13xx.a(sicslowpan.o)
 .bss.packetbuf_ptr
                0x20000adc        0x4 contiki-cc13xx.a(sicslowpan.o)
 .bss.last_tx_status
                0x20000ae0        0x4 contiki-cc13xx.a(sicslowpan.o)
 .bss.frag_buf  0x20000ae4      0x54c contiki-cc13xx.a(sicslowpan.o)
 .bss.packetbuf_payload_len
                0x20001030        0x4 contiki-cc13xx.a(sicslowpan.o)
 .bss.callback  0x20001034        0x4 contiki-cc13xx.a(sicslowpan.o)
 .bss.s         0x20001038       0xa4 contiki-cc13xx.a(tcpip.o)
 .bss.periodic  0x200010dc       0x10 contiki-cc13xx.a(tcpip.o)
 .bss.outputfunc
                0x200010ec        0x4 contiki-cc13xx.a(tcpip.o)
 .bss._rpl_parents_mem
                0x200010f0       0xa0 contiki-cc13xx.a(rpl-dag.o)
 .bss.powerQualGlobals
                0x20001190        0x8 contiki-cc13xx.a(sys_ctrl.o)
 .bss.buframmem_memb_count
                0x20001198        0x8 contiki-cc13xx.a(queuebuf.o)
 .bss.bufmem_memb_mem
                0x200011a0       0x20 contiki-cc13xx.a(queuebuf.o)
 .bss.buframmem_memb_mem
                0x200011c0      0x520 contiki-cc13xx.a(queuebuf.o)
 .bss.bufmem_memb_count
                0x200016e0        0x8 contiki-cc13xx.a(queuebuf.o)
 .bss.neighbor_addr_mem_memb_count
                0x200016e8       0x14 contiki-cc13xx.a(nbr-table.o)
 .bss.locked_map
                0x200016fc       0x14 contiki-cc13xx.a(nbr-table.o)
 .bss.nbr_table_keys_list
                0x20001710        0x4 contiki-cc13xx.a(nbr-table.o)
 .bss.neighbor_addr_mem_memb_mem
                0x20001714       0xa0 contiki-cc13xx.a(nbr-table.o)
 .bss.used_map  0x200017b4       0x14 contiki-cc13xx.a(nbr-table.o)
 .bss.all_tables
                0x200017c8       0x20 contiki-cc13xx.a(nbr-table.o)
 .bss.num_tables
                0x200017e8        0x4 contiki-cc13xx.a(nbr-table.o)
 .bss.packetbuf_aligned
                0x200017ec       0x80 contiki-cc13xx.a(packetbuf.o)
 .bss._link_stats_mem
                0x2000186c       0xf0 contiki-cc13xx.a(link-stats.o)
 .bss.hitmac_current_scheduler
                0x2000195c       0x14 contiki-cc13xx.a(hitmac.o)
 .bss.hitmac_is_associated
                0x20001970        0x4 contiki-cc13xx.a(hitmac.o)
 .bss.request_pt.6942
                0x20001974        0x4 contiki-cc13xx.a(hitmac.o)
 .bss.start.6885
                0x20001978        0x4 contiki-cc13xx.a(hitmac.o)
 .bss.down_schedule_num
                0x2000197c        0x4 contiki-cc13xx.a(hitmac.o)
 .bss.scan_timer.6916
                0x20001980       0x10 contiki-cc13xx.a(hitmac.o)
 .bss.asn_rtimer
                0x20001990        0xc contiki-cc13xx.a(hitmac.o)
 .bss.hitmac_current_asn
                0x2000199c        0x8 contiki-cc13xx.a(hitmac.o)
 .bss.current_asn_time
                0x200019a4        0x4 contiki-cc13xx.a(hitmac.o)
 .bss.hitmac_current_bussiness
                0x200019a8        0x4 contiki-cc13xx.a(hitmac.o)
 .bss.current_root_addr
                0x200019ac        0x4 contiki-cc13xx.a(hitmac.o)
 .bss.packet_memb_memb_count
                0x200019b0        0x8 contiki-cc13xx.a(hitmac-frame.o)
 .bss.packet_memb_memb_mem
                0x200019b8      0x460 contiki-cc13xx.a(hitmac-frame.o)
 .bss.consumers_list_list
                0x20001e18        0x4 contiki-cc13xx.a(aux-ctrl.o)
 .bss.tmp_ipaddr
                0x20001e1c       0x10 contiki-cc13xx.a(uip-icmp6.o)
 .bss.echo_reply_callback_list_list
                0x20001e2c        0x4 contiki-cc13xx.a(uip-icmp6.o)
 .bss.input_handler_list_list
                0x20001e30        0x4 contiki-cc13xx.a(uip-icmp6.o)
 .bss.locmaddr  0x20001e34        0x4 contiki-cc13xx.a(uip-ds6.o)
 .bss.locprefix
                0x20001e38        0x4 contiki-cc13xx.a(uip-ds6.o)
 .bss.locaddr   0x20001e3c        0x4 contiki-cc13xx.a(uip-ds6.o)
 .bss.loc_fipaddr
                0x20001e40       0x10 contiki-cc13xx.a(uip-ds6.o)
 .bss.defaultroutermemb_memb_mem
                0x20001e50       0x40 contiki-cc13xx.a(uip-ds6-route.o)
 .bss.num_routes
                0x20001e90        0x4 contiki-cc13xx.a(uip-ds6-route.o)
 .bss.defaultroutermemb_memb_count
                0x20001e94        0x4 contiki-cc13xx.a(uip-ds6-route.o)
 .bss.defaultrouterlist_list
                0x20001e98        0x4 contiki-cc13xx.a(uip-ds6-route.o)
 .bss._nbr_routes_mem
                0x20001e9c       0xa0 contiki-cc13xx.a(uip-ds6-route.o)
 .bss.routelist_list
                0x20001f3c        0x4 contiki-cc13xx.a(uip-ds6-route.o)
 .bss.routememb_memb_mem
                0x20001f40      0x320 contiki-cc13xx.a(uip-ds6-route.o)
 .bss.neighborroutememb_memb_mem
                0x20002260       0xa0 contiki-cc13xx.a(uip-ds6-route.o)
 .bss.notificationlist_list
                0x20002300        0x4 contiki-cc13xx.a(uip-ds6-route.o)
 .bss.neighborroutememb_memb_count
                0x20002304       0x14 contiki-cc13xx.a(uip-ds6-route.o)
 .bss.routememb_memb_count
                0x20002318       0x14 contiki-cc13xx.a(uip-ds6-route.o)
 .bss.iss       0x2000232c        0x4 contiki-cc13xx.a(uip6.o)
 .bss._ds6_neighbors_mem
                0x20002330      0x168 contiki-cc13xx.a(uip-ds6-nbr.o)
 .bss.nbr       0x20002498        0x4 contiki-cc13xx.a(uip-nd6.o)
 .bss.nd6_opt_llao
                0x2000249c        0x4 contiki-cc13xx.a(uip-nd6.o)
 .bss.addr      0x200024a0        0x4 contiki-cc13xx.a(uip-nd6.o)
 .bss.periodic_timer
                0x200024a4       0x20 contiki-cc13xx.a(rpl-nbr-policy.)
 .bss.timer_init
                0x200024c4        0x4 contiki-cc13xx.a(rpl-nbr-policy.)
 .bss.num_children
                0x200024c8        0x4 contiki-cc13xx.a(rpl-nbr-policy.)
 .bss.worst_rank_nbr
                0x200024cc        0x4 contiki-cc13xx.a(rpl-nbr-policy.)
 .bss.num_free  0x200024d0        0x4 contiki-cc13xx.a(rpl-nbr-policy.)
 .bss.num_parents
                0x200024d4        0x4 contiki-cc13xx.a(rpl-nbr-policy.)
 .bss.periodic_timer
                0x200024d8       0x20 contiki-cc13xx.a(rpl-timers.o)
 .bss.received_seqnos
                0x200024f8       0xc0 contiki-cc13xx.a(mac-sequence.o)
 .bss.node_id   0x200025b8        0x2 contiki-cc13xx.a(node-id.o)
                0x200025b8                node_id
 .bss.my_tag    0x200025ba        0x2 contiki-cc13xx.a(sicslowpan.o)
 .bss.buflen    0x200025bc        0x2 contiki-cc13xx.a(packetbuf.o)
 .bss.bufptr    0x200025be        0x2 contiki-cc13xx.a(packetbuf.o)
 .bss.lastport  0x200025c0        0x2 contiki-cc13xx.a(uip6.o)
 .bss.worst_rank
                0x200025c2        0x2 contiki-cc13xx.a(rpl-nbr-policy.)
 .bss.next_dis  0x200025c4        0x2 contiki-cc13xx.a(rpl-timers.o)
 .bss.c         0x200025c6        0x1 contiki-cc13xx.a(board.o)
 .bss.rat_offset_known
                0x200025c7        0x1 contiki-cc13xx.a(rf-core.o)
 .bss.ble_mode_on
                0x200025c8        0x1 contiki-cc13xx.a(rf-ble.o)
 .bss.initialized
                0x200025c9        0x1 contiki-cc13xx.a(ctimer.o)
 .bss.fevent    0x200025ca        0x1 contiki-cc13xx.a(process.o)
 .bss.nevents   0x200025cb        0x1 contiki-cc13xx.a(process.o)
 .bss.poll_requested
                0x200025cc        0x1 contiki-cc13xx.a(process.o)
 .bss.lastevent
                0x200025cd        0x1 contiki-cc13xx.a(process.o)
 .bss.leds      0x200025ce        0x1 contiki-cc13xx.a(leds.o)
 .bss.uncomp_hdr_len
                0x200025cf        0x1 contiki-cc13xx.a(sicslowpan.o)
 .bss.packetbuf_hdr_len
                0x200025d0        0x1 contiki-cc13xx.a(sicslowpan.o)
 .bss.mode      0x200025d1        0x1 contiki-cc13xx.a(rpl.o)
 .bss.hdrlen    0x200025d2        0x1 contiki-cc13xx.a(packetbuf.o)
 .bss.mac_dsn   0x200025d3        0x1 contiki-cc13xx.a(framer-802154.o)
 .bss.initialized
                0x200025d4        0x1 contiki-cc13xx.a(framer-802154.o)
 .bss.lost_sync_num
                0x200025d5        0x1 contiki-cc13xx.a(hitmac.o)
                0x200025d5                lost_sync_num
 .bss.strobes.6886
                0x200025d6        0x1 contiki-cc13xx.a(hitmac.o)
 .bss.next_slot_packet_seen.6882
                0x200025d7        0x1 contiki-cc13xx.a(hitmac.o)
 .bss.mod_type  0x200025d8        0x1 contiki-cc13xx.a(hitmac.o)
 .bss.rand_req.6917
                0x200025d9        0x1 contiki-cc13xx.a(hitmac.o)
 .bss.hitmac_slot
                0x200025da        0x1 contiki-cc13xx.a(hitmac.o)
 .bss.hitmac_packet_seqno.6261
                0x200025db        0x1 contiki-cc13xx.a(hitmac-frame.o)
 .bss.uip_ext_len
                0x200025dc        0x1 contiki-cc13xx.a(uip6.o)
                0x200025dc                uip_ext_len
 .bss.uip_ext_bitmap
                0x200025dd        0x1 contiki-cc13xx.a(uip6.o)
                0x200025dd                uip_ext_bitmap
 .bss.uip_ext_opt_offset