Archive member included because of file (symbol)

contiki-cc13xx.a(contiki-main.o)
                              obj_cc13xx/startup_gcc.o (main)
contiki-cc13xx.a(board.o)     contiki-cc13xx.a(contiki-main.o) (board_init)
contiki-cc13xx.a(node-id.o)   contiki-cc13xx.a(contiki-main.o) (node_id_burn)
contiki-cc13xx.a(external-watchd)
                              contiki-cc13xx.a(contiki-main.o) (watchdog_process)
contiki-cc13xx.a(prop-mode.o)
                              contiki-cc13xx.a(contiki-main.o) (prop_mode_driver)
contiki-cc13xx.a(prop-mode-tx-po)
                              contiki-cc13xx.a(prop-mode.o) (prop_mode_tx_power_431_527)
contiki-cc13xx.a(clock.o)     contiki-cc13xx.a(contiki-main.o) (clock_init)
contiki-cc13xx.a(rtimer-arch.o)
                              contiki-cc13xx.a(prop-mode.o) (rtimer_arch_now)
contiki-cc13xx.a(soc-rtc.o)   contiki-cc13xx.a(contiki-main.o) (soc_rtc_init)
contiki-cc13xx.a(contiki-watchdo)
                              contiki-cc13xx.a(contiki-main.o) (watchdog_init)
contiki-cc13xx.a(putchar.o)   contiki-cc13xx.a(node-id.o) (putchar)
contiki-cc13xx.a(ieee-addr.o)
                              contiki-cc13xx.a(contiki-main.o) (ieee_addr_cpy_to)
contiki-cc13xx.a(cc26xx-uart.o)
                              contiki-cc13xx.a(contiki-main.o) (cc26xx_uart_init)
contiki-cc13xx.a(lpm.o)       contiki-cc13xx.a(prop-mode.o) (lpm_sleep)
contiki-cc13xx.a(oscillators.o)
                              contiki-cc13xx.a(contiki-main.o) (oscillators_select_lf_xosc)
contiki-cc13xx.a(rf-core.o)   contiki-cc13xx.a(prop-mode.o) (rf_core_is_accessible)
contiki-cc13xx.a(rf-ble.o)    contiki-cc13xx.a(prop-mode.o) (rf_ble_is_active)
contiki-cc13xx.a(random.o)    contiki-cc13xx.a(contiki-main.o) (random_init)
contiki-cc13xx.a(soc-trng.o)  contiki-cc13xx.a(random.o) (soc_trng_rand_synchronous)
contiki-cc13xx.a(dbg-printf.o)
                              contiki-cc13xx.a(contiki-main.o) (printf)
contiki-cc13xx.a(strformat.o)
                              contiki-cc13xx.a(dbg-printf.o) (format_str_v)
contiki-cc13xx.a(autostart.o)
                              contiki-cc13xx.a(contiki-main.o) (autostart_start)
contiki-cc13xx.a(ctimer.o)    contiki-cc13xx.a(contiki-main.o) (ctimer_init)
contiki-cc13xx.a(energest.o)  contiki-cc13xx.a(contiki-main.o) (energest_init)
contiki-cc13xx.a(etimer.o)    contiki-cc13xx.a(clock.o) (etimer_request_poll)
contiki-cc13xx.a(process.o)   contiki-cc13xx.a(soc-trng.o) (process_alloc_event)
contiki-cc13xx.a(rtimer.o)    contiki-cc13xx.a(contiki-main.o) (rtimer_init)
contiki-cc13xx.a(timer.o)     contiki-cc13xx.a(etimer.o) (timer_set)
contiki-cc13xx.a(serial-line.o)
                              contiki-cc13xx.a(contiki-main.o) (serial_line_init)
contiki-cc13xx.a(leds.o)      contiki-cc13xx.a(board.o) (leds_init)
contiki-cc13xx.a(list.o)      contiki-cc13xx.a(lpm.o) (list_init)
contiki-cc13xx.a(ringbuf.o)   contiki-cc13xx.a(serial-line.o) (ringbuf_init)
contiki-cc13xx.a(sicslowpan.o)
                              contiki-cc13xx.a(contiki-main.o) (sicslowpan_driver)
contiki-cc13xx.a(tcpip.o)     contiki-cc13xx.a(sicslowpan.o) (tcpip_set_outputfunc)
contiki-cc13xx.a(rpl-ext-header.)
                              contiki-cc13xx.a(tcpip.o) (rpl_update_header)
contiki-cc13xx.a(rpl.o)       contiki-cc13xx.a(tcpip.o) (rpl_init)
contiki-cc13xx.a(rpl-icmp6.o)
                              contiki-cc13xx.a(rpl.o) (dao_output)
contiki-cc13xx.a(rpl-dag.o)   contiki-cc13xx.a(rpl.o) (rpl_dag_init)
contiki-cc13xx.a(setup.o)     obj_cc13xx/startup_gcc.o (NOROM_SetupTrimDevice)
contiki-cc13xx.a(setup_rom.o)
                              contiki-cc13xx.a(setup.o) (NOROM_SetupAfterColdResetWakeupFromShutDownCfg1)
contiki-cc13xx.a(trng.o)      contiki-cc13xx.a(soc-trng.o) (NOROM_TRNGConfigure)
contiki-cc13xx.a(adi.o)       contiki-cc13xx.a(oscillators.o) (SafeHapiVoid)
contiki-cc13xx.a(ddi.o)       contiki-cc13xx.a(setup_rom.o) (NOROM_DDI32RegWrite)
contiki-cc13xx.a(chipinfo.o)  contiki-cc13xx.a(prop-mode.o) (NOROM_ChipInfo_GetChipFamily)
contiki-cc13xx.a(cpu.o)       contiki-cc13xx.a(contiki-main.o) (NOROM_CPUcpsid)
contiki-cc13xx.a(pwr_ctrl.o)  contiki-cc13xx.a(lpm.o) (NOROM_PowerCtrlSourceSet)
contiki-cc13xx.a(sys_ctrl.o)  contiki-cc13xx.a(lpm.o) (NOROM_SysCtrlSetRechargeBeforePowerDown)
contiki-cc13xx.a(osc.o)       contiki-cc13xx.a(oscillators.o) (NOROM_OSCClockSourceSet)
contiki-cc13xx.a(aon_rtc.o)   contiki-cc13xx.a(rtimer-arch.o) (NOROM_AONRTCCurrentCompareValueGet)
contiki-cc13xx.a(rfc.o)       contiki-cc13xx.a(prop-mode.o) (NOROM_RFCRTrim)
contiki-cc13xx.a(queuebuf.o)  contiki-cc13xx.a(sicslowpan.o) (queuebuf_numfree)
contiki-cc13xx.a(nbr-table.o)
                              contiki-cc13xx.a(rpl-dag.o) (nbr_table_register)
contiki-cc13xx.a(packetbuf.o)
                              contiki-cc13xx.a(queuebuf.o) (packetbuf_copyto)
contiki-cc13xx.a(netstack.o)  contiki-cc13xx.a(contiki-main.o) (netstack_init)
[...]
Memory Configuration

Name             Origin             Length             Attributes
FLASH            0x00000000         0x0001ffa8         xr
FLASH_CCFG       0x0001ffa8         0x00000058         xr
SRAM             0x20000000         0x00005000         xrw
GPRAM            0x11000000         0x00002000         xrw
*default*        0x00000000         0xffffffff

Linker script and memory map

LOAD obj_cc13xx/fault-handlers.o
LOAD obj_cc13xx/ccfg.o
LOAD obj_cc13xx/startup_gcc.o
LOAD app-root.co
LOAD contiki-cc13xx.a
LOAD /opt/gcc-arm-none/bin/../lib/gcc/arm-none-eabi/4.9.3/../../../../arm-none-eabi/lib/armv7-m/libm.a
START GROUP
LOAD /opt/gcc-arm-none/bin/../lib/gcc/arm-none-eabi/4.9.3/armv7-m/libgcc.a
LOAD /opt/gcc-arm-none/bin/../lib/gcc/arm-none-eabi/4.9.3/../../../../arm-none-eabi/lib/armv7-m/libc.a
END GROUP
START GROUP
LOAD /opt/gcc-arm-none/bin/../lib/gcc/arm-none-eabi/4.9.3/armv7-m/libgcc.a
LOAD /opt/gcc-arm-none/bin/../lib/gcc/arm-none-eabi/4.9.3/../../../../arm-none-eabi/lib/armv7-m/libc.a
LOAD /opt/gcc-arm-none/bin/../lib/gcc/arm-none-eabi/4.9.3/../../../../arm-none-eabi/lib/armv7-m/libnosys.a
END GROUP
                0x20005000                _estack = (ORIGIN (SRAM) + 0x5000)
                0x00000000                _Min_Heap_Size = 0x0
                0x00000100                _Min_Stack_Size = 0x100

.text           0x00000000     0xe388
                0x00000000                _text = .
 *(SORT(.vectors))
 .vectors       0x00000000       0xc8 obj_cc13xx/startup_gcc.o
                0x00000000                g_pfnVectors
 *(SORT(.text*))
 .text.FaultISR
                0x000000c8       0x18 obj_cc13xx/fault-handlers.o
                0x000000c8                FaultISR
 .text.NmiSRHandler
                0x000000e0        0x4 obj_cc13xx/startup_gcc.o
                0x000000e0                NmiSR
 .text.IntDefaultHandler
                0x000000e4        0x4 obj_cc13xx/startup_gcc.o
                0x000000e4                SSI0IntHandler
                0x000000e4                SWEvent0IntHandler
                0x000000e4                uDMAIntHandler
                0x000000e4                WatchdogIntHandler
                0x000000e4                RFCHardwareIntHandler
                0x000000e4                Timer1BIntHandler
                0x000000e4                I2SIntHandler
                0x000000e4                Timer2BIntHandler
                0x000000e4                Timer2AIntHandler
                0x000000e4                Timer1AIntHandler
                0x000000e4                GPIOIntHandler
                0x000000e4                AONIntHandler
                0x000000e4                AUXSWEvent0IntHandler
                0x000000e4                AUXADCIntHandler
                0x000000e4                PendSVIntHandler
                0x000000e4                AUXSWEvent1IntHandler
                0x000000e4                SVCallIntHandler
                0x000000e4                MPUFaultIntHandler
                0x000000e4                SysTickIntHandler
                0x000000e4                BusFaultIntHandler
                0x000000e4                AONProgIntHandler
                0x000000e4                AUXCompAIntHandler
                0x000000e4                SSI1IntHandler
                0x000000e4                FlashIntHandler
                0x000000e4                uDMAErrIntHandler
                0x000000e4                UsageFaultIntHandler
                0x000000e4                RFCCmdAckIntHandler
                0x000000e4                CryptoIntHandler
                0x000000e4                Timer0AIntHandler
                0x000000e4                I2CIntHandler
                0x000000e4                DebugMonIntHandler
                0x000000e4                Timer0BIntHandler
                0x000000e4                AUXCombEventIntHandler
                0x000000e4                Timer3AIntHandler
                0x000000e4                DynProgIntHandler
                0x000000e4                Timer3BIntHandler
 .text.ResetISR
                0x000000e8       0x5c obj_cc13xx/startup_gcc.o
                0x000000e8                ResetISR
 .text.process_thread_app_root_process
                0x00000144       0x5c app-root.co
 .text.startup.main
                0x000001a0      0x1a0 contiki-cc13xx.a(contiki-main.o)
                0x000001a0                main
 .text.wakeup_handler
                0x00000340       0x20 contiki-cc13xx.a(board.o)
 .text.leds_arch_init
                0x00000360       0x28 contiki-cc13xx.a(board.o)
                0x00000360                leds_arch_init
 .text.leds_arch_set
                0x00000388       0x1c contiki-cc13xx.a(board.o)
                0x00000388                leds_arch_set
 .text.logic_test
                0x000003a4        0xc contiki-cc13xx.a(board.o)
                0x000003a4                logic_test
 .text.board_init
                0x000003b0       0xa4 contiki-cc13xx.a(board.o)
                0x000003b0                board_init
 .text.node_id_burn
                0x00000454        0xc contiki-cc13xx.a(node-id.o)
                0x00000454                node_id_burn
 .text.restart_count_byte_burn
                0x00000460       0x30 contiki-cc13xx.a(node-id.o)
                0x00000460                restart_count_byte_burn
 .text.restart_count_byte_restore
                0x00000490       0x30 contiki-cc13xx.a(node-id.o)
                0x00000490                restart_count_byte_restore
 .text.process_thread_watchdog_process
                0x000004c0       0x64 contiki-cc13xx.a(external-watchd)
 .text.get_object
                0x00000524        0x4 contiki-cc13xx.a(prop-mode.o)
 .text.set_object
                0x00000528        0x4 contiki-cc13xx.a(prop-mode.o)
 .text.request  0x0000052c       0x20 contiki-cc13xx.a(prop-mode.o)
 .text.soft_off_prop
                0x0000054c       0x3c contiki-cc13xx.a(prop-mode.o)
 .text.rx_on_prop
                0x00000588       0x70 contiki-cc13xx.a(prop-mode.o)
 .text.prepare  0x000005f8       0x1c contiki-cc13xx.a(prop-mode.o)
 .text.pending_packet
                0x00000614       0x34 contiki-cc13xx.a(prop-mode.o)
 .text.read_frame
                0x00000648       0x50 contiki-cc13xx.a(prop-mode.o)
 .text.rx_off_prop
                0x00000698       0x50 contiki-cc13xx.a(prop-mode.o)
 .text.prop_div_radio_setup
                0x000006e8       0x50 contiki-cc13xx.a(prop-mode.o)
 .text.prop_fs  0x00000738       0x34 contiki-cc13xx.a(prop-mode.o)
 .text.soft_on_prop
                0x0000076c       0x20 contiki-cc13xx.a(prop-mode.o)
 .text.off      0x0000078c       0x24 contiki-cc13xx.a(prop-mode.o)
 .text.on       0x000007b0      0x1fc contiki-cc13xx.a(prop-mode.o)
 .text.set_value
                0x000009ac      0x19c contiki-cc13xx.a(prop-mode.o)
 .text.get_value
                0x00000b48      0x16c contiki-cc13xx.a(prop-mode.o)
 .text.transmit
                0x00000cb4       0xac contiki-cc13xx.a(prop-mode.o)
 .text.send     0x00000d60       0x24 contiki-cc13xx.a(prop-mode.o)
 .text.channel_clear
                0x00000d84       0x74 contiki-cc13xx.a(prop-mode.o)
 .text.receiving_packet
                0x00000df8       0x28 contiki-cc13xx.a(prop-mode.o)
 .text.init     0x00000e20       0x94 contiki-cc13xx.a(prop-mode.o)
 .text.power_domain_on
                0x00000eb4       0x20 contiki-cc13xx.a(clock.o)
 .text.clock_init
                0x00000ed4       0x98 contiki-cc13xx.a(clock.o)
                0x00000ed4                clock_init
 .text.clock_time
                0x00000f6c       0x34 contiki-cc13xx.a(clock.o)
                0x00000f6c                clock_time
 .text.clock_update
                0x00000fa0       0x3c contiki-cc13xx.a(clock.o)
                0x00000fa0                clock_update
 .text.clock_seconds
                0x00000fdc       0x18 contiki-cc13xx.a(clock.o)
                0x00000fdc                clock_seconds
 .text.rtimer_arch_init
                0x00000ff4        0x4 contiki-cc13xx.a(rtimer-arch.o)
                0x00000ff4                rtimer_arch_init
 .text.rtimer_arch_schedule
                0x00000ff8        0x8 contiki-cc13xx.a(rtimer-arch.o)
                0x00000ff8                rtimer_arch_schedule
 .text.rtimer_arch_now
                0x00001000        0x4 contiki-cc13xx.a(rtimer-arch.o)
                0x00001000                rtimer_arch_now
 .text.soc_rtc_init
                0x00001004       0xa0 contiki-cc13xx.a(soc-rtc.o)
                0x00001004                soc_rtc_init
 .text.soc_rtc_schedule_one_shot
                0x000010a4       0x70 contiki-cc13xx.a(soc-rtc.o)
                0x000010a4                soc_rtc_schedule_one_shot
 .text.soc_rtc_last_isr_time
                0x00001114        0xc contiki-cc13xx.a(soc-rtc.o)
                0x00001114                soc_rtc_last_isr_time
 .text.AONRTCIntHandler
                0x00001120       0x88 contiki-cc13xx.a(soc-rtc.o)
                0x00001120                AONRTCIntHandler
 .text.lock_config
                0x000011a8       0x18 contiki-cc13xx.a(contiki-watchdo)
 .text.unlock_config
                0x000011c0       0x2c contiki-cc13xx.a(contiki-watchdo)
 .text.watchdog_init
                0x000011ec       0x1c contiki-cc13xx.a(contiki-watchdo)
                0x000011ec                watchdog_init
 .text.watchdog_start
                0x00001208       0x30 contiki-cc13xx.a(contiki-watchdo)
                0x00001208                watchdog_start
 .text.watchdog_periodic
                0x00001238       0x1c contiki-cc13xx.a(contiki-watchdo)
                0x00001238                watchdog_periodic
 .text.putchar  0x00001254       0x10 contiki-cc13xx.a(putchar.o)
                0x00001254                putchar
 .text.puts     0x00001264       0x30 contiki-cc13xx.a(putchar.o)
                0x00001264                puts
 .text.dbg_send_bytes
                0x00001294       0x40 contiki-cc13xx.a(putchar.o)
                0x00001294                dbg_send_bytes
 .text.ieee_addr_cpy_to
                0x000012d4       0x40 contiki-cc13xx.a(ieee-addr.o)
                0x000012d4                ieee_addr_cpy_to
 .text.power_and_clock
                0x00001314       0x40 contiki-cc13xx.a(cc26xx-uart.o)
 .text.enable   0x00001354       0xf4 contiki-cc13xx.a(cc26xx-uart.o)
 .text.accessible
                0x00001448       0x24 contiki-cc13xx.a(cc26xx-uart.o)
 .text.lpm_drop_handler
                0x0000146c       0xcc contiki-cc13xx.a(cc26xx-uart.o)
 .text.cc26xx_uart_init
                0x00001538       0x28 contiki-cc13xx.a(cc26xx-uart.o)
                0x00001538                cc26xx_uart_init
 .text.cc26xx_uart_write_byte
                0x00001560       0x28 contiki-cc13xx.a(cc26xx-uart.o)
                0x00001560                cc26xx_uart_write_byte
 .text.cc26xx_uart_busy
                0x00001588       0x18 contiki-cc13xx.a(cc26xx-uart.o)
                0x00001588                cc26xx_uart_busy
 .text.UART0IntHandler
                0x000015a0       0x54 contiki-cc13xx.a(cc26xx-uart.o)
                0x000015a0                UART0IntHandler
 .text.lpm_sleep
                0x000015f4       0x14 contiki-cc13xx.a(lpm.o)
                0x000015f4                lpm_sleep
 .text.lpm_drop
                0x00001608      0x25c contiki-cc13xx.a(lpm.o)
                0x00001608                lpm_drop
 .text.lpm_register_module
                0x00001864        0xc contiki-cc13xx.a(lpm.o)
                0x00001864                lpm_register_module
 .text.lpm_unregister_module
                0x00001870        0xc contiki-cc13xx.a(lpm.o)
                0x00001870                lpm_unregister_module
 .text.lpm_init
                0x0000187c       0x20 contiki-cc13xx.a(lpm.o)
                0x0000187c                lpm_init
 .text.lpm_pin_set_default_state
                0x0000189c       0x2c contiki-cc13xx.a(lpm.o)
                0x0000189c                lpm_pin_set_default_state
 .text.oscillators_select_lf_xosc
                0x000018c8       0x58 contiki-cc13xx.a(oscillators.o)
                0x000018c8                oscillators_select_lf_xosc
 .text.oscillators_request_hf_xosc
                0x00001920       0x30 contiki-cc13xx.a(oscillators.o)
                0x00001920                oscillators_request_hf_xosc
 .text.oscillators_switch_to_hf_xosc
                0x00001950       0x34 contiki-cc13xx.a(oscillators.o)
                0x00001950                oscillators_switch_to_hf_xosc
 .text.oscillators_switch_to_hf_rc
                0x00001984       0x38 contiki-cc13xx.a(oscillators.o)
                0x00001984                oscillators_switch_to_hf_rc
 .text.process_thread_rf_core_process
                0x000019bc       0x58 contiki-cc13xx.a(rf-core.o)
 .text.rf_core_is_accessible
                0x00001a14       0x10 contiki-cc13xx.a(rf-core.o)
                0x00001a14                rf_core_is_accessible
 .text.rf_core_send_cmd
                0x00001a24       0xa4 contiki-cc13xx.a(rf-core.o)
                0x00001a24                rf_core_send_cmd
 .text.rf_core_wait_cmd_done
                0x00001ac8       0x30 contiki-cc13xx.a(rf-core.o)
                0x00001ac8                rf_core_wait_cmd_done
 .text.rf_core_power_up
                0x00001af8       0xcc contiki-cc13xx.a(rf-core.o)
                0x00001af8                rf_core_power_up
 .text.rf_core_start_rat
                0x00001bc4       0x68 contiki-cc13xx.a(rf-core.o)
                0x00001bc4                rf_core_start_rat
 .text.rf_core_stop_rat
                0x00001c2c       0x7c contiki-cc13xx.a(rf-core.o)
                0x00001c2c                rf_core_stop_rat
 .text.rf_core_power_down
                0x00001ca8       0xec contiki-cc13xx.a(rf-core.o)
                0x00001ca8                rf_core_power_down
 .text.rf_core_set_modesel
                0x00001d94       0x44 contiki-cc13xx.a(rf-core.o)
                0x00001d94                rf_core_set_modesel
 .text.rf_core_setup_interrupts
                0x00001dd8       0x74 contiki-cc13xx.a(rf-core.o)
                0x00001dd8                rf_core_setup_interrupts
 .text.rf_core_cmd_done_en
                0x00001e4c       0x28 contiki-cc13xx.a(rf-core.o)
                0x00001e4c                rf_core_cmd_done_en
 .text.rf_core_cmd_done_dis
                0x00001e74       0x18 contiki-cc13xx.a(rf-core.o)
                0x00001e74                rf_core_cmd_done_dis
 .text.rf_core_get_last_radio_op
                0x00001e8c        0xc contiki-cc13xx.a(rf-core.o)
                0x00001e8c                rf_core_get_last_radio_op
 .text.rf_core_primary_mode_register
                0x00001e98        0xc contiki-cc13xx.a(rf-core.o)
                0x00001e98                rf_core_primary_mode_register
 .text.RFCCPE1IntHandler
                0x00001ea4       0x28 contiki-cc13xx.a(rf-core.o)
                0x00001ea4                RFCCPE1IntHandler
 .text.RFCCPE0IntHandler
                0x00001ecc       0x5c contiki-cc13xx.a(rf-core.o)
                0x00001ecc                RFCCPE0IntHandler
 .text.rf_ble_is_active
                0x00001f28        0xc contiki-cc13xx.a(rf-ble.o)
                0x00001f28                rf_ble_is_active
 .text.random_rand
                0x00001f34        0xc contiki-cc13xx.a(random.o)
                0x00001f34                random_rand
 .text.random_init
                0x00001f40        0x4 contiki-cc13xx.a(random.o)
                0x00001f40                random_init
 .text.power_up
                0x00001f44       0x40 contiki-cc13xx.a(soc-trng.o)
 .text.request  0x00001f84       0x14 contiki-cc13xx.a(soc-trng.o)
 .text.process_thread_soc_trng_process
                0x00001f98       0x94 contiki-cc13xx.a(soc-trng.o)
 .text.accessible
                0x0000202c       0x24 contiki-cc13xx.a(soc-trng.o)
 .text.soc_trng_rand_synchronous
                0x00002050       0xc4 contiki-cc13xx.a(soc-trng.o)
                0x00002050                soc_trng_rand_synchronous
 .text.TRNGIntHandler
                0x00002114       0x50 contiki-cc13xx.a(soc-trng.o)
                0x00002114                TRNGIntHandler
 .text.soc_trng_init
                0x00002164       0x28 contiki-cc13xx.a(soc-trng.o)
                0x00002164                soc_trng_init
 .text.write_str
                0x0000218c       0x14 contiki-cc13xx.a(dbg-printf.o)
 .text.printf   0x000021a0       0x24 contiki-cc13xx.a(dbg-printf.o)
                0x000021a0                printf
 .text.fill_space
                0x000021c4       0x3c contiki-cc13xx.a(strformat.o)
 .text.format_str_v
                0x00002200      0x95c contiki-cc13xx.a(strformat.o)
                0x00002200                format_str_v
 .text.autostart_start
                0x00002b5c       0x18 contiki-cc13xx.a(autostart.o)
                0x00002b5c                autostart_start
 .text.process_thread_ctimer_process
                0x00002b74       0x94 contiki-cc13xx.a(ctimer.o)
 .text.ctimer_init
                0x00002c08       0x28 contiki-cc13xx.a(ctimer.o)
                0x00002c08                ctimer_init
 .text.ctimer_set_with_process
                0x00002c30       0x4c contiki-cc13xx.a(ctimer.o)
                0x00002c30                ctimer_set_with_process
 .text.ctimer_set
                0x00002c7c       0x18 contiki-cc13xx.a(ctimer.o)
                0x00002c7c                ctimer_set
 .text.ctimer_reset
                0x00002c94       0x38 contiki-cc13xx.a(ctimer.o)
                0x00002c94                ctimer_reset
 .text.ctimer_restart
                0x00002ccc       0x38 contiki-cc13xx.a(ctimer.o)
                0x00002ccc                ctimer_restart
 .text.ctimer_stop
                0x00002d04       0x34 contiki-cc13xx.a(ctimer.o)
                0x00002d04                ctimer_stop
 .text.energest_init
                0x00002d38        0x4 contiki-cc13xx.a(energest.o)
                0x00002d38                energest_init
 .text.update_time
                0x00002d3c       0x44 contiki-cc13xx.a(etimer.o)
 .text.process_thread_etimer_process
                0x00002d80       0xc8 contiki-cc13xx.a(etimer.o)
 .text.add_timer
                0x00002e48       0x54 contiki-cc13xx.a(etimer.o)
 .text.etimer_request_poll
                0x00002e9c        0xc contiki-cc13xx.a(etimer.o)
                0x00002e9c                etimer_request_poll
 .text.etimer_set
                0x00002ea8       0x14 contiki-cc13xx.a(etimer.o)
                0x00002ea8                etimer_set
 .text.etimer_reset
                0x00002ebc       0x14 contiki-cc13xx.a(etimer.o)
                0x00002ebc                etimer_reset
 .text.etimer_restart
                0x00002ed0       0x14 contiki-cc13xx.a(etimer.o)
                0x00002ed0                etimer_restart
 .text.etimer_expired
                0x00002ee4        0xc contiki-cc13xx.a(etimer.o)
                0x00002ee4                etimer_expired
 .text.etimer_expiration_time
                0x00002ef0        0x8 contiki-cc13xx.a(etimer.o)
                0x00002ef0                etimer_expiration_time
 .text.etimer_pending
                0x00002ef8       0x10 contiki-cc13xx.a(etimer.o)
                0x00002ef8                etimer_pending
 .text.etimer_next_expiration_time
                0x00002f08       0x14 contiki-cc13xx.a(etimer.o)
                0x00002f08                etimer_next_expiration_time
 .text.etimer_stop
                0x00002f1c       0x4c contiki-cc13xx.a(etimer.o)
                0x00002f1c                etimer_stop
 .text.exit_process
                0x00002f68       0xb0 contiki-cc13xx.a(process.o)
 .text.call_process.part.0
                0x00003018       0x38 contiki-cc13xx.a(process.o)
 .text.do_poll  0x00003050       0x3c contiki-cc13xx.a(process.o)
 .text.process_alloc_event
                0x0000308c       0x10 contiki-cc13xx.a(process.o)
                0x0000308c                process_alloc_event
 .text.process_init
                0x0000309c       0x34 contiki-cc13xx.a(process.o)
                0x0000309c                process_init
 .text.process_run
                0x000030d0       0xac contiki-cc13xx.a(process.o)
                0x000030d0                process_run
 .text.process_nevents
                0x0000317c       0x14 contiki-cc13xx.a(process.o)
                0x0000317c                process_nevents
 .text.process_post
                0x00003190       0x40 contiki-cc13xx.a(process.o)
                0x00003190                process_post
 .text.process_post_synch
                0x000031d0       0x18 contiki-cc13xx.a(process.o)
                0x000031d0                process_post_synch
 .text.process_start
                0x000031e8       0x40 contiki-cc13xx.a(process.o)
                0x000031e8                process_start
 .text.process_poll
                0x00003228       0x18 contiki-cc13xx.a(process.o)
                0x00003228                process_poll
 .text.rtimer_init
                0x00003240        0x4 contiki-cc13xx.a(rtimer.o)
                0x00003240                rtimer_init
 .text.rtimer_set
                0x00003244       0x34 contiki-cc13xx.a(rtimer.o)
                0x00003244                rtimer_set
 .text.rtimer_run_next
                0x00003278       0x28 contiki-cc13xx.a(rtimer.o)
                0x00003278                rtimer_run_next
 .text.timer_set
                0x000032a0       0x10 contiki-cc13xx.a(timer.o)
                0x000032a0                timer_set
 .text.timer_reset
                0x000032b0        0xc contiki-cc13xx.a(timer.o)
                0x000032b0                timer_reset
 .text.timer_restart
                0x000032bc        0xc contiki-cc13xx.a(timer.o)
                0x000032bc                timer_restart
 .text.timer_expired
                0x000032c8       0x1c contiki-cc13xx.a(timer.o)
                0x000032c8                timer_expired
 .text.process_thread_serial_line_process
                0x000032e4       0xac contiki-cc13xx.a(serial-line.o)
 .text.serial_line_init
                0x00003390       0x24 contiki-cc13xx.a(serial-line.o)
                0x00003390                serial_line_init
 .text.leds_init
                0x000033b4       0x14 contiki-cc13xx.a(leds.o)
                0x000033b4                leds_init
 .text.leds_toggle
                0x000033c8       0x14 contiki-cc13xx.a(leds.o)
                0x000033c8                leds_toggle
 .text.list_init
                0x000033dc        0x8 contiki-cc13xx.a(list.o)
                0x000033dc                list_init
 .text.list_head
                0x000033e4        0x4 contiki-cc13xx.a(list.o)
                0x000033e4                list_head
 .text.list_add
                0x000033e8       0x48 contiki-cc13xx.a(list.o)
                0x000033e8                list_add
 .text.list_push
                0x00003430       0x40 contiki-cc13xx.a(list.o)
                0x00003430                list_push
 .text.list_remove
                0x00003470       0x2c contiki-cc13xx.a(list.o)
                0x00003470                list_remove
 .text.list_length
                0x0000349c       0x14 contiki-cc13xx.a(list.o)
                0x0000349c                list_length
 .text.list_item_next
                0x000034b0        0x8 contiki-cc13xx.a(list.o)
                0x000034b0                list_item_next
 .text.ringbuf_init
                0x000034b8       0x10 contiki-cc13xx.a(ringbuf.o)
                0x000034b8                ringbuf_init
 .text.ringbuf_get
                0x000034c8       0x28 contiki-cc13xx.a(ringbuf.o)
                0x000034c8                ringbuf_get
 .text.sicslowpan_init
                0x000034f0       0x24 contiki-cc13xx.a(sicslowpan.o)
                0x000034f0                sicslowpan_init
 .text.compress_addr_64
                0x00003514       0x9c contiki-cc13xx.a(sicslowpan.o)
 .text.set_packet_attrs
                0x000035b0       0x4c contiki-cc13xx.a(sicslowpan.o)
 .text.addr_context_lookup_by_prefix
                0x000035fc       0x28 contiki-cc13xx.a(sicslowpan.o)
 .text.send_packet
                0x00003624       0x24 contiki-cc13xx.a(sicslowpan.o)
 .text.packet_sent
                0x00003648       0x28 contiki-cc13xx.a(sicslowpan.o)
 .text.store_fragment
                0x00003670       0x68 contiki-cc13xx.a(sicslowpan.o)
 .text.add_fragment
                0x000036d8      0x198 contiki-cc13xx.a(sicslowpan.o)
 .text.uncompress_addr
                0x00003870       0xb8 contiki-cc13xx.a(sicslowpan.o)
 .text.input    0x00003928      0x660 contiki-cc13xx.a(sicslowpan.o)
 .text.output   0x00003f88      0x730 contiki-cc13xx.a(sicslowpan.o)
 .text.start_periodic_tcp_timer
                0x000046b8       0x1c contiki-cc13xx.a(tcpip.o)
 .text.tcpip_set_outputfunc
                0x000046d4        0xc contiki-cc13xx.a(tcpip.o)
                0x000046d4                tcpip_set_outputfunc
 .text.tcpip_icmp6_call
                0x000046e0       0x28 contiki-cc13xx.a(tcpip.o)
                0x000046e0                tcpip_icmp6_call
 .text.tcpip_input
                0x00004708       0x24 contiki-cc13xx.a(tcpip.o)
                0x00004708                tcpip_input
 .text.tcpip_ipv6_output
                0x0000472c       0xbc contiki-cc13xx.a(tcpip.o)
                0x0000472c                tcpip_ipv6_output
 .text.process_thread_tcpip_process
                0x000047e8      0x1c8 contiki-cc13xx.a(tcpip.o)
 .text.tcpip_uipcall
                0x000049b0       0x70 contiki-cc13xx.a(tcpip.o)
                0x000049b0                tcpip_uipcall
 .text.update_hbh_header
                0x00004a20       0xcc contiki-cc13xx.a(rpl-ext-header.)
 .text.insert_hbh_header.isra.0
                0x00004aec       0xac contiki-cc13xx.a(rpl-ext-header.)
 .text.rpl_verify_hbh_header
                0x00004b98       0xf0 contiki-cc13xx.a(rpl-ext-header.)
                0x00004b98                rpl_verify_hbh_header
 .text.rpl_remove_header
                0x00004c88       0x7c contiki-cc13xx.a(rpl-ext-header.)
                0x00004c88                rpl_remove_header
 .text.rpl_update_header
                0x00004d04       0x74 contiki-cc13xx.a(rpl-ext-header.)
                0x00004d04                rpl_update_header
 .text.rpl_get_mode
                0x00004d78        0xc contiki-cc13xx.a(rpl.o)
                0x00004d78                rpl_get_mode
 .text.rpl_purge_routes
                0x00004d84       0x7c contiki-cc13xx.a(rpl.o)
                0x00004d84                rpl_purge_routes
 .text.rpl_remove_routes
                0x00004e00       0x24 contiki-cc13xx.a(rpl.o)
                0x00004e00                rpl_remove_routes
 .text.rpl_remove_routes_by_nexthop
                0x00004e24       0x34 contiki-cc13xx.a(rpl.o)
                0x00004e24                rpl_remove_routes_by_nexthop
 .text.rpl_add_route
                0x00004e58       0x38 contiki-cc13xx.a(rpl.o)
                0x00004e58                rpl_add_route
 .text.rpl_link_neighbor_callback
                0x00004e90       0x60 contiki-cc13xx.a(rpl.o)
                0x00004e90                rpl_link_neighbor_callback
 .text.rpl_ipv6_neighbor_callback
                0x00004ef0       0x30 contiki-cc13xx.a(rpl.o)
                0x00004ef0                rpl_ipv6_neighbor_callback
 .text.rpl_purge_dags
                0x00004f20       0x40 contiki-cc13xx.a(rpl.o)
                0x00004f20                rpl_purge_dags
 .text.rpl_init
                0x00004f60       0x4c contiki-cc13xx.a(rpl.o)
                0x00004f60                rpl_init
 .text.get32    0x00004fac       0x20 contiki-cc13xx.a(rpl-icmp6.o)
 .text.dao_ack_input
                0x00004fcc       0x14 contiki-cc13xx.a(rpl-icmp6.o)
 .text.dao_output_target_seq
                0x00004fe0      0x12c contiki-cc13xx.a(rpl-icmp6.o)
 .text.dio_input
                0x0000510c      0x270 contiki-cc13xx.a(rpl-icmp6.o)
 .text.rpl_icmp6_update_nbr_table
                0x0000537c       0x38 contiki-cc13xx.a(rpl-icmp6.o)
                0x0000537c                rpl_icmp6_update_nbr_table
 .text.dao_input
                0x000053b4      0x2ec contiki-cc13xx.a(rpl-icmp6.o)
 .text.dis_output
                0x000056a0       0x58 contiki-cc13xx.a(rpl-icmp6.o)
                0x000056a0                dis_output
 .text.dio_output
                0x000056f8      0x2e4 contiki-cc13xx.a(rpl-icmp6.o)
                0x000056f8                dio_output
 .text.dis_input
                0x000059dc       0x54 contiki-cc13xx.a(rpl-icmp6.o)
 .text.dao_output
                0x00005a30       0x90 contiki-cc13xx.a(rpl-icmp6.o)
                0x00005a30                dao_output
 .text.dao_output_target
                0x00005ac0        0xc contiki-cc13xx.a(rpl-icmp6.o)
                0x00005ac0                dao_output_target
 .text.rpl_icmp6_register_handlers
                0x00005acc       0x30 contiki-cc13xx.a(rpl-icmp6.o)
                0x00005acc                rpl_icmp6_register_handlers
 .text.lollipop_greater_than
                0x00005afc       0x3c contiki-cc13xx.a(rpl-dag.o)
 .text.rpl_set_preferred_parent
                0x00005b38       0x2c contiki-cc13xx.a(rpl-dag.o)
 .text.set_ip_from_prefix
                0x00005b64       0x2c contiki-cc13xx.a(rpl-dag.o)
 .text.check_prefix
                0x00005b90       0x78 contiki-cc13xx.a(rpl-dag.o)
 .text.find_parent_any_dag_any_instance
                0x00005c08       0x1c contiki-cc13xx.a(rpl-dag.o)
 .text.rpl_dag_init
                0x00005c24       0x14 contiki-cc13xx.a(rpl-dag.o)
                0x00005c24                rpl_dag_init
 .text.rpl_get_parent
                0x00005c38       0x10 contiki-cc13xx.a(rpl-dag.o)
                0x00005c38                rpl_get_parent
 .text.rpl_rank_via_parent
                0x00005c48       0x1c contiki-cc13xx.a(rpl-dag.o)
                0x00005c48                rpl_rank_via_parent
 .text.rpl_get_parent_ipaddr
                0x00005c64       0x18 contiki-cc13xx.a(rpl-dag.o)
                0x00005c64                rpl_get_parent_ipaddr
 .text.rpl_get_parent_link_stats
                0x00005c7c       0x18 contiki-cc13xx.a(rpl-dag.o)
                0x00005c7c                rpl_get_parent_link_stats
 .text.best_parent
                0x00005c94       0x98 contiki-cc13xx.a(rpl-dag.o)
 .text.rpl_parent_is_fresh
                0x00005d2c       0x10 contiki-cc13xx.a(rpl-dag.o)
                0x00005d2c                rpl_parent_is_fresh
 .text.rpl_parent_is_reachable
                0x00005d3c       0x40 contiki-cc13xx.a(rpl-dag.o)
                0x00005d3c                rpl_parent_is_reachable
 .text.rpl_repair_root
                0x00005d7c       0x5c contiki-cc13xx.a(rpl-dag.o)
                0x00005d7c                rpl_repair_root
 .text.rpl_set_prefix
                0x00005dd8       0x98 contiki-cc13xx.a(rpl-dag.o)
                0x00005dd8                rpl_set_prefix
 .text.rpl_set_default_route
                0x00005e70       0x30 contiki-cc13xx.a(rpl-dag.o)
                0x00005e70                rpl_set_default_route
 .text.rpl_alloc_instance
                0x00005ea0       0x34 contiki-cc13xx.a(rpl-dag.o)
                0x00005ea0                rpl_alloc_instance
 .text.rpl_alloc_dag
                0x00005ed4       0x5c contiki-cc13xx.a(rpl-dag.o)
                0x00005ed4                rpl_alloc_dag
 .text.rpl_add_parent
                0x00005f30       0x30 contiki-cc13xx.a(rpl-dag.o)
                0x00005f30                rpl_add_parent
 .text.rpl_find_parent
                0x00005f60       0x18 contiki-cc13xx.a(rpl-dag.o)
                0x00005f60                rpl_find_parent
 .text.rpl_find_parent_any_dag
                0x00005f78       0x20 contiki-cc13xx.a(rpl-dag.o)
                0x00005f78                rpl_find_parent_any_dag
 .text.rpl_select_parent
                0x00005f98       0x58 contiki-cc13xx.a(rpl-dag.o)
                0x00005f98                rpl_select_parent
 .text.rpl_select_dag
                0x00005ff0      0x184 contiki-cc13xx.a(rpl-dag.o)
                0x00005ff0                rpl_select_dag
 .text.rpl_nullify_parent
                0x00006174       0x58 contiki-cc13xx.a(rpl-dag.o)
                0x00006174                rpl_nullify_parent
 .text.rpl_remove_parent
                0x000061cc       0x1c contiki-cc13xx.a(rpl-dag.o)
                0x000061cc                rpl_remove_parent
 .text.nbr_callback
                0x000061e8        0x4 contiki-cc13xx.a(rpl-dag.o)
 .text.remove_parents.constprop.6
                0x000061ec       0x44 contiki-cc13xx.a(rpl-dag.o)
 .text.rpl_free_dag
                0x00006230       0x3c contiki-cc13xx.a(rpl-dag.o)
                0x00006230                rpl_free_dag
 .text.rpl_move_parent
                0x0000626c       0x58 contiki-cc13xx.a(rpl-dag.o)
                0x0000626c                rpl_move_parent
 .text.rpl_get_dag
                0x000062c4       0x3c contiki-cc13xx.a(rpl-dag.o)
                0x000062c4                rpl_get_dag
 .text.rpl_get_any_dag
                0x00006300       0x18 contiki-cc13xx.a(rpl-dag.o)
                0x00006300                rpl_get_any_dag
 .text.rpl_get_instance
                0x00006318       0x20 contiki-cc13xx.a(rpl-dag.o)
                0x00006318                rpl_get_instance
 .text.rpl_join_instance
                0x00006338      0x168 contiki-cc13xx.a(rpl-dag.o)
                0x00006338                rpl_join_instance
 .text.rpl_local_repair
                0x000064a0       0x90 contiki-cc13xx.a(rpl-dag.o)
                0x000064a0                rpl_local_repair
 .text.rpl_process_parent_event
                0x00006530       0x9c contiki-cc13xx.a(rpl-dag.o)
                0x00006530                rpl_process_parent_event
 .text.rpl_add_dag
                0x000065cc      0x154 contiki-cc13xx.a(rpl-dag.o)
                0x000065cc                rpl_add_dag
 .text.rpl_recalculate_ranks
                0x00006720       0x50 contiki-cc13xx.a(rpl-dag.o)
                0x00006720                rpl_recalculate_ranks
 .text.rpl_process_dio
                0x00006770      0x334 contiki-cc13xx.a(rpl-dag.o)
                0x00006770                rpl_process_dio
 .text.TrimAfterColdResetWakeupFromShutDown
                0x00006aa4       0xd8 contiki-cc13xx.a(setup.o)
 .text.NOROM_SetupTrimDevice
                0x00006b7c       0xa4 contiki-cc13xx.a(setup.o)
                0x00006b7c                NOROM_SetupTrimDevice
 .text.NOROM_SetupGetTrimForXoscHfCtl.part.3
                0x00006c20       0x20 contiki-cc13xx.a(setup_rom.o)
 .text.NOROM_SetupGetTrimForRadcExtCfg.part.4
                0x00006c40       0x20 contiki-cc13xx.a(setup_rom.o)
 .text.NOROM_SetupSetVddrLevel
                0x00006c60       0xa4 contiki-cc13xx.a(setup_rom.o)
                0x00006c60                NOROM_SetupSetVddrLevel
 .text.NOROM_SetupAfterColdResetWakeupFromShutDownCfg1
                0x00006d04       0xc0 contiki-cc13xx.a(setup_rom.o)
                0x00006d04                NOROM_SetupAfterColdResetWakeupFromShutDownCfg1
 .text.NOROM_SetupAfterColdResetWakeupFromShutDownCfg3
                0x00006dc4      0x194 contiki-cc13xx.a(setup_rom.o)
                0x00006dc4                NOROM_SetupAfterColdResetWakeupFromShutDownCfg3
 .text.NOROM_SetupGetTrimForAnabypassValue1
                0x00006f58       0x64 contiki-cc13xx.a(setup_rom.o)
                0x00006f58                NOROM_SetupGetTrimForAnabypassValue1
 .text.NOROM_SetupGetTrimForAmpcompCtrl
                0x00006fbc       0x74 contiki-cc13xx.a(setup_rom.o)
                0x00006fbc                NOROM_SetupGetTrimForAmpcompCtrl
 .text.NOROM_SetupAfterColdResetWakeupFromShutDownCfg2
                0x00007030      0x19c contiki-cc13xx.a(setup_rom.o)
                0x00007030                NOROM_SetupAfterColdResetWakeupFromShutDownCfg2
 .text.NOROM_SetupSetCacheModeAccordingToCcfgSetting
                0x000071cc       0x6c contiki-cc13xx.a(setup_rom.o)
                0x000071cc                NOROM_SetupSetCacheModeAccordingToCcfgSetting
 .text.NOROM_TRNGConfigure
                0x00007238       0x38 contiki-cc13xx.a(trng.o)
                0x00007238                NOROM_TRNGConfigure
 .text.SafeHapiVoid
                0x00007270       0x2c contiki-cc13xx.a(adi.o)
                0x00007270                SafeHapiVoid
 .text.NOROM_DDI32RegWrite
                0x0000729c       0x34 contiki-cc13xx.a(ddi.o)
                0x0000729c                NOROM_DDI32RegWrite
 .text.NOROM_ChipInfo_GetChipFamily
                0x000072d0       0x50 contiki-cc13xx.a(chipinfo.o)
                0x000072d0                NOROM_ChipInfo_GetChipFamily
 .text.NOROM_ChipInfo_GetChipType
                0x00007320       0x30 contiki-cc13xx.a(chipinfo.o)
                0x00007320                NOROM_ChipInfo_GetChipType
 .text.NOROM_ChipInfo_GetHwRevision
                0x00007350       0x70 contiki-cc13xx.a(chipinfo.o)
                0x00007350                NOROM_ChipInfo_GetHwRevision
 .text.NOROM_ThisCodeIsBuiltForCC13xxHwRev20AndLater_HaltIfViolated
                0x000073c0       0x18 contiki-cc13xx.a(chipinfo.o)
                0x000073c0                NOROM_ThisCodeIsBuiltForCC13xxHwRev20AndLater_HaltIfViolated
 .text.NOROM_CPUcpsid
                0x000073d8        0x8 contiki-cc13xx.a(cpu.o)
                0x000073d8                NOROM_CPUcpsid
 .text.NOROM_CPUcpsie
                0x000073e0        0x8 contiki-cc13xx.a(cpu.o)
                0x000073e0                NOROM_CPUcpsie
 .text.NOROM_PowerCtrlSourceSet
                0x000073e8       0x30 contiki-cc13xx.a(pwr_ctrl.o)
                0x000073e8                NOROM_PowerCtrlSourceSet
 .text.NOROM_SysCtrlSetRechargeBeforePowerDown
                0x00007418      0x2b0 contiki-cc13xx.a(sys_ctrl.o)
                0x00007418                NOROM_SysCtrlSetRechargeBeforePowerDown
 .text.NOROM_SysCtrlAdjustRechargeAfterPowerDown
                0x000076c8       0x64 contiki-cc13xx.a(sys_ctrl.o)
                0x000076c8                NOROM_SysCtrlAdjustRechargeAfterPowerDown
 .text.NOROM_SysCtrl_DCDC_VoltageConditionalControl
                0x0000772c       0x7c contiki-cc13xx.a(sys_ctrl.o)
                0x0000772c                NOROM_SysCtrl_DCDC_VoltageConditionalControl
 .text.NOROM_OSCClockSourceSet
                0x000077a8       0x60 contiki-cc13xx.a(osc.o)
                0x000077a8                NOROM_OSCClockSourceSet
 .text.NOROM_OSCClockSourceGet
                0x00007808       0x2c contiki-cc13xx.a(osc.o)
                0x00007808                NOROM_OSCClockSourceGet
 .text.NOROM_AONRTCCurrentCompareValueGet
                0x00007834       0x24 contiki-cc13xx.a(aon_rtc.o)
                0x00007834                NOROM_AONRTCCurrentCompareValueGet
 .text.NOROM_RFCRTrim
                0x00007858      0x138 contiki-cc13xx.a(rfc.o)
                0x00007858                NOROM_RFCRTrim
 .text.NOROM_RFCAdi3VcoLdoVoltageMode
                0x00007990       0x20 contiki-cc13xx.a(rfc.o)
                0x00007990                NOROM_RFCAdi3VcoLdoVoltageMode
 .text.queuebuf_numfree
                0x000079b0        0xc contiki-cc13xx.a(queuebuf.o)
                0x000079b0                queuebuf_numfree
 .text.queuebuf_new_from_packetbuf
                0x000079bc       0x48 contiki-cc13xx.a(queuebuf.o)
                0x000079bc                queuebuf_new_from_packetbuf
 .text.queuebuf_free
                0x00007a04       0x2c contiki-cc13xx.a(queuebuf.o)
                0x00007a04                queuebuf_free
 .text.queuebuf_to_packetbuf
                0x00007a30       0x30 contiki-cc13xx.a(queuebuf.o)
                0x00007a30                queuebuf_to_packetbuf
 .text.nbr_set_bit
                0x00007a60       0x4c contiki-cc13xx.a(nbr-table.o)
 .text.index_from_lladdr
                0x00007aac       0x48 contiki-cc13xx.a(nbr-table.o)
 .text.nbr_get_bit.constprop.0
                0x00007af4       0x2c contiki-cc13xx.a(nbr-table.o)
 .text.remove_key
                0x00007b20       0x8c contiki-cc13xx.a(nbr-table.o)
 .text.nbr_table_register
                0x00007bac       0x2c contiki-cc13xx.a(nbr-table.o)
                0x00007bac                nbr_table_register
 .text.nbr_table_next
                0x00007bd8       0x64 contiki-cc13xx.a(nbr-table.o)
                0x00007bd8                nbr_table_next
 .text.nbr_table_head
                0x00007c3c       0x50 contiki-cc13xx.a(nbr-table.o)
                0x00007c3c                nbr_table_head
 .text.nbr_table_add_lladdr
                0x00007c8c      0x124 contiki-cc13xx.a(nbr-table.o)
                0x00007c8c                nbr_table_add_lladdr
 .text.nbr_table_get_from_lladdr
                0x00007db0       0x34 contiki-cc13xx.a(nbr-table.o)
                0x00007db0                nbr_table_get_from_lladdr
 .text.nbr_table_remove
                0x00007de4       0x2c contiki-cc13xx.a(nbr-table.o)
                0x00007de4                nbr_table_remove
 .text.nbr_table_lock
                0x00007e10       0x14 contiki-cc13xx.a(nbr-table.o)
                0x00007e10                nbr_table_lock
 .text.nbr_table_unlock
                0x00007e24       0x14 contiki-cc13xx.a(nbr-table.o)
                0x00007e24                nbr_table_unlock
 .text.nbr_table_get_lladdr
                0x00007e38       0x2c contiki-cc13xx.a(nbr-table.o)
                0x00007e38                nbr_table_get_lladdr
 .text.nbr_table_update_lladdr
                0x00007e64       0x48 contiki-cc13xx.a(nbr-table.o)
                0x00007e64                nbr_table_update_lladdr
 .text.packetbuf_copyto
                0x00007eac       0x50 contiki-cc13xx.a(packetbuf.o)
                0x00007eac                packetbuf_copyto
 .text.packetbuf_hdralloc
                0x00007efc       0x58 contiki-cc13xx.a(packetbuf.o)
                0x00007efc                packetbuf_hdralloc
 .text.packetbuf_hdrreduce
                0x00007f54       0x2c contiki-cc13xx.a(packetbuf.o)
                0x00007f54                packetbuf_hdrreduce
 .text.packetbuf_set_datalen
                0x00007f80        0xc contiki-cc13xx.a(packetbuf.o)
                0x00007f80                packetbuf_set_datalen
 .text.packetbuf_dataptr
                0x00007f8c       0x20 contiki-cc13xx.a(packetbuf.o)
                0x00007f8c                packetbuf_dataptr
 .text.packetbuf_hdrptr
                0x00007fac        0x8 contiki-cc13xx.a(packetbuf.o)
                0x00007fac                packetbuf_hdrptr
 .text.packetbuf_datalen
                0x00007fb4        0xc contiki-cc13xx.a(packetbuf.o)
                0x00007fb4                packetbuf_datalen
 .text.packetbuf_totlen
                0x00007fc0       0x24 contiki-cc13xx.a(packetbuf.o)
                0x00007fc0                packetbuf_totlen
 .text.packetbuf_attr_clear
                0x00007fe4       0x30 contiki-cc13xx.a(packetbuf.o)
                0x00007fe4                packetbuf_attr_clear
 .text.packetbuf_clear
                0x00008014       0x20 contiki-cc13xx.a(packetbuf.o)
                0x00008014                packetbuf_clear
 .text.packetbuf_copyfrom
                0x00008034       0x40 contiki-cc13xx.a(packetbuf.o)
                0x00008034                packetbuf_copyfrom
 .text.packetbuf_attr_copyto
                0x00008074       0x38 contiki-cc13xx.a(packetbuf.o)
                0x00008074                packetbuf_attr_copyto
 .text.packetbuf_attr_copyfrom
                0x000080ac       0x38 contiki-cc13xx.a(packetbuf.o)
                0x000080ac                packetbuf_attr_copyfrom
 .text.packetbuf_set_attr
                0x000080e4       0x10 contiki-cc13xx.a(packetbuf.o)
                0x000080e4                packetbuf_set_attr
 .text.packetbuf_attr
                0x000080f4        0xc contiki-cc13xx.a(packetbuf.o)
                0x000080f4                packetbuf_attr
 .text.packetbuf_set_addr
                0x00008100       0x18 contiki-cc13xx.a(packetbuf.o)
                0x00008100                packetbuf_set_addr
 .text.packetbuf_addr
                0x00008118       0x10 contiki-cc13xx.a(packetbuf.o)
                0x00008118                packetbuf_addr
 .text.packetbuf_holds_broadcast
                0x00008128       0x10 contiki-cc13xx.a(packetbuf.o)
                0x00008128                packetbuf_holds_broadcast
 .text.netstack_init
                0x00008138       0x1c contiki-cc13xx.a(netstack.o)
                0x00008138                netstack_init
 .text.linkaddr_copy
                0x00008154        0x8 contiki-cc13xx.a(linkaddr.o)
                0x00008154                linkaddr_copy
 .text.linkaddr_cmp
                0x0000815c       0x10 contiki-cc13xx.a(linkaddr.o)
                0x0000815c                linkaddr_cmp
 .text.periodic
                0x0000816c       0x2c contiki-cc13xx.a(link-stats.o)
 .text.link_stats_from_lladdr
                0x00008198        0xc contiki-cc13xx.a(link-stats.o)
                0x00008198                link_stats_from_lladdr
 .text.link_stats_is_fresh
                0x000081a4       0x28 contiki-cc13xx.a(link-stats.o)
                0x000081a4                link_stats_is_fresh
 .text.link_stats_packet_sent
                0x000081cc       0xbc contiki-cc13xx.a(link-stats.o)
                0x000081cc                link_stats_packet_sent
 .text.link_stats_input_callback
                0x00008288       0x5c contiki-cc13xx.a(link-stats.o)
                0x00008288                link_stats_input_callback
 .text.link_stats_init
                0x000082e4       0x28 contiki-cc13xx.a(link-stats.o)
                0x000082e4                link_stats_init
 .text.parse    0x0000830c       0xa0 contiki-cc13xx.a(framer-802154.o)
 .text.create_frame.isra.0
                0x000083ac      0x140 contiki-cc13xx.a(framer-802154.o)
 .text.create   0x000084ec        0x8 contiki-cc13xx.a(framer-802154.o)
 .text.hdr_length
                0x000084f4        0x8 contiki-cc13xx.a(framer-802154.o)
 .text.on       0x000084fc        0xc contiki-cc13xx.a(nullrdc.o)
 .text.channel_check_interval
                0x00008508        0x4 contiki-cc13xx.a(nullrdc.o)
 .text.init     0x0000850c        0xc contiki-cc13xx.a(nullrdc.o)
 .text.packet_input
                0x00008518       0xc4 contiki-cc13xx.a(nullrdc.o)
 .text.send_one_packet
                0x000085dc      0x114 contiki-cc13xx.a(nullrdc.o)
 .text.send_list
                0x000086f0       0x24 contiki-cc13xx.a(nullrdc.o)
 .text.send_packet
                0x00008714        0x4 contiki-cc13xx.a(nullrdc.o)
 .text.off      0x00008718       0x1c contiki-cc13xx.a(nullrdc.o)
 .text.send_packet
                0x00008734        0x4 contiki-cc13xx.a(hitmac.o)
 .text.channel_check_interval
                0x00008738        0x4 contiki-cc13xx.a(hitmac.o)
 .text.process_thread_hitmac_test_process
                0x0000873c       0x78 contiki-cc13xx.a(hitmac.o)
 .text.update_asn
                0x000087b4      0x134 contiki-cc13xx.a(hitmac.o)
                0x000087b4                update_asn
 .text.hitmac_init
                0x000088e8       0xb4 contiki-cc13xx.a(hitmac.o)
 .text.turn_off
                0x0000899c       0x1c contiki-cc13xx.a(hitmac.o)
 .text.turn_on  0x000089b8       0x20 contiki-cc13xx.a(hitmac.o)
 .text.hitmac_send_packet.part.2
                0x000089d8       0x60 contiki-cc13xx.a(hitmac.o)
 .text.process_thread_hitmac_root_eb_process
                0x00008a38       0x34 contiki-cc13xx.a(hitmac.o)
 .text.packet_input
                0x00008a6c       0xc8 contiki-cc13xx.a(hitmac.o)
 .text.hitmac_receive_eb
                0x00008b34       0xc8 contiki-cc13xx.a(hitmac.o)
                0x00008b34                hitmac_receive_eb
 .text.process_thread_hitmac_scheduler_process
                0x00008bfc       0x4c contiki-cc13xx.a(hitmac.o)
 .text.hitmac_request
                0x00008c48      0x154 contiki-cc13xx.a(hitmac.o)
                0x00008c48                hitmac_request
 .text.process_thread_hitmac_process
                0x00008d9c       0x98 contiki-cc13xx.a(hitmac.o)
 .text.frame80215e_create_ie_hitmac_synchronization
                0x00008e34       0x34 contiki-cc13xx.a(hitmac-frame.o)
                0x00008e34                frame80215e_create_ie_hitmac_synchronization
 .text.hitmac_packet_create_eb
                0x00008e68       0x98 contiki-cc13xx.a(hitmac-frame.o)
                0x00008e68                hitmac_packet_create_eb
 .text.hitmac_packet_create_request_associate
                0x00008f00       0x80 contiki-cc13xx.a(hitmac-frame.o)
                0x00008f00                hitmac_packet_create_request_associate
 .text.hitmac_parse_information_elements
                0x00008f80       0x3c contiki-cc13xx.a(hitmac-frame.o)
                0x00008f80                hitmac_parse_information_elements
 .text.hitmac_packet_parse_eb
                0x00008fbc      0x108 contiki-cc13xx.a(hitmac-frame.o)
                0x00008fbc                hitmac_packet_parse_eb
 .text.hitmac_packet_parse_cmd
                0x000090c4       0xe8 contiki-cc13xx.a(hitmac-frame.o)
                0x000090c4                hitmac_packet_parse_cmd
 .text.hitmac_packet_is_broadcast
                0x000091ac       0x18 contiki-cc13xx.a(hitmac-frame.o)
                0x000091ac                hitmac_packet_is_broadcast
 .text.init     0x000091c4        0x4 contiki-cc13xx.a(nullsec.o)
 .text.input    0x000091c8        0xc contiki-cc13xx.a(nullsec.o)
 .text.send     0x000091d4       0x20 contiki-cc13xx.a(nullsec.o)
 .text.read_flash
                0x000091f4       0x3c contiki-cc13xx.a(flashdata.o)
                0x000091f4                read_flash
 .text.write_to_flash
                0x00009230      0x118 contiki-cc13xx.a(flashdata.o)
                0x00009230                write_to_flash
 .text.aux_ctrl_power_up
                0x00009348       0x28 contiki-cc13xx.a(aux-ctrl.o)
                0x00009348                aux_ctrl_power_up
 .text.aux_ctrl_register_consumer
                0x00009370       0x40 contiki-cc13xx.a(aux-ctrl.o)
                0x00009370                aux_ctrl_register_consumer
 .text.aux_ctrl_power_down
                0x000093b0       0x6c contiki-cc13xx.a(aux-ctrl.o)
                0x000093b0                aux_ctrl_power_down
 .text.aux_ctrl_unregister_consumer
                0x0000941c       0x28 contiki-cc13xx.a(aux-ctrl.o)
                0x0000941c                aux_ctrl_unregister_consumer
 .text.memb_init
                0x00009444       0x24 contiki-cc13xx.a(memb.o)
                0x00009444                memb_init
 .text.memb_alloc
                0x00009468       0x3c contiki-cc13xx.a(memb.o)
                0x00009468                memb_alloc
 .text.memb_free
                0x000094a4       0x44 contiki-cc13xx.a(memb.o)
                0x000094a4                memb_free
 .text.memb_inmemb
                0x000094e8       0x1c contiki-cc13xx.a(memb.o)
                0x000094e8                memb_inmemb
 .text.memb_numfree
                0x00009504       0x1c contiki-cc13xx.a(memb.o)
                0x00009504                memb_numfree
 .text.echo_reply_input
                0x00009520       0xb0 contiki-cc13xx.a(uip-icmp6.o)
 .text.echo_request_input
                0x000095d0       0xb8 contiki-cc13xx.a(uip-icmp6.o)
 .text.uip_icmp6_input
                0x00009688       0x3c contiki-cc13xx.a(uip-icmp6.o)
                0x00009688                uip_icmp6_input
 .text.uip_icmp6_register_input_handler
                0x000096c4        0xc contiki-cc13xx.a(uip-icmp6.o)
                0x000096c4                uip_icmp6_register_input_handler
 .text.uip_icmp6_error_output
                0x000096d0      0x150 contiki-cc13xx.a(uip-icmp6.o)
                0x000096d0                uip_icmp6_error_output
 .text.uip_icmp6_send
                0x00009820       0x84 contiki-cc13xx.a(uip-icmp6.o)
                0x00009820                uip_icmp6_send
 .text.uip_icmp6_init
                0x000098a4       0x24 contiki-cc13xx.a(uip-icmp6.o)
                0x000098a4                uip_icmp6_init
 .text.uip_ds6_list_loop
                0x000098c8       0x60 contiki-cc13xx.a(uip-ds6.o)
                0x000098c8                uip_ds6_list_loop
 .text.uip_ds6_prefix_add
                0x00009928       0x6c contiki-cc13xx.a(uip-ds6.o)
                0x00009928                uip_ds6_prefix_add
 .text.uip_ds6_is_addr_onlink
                0x00009994       0x3c contiki-cc13xx.a(uip-ds6.o)
                0x00009994                uip_ds6_is_addr_onlink
 .text.uip_ds6_addr_lookup
                0x000099d0       0x30 contiki-cc13xx.a(uip-ds6.o)
                0x000099d0                uip_ds6_addr_lookup
 .text.uip_ds6_get_link_local
                0x00009a00       0x44 contiki-cc13xx.a(uip-ds6.o)
                0x00009a00                uip_ds6_get_link_local
 .text.uip_ds6_maddr_add
                0x00009a44       0x50 contiki-cc13xx.a(uip-ds6.o)
                0x00009a44                uip_ds6_maddr_add
 .text.uip_ds6_addr_add
                0x00009a94       0xa8 contiki-cc13xx.a(uip-ds6.o)
                0x00009a94                uip_ds6_addr_add
 .text.uip_ds6_maddr_lookup
                0x00009b3c       0x30 contiki-cc13xx.a(uip-ds6.o)
                0x00009b3c                uip_ds6_maddr_lookup
 .text.uip_ds6_addr_rm
                0x00009b6c       0x48 contiki-cc13xx.a(uip-ds6.o)
                0x00009b6c                uip_ds6_addr_rm
 .text.uip_ds6_periodic
                0x00009bb4       0x5c contiki-cc13xx.a(uip-ds6.o)
                0x00009bb4                uip_ds6_periodic
 .text.uip_ds6_select_src
                0x00009c10       0xf4 contiki-cc13xx.a(uip-ds6.o)
                0x00009c10                uip_ds6_select_src
 .text.uip_ds6_set_addr_iid
                0x00009d04       0x14 contiki-cc13xx.a(uip-ds6.o)
                0x00009d04                uip_ds6_set_addr_iid
 .text.uip_ds6_compute_reachable_time
                0x00009d18       0x28 contiki-cc13xx.a(uip-ds6.o)
                0x00009d18                uip_ds6_compute_reachable_time
 .text.uip_ds6_init
                0x00009d40       0xf8 contiki-cc13xx.a(uip-ds6.o)
                0x00009d40                uip_ds6_init
 .text.call_route_callback
                0x00009e38       0x50 contiki-cc13xx.a(uip-ds6-route.o)
 .text.uip_ds6_route_init
                0x00009e88       0x4c contiki-cc13xx.a(uip-ds6-route.o)
                0x00009e88                uip_ds6_route_init
 .text.uip_ds6_route_nexthop
                0x00009ed4       0x1c contiki-cc13xx.a(uip-ds6-route.o)
                0x00009ed4                uip_ds6_route_nexthop
 .text.uip_ds6_route_head
                0x00009ef0        0xc contiki-cc13xx.a(uip-ds6-route.o)
                0x00009ef0                uip_ds6_route_head
 .text.uip_ds6_route_next
                0x00009efc        0x8 contiki-cc13xx.a(uip-ds6-route.o)
                0x00009efc                uip_ds6_route_next
 .text.uip_ds6_route_is_nexthop
                0x00009f04       0x20 contiki-cc13xx.a(uip-ds6-route.o)
                0x00009f04                uip_ds6_route_is_nexthop
 .text.uip_ds6_route_lookup
                0x00009f24       0x78 contiki-cc13xx.a(uip-ds6-route.o)
                0x00009f24                uip_ds6_route_lookup
 .text.uip_ds6_route_rm
                0x00009f9c       0xac contiki-cc13xx.a(uip-ds6-route.o)
                0x00009f9c                uip_ds6_route_rm
 .text.rm_routelist
                0x0000a048       0x38 contiki-cc13xx.a(uip-ds6-route.o)
 .text.rm_routelist_callback
                0x0000a080        0x4 contiki-cc13xx.a(uip-ds6-route.o)
 .text.uip_ds6_route_add
                0x0000a084      0x12c contiki-cc13xx.a(uip-ds6-route.o)
                0x0000a084                uip_ds6_route_add
 .text.uip_ds6_defrt_rm
                0x0000a1b0       0x48 contiki-cc13xx.a(uip-ds6-route.o)
                0x0000a1b0                uip_ds6_defrt_rm
 .text.uip_ds6_defrt_lookup
                0x0000a1f8       0x34 contiki-cc13xx.a(uip-ds6-route.o)
                0x0000a1f8                uip_ds6_defrt_lookup
 .text.uip_ds6_defrt_add
                0x0000a22c       0x5c contiki-cc13xx.a(uip-ds6-route.o)
                0x0000a22c                uip_ds6_defrt_add
 .text.uip_ds6_defrt_choose
                0x0000a288       0x34 contiki-cc13xx.a(uip-ds6-route.o)
                0x0000a288                uip_ds6_defrt_choose
 .text.uip_ds6_defrt_periodic
                0x0000a2bc       0x3c contiki-cc13xx.a(uip-ds6-route.o)
                0x0000a2bc                uip_ds6_defrt_periodic
 .text.chksum   0x0000a2f8       0x50 contiki-cc13xx.a(uip6.o)
 .text.upper_layer_chksum
                0x0000a348       0x58 contiki-cc13xx.a(uip6.o)
 .text.ext_hdr_options_process
                0x0000a3a0       0xc8 contiki-cc13xx.a(uip6.o)
 .text.uip_add32
                0x0000a468       0x58 contiki-cc13xx.a(uip6.o)
                0x0000a468                uip_add32
 .text.unlikely.uip_add_rcv_nxt
                0x0000a4c0       0x2c contiki-cc13xx.a(uip6.o)
 .text.uip_icmp6chksum
                0x0000a4ec        0x8 contiki-cc13xx.a(uip6.o)
                0x0000a4ec                uip_icmp6chksum
 .text.uip_init
                0x0000a4f4       0x5c contiki-cc13xx.a(uip6.o)
                0x0000a4f4                uip_init
 .text.remove_ext_hdr
                0x0000a550       0x60 contiki-cc13xx.a(uip6.o)
                0x0000a550                remove_ext_hdr
 .text.uip_unlisten
                0x0000a5b0       0x28 contiki-cc13xx.a(uip6.o)
                0x0000a5b0                uip_unlisten
 .text.uip_process
                0x0000a5d8     0x10fc contiki-cc13xx.a(uip6.o)
                0x0000a5d8                uip_process
 .text.uip_htonl
                0x0000b6d4       0x14 contiki-cc13xx.a(uip6.o)
                0x0000b6d4                uip_htonl
 .text.uip_ds6_nbr_rm
                0x0000b6e8       0x20 contiki-cc13xx.a(uip-ds6-nbr.o)
                0x0000b6e8                uip_ds6_nbr_rm
 .text.uip_ds6_neighbors_init
                0x0000b708       0x1c contiki-cc13xx.a(uip-ds6-nbr.o)
                0x0000b708                uip_ds6_neighbors_init
 .text.uip_ds6_nbr_add
                0x0000b724       0x38 contiki-cc13xx.a(uip-ds6-nbr.o)
                0x0000b724                uip_ds6_nbr_add
 .text.uip_ds6_nbr_get_ll
                0x0000b75c       0x10 contiki-cc13xx.a(uip-ds6-nbr.o)
                0x0000b75c                uip_ds6_nbr_get_ll
 .text.uip_ds6_nbr_lookup
                0x0000b76c       0x3c contiki-cc13xx.a(uip-ds6-nbr.o)
                0x0000b76c                uip_ds6_nbr_lookup
 .text.uip_ds6_nbr_ipaddr_from_lladdr
                0x0000b7a8       0x10 contiki-cc13xx.a(uip-ds6-nbr.o)
                0x0000b7a8                uip_ds6_nbr_ipaddr_from_lladdr
 .text.uip_ds6_nbr_lladdr_from_ipaddr
                0x0000b7b8       0x1c contiki-cc13xx.a(uip-ds6-nbr.o)
                0x0000b7b8                uip_ds6_nbr_lladdr_from_ipaddr
 .text.uip_ds6_link_neighbor_callback
                0x0000b7d4       0x34 contiki-cc13xx.a(uip-ds6-nbr.o)
                0x0000b7d4                uip_ds6_link_neighbor_callback
 .text.ns_input
                0x0000b808      0x2a0 contiki-cc13xx.a(uip-nd6.o)
 .text.uip_nd6_init
                0x0000baa8        0xc contiki-cc13xx.a(uip-nd6.o)
                0x0000baa8                uip_nd6_init
 .text.uip_debug_ipaddr_print
                0x0000bab4       0xb0 contiki-cc13xx.a(uip-debug.o)
                0x0000bab4                uip_debug_ipaddr_print
 .text.update_nbr
                0x0000bb64      0x11c contiki-cc13xx.a(rpl-nbr-policy.)
 .text.handle_periodic_timer
                0x0000bc80       0x14 contiki-cc13xx.a(rpl-nbr-policy.)
 .text.find_removable_dio
                0x0000bc94       0x40 contiki-cc13xx.a(rpl-nbr-policy.)
                0x0000bc94                find_removable_dio
 .text.find_removable_dao
                0x0000bcd4       0x38 contiki-cc13xx.a(rpl-nbr-policy.)
                0x0000bcd4                find_removable_dao
 .text.rpl_nbr_policy_find_removable
                0x0000bd0c       0x40 contiki-cc13xx.a(rpl-nbr-policy.)
                0x0000bd0c                rpl_nbr_policy_find_removable
 .text.new_dio_interval
                0x0000bd4c       0x60 contiki-cc13xx.a(rpl-timers.o)
 .text.handle_periodic_timer
                0x0000bdac       0x58 contiki-cc13xx.a(rpl-timers.o)
 .text.set_dao_lifetime_timer
                0x0000be04       0x48 contiki-cc13xx.a(rpl-timers.o)
 .text.handle_unicast_dio_timer
                0x0000be4c       0x1c contiki-cc13xx.a(rpl-timers.o)
 .text.handle_dio_timer
                0x0000be68       0x8c contiki-cc13xx.a(rpl-timers.o)
 .text.schedule_dao
                0x0000bef4       0x54 contiki-cc13xx.a(rpl-timers.o)
 .text.handle_dao_timer
                0x0000bf48       0x5c contiki-cc13xx.a(rpl-timers.o)
 .text.rpl_reset_periodic_timer
                0x0000bfa4       0x3c contiki-cc13xx.a(rpl-timers.o)
                0x0000bfa4                rpl_reset_periodic_timer
 .text.rpl_reset_dio_timer
                0x0000bfe0       0x1c contiki-cc13xx.a(rpl-timers.o)
                0x0000bfe0                rpl_reset_dio_timer
 .text.rpl_schedule_dao
                0x0000bffc        0x8 contiki-cc13xx.a(rpl-timers.o)
                0x0000bffc                rpl_schedule_dao
 .text.rpl_schedule_unicast_dio_immediately
                0x0000c004       0x14 contiki-cc13xx.a(rpl-timers.o)
                0x0000c004                rpl_schedule_unicast_dio_immediately
 .text.get_probing_delay
                0x0000c018       0x4c contiki-cc13xx.a(rpl-timers.o)
                0x0000c018                get_probing_delay
 .text.get_probing_target
                0x0000c064       0xdc contiki-cc13xx.a(rpl-timers.o)
                0x0000c064                get_probing_target
 .text.rpl_schedule_probing
                0x0000c140       0x20 contiki-cc13xx.a(rpl-timers.o)
                0x0000c140                rpl_schedule_probing
 .text.handle_probing_timer
                0x0000c160       0x34 contiki-cc13xx.a(rpl-timers.o)
 .text.reset    0x0000c194        0x4 contiki-cc13xx.a(rpl-mrhof.o)
 .text.update_metric_container
                0x0000c198        0x8 contiki-cc13xx.a(rpl-mrhof.o)
 .text.parent_link_metric
                0x0000c1a0       0x14 contiki-cc13xx.a(rpl-mrhof.o)
 .text.parent_has_usable_link
                0x0000c1b4       0x18 contiki-cc13xx.a(rpl-mrhof.o)
 .text.best_dag
                0x0000c1cc       0x2c contiki-cc13xx.a(rpl-mrhof.o)
 .text.parent_path_cost
                0x0000c1f8       0x4c contiki-cc13xx.a(rpl-mrhof.o)
 .text.parent_is_acceptable
                0x0000c244       0x34 contiki-cc13xx.a(rpl-mrhof.o)
 .text.rank_via_parent
                0x0000c278       0x3c contiki-cc13xx.a(rpl-mrhof.o)
 .text.best_parent
                0x0000c2b4       0x70 contiki-cc13xx.a(rpl-mrhof.o)
 .text.NOROM_FlashSectorErase
                0x0000c324       0x1c contiki-cc13xx.a(flash.o)
                0x0000c324                NOROM_FlashSectorErase
 .text.NOROM_FlashProgram
                0x0000c340       0x1c contiki-cc13xx.a(flash.o)
                0x0000c340                NOROM_FlashProgram
 .text.NOROM_AONBatMonTemperatureGetDegC
                0x0000c35c       0x30 contiki-cc13xx.a(aon_batmon.o)
                0x0000c35c                NOROM_AONBatMonTemperatureGetDegC
 .text.NOROM_VIMSModeGet
                0x0000c38c       0x10 contiki-cc13xx.a(vims.o)
                0x0000c38c                NOROM_VIMSModeGet
 .text.mac_sequence_is_duplicate
                0x0000c39c       0x50 contiki-cc13xx.a(mac-sequence.o)
                0x0000c39c                mac_sequence_is_duplicate
 .text.mac_sequence_register_seqno
                0x0000c3ec       0x6c contiki-cc13xx.a(mac-sequence.o)
                0x0000c3ec                mac_sequence_register_seqno
 .text.frame802154_get_pan_id
                0x0000c458        0xc contiki-cc13xx.a(frame802154.o)
                0x0000c458                frame802154_get_pan_id
 .text.frame802154_has_panid
                0x0000c464       0xb8 contiki-cc13xx.a(frame802154.o)
                0x0000c464                frame802154_has_panid
 .text.field_len
                0x0000c51c       0x9c contiki-cc13xx.a(frame802154.o)
 .text.frame802154_is_broadcast_addr
                0x0000c5b8       0x20 contiki-cc13xx.a(frame802154.o)
                0x0000c5b8                frame802154_is_broadcast_addr
 .text.frame802154_hdrlen
                0x0000c5d8       0x34 contiki-cc13xx.a(frame802154.o)
                0x0000c5d8                frame802154_hdrlen
 .text.frame802154_create_fcf
                0x0000c60c       0x64 contiki-cc13xx.a(frame802154.o)
                0x0000c60c                frame802154_create_fcf
 .text.frame802154_create
                0x0000c670       0xb8 contiki-cc13xx.a(frame802154.o)
                0x0000c670                frame802154_create
 .text.frame802154_parse_fcf
                0x0000c728       0x4c contiki-cc13xx.a(frame802154.o)
                0x0000c728                frame802154_parse_fcf
 .text.frame802154_parse
                0x0000c774      0x134 contiki-cc13xx.a(frame802154.o)
                0x0000c774                frame802154_parse
 .text.mac_call_sent_callback
                0x0000c8a8       0x10 contiki-cc13xx.a(mac.o)
                0x0000c8a8                mac_call_sent_callback
 .text.stimer_set
                0x0000c8b8       0x10 contiki-cc13xx.a(stimer.o)
                0x0000c8b8                stimer_set
 .text.stimer_expired
                0x0000c8c8       0x20 contiki-cc13xx.a(stimer.o)
                0x0000c8c8                stimer_expired
 .text          0x0000c8e8       0x2c /opt/gcc-arm-none/bin/../lib/gcc/arm-none-eabi/4.9.3/armv7-m/libgcc.a(_aeabi_uldivmod.o)
                0x0000c8e8                __aeabi_uldivmod
 .text          0x0000c914       0x60 /opt/gcc-arm-none/bin/../lib/gcc/arm-none-eabi/4.9.3/armv7-m/libgcc.a(bpabi.o)
                0x0000c914                __gnu_ldivmod_helper
                0x0000c944                __gnu_uldivmod_helper
 .text          0x0000c974        0x4 /opt/gcc-arm-none/bin/../lib/gcc/arm-none-eabi/4.9.3/armv7-m/libgcc.a(_dvmd_tls.o)
                0x0000c974                __aeabi_ldiv0
                0x0000c974                __aeabi_idiv0
 .text          0x0000c978      0x2ac /opt/gcc-arm-none/bin/../lib/gcc/arm-none-eabi/4.9.3/armv7-m/libgcc.a(_divdi3.o)
                0x0000c978                __divdi3
 .text          0x0000cc24      0x270 /opt/gcc-arm-none/bin/../lib/gcc/arm-none-eabi/4.9.3/armv7-m/libgcc.a(_udivdi3.o)
                0x0000cc24                __udivdi3
 .text.memcmp   0x0000ce94       0x64 /opt/gcc-arm-none/bin/../lib/gcc/arm-none-eabi/4.9.3/../../../../arm-none-eabi/lib/armv7-m/libc.a(lib_a-memcmp.o)
                0x0000ce94                memcmp
 .text          0x0000cef8       0xec /opt/gcc-arm-none/bin/../lib/gcc/arm-none-eabi/4.9.3/../../../../arm-none-eabi/lib/armv7-m/libc.a(lib_a-memcpy.o)
                0x0000cef8                memcpy
 .text.memmove  0x0000cfe4       0xc8 /opt/gcc-arm-none/bin/../lib/gcc/arm-none-eabi/4.9.3/../../../../arm-none-eabi/lib/armv7-m/libc.a(lib_a-memmove.o)
                0x0000cfe4                memmove
 .text.memset   0x0000d0ac       0x9c /opt/gcc-arm-none/bin/../lib/gcc/arm-none-eabi/4.9.3/../../../../arm-none-eabi/lib/armv7-m/libc.a(lib_a-memset.o)
                0x0000d0ac                memset
 .text.strlen   0x0000d148       0x5c /opt/gcc-arm-none/bin/../lib/gcc/arm-none-eabi/4.9.3/../../../../arm-none-eabi/lib/armv7-m/libc.a(lib_a-strlen.o)
                0x0000d148                strlen
 *(SORT(.rodata*))
 .rodata.autostart_processes
                0x0000d1a4        0x8 app-root.co
                0x0000d1a4                autostart_processes
 .rodata.str1.4
                0x0000d1ac       0x1d app-root.co
                                 0x20 (size before relaxing)
 *fill*         0x0000d1c9        0x3 00000000
 .rodata.str1.4
                0x0000d1cc       0x91 contiki-cc13xx.a(contiki-main.o)
                                 0x94 (size before relaxing)
 *fill*         0x0000d25d        0x3 00000000
 .rodata        0x0000d260       0x68 contiki-cc13xx.a(board.o)
 .rodata.str1.4
                0x0000d2c8       0xe2 contiki-cc13xx.a(node-id.o)
                                 0xe4 (size before relaxing)
 *fill*         0x0000d3aa        0x2 00000000
 .rodata.str1.4
                0x0000d3ac       0x1a contiki-cc13xx.a(external-watchd)
                                 0x1c (size before relaxing)
 *fill*         0x0000d3c6        0x2 00000000
 .rodata.mode_prop
                0x0000d3c8        0x8 contiki-cc13xx.a(prop-mode.o)
 .rodata.prop_mode_driver
                0x0000d3d0       0x38 contiki-cc13xx.a(prop-mode.o)
                0x0000d3d0                prop_mode_driver
 .rodata.patchGenfskRfe
                0x0000d408      0x6b4 contiki-cc13xx.a(prop-mode.o)
 .rodata.patchImageGenfsk
                0x0000dabc      0x28c contiki-cc13xx.a(prop-mode.o)
 .rodata.prop_mode_tx_power_431_527
                0x0000dd48       0x30 contiki-cc13xx.a(prop-mode-tx-po)
                0x0000dd48                prop_mode_tx_power_431_527
 .rodata.str1.4
                0x0000dd78       0x46 contiki-cc13xx.a(rf-core.o)
                                 0x48 (size before relaxing)
 *fill*         0x0000ddbe        0x2 00000000
 .rodata.str1.4
                0x0000ddc0       0x1b contiki-cc13xx.a(soc-trng.o)
                                 0x1c (size before relaxing)
 *fill*         0x0000dddb        0x1 00000000
 .rodata.str1.4
                0x0000dddc       0x46 contiki-cc13xx.a(strformat.o)
                                 0x48 (size before relaxing)
 *fill*         0x0000de22        0x2 00000000
 .rodata.buffer.4019
                0x0000de24       0x10 contiki-cc13xx.a(strformat.o)
 .rodata.buffer.4028
                0x0000de34       0x10 contiki-cc13xx.a(strformat.o)
 .rodata.str1.4
                0x0000de44        0xf contiki-cc13xx.a(ctimer.o)
                                 0x10 (size before relaxing)
 *fill*         0x0000de53        0x1 00000000
 .rodata.str1.4
                0x0000de54        0xc contiki-cc13xx.a(etimer.o)
 .rodata.str1.4
                0x0000de60        0xe contiki-cc13xx.a(serial-line.o)
                                 0x10 (size before relaxing)
 *fill*         0x0000de6e        0x2 00000000
 .rodata        0x0000de70        0x4 contiki-cc13xx.a(sicslowpan.o)
 .rodata.ttl_values
                0x0000de74        0x4 contiki-cc13xx.a(sicslowpan.o)
 .rodata.unc_llconf
                0x0000de78        0x4 contiki-cc13xx.a(sicslowpan.o)
                0x0000de78                unc_llconf
 .rodata.llprefix
                0x0000de7c        0x4 contiki-cc13xx.a(sicslowpan.o)
                0x0000de7c                llprefix
 .rodata.sicslowpan_driver
                0x0000de80        0xc contiki-cc13xx.a(sicslowpan.o)
                0x0000de80                sicslowpan_driver
 .rodata.unc_mxconf
                0x0000de8c        0x4 contiki-cc13xx.a(sicslowpan.o)
                0x0000de8c                unc_mxconf
 .rodata.unc_ctxconf
                0x0000de90        0x4 contiki-cc13xx.a(sicslowpan.o)
                0x0000de90                unc_ctxconf
 .rodata.str1.4
                0x0000de94        0xb contiki-cc13xx.a(sicslowpan.o)
                                  0xc (size before relaxing)
 *fill*         0x0000de9f        0x1 00000000
 .rodata.str1.4
                0x0000dea0        0xd contiki-cc13xx.a(tcpip.o)
                                 0x10 (size before relaxing)
 *fill*         0x0000dead        0x3 00000000
 .rodata.linkaddr_null
                0x0000deb0        0x4 contiki-cc13xx.a(linkaddr.o)
                0x0000deb0                linkaddr_null
 .rodata.framer_802154
                0x0000deb4        0xc contiki-cc13xx.a(framer-802154.o)
                0x0000deb4                framer_802154
 .rodata.str1.4
                0x0000dec0        0x8 contiki-cc13xx.a(nullrdc.o)
 .rodata.nullrdc_driver
                0x0000dec8       0x20 contiki-cc13xx.a(nullrdc.o)
                0x0000dec8                nullrdc_driver
 .rodata.str1.4
                0x0000dee8      0x187 contiki-cc13xx.a(hitmac.o)
                                0x188 (size before relaxing)
 *fill*         0x0000e06f        0x1 00000000
 .rodata.hitmac_driver
                0x0000e070       0x1c contiki-cc13xx.a(hitmac.o)
                0x0000e070                hitmac_driver
 .rodata.str1.4
                0x0000e08c      0x22c contiki-cc13xx.a(hitmac-frame.o)
 .rodata.str1.4
                0x0000e2b8        0x8 contiki-cc13xx.a(nullsec.o)
 .rodata.nullsec_driver
                0x0000e2c0       0x10 contiki-cc13xx.a(nullsec.o)
                0x0000e2c0                nullsec_driver
 .rodata.str1.4
                0x0000e2d0       0x8c contiki-cc13xx.a(flashdata.o)
 .rodata.str1.4
                0x0000e35c       0x2c contiki-cc13xx.a(uip-debug.o)
                0x0000e388                _etext = .

.glue_7         0x0000e388        0x0
 .glue_7        0x00000000        0x0 linker stubs

.glue_7t        0x0000e388        0x0
 .glue_7t       0x00000000        0x0 linker stubs

.vfp11_veneer   0x0000e388        0x0
 .vfp11_veneer  0x00000000        0x0 linker stubs

.v4_bx          0x0000e388        0x0
 .v4_bx         0x00000000        0x0 linker stubs

.iplt           0x0000e388        0x0
 .iplt          0x00000000        0x0 obj_cc13xx/startup_gcc.o

.data           0x20000000      0x331 load address 0x0000e388
                0x20000000                _data = .
 *(SORT(vtable))
 *(SORT(.data*))
 .data.app_root_process
                0x20000000       0x10 app-root.co
                0x20000000                app_root_process
 .data.srf_module
                0x20000010       0x14 contiki-cc13xx.a(board.o)
 .data.watchdog_process
                0x20000024       0x10 contiki-cc13xx.a(external-watchd)
                0x20000024                watchdog_process
 .data.prop_lpm_module
                0x20000034       0x14 contiki-cc13xx.a(prop-mode.o)
 .data.tx_power_current
                0x20000048        0x4 contiki-cc13xx.a(prop-mode.o)
                0x20000048                tx_power_current
 .data.uart_module
                0x2000004c       0x14 contiki-cc13xx.a(cc26xx-uart.o)
 .data.rf_core_process
                0x20000060       0x10 contiki-cc13xx.a(rf-core.o)
                0x20000060                rf_core_process
 .data.rng_module
                0x20000070       0x14 contiki-cc13xx.a(soc-trng.o)
 .data.soc_trng_process
                0x20000084       0x10 contiki-cc13xx.a(soc-trng.o)
                0x20000084                soc_trng_process
 .data.ctxt     0x20000094        0x8 contiki-cc13xx.a(dbg-printf.o)
 .data.ctimer_process
                0x2000009c       0x10 contiki-cc13xx.a(ctimer.o)
                0x2000009c                ctimer_process
 .data.etimer_process
                0x200000ac       0x10 contiki-cc13xx.a(etimer.o)
                0x200000ac                etimer_process
 .data.serial_line_process
                0x200000bc       0x10 contiki-cc13xx.a(serial-line.o)
                0x200000bc                serial_line_process
 .data.tcpip_process
                0x200000cc       0x10 contiki-cc13xx.a(tcpip.o)
                0x200000cc                tcpip_process
 .data.dao_ack_handler
                0x200000dc        0xc contiki-cc13xx.a(rpl-icmp6.o)
 .data.dis_handler
                0x200000e8        0xc contiki-cc13xx.a(rpl-icmp6.o)
 .data.dao_handler
                0x200000f4        0xc contiki-cc13xx.a(rpl-icmp6.o)
 .data.dio_handler
                0x20000100        0xc contiki-cc13xx.a(rpl-icmp6.o)
 .data.rpl_parents
                0x2000010c        0x4 contiki-cc13xx.a(rpl-dag.o)
                0x2000010c                rpl_parents
 .data.rpl_parents_struct
                0x20000110       0x10 contiki-cc13xx.a(rpl-dag.o)
 .data.bufmem   0x20000120        0xc contiki-cc13xx.a(queuebuf.o)
 .data.buframmem
                0x2000012c        0xc contiki-cc13xx.a(queuebuf.o)
 .data.neighbor_addr_mem
                0x20000138        0xc contiki-cc13xx.a(nbr-table.o)
 .data.link_stats_struct
                0x20000144       0x10 contiki-cc13xx.a(link-stats.o)
 .data.hitmac_test_process
                0x20000154       0x10 contiki-cc13xx.a(hitmac.o)
                0x20000154                hitmac_test_process
 .data.hitmac_root_eb_process
                0x20000164       0x10 contiki-cc13xx.a(hitmac.o)
                0x20000164                hitmac_root_eb_process
 .data.hitmac_scheduler_process
                0x20000174       0x10 contiki-cc13xx.a(hitmac.o)
                0x20000174                hitmac_scheduler_process
 .data.hitmac_nodeid
                0x20000184        0xc contiki-cc13xx.a(hitmac.o)
                0x20000184                hitmac_nodeid
 .data.hitmac_process
                0x20000190       0x10 contiki-cc13xx.a(hitmac.o)
                0x20000190                hitmac_process
 .data.nodeid_slot
                0x200001a0        0x8 contiki-cc13xx.a(hitmac.o)
                0x200001a0                nodeid_slot
 .data.smartrf_settings_cmd_prop_rx_adv
                0x200001a8       0x30 contiki-cc13xx.a(smartrf-setting)
                0x200001a8                smartrf_settings_cmd_prop_rx_adv
 .data.smartrf_settings_cmd_fs
                0x200001d8       0x18 contiki-cc13xx.a(smartrf-setting)
                0x200001d8                smartrf_settings_cmd_fs
 .data.smartrf_settings_cmd_prop_radio_div_setup
                0x200001f0       0x28 contiki-cc13xx.a(smartrf-setting)
                0x200001f0                smartrf_settings_cmd_prop_radio_div_setup
 .data.smartrf_settings_cmd_prop_tx_adv
                0x20000218       0x20 contiki-cc13xx.a(smartrf-setting)
                0x20000218                smartrf_settings_cmd_prop_tx_adv
 .data.overrides
                0x20000238       0x60 contiki-cc13xx.a(smartrf-setting)
 .data.echo_request_handler
                0x20000298        0xc contiki-cc13xx.a(uip-icmp6.o)
 .data.echo_reply_handler
                0x200002a4        0xc contiki-cc13xx.a(uip-icmp6.o)
 .data.defaultroutermemb
                0x200002b0        0xc contiki-cc13xx.a(uip-ds6-route.o)
 .data.nbr_routes_struct
                0x200002bc       0x10 contiki-cc13xx.a(uip-ds6-route.o)
 .data.nbr_routes
                0x200002cc        0x4 contiki-cc13xx.a(uip-ds6-route.o)
                0x200002cc                nbr_routes
 .data.routememb
                0x200002d0        0xc contiki-cc13xx.a(uip-ds6-route.o)
 .data.neighborroutememb
                0x200002dc        0xc contiki-cc13xx.a(uip-ds6-route.o)
 .data.ds6_neighbors
                0x200002e8        0x4 contiki-cc13xx.a(uip-ds6-nbr.o)
                0x200002e8                ds6_neighbors
 .data.ds6_neighbors_struct
                0x200002ec       0x10 contiki-cc13xx.a(uip-ds6-nbr.o)
 .data.ns_input_handler
                0x200002fc        0xc contiki-cc13xx.a(uip-nd6.o)
 .data.rpl_mrhof
                0x20000308       0x24 contiki-cc13xx.a(rpl-mrhof.o)
                0x20000308                rpl_mrhof
 .data.mac_pan_id
                0x2000032c        0x2 contiki-cc13xx.a(frame802154.o)
 .data.rssi_threshold
                0x2000032e        0x1 contiki-cc13xx.a(prop-mode.o)
 .data.rng_ready_event
                0x2000032f        0x1 contiki-cc13xx.a(soc-trng.o)
 .data.dao_sequence
                0x20000330        0x1 contiki-cc13xx.a(rpl-icmp6.o)
                0x20000331                _edata = .

.igot.plt       0x20000334        0x0 load address 0x0000e6b9
 .igot.plt      0x00000000        0x0 obj_cc13xx/startup_gcc.o

.ARM.exidx      0x0000e6bc        0x8
 *(SORT(.ARM.exidx*))
 .ARM.exidx     0x0000e6bc        0x8 /opt/gcc-arm-none/bin/../lib/gcc/arm-none-eabi/4.9.3/armv7-m/libgcc.a(_divdi3.o)
 .ARM.exidx     0x0000e6c4        0x0 /opt/gcc-arm-none/bin/../lib/gcc/arm-none-eabi/4.9.3/armv7-m/libgcc.a(_udivdi3.o)
                                  0x8 (size before relaxing)

.bss            0x20000338     0x29e7
                0x20000338                _bss = .
 *(SORT(.bss*))
 .bss.count     0x20000338        0x8 contiki-cc13xx.a(clock.o)
 .bss.rands_cache
                0x20000340       0x20 contiki-cc13xx.a(soc-trng.o)
 .bss.periodic.6088
                0x20000360       0x10 app-root.co
 .bss.inited    0x20000370        0x4 contiki-cc13xx.a(board.o)
 .bss.dog       0x20000374       0x10 contiki-cc13xx.a(external-watchd)
 .bss.rx_stats  0x20000384        0xc contiki-cc13xx.a(prop-mode.o)
 .bss.rx_data_queue
                0x20000390        0x8 contiki-cc13xx.a(prop-mode.o)
 .bss.rx_read_entry
                0x20000398        0x4 contiki-cc13xx.a(prop-mode.o)
 .bss.tx_buf    0x2000039c       0xb8 contiki-cc13xx.a(prop-mode.o)
 .bss.rx_buf    0x20000454      0x230 contiki-cc13xx.a(prop-mode.o)
 .bss.last_isr_time
                0x20000684        0x4 contiki-cc13xx.a(soc-rtc.o)
 .bss.input_handler
                0x20000688        0x4 contiki-cc13xx.a(cc26xx-uart.o)
 .bss.modules_list_list
                0x2000068c        0x4 contiki-cc13xx.a(lpm.o)
 .bss.last_radio_op
                0x20000690        0x4 contiki-cc13xx.a(rf-core.o)
 .bss.primary_mode
                0x20000694        0x4 contiki-cc13xx.a(rf-core.o)
 .bss.rat_offset
                0x20000698        0x4 contiki-cc13xx.a(rf-core.o)
                0x20000698                rat_offset
 .bss.notify_cb
                0x2000069c        0x4 contiki-cc13xx.a(soc-trng.o)
 .bss.rands_mask
                0x200006a0        0x4 contiki-cc13xx.a(soc-trng.o)
 .bss.ctimer_list_list
                0x200006a4        0x4 contiki-cc13xx.a(ctimer.o)
 .bss.timerlist
                0x200006a8        0x4 contiki-cc13xx.a(etimer.o)
 .bss.next_expiration
                0x200006ac        0x4 contiki-cc13xx.a(etimer.o)
 .bss.process_current
                0x200006b0        0x4 contiki-cc13xx.a(process.o)
                0x200006b0                process_current
 .bss.process_list
                0x200006b4        0x4 contiki-cc13xx.a(process.o)
                0x200006b4                process_list
 .bss.events    0x200006b8      0x180 contiki-cc13xx.a(process.o)
 .bss.next_rtimer
                0x20000838        0x4 contiki-cc13xx.a(rtimer.o)
 .bss.rxbuf_data
                0x2000083c       0x80 contiki-cc13xx.a(serial-line.o)
 .bss.buf.4853  0x200008bc       0x80 contiki-cc13xx.a(serial-line.o)
 .bss.rxbuf     0x2000093c        0x8 contiki-cc13xx.a(serial-line.o)
 .bss.ptr.4854  0x20000944        0x4 contiki-cc13xx.a(serial-line.o)
 .bss.context   0x20000948        0x4 contiki-cc13xx.a(sicslowpan.o)
 .bss.last_rssi
                0x2000094c        0x4 contiki-cc13xx.a(sicslowpan.o)
 .bss.hc06_ptr  0x20000950        0x4 contiki-cc13xx.a(sicslowpan.o)
 .bss.frag_info
                0x20000954      0x158 contiki-cc13xx.a(sicslowpan.o)
 .bss.addr_contexts
                0x20000aac        0xc contiki-cc13xx.a(sicslowpan.o)
 .bss.packetbuf_ptr
                0x20000ab8        0x4 contiki-cc13xx.a(sicslowpan.o)
 .bss.last_tx_status
                0x20000abc        0x4 contiki-cc13xx.a(sicslowpan.o)
 .bss.frag_buf  0x20000ac0      0x54c contiki-cc13xx.a(sicslowpan.o)
 .bss.packetbuf_payload_len
                0x2000100c        0x4 contiki-cc13xx.a(sicslowpan.o)
 .bss.callback  0x20001010        0x4 contiki-cc13xx.a(sicslowpan.o)
 .bss.s         0x20001014       0xa4 contiki-cc13xx.a(tcpip.o)
 .bss.periodic  0x200010b8       0x10 contiki-cc13xx.a(tcpip.o)
 .bss.outputfunc
                0x200010c8        0x4 contiki-cc13xx.a(tcpip.o)
 .bss._rpl_parents_mem
                0x200010cc       0xa0 contiki-cc13xx.a(rpl-dag.o)
 .bss.powerQualGlobals
                0x2000116c        0x8 contiki-cc13xx.a(sys_ctrl.o)
 .bss.buframmem_memb_count
                0x20001174        0x8 contiki-cc13xx.a(queuebuf.o)
 .bss.bufmem_memb_mem
                0x2000117c       0x20 contiki-cc13xx.a(queuebuf.o)
 .bss.buframmem_memb_mem
                0x2000119c      0x520 contiki-cc13xx.a(queuebuf.o)
 .bss.bufmem_memb_count
                0x200016bc        0x8 contiki-cc13xx.a(queuebuf.o)
 .bss.neighbor_addr_mem_memb_count
                0x200016c4       0x14 contiki-cc13xx.a(nbr-table.o)
 .bss.locked_map
                0x200016d8       0x14 contiki-cc13xx.a(nbr-table.o)
 .bss.nbr_table_keys_list
                0x200016ec        0x4 contiki-cc13xx.a(nbr-table.o)
 .bss.neighbor_addr_mem_memb_mem
                0x200016f0       0xa0 contiki-cc13xx.a(nbr-table.o)
 .bss.used_map  0x20001790       0x14 contiki-cc13xx.a(nbr-table.o)
 .bss.all_tables
                0x200017a4       0x20 contiki-cc13xx.a(nbr-table.o)
 .bss.num_tables
                0x200017c4        0x4 contiki-cc13xx.a(nbr-table.o)
 .bss.packetbuf_aligned
                0x200017c8       0x80 contiki-cc13xx.a(packetbuf.o)
 .bss._link_stats_mem
                0x20001848       0xf0 contiki-cc13xx.a(link-stats.o)
 .bss.current_asn_time
                0x20001938        0x4 contiki-cc13xx.a(hitmac.o)
 .bss.request_pt.6403
                0x2000193c        0x4 contiki-cc13xx.a(hitmac.o)
 .bss.hitmac_current_scheduler
                0x20001940       0x14 contiki-cc13xx.a(hitmac.o)
 .bss.hitmac_is_associated
                0x20001954        0x4 contiki-cc13xx.a(hitmac.o)
 .bss.test_et.6417
                0x20001958       0x10 contiki-cc13xx.a(hitmac.o)
 .bss.hitmac_current_bussiness
                0x20001968        0x4 contiki-cc13xx.a(hitmac.o)
 .bss.hitmac_current_asn
                0x2000196c        0x8 contiki-cc13xx.a(hitmac.o)
 .bss.asn_rtimer
                0x20001974        0xc contiki-cc13xx.a(hitmac.o)
 .bss.scan_timer.6377
                0x20001980       0x10 contiki-cc13xx.a(hitmac.o)
 .bss.consumers_list_list
                0x20001990        0x4 contiki-cc13xx.a(aux-ctrl.o)
 .bss.tmp_ipaddr
                0x20001994       0x10 contiki-cc13xx.a(uip-icmp6.o)
 .bss.echo_reply_callback_list_list
                0x200019a4        0x4 contiki-cc13xx.a(uip-icmp6.o)
 .bss.input_handler_list_list
                0x200019a8        0x4 contiki-cc13xx.a(uip-icmp6.o)
 .bss.locmaddr  0x200019ac        0x4 contiki-cc13xx.a(uip-ds6.o)
 .bss.locprefix
                0x200019b0        0x4 contiki-cc13xx.a(uip-ds6.o)
 .bss.locaddr   0x200019b4        0x4 contiki-cc13xx.a(uip-ds6.o)
 .bss.loc_fipaddr
                0x200019b8       0x10 contiki-cc13xx.a(uip-ds6.o)
 .bss.defaultroutermemb_memb_mem
                0x200019c8       0x40 contiki-cc13xx.a(uip-ds6-route.o)
 .bss.num_routes
                0x20001a08        0x4 contiki-cc13xx.a(uip-ds6-route.o)
 .bss.defaultroutermemb_memb_count
                0x20001a0c        0x4 contiki-cc13xx.a(uip-ds6-route.o)
 .bss.defaultrouterlist_list
                0x20001a10        0x4 contiki-cc13xx.a(uip-ds6-route.o)
 .bss._nbr_routes_mem
                0x20001a14       0xa0 contiki-cc13xx.a(uip-ds6-route.o)
 .bss.routelist_list
                0x20001ab4        0x4 contiki-cc13xx.a(uip-ds6-route.o)
 .bss.routememb_memb_mem
                0x20001ab8      0x320 contiki-cc13xx.a(uip-ds6-route.o)
 .bss.neighborroutememb_memb_mem
                0x20001dd8       0xa0 contiki-cc13xx.a(uip-ds6-route.o)
 .bss.notificationlist_list
                0x20001e78        0x4 contiki-cc13xx.a(uip-ds6-route.o)
 .bss.neighborroutememb_memb_count
                0x20001e7c       0x14 contiki-cc13xx.a(uip-ds6-route.o)
 .bss.routememb_memb_count
                0x20001e90       0x14 contiki-cc13xx.a(uip-ds6-route.o)
 .bss.iss       0x20001ea4        0x4 contiki-cc13xx.a(uip6.o)
 .bss._ds6_neighbors_mem
                0x20001ea8      0x168 contiki-cc13xx.a(uip-ds6-nbr.o)
 .bss.nbr       0x20002010        0x4 contiki-cc13xx.a(uip-nd6.o)
 .bss.nd6_opt_llao
                0x20002014        0x4 contiki-cc13xx.a(uip-nd6.o)
 .bss.addr      0x20002018        0x4 contiki-cc13xx.a(uip-nd6.o)
 .bss.periodic_timer
                0x2000201c       0x20 contiki-cc13xx.a(rpl-nbr-policy.)
 .bss.timer_init
                0x2000203c        0x4 contiki-cc13xx.a(rpl-nbr-policy.)
 .bss.num_children
                0x20002040        0x4 contiki-cc13xx.a(rpl-nbr-policy.)
 .bss.worst_rank_nbr
                0x20002044        0x4 contiki-cc13xx.a(rpl-nbr-policy.)
 .bss.num_free  0x20002048        0x4 contiki-cc13xx.a(rpl-nbr-policy.)
 .bss.num_parents
                0x2000204c        0x4 contiki-cc13xx.a(rpl-nbr-policy.)
 .bss.periodic_timer
                0x20002050       0x20 contiki-cc13xx.a(rpl-timers.o)
 .bss.received_seqnos
                0x20002070       0xc0 contiki-cc13xx.a(mac-sequence.o)
 .bss.node_id   0x20002130        0x2 contiki-cc13xx.a(node-id.o)
                0x20002130                node_id
 .bss.my_tag    0x20002132        0x2 contiki-cc13xx.a(sicslowpan.o)
 .bss.buflen    0x20002134        0x2 contiki-cc13xx.a(packetbuf.o)
 .bss.bufptr    0x20002136        0x2 contiki-cc13xx.a(packetbuf.o)
 .bss.lastport  0x20002138        0x2 contiki-cc13xx.a(uip6.o)
 .bss.worst_rank
                0x2000213a        0x2 contiki-cc13xx.a(rpl-nbr-policy.)
 .bss.next_dis  0x2000213c        0x2 contiki-cc13xx.a(rpl-timers.o)
 .bss.c         0x2000213e        0x1 contiki-cc13xx.a(board.o)
 .bss.rat_offset_known
                0x2000213f        0x1 contiki-cc13xx.a(rf-core.o)
 .bss.ble_mode_on
                0x20002140        0x1 contiki-cc13xx.a(rf-ble.o)
 .bss.initialized
                0x20002141        0x1 contiki-cc13xx.a(ctimer.o)
 .bss.fevent    0x20002142        0x1 contiki-cc13xx.a(process.o)
 .bss.nevents   0x20002143        0x1 contiki-cc13xx.a(process.o)
 .bss.poll_requested
                0x20002144        0x1 contiki-cc13xx.a(process.o)
 .bss.lastevent
                0x20002145        0x1 contiki-cc13xx.a(process.o)
 .bss.leds      0x20002146        0x1 contiki-cc13xx.a(leds.o)
 .bss.uncomp_hdr_len
                0x20002147        0x1 contiki-cc13xx.a(sicslowpan.o)
 .bss.packetbuf_hdr_len
                0x20002148        0x1 contiki-cc13xx.a(sicslowpan.o)
 .bss.mode      0x20002149        0x1 contiki-cc13xx.a(rpl.o)
 .bss.hdrlen    0x2000214a        0x1 contiki-cc13xx.a(packetbuf.o)
 .bss.mac_dsn   0x2000214b        0x1 contiki-cc13xx.a(framer-802154.o)
 .bss.initialized
                0x2000214c        0x1 contiki-cc13xx.a(framer-802154.o)
 .bss.lost_sync_num
                0x2000214d        0x1 contiki-cc13xx.a(hitmac.o)
                0x2000214d                lost_sync_num
 .bss.rand_req.6378
                0x2000214e        0x1 contiki-cc13xx.a(hitmac.o)
 .bss.hitmac_slot
                0x2000214f        0x1 contiki-cc13xx.a(hitmac.o)
 .bss.mod_type  0x20002150        0x1 contiki-cc13xx.a(hitmac.o)
 .bss.uip_ext_len
                0x20002151        0x1 contiki-cc13xx.a(uip6.o)
                0x20002151                uip_ext_len
 .bss.uip_ext_bitmap
                0x20002152        0x1 contiki-cc13xx.a(uip6.o)
                0x20002152                uip_ext_bitmap
 .bss.uip_ext_opt_offset
                0x20002153        0x1 contiki-cc13xx.a(uip6.o)
                0x20002153                uip_ext_opt_offset
 .bss.nd6_opt_offset
                0x20002154        0x1 contiki-cc13xx.a(uip-nd6.o)
 .bss.dio_send_ok
                0x20002155        0x1 contiki-cc13xx.a(rpl-timers.o)
 *(SORT(COMMON))
 *fill*         0x20002156        0x2 
 COMMON         0x20002158       0x26 contiki-cc13xx.a(contiki-main.o)
                0x20002158                normal_byte
                0x2000215a                channel_byte
                0x2000215c                restart_count
                0x20002160                cmd_read_meter
 *fill*         0x2000217e        0x2 
 COMMON         0x20002180      0x158 contiki-cc13xx.a(rpl-dag.o)
                0x20002180                default_instance
                0x20002184                instance_table
 COMMON         0x200022d8       0x22 contiki-cc13xx.a(packetbuf.o)
                0x200022d8                packetbuf_addrs
                0x200022dc                packetbuf_attrs
 *fill*         0x200022fa        0x2 
 COMMON         0x200022fc        0x2 contiki-cc13xx.a(linkaddr.o)
                0x200022fc                linkaddr_node_addr
 *fill*         0x200022fe        0x2 
 COMMON         0x20002300       0x20 contiki-cc13xx.a(link-stats.o)
                0x20002300                periodic_timer
 COMMON         0x20002320        0xc contiki-cc13xx.a(hitmac.o)
                0x20002320                hitmac_is_started
                0x20002324                hitmac_is_root
                0x20002328                receive_request_time
 COMMON         0x2000232c      0x174 contiki-cc13xx.a(uip-ds6.o)
                0x2000232c                uip_ds6_timer_ra
                0x20002334                uip_ds6_if
                0x2000242c                uip_ds6_netif_addr_list_offset
                0x2000242d                uip_ds6_addr_size
                0x20002430                uip_ds6_prefix_list
                0x20002490                uip_ds6_timer_periodic
 COMMON         0x200024a0      0x87c contiki-cc13xx.a(uip6.o)
                0x200024a0                uip_len
                0x200024a4                uip_sappdata
                0x200024a8                uip_acc32
                0x200024ac                uip_lladdr
                0x200024b4                uip_aligned_buf
                0x200029b4                uip_flags
                0x200029b8                uip_next_hdr
                0x200029bc                uip_udp_conn
                0x200029c0                uip_appdata
                0x200029c4                uip_conn
                0x200029c8                uip_conns
                0x20002ba8                uip_icmp6_conns
                0x20002bb0                uip_listenports
                0x20002bd8                uip_slen
                0x20002bdc                uip_udp_conns
 COMMON         0x20002d1c        0x1 contiki-cc13xx.a(serial-line.o)
                0x20002d1c                serial_line_event_message