Archive member included because of file (symbol)

contiki-cc13xx.a(contiki-main.o)
                              obj_cc13xx/startup_gcc.o (main)
contiki-cc13xx.a(board.o)     contiki-cc13xx.a(contiki-main.o) (board_init)
contiki-cc13xx.a(node-id.o)   contiki-cc13xx.a(contiki-main.o) (node_id_burn)
contiki-cc13xx.a(external-watchd)
                              contiki-cc13xx.a(contiki-main.o) (watchdog_process)
contiki-cc13xx.a(prop-mode.o)
                              contiki-cc13xx.a(contiki-main.o) (prop_mode_driver)
contiki-cc13xx.a(prop-mode-tx-po)
                              contiki-cc13xx.a(prop-mode.o) (prop_mode_tx_power_431_527)
contiki-cc13xx.a(clock.o)     contiki-cc13xx.a(contiki-main.o) (clock_init)
contiki-cc13xx.a(rtimer-arch.o)
                              contiki-cc13xx.a(prop-mode.o) (rtimer_arch_now)
contiki-cc13xx.a(soc-rtc.o)   contiki-cc13xx.a(contiki-main.o) (soc_rtc_init)
contiki-cc13xx.a(contiki-watchdo)
                              contiki-cc13xx.a(contiki-main.o) (watchdog_init)
contiki-cc13xx.a(putchar.o)   contiki-cc13xx.a(node-id.o) (putchar)
contiki-cc13xx.a(ieee-addr.o)
                              contiki-cc13xx.a(contiki-main.o) (ieee_addr_cpy_to)
contiki-cc13xx.a(cc26xx-uart.o)
                              contiki-cc13xx.a(contiki-main.o) (cc26xx_uart_init)
contiki-cc13xx.a(lpm.o)       contiki-cc13xx.a(prop-mode.o) (lpm_sleep)
contiki-cc13xx.a(oscillators.o)
                              contiki-cc13xx.a(contiki-main.o) (oscillators_select_lf_xosc)
contiki-cc13xx.a(rf-core.o)   contiki-cc13xx.a(prop-mode.o) (rf_core_is_accessible)
contiki-cc13xx.a(rf-ble.o)    contiki-cc13xx.a(prop-mode.o) (rf_ble_is_active)
contiki-cc13xx.a(random.o)    contiki-cc13xx.a(contiki-main.o) (random_init)
contiki-cc13xx.a(soc-trng.o)  contiki-cc13xx.a(random.o) (soc_trng_rand_synchronous)
contiki-cc13xx.a(dbg-printf.o)
                              nodes-sender.co (printf)
contiki-cc13xx.a(strformat.o)
                              contiki-cc13xx.a(dbg-printf.o) (format_str_v)
contiki-cc13xx.a(autostart.o)
                              contiki-cc13xx.a(contiki-main.o) (autostart_start)
contiki-cc13xx.a(energest.o)  contiki-cc13xx.a(contiki-main.o) (energest_init)
contiki-cc13xx.a(etimer.o)    contiki-cc13xx.a(clock.o) (etimer_request_poll)
contiki-cc13xx.a(ctimer.o)    contiki-cc13xx.a(contiki-main.o) (ctimer_init)
contiki-cc13xx.a(process.o)   contiki-cc13xx.a(soc-trng.o) (process_alloc_event)
contiki-cc13xx.a(rtimer.o)    contiki-cc13xx.a(contiki-main.o) (rtimer_init)
contiki-cc13xx.a(timer.o)     contiki-cc13xx.a(etimer.o) (timer_set)
contiki-cc13xx.a(serial-line.o)
                              contiki-cc13xx.a(contiki-main.o) (serial_line_init)
contiki-cc13xx.a(leds.o)      contiki-cc13xx.a(board.o) (leds_init)
contiki-cc13xx.a(list.o)      contiki-cc13xx.a(lpm.o) (list_init)
contiki-cc13xx.a(ringbuf.o)   contiki-cc13xx.a(serial-line.o) (ringbuf_init)
contiki-cc13xx.a(sicslowpan.o)
                              contiki-cc13xx.a(contiki-main.o) (sicslowpan_driver)
contiki-cc13xx.a(tcpip.o)     contiki-cc13xx.a(sicslowpan.o) (tcpip_set_outputfunc)
contiki-cc13xx.a(rpl-dag.o)   contiki-cc13xx.a(tcpip.o) (rpl_repair_root)
contiki-cc13xx.a(rpl-timers.o)
                              contiki-cc13xx.a(rpl-dag.o) (rpl_reset_dio_timer)
contiki-cc13xx.a(rpl-ext-header.)
                              contiki-cc13xx.a(tcpip.o) (rpl_update_header)
contiki-cc13xx.a(rpl.o)       contiki-cc13xx.a(rpl-timers.o) (rpl_get_mode)
contiki-cc13xx.a(rpl-mrhof.o)
                              contiki-cc13xx.a(rpl-dag.o) (rpl_mrhof)
contiki-cc13xx.a(rpl-icmp6.o)
                              contiki-cc13xx.a(rpl-dag.o) (rpl_icmp6_update_nbr_table)
contiki-cc13xx.a(setup.o)     obj_cc13xx/startup_gcc.o (NOROM_SetupTrimDevice)
contiki-cc13xx.a(setup_rom.o)
                              contiki-cc13xx.a(setup.o) (NOROM_SetupAfterColdResetWakeupFromShutDownCfg1)
contiki-cc13xx.a(adi.o)       contiki-cc13xx.a(oscillators.o) (SafeHapiVoid)
contiki-cc13xx.a(cpu.o)       contiki-cc13xx.a(contiki-main.o) (NOROM_CPUcpsid)
contiki-cc13xx.a(ddi.o)       contiki-cc13xx.a(setup_rom.o) (NOROM_DDI32RegWrite)
contiki-cc13xx.a(sys_ctrl.o)  contiki-cc13xx.a(lpm.o) (NOROM_SysCtrlSetRechargeBeforePowerDown)
contiki-cc13xx.a(pwr_ctrl.o)  contiki-cc13xx.a(lpm.o) (NOROM_PowerCtrlSourceSet)
contiki-cc13xx.a(osc.o)       contiki-cc13xx.a(oscillators.o) (NOROM_OSCClockSourceSet)
contiki-cc13xx.a(trng.o)      contiki-cc13xx.a(soc-trng.o) (NOROM_TRNGConfigure)
contiki-cc13xx.a(aon_rtc.o)   contiki-cc13xx.a(rtimer-arch.o) (NOROM_AONRTCCurrentCompareValueGet)
contiki-cc13xx.a(chipinfo.o)  contiki-cc13xx.a(prop-mode.o) (NOROM_ChipInfo_GetChipFamily)
contiki-cc13xx.a(rfc.o)       contiki-cc13xx.a(prop-mode.o) (NOROM_RFCRTrim)
contiki-cc13xx.a(queuebuf.o)  contiki-cc13xx.a(sicslowpan.o) (queuebuf_numfree)
contiki-cc13xx.a(nbr-table.o)
                              contiki-cc13xx.a(rpl-dag.o) (nbr_table_register)
[...]
Memory Configuration

Name             Origin             Length             Attributes
FLASH            0x00000000         0x0001ffa8         xr
FLASH_CCFG       0x0001ffa8         0x00000058         xr
SRAM             0x20000000         0x00005000         xrw
GPRAM            0x11000000         0x00002000         xrw
*default*        0x00000000         0xffffffff

Linker script and memory map

LOAD obj_cc13xx/fault-handlers.o
LOAD obj_cc13xx/ccfg.o
LOAD obj_cc13xx/startup_gcc.o
LOAD nodes-sender.co
LOAD contiki-cc13xx.a
LOAD /opt/gcc-arm-none-eabi-4.9-cc1310/bin/../lib/gcc/arm-none-eabi/4.9.3/../../../../arm-none-eabi/lib/armv7-m/libm.a
START GROUP
LOAD /opt/gcc-arm-none-eabi-4.9-cc1310/bin/../lib/gcc/arm-none-eabi/4.9.3/armv7-m/libgcc.a
LOAD /opt/gcc-arm-none-eabi-4.9-cc1310/bin/../lib/gcc/arm-none-eabi/4.9.3/../../../../arm-none-eabi/lib/armv7-m/libc.a
END GROUP
START GROUP
LOAD /opt/gcc-arm-none-eabi-4.9-cc1310/bin/../lib/gcc/arm-none-eabi/4.9.3/armv7-m/libgcc.a
LOAD /opt/gcc-arm-none-eabi-4.9-cc1310/bin/../lib/gcc/arm-none-eabi/4.9.3/../../../../arm-none-eabi/lib/armv7-m/libc.a
LOAD /opt/gcc-arm-none-eabi-4.9-cc1310/bin/../lib/gcc/arm-none-eabi/4.9.3/../../../../arm-none-eabi/lib/armv7-m/libnosys.a
END GROUP
                0x20005000                _estack = (ORIGIN (SRAM) + 0x5000)
                0x00000000                _Min_Heap_Size = 0x0
                0x00000100                _Min_Stack_Size = 0x100

.text           0x00000000     0xe478
                0x00000000                _text = .
 *(SORT(.vectors))
 .vectors       0x00000000       0xc8 obj_cc13xx/startup_gcc.o
                0x00000000                g_pfnVectors
 *(SORT(.text*))
 .text.FaultISR
                0x000000c8       0x18 obj_cc13xx/fault-handlers.o
                0x000000c8                FaultISR
 .text.NmiSRHandler
                0x000000e0        0x4 obj_cc13xx/startup_gcc.o
                0x000000e0                NmiSR
 .text.IntDefaultHandler
                0x000000e4        0x4 obj_cc13xx/startup_gcc.o
                0x000000e4                SSI0IntHandler
                0x000000e4                SWEvent0IntHandler
                0x000000e4                uDMAIntHandler
                0x000000e4                WatchdogIntHandler
                0x000000e4                RFCHardwareIntHandler
                0x000000e4                Timer1BIntHandler
                0x000000e4                I2SIntHandler
                0x000000e4                Timer2BIntHandler
                0x000000e4                Timer2AIntHandler
                0x000000e4                Timer1AIntHandler
                0x000000e4                GPIOIntHandler
                0x000000e4                AONIntHandler
                0x000000e4                AUXSWEvent0IntHandler
                0x000000e4                AUXADCIntHandler
                0x000000e4                PendSVIntHandler
                0x000000e4                AUXSWEvent1IntHandler
                0x000000e4                SVCallIntHandler
                0x000000e4                MPUFaultIntHandler
                0x000000e4                SysTickIntHandler
                0x000000e4                BusFaultIntHandler
                0x000000e4                AONProgIntHandler
                0x000000e4                AUXCompAIntHandler
                0x000000e4                SSI1IntHandler
                0x000000e4                FlashIntHandler
                0x000000e4                uDMAErrIntHandler
                0x000000e4                UsageFaultIntHandler
                0x000000e4                RFCCmdAckIntHandler
                0x000000e4                CryptoIntHandler
                0x000000e4                Timer0AIntHandler
                0x000000e4                I2CIntHandler
                0x000000e4                DebugMonIntHandler
                0x000000e4                Timer0BIntHandler
                0x000000e4                AUXCombEventIntHandler
                0x000000e4                Timer3AIntHandler
                0x000000e4                DynProgIntHandler
                0x000000e4                Timer3BIntHandler
 .text.ResetISR
                0x000000e8       0x5c obj_cc13xx/startup_gcc.o
                0x000000e8                ResetISR
 .text.process_thread_nodes_sender_process
                0x00000144       0x70 nodes-sender.co
 .text.startup.main
                0x000001b4      0x1a0 contiki-cc13xx.a(contiki-main.o)
                0x000001b4                main
 .text.wakeup_handler
                0x00000354       0x20 contiki-cc13xx.a(board.o)
 .text.leds_arch_init
                0x00000374       0x28 contiki-cc13xx.a(board.o)
                0x00000374                leds_arch_init
 .text.leds_arch_set
                0x0000039c       0x1c contiki-cc13xx.a(board.o)
                0x0000039c                leds_arch_set
 .text.logic_test
                0x000003b8        0xc contiki-cc13xx.a(board.o)
                0x000003b8                logic_test
 .text.board_init
                0x000003c4       0xa4 contiki-cc13xx.a(board.o)
                0x000003c4                board_init
 .text.node_id_burn
                0x00000468        0xc contiki-cc13xx.a(node-id.o)
                0x00000468                node_id_burn
 .text.restart_count_byte_burn
                0x00000474       0x30 contiki-cc13xx.a(node-id.o)
                0x00000474                restart_count_byte_burn
 .text.restart_count_byte_restore
                0x000004a4       0x30 contiki-cc13xx.a(node-id.o)
                0x000004a4                restart_count_byte_restore
 .text.process_thread_watchdog_process
                0x000004d4       0x64 contiki-cc13xx.a(external-watchd)
 .text.get_object
                0x00000538        0x4 contiki-cc13xx.a(prop-mode.o)
 .text.set_object
                0x0000053c        0x4 contiki-cc13xx.a(prop-mode.o)
 .text.request  0x00000540       0x20 contiki-cc13xx.a(prop-mode.o)
 .text.soft_off_prop
                0x00000560       0x3c contiki-cc13xx.a(prop-mode.o)
 .text.rx_on_prop
                0x0000059c       0x70 contiki-cc13xx.a(prop-mode.o)
 .text.prepare  0x0000060c       0x1c contiki-cc13xx.a(prop-mode.o)
 .text.pending_packet
                0x00000628       0x34 contiki-cc13xx.a(prop-mode.o)
 .text.read_frame
                0x0000065c       0x50 contiki-cc13xx.a(prop-mode.o)
 .text.rx_off_prop
                0x000006ac       0x50 contiki-cc13xx.a(prop-mode.o)
 .text.prop_div_radio_setup
                0x000006fc       0x50 contiki-cc13xx.a(prop-mode.o)
 .text.prop_fs  0x0000074c       0x34 contiki-cc13xx.a(prop-mode.o)
 .text.soft_on_prop
                0x00000780       0x20 contiki-cc13xx.a(prop-mode.o)
 .text.off      0x000007a0       0x24 contiki-cc13xx.a(prop-mode.o)
 .text.on       0x000007c4      0x1fc contiki-cc13xx.a(prop-mode.o)
 .text.set_value
                0x000009c0      0x19c contiki-cc13xx.a(prop-mode.o)
 .text.get_value
                0x00000b5c      0x16c contiki-cc13xx.a(prop-mode.o)
 .text.transmit
                0x00000cc8       0xac contiki-cc13xx.a(prop-mode.o)
 .text.send     0x00000d74       0x24 contiki-cc13xx.a(prop-mode.o)
 .text.channel_clear
                0x00000d98       0x74 contiki-cc13xx.a(prop-mode.o)
 .text.receiving_packet
                0x00000e0c       0x28 contiki-cc13xx.a(prop-mode.o)
 .text.init     0x00000e34       0x94 contiki-cc13xx.a(prop-mode.o)
 .text.power_domain_on
                0x00000ec8       0x20 contiki-cc13xx.a(clock.o)
 .text.clock_init
                0x00000ee8       0x98 contiki-cc13xx.a(clock.o)
                0x00000ee8                clock_init
 .text.clock_time
                0x00000f80       0x34 contiki-cc13xx.a(clock.o)
                0x00000f80                clock_time
 .text.clock_update
                0x00000fb4       0x3c contiki-cc13xx.a(clock.o)
                0x00000fb4                clock_update
 .text.clock_seconds
                0x00000ff0       0x18 contiki-cc13xx.a(clock.o)
                0x00000ff0                clock_seconds
 .text.rtimer_arch_init
                0x00001008        0x4 contiki-cc13xx.a(rtimer-arch.o)
                0x00001008                rtimer_arch_init
 .text.rtimer_arch_schedule
                0x0000100c        0x8 contiki-cc13xx.a(rtimer-arch.o)
                0x0000100c                rtimer_arch_schedule
 .text.rtimer_arch_now
                0x00001014        0x4 contiki-cc13xx.a(rtimer-arch.o)
                0x00001014                rtimer_arch_now
 .text.soc_rtc_init
                0x00001018       0xa0 contiki-cc13xx.a(soc-rtc.o)
                0x00001018                soc_rtc_init
 .text.soc_rtc_schedule_one_shot
                0x000010b8       0x70 contiki-cc13xx.a(soc-rtc.o)
                0x000010b8                soc_rtc_schedule_one_shot
 .text.soc_rtc_last_isr_time
                0x00001128        0xc contiki-cc13xx.a(soc-rtc.o)
                0x00001128                soc_rtc_last_isr_time
 .text.AONRTCIntHandler
                0x00001134       0x88 contiki-cc13xx.a(soc-rtc.o)
                0x00001134                AONRTCIntHandler
 .text.lock_config
                0x000011bc       0x18 contiki-cc13xx.a(contiki-watchdo)
 .text.unlock_config
                0x000011d4       0x2c contiki-cc13xx.a(contiki-watchdo)
 .text.watchdog_init
                0x00001200       0x1c contiki-cc13xx.a(contiki-watchdo)
                0x00001200                watchdog_init
 .text.watchdog_start
                0x0000121c       0x30 contiki-cc13xx.a(contiki-watchdo)
                0x0000121c                watchdog_start
 .text.watchdog_periodic
                0x0000124c       0x1c contiki-cc13xx.a(contiki-watchdo)
                0x0000124c                watchdog_periodic
 .text.putchar  0x00001268       0x10 contiki-cc13xx.a(putchar.o)
                0x00001268                putchar
 .text.puts     0x00001278       0x30 contiki-cc13xx.a(putchar.o)
                0x00001278                puts
 .text.dbg_send_bytes
                0x000012a8       0x40 contiki-cc13xx.a(putchar.o)
                0x000012a8                dbg_send_bytes
 .text.ieee_addr_cpy_to
                0x000012e8       0x40 contiki-cc13xx.a(ieee-addr.o)
                0x000012e8                ieee_addr_cpy_to
 .text.power_and_clock
                0x00001328       0x40 contiki-cc13xx.a(cc26xx-uart.o)
 .text.enable   0x00001368       0xf4 contiki-cc13xx.a(cc26xx-uart.o)
 .text.accessible
                0x0000145c       0x24 contiki-cc13xx.a(cc26xx-uart.o)
 .text.lpm_drop_handler
                0x00001480       0xcc contiki-cc13xx.a(cc26xx-uart.o)
 .text.cc26xx_uart_init
                0x0000154c       0x28 contiki-cc13xx.a(cc26xx-uart.o)
                0x0000154c                cc26xx_uart_init
 .text.cc26xx_uart_write_byte
                0x00001574       0x28 contiki-cc13xx.a(cc26xx-uart.o)
                0x00001574                cc26xx_uart_write_byte
 .text.cc26xx_uart_busy
                0x0000159c       0x18 contiki-cc13xx.a(cc26xx-uart.o)
                0x0000159c                cc26xx_uart_busy
 .text.UART0IntHandler
                0x000015b4       0x54 contiki-cc13xx.a(cc26xx-uart.o)
                0x000015b4                UART0IntHandler
 .text.lpm_sleep
                0x00001608       0x14 contiki-cc13xx.a(lpm.o)
                0x00001608                lpm_sleep
 .text.lpm_drop
                0x0000161c      0x25c contiki-cc13xx.a(lpm.o)
                0x0000161c                lpm_drop
 .text.lpm_register_module
                0x00001878        0xc contiki-cc13xx.a(lpm.o)
                0x00001878                lpm_register_module
 .text.lpm_unregister_module
                0x00001884        0xc contiki-cc13xx.a(lpm.o)
                0x00001884                lpm_unregister_module
 .text.lpm_init
                0x00001890       0x20 contiki-cc13xx.a(lpm.o)
                0x00001890                lpm_init
 .text.lpm_pin_set_default_state
                0x000018b0       0x2c contiki-cc13xx.a(lpm.o)
                0x000018b0                lpm_pin_set_default_state
 .text.oscillators_select_lf_xosc
                0x000018dc       0x58 contiki-cc13xx.a(oscillators.o)
                0x000018dc                oscillators_select_lf_xosc
 .text.oscillators_request_hf_xosc
                0x00001934       0x30 contiki-cc13xx.a(oscillators.o)
                0x00001934                oscillators_request_hf_xosc
 .text.oscillators_switch_to_hf_xosc
                0x00001964       0x34 contiki-cc13xx.a(oscillators.o)
                0x00001964                oscillators_switch_to_hf_xosc
 .text.oscillators_switch_to_hf_rc
                0x00001998       0x38 contiki-cc13xx.a(oscillators.o)
                0x00001998                oscillators_switch_to_hf_rc
 .text.process_thread_rf_core_process
                0x000019d0       0x58 contiki-cc13xx.a(rf-core.o)
 .text.rf_core_is_accessible
                0x00001a28       0x10 contiki-cc13xx.a(rf-core.o)
                0x00001a28                rf_core_is_accessible
 .text.rf_core_send_cmd
                0x00001a38       0xa4 contiki-cc13xx.a(rf-core.o)
                0x00001a38                rf_core_send_cmd
 .text.rf_core_wait_cmd_done
                0x00001adc       0x30 contiki-cc13xx.a(rf-core.o)
                0x00001adc                rf_core_wait_cmd_done
 .text.rf_core_power_up
                0x00001b0c       0xcc contiki-cc13xx.a(rf-core.o)
                0x00001b0c                rf_core_power_up
 .text.rf_core_start_rat
                0x00001bd8       0x68 contiki-cc13xx.a(rf-core.o)
                0x00001bd8                rf_core_start_rat
 .text.rf_core_stop_rat
                0x00001c40       0x7c contiki-cc13xx.a(rf-core.o)
                0x00001c40                rf_core_stop_rat
 .text.rf_core_power_down
                0x00001cbc       0xec contiki-cc13xx.a(rf-core.o)
                0x00001cbc                rf_core_power_down
 .text.rf_core_set_modesel
                0x00001da8       0x44 contiki-cc13xx.a(rf-core.o)
                0x00001da8                rf_core_set_modesel
 .text.rf_core_setup_interrupts
                0x00001dec       0x74 contiki-cc13xx.a(rf-core.o)
                0x00001dec                rf_core_setup_interrupts
 .text.rf_core_cmd_done_en
                0x00001e60       0x28 contiki-cc13xx.a(rf-core.o)
                0x00001e60                rf_core_cmd_done_en
 .text.rf_core_cmd_done_dis
                0x00001e88       0x18 contiki-cc13xx.a(rf-core.o)
                0x00001e88                rf_core_cmd_done_dis
 .text.rf_core_get_last_radio_op
                0x00001ea0        0xc contiki-cc13xx.a(rf-core.o)
                0x00001ea0                rf_core_get_last_radio_op
 .text.rf_core_primary_mode_register
                0x00001eac        0xc contiki-cc13xx.a(rf-core.o)
                0x00001eac                rf_core_primary_mode_register
 .text.RFCCPE1IntHandler
                0x00001eb8       0x28 contiki-cc13xx.a(rf-core.o)
                0x00001eb8                RFCCPE1IntHandler
 .text.RFCCPE0IntHandler
                0x00001ee0       0x5c contiki-cc13xx.a(rf-core.o)
                0x00001ee0                RFCCPE0IntHandler
 .text.rf_ble_is_active
                0x00001f3c        0xc contiki-cc13xx.a(rf-ble.o)
                0x00001f3c                rf_ble_is_active
 .text.random_rand
                0x00001f48        0xc contiki-cc13xx.a(random.o)
                0x00001f48                random_rand
 .text.random_init
                0x00001f54        0x4 contiki-cc13xx.a(random.o)
                0x00001f54                random_init
 .text.power_up
                0x00001f58       0x40 contiki-cc13xx.a(soc-trng.o)
 .text.request  0x00001f98       0x14 contiki-cc13xx.a(soc-trng.o)
 .text.process_thread_soc_trng_process
                0x00001fac       0x94 contiki-cc13xx.a(soc-trng.o)
 .text.accessible
                0x00002040       0x24 contiki-cc13xx.a(soc-trng.o)
 .text.soc_trng_rand_synchronous
                0x00002064       0xc4 contiki-cc13xx.a(soc-trng.o)
                0x00002064                soc_trng_rand_synchronous
 .text.TRNGIntHandler
                0x00002128       0x50 contiki-cc13xx.a(soc-trng.o)
                0x00002128                TRNGIntHandler
 .text.soc_trng_init
                0x00002178       0x28 contiki-cc13xx.a(soc-trng.o)
                0x00002178                soc_trng_init
 .text.write_str
                0x000021a0       0x14 contiki-cc13xx.a(dbg-printf.o)
 .text.printf   0x000021b4       0x24 contiki-cc13xx.a(dbg-printf.o)
                0x000021b4                printf
 .text.fill_space
                0x000021d8       0x3c contiki-cc13xx.a(strformat.o)
 .text.format_str_v
                0x00002214      0x95c contiki-cc13xx.a(strformat.o)
                0x00002214                format_str_v
 .text.autostart_start
                0x00002b70       0x18 contiki-cc13xx.a(autostart.o)
                0x00002b70                autostart_start
 .text.energest_init
                0x00002b88        0x4 contiki-cc13xx.a(energest.o)
                0x00002b88                energest_init
 .text.update_time
                0x00002b8c       0x44 contiki-cc13xx.a(etimer.o)
 .text.process_thread_etimer_process
                0x00002bd0       0xc8 contiki-cc13xx.a(etimer.o)
 .text.add_timer
                0x00002c98       0x54 contiki-cc13xx.a(etimer.o)
 .text.etimer_request_poll
                0x00002cec        0xc contiki-cc13xx.a(etimer.o)
                0x00002cec                etimer_request_poll
 .text.etimer_set
                0x00002cf8       0x14 contiki-cc13xx.a(etimer.o)
                0x00002cf8                etimer_set
 .text.etimer_reset
                0x00002d0c       0x14 contiki-cc13xx.a(etimer.o)
                0x00002d0c                etimer_reset
 .text.etimer_restart
                0x00002d20       0x14 contiki-cc13xx.a(etimer.o)
                0x00002d20                etimer_restart
 .text.etimer_expired
                0x00002d34        0xc contiki-cc13xx.a(etimer.o)
                0x00002d34                etimer_expired
 .text.etimer_expiration_time
                0x00002d40        0x8 contiki-cc13xx.a(etimer.o)
                0x00002d40                etimer_expiration_time
 .text.etimer_pending
                0x00002d48       0x10 contiki-cc13xx.a(etimer.o)
                0x00002d48                etimer_pending
 .text.etimer_next_expiration_time
                0x00002d58       0x14 contiki-cc13xx.a(etimer.o)
                0x00002d58                etimer_next_expiration_time
 .text.etimer_stop
                0x00002d6c       0x4c contiki-cc13xx.a(etimer.o)
                0x00002d6c                etimer_stop
 .text.process_thread_ctimer_process
                0x00002db8       0x94 contiki-cc13xx.a(ctimer.o)
 .text.ctimer_init
                0x00002e4c       0x28 contiki-cc13xx.a(ctimer.o)
                0x00002e4c                ctimer_init
 .text.ctimer_set_with_process
                0x00002e74       0x4c contiki-cc13xx.a(ctimer.o)
                0x00002e74                ctimer_set_with_process
 .text.ctimer_set
                0x00002ec0       0x18 contiki-cc13xx.a(ctimer.o)
                0x00002ec0                ctimer_set
 .text.ctimer_reset
                0x00002ed8       0x38 contiki-cc13xx.a(ctimer.o)
                0x00002ed8                ctimer_reset
 .text.ctimer_restart
                0x00002f10       0x38 contiki-cc13xx.a(ctimer.o)
                0x00002f10                ctimer_restart
 .text.ctimer_stop
                0x00002f48       0x34 contiki-cc13xx.a(ctimer.o)
                0x00002f48                ctimer_stop
 .text.exit_process
                0x00002f7c       0xb0 contiki-cc13xx.a(process.o)
 .text.call_process.part.0
                0x0000302c       0x38 contiki-cc13xx.a(process.o)
 .text.do_poll  0x00003064       0x3c contiki-cc13xx.a(process.o)
 .text.process_alloc_event
                0x000030a0       0x10 contiki-cc13xx.a(process.o)
                0x000030a0                process_alloc_event
 .text.process_init
                0x000030b0       0x34 contiki-cc13xx.a(process.o)
                0x000030b0                process_init
 .text.process_run
                0x000030e4       0xac contiki-cc13xx.a(process.o)
                0x000030e4                process_run
 .text.process_nevents
                0x00003190       0x14 contiki-cc13xx.a(process.o)
                0x00003190                process_nevents
 .text.process_post
                0x000031a4       0x40 contiki-cc13xx.a(process.o)
                0x000031a4                process_post
 .text.process_post_synch
                0x000031e4       0x18 contiki-cc13xx.a(process.o)
                0x000031e4                process_post_synch
 .text.process_start
                0x000031fc       0x40 contiki-cc13xx.a(process.o)
                0x000031fc                process_start
 .text.process_poll
                0x0000323c       0x18 contiki-cc13xx.a(process.o)
                0x0000323c                process_poll
 .text.rtimer_init
                0x00003254        0x4 contiki-cc13xx.a(rtimer.o)
                0x00003254                rtimer_init
 .text.rtimer_set
                0x00003258       0x34 contiki-cc13xx.a(rtimer.o)
                0x00003258                rtimer_set
 .text.rtimer_run_next
                0x0000328c       0x28 contiki-cc13xx.a(rtimer.o)
                0x0000328c                rtimer_run_next
 .text.timer_set
                0x000032b4       0x10 contiki-cc13xx.a(timer.o)
                0x000032b4                timer_set
 .text.timer_reset
                0x000032c4        0xc contiki-cc13xx.a(timer.o)
                0x000032c4                timer_reset
 .text.timer_restart
                0x000032d0        0xc contiki-cc13xx.a(timer.o)
                0x000032d0                timer_restart
 .text.timer_expired
                0x000032dc       0x1c contiki-cc13xx.a(timer.o)
                0x000032dc                timer_expired
 .text.process_thread_serial_line_process
                0x000032f8       0xac contiki-cc13xx.a(serial-line.o)
 .text.serial_line_init
                0x000033a4       0x24 contiki-cc13xx.a(serial-line.o)
                0x000033a4                serial_line_init
 .text.leds_init
                0x000033c8       0x14 contiki-cc13xx.a(leds.o)
                0x000033c8                leds_init
 .text.leds_toggle
                0x000033dc       0x14 contiki-cc13xx.a(leds.o)
                0x000033dc                leds_toggle
 .text.list_init
                0x000033f0        0x8 contiki-cc13xx.a(list.o)
                0x000033f0                list_init
 .text.list_head
                0x000033f8        0x4 contiki-cc13xx.a(list.o)
                0x000033f8                list_head
 .text.list_add
                0x000033fc       0x48 contiki-cc13xx.a(list.o)
                0x000033fc                list_add
 .text.list_push
                0x00003444       0x40 contiki-cc13xx.a(list.o)
                0x00003444                list_push
 .text.list_remove
                0x00003484       0x2c contiki-cc13xx.a(list.o)
                0x00003484                list_remove
 .text.list_length
                0x000034b0       0x14 contiki-cc13xx.a(list.o)
                0x000034b0                list_length
 .text.list_item_next
                0x000034c4        0x8 contiki-cc13xx.a(list.o)
                0x000034c4                list_item_next
 .text.ringbuf_init
                0x000034cc       0x10 contiki-cc13xx.a(ringbuf.o)
                0x000034cc                ringbuf_init
 .text.ringbuf_get
                0x000034dc       0x28 contiki-cc13xx.a(ringbuf.o)
                0x000034dc                ringbuf_get
 .text.sicslowpan_init
                0x00003504       0x24 contiki-cc13xx.a(sicslowpan.o)
                0x00003504                sicslowpan_init
 .text.compress_addr_64
                0x00003528       0x9c contiki-cc13xx.a(sicslowpan.o)
 .text.set_packet_attrs
                0x000035c4       0x4c contiki-cc13xx.a(sicslowpan.o)
 .text.addr_context_lookup_by_prefix
                0x00003610       0x28 contiki-cc13xx.a(sicslowpan.o)
 .text.send_packet
                0x00003638       0x24 contiki-cc13xx.a(sicslowpan.o)
 .text.packet_sent
                0x0000365c       0x28 contiki-cc13xx.a(sicslowpan.o)
 .text.store_fragment
                0x00003684       0x68 contiki-cc13xx.a(sicslowpan.o)
 .text.add_fragment
                0x000036ec      0x198 contiki-cc13xx.a(sicslowpan.o)
 .text.uncompress_addr
                0x00003884       0xb8 contiki-cc13xx.a(sicslowpan.o)
 .text.input    0x0000393c      0x660 contiki-cc13xx.a(sicslowpan.o)
 .text.output   0x00003f9c      0x730 contiki-cc13xx.a(sicslowpan.o)
 .text.start_periodic_tcp_timer
                0x000046cc       0x1c contiki-cc13xx.a(tcpip.o)
 .text.tcpip_set_outputfunc
                0x000046e8        0xc contiki-cc13xx.a(tcpip.o)
                0x000046e8                tcpip_set_outputfunc
 .text.tcpip_icmp6_call
                0x000046f4       0x28 contiki-cc13xx.a(tcpip.o)
                0x000046f4                tcpip_icmp6_call
 .text.tcpip_input
                0x0000471c       0x24 contiki-cc13xx.a(tcpip.o)
                0x0000471c                tcpip_input
 .text.tcpip_ipv6_output
                0x00004740       0xbc contiki-cc13xx.a(tcpip.o)
                0x00004740                tcpip_ipv6_output
 .text.process_thread_tcpip_process
                0x000047fc      0x1c8 contiki-cc13xx.a(tcpip.o)
 .text.tcpip_uipcall
                0x000049c4       0x70 contiki-cc13xx.a(tcpip.o)
                0x000049c4                tcpip_uipcall
 .text.lollipop_greater_than
                0x00004a34       0x3c contiki-cc13xx.a(rpl-dag.o)
 .text.rpl_set_preferred_parent
                0x00004a70       0x2c contiki-cc13xx.a(rpl-dag.o)
 .text.set_ip_from_prefix
                0x00004a9c       0x2c contiki-cc13xx.a(rpl-dag.o)
 .text.check_prefix
                0x00004ac8       0x78 contiki-cc13xx.a(rpl-dag.o)
 .text.find_parent_any_dag_any_instance
                0x00004b40       0x1c contiki-cc13xx.a(rpl-dag.o)
 .text.rpl_dag_init
                0x00004b5c       0x14 contiki-cc13xx.a(rpl-dag.o)
                0x00004b5c                rpl_dag_init
 .text.rpl_get_parent
                0x00004b70       0x10 contiki-cc13xx.a(rpl-dag.o)
                0x00004b70                rpl_get_parent
 .text.rpl_rank_via_parent
                0x00004b80       0x1c contiki-cc13xx.a(rpl-dag.o)
                0x00004b80                rpl_rank_via_parent
 .text.rpl_get_parent_ipaddr
                0x00004b9c       0x18 contiki-cc13xx.a(rpl-dag.o)
                0x00004b9c                rpl_get_parent_ipaddr
 .text.rpl_get_parent_link_stats
                0x00004bb4       0x18 contiki-cc13xx.a(rpl-dag.o)
                0x00004bb4                rpl_get_parent_link_stats
 .text.best_parent
                0x00004bcc       0x98 contiki-cc13xx.a(rpl-dag.o)
 .text.rpl_parent_is_fresh
                0x00004c64       0x10 contiki-cc13xx.a(rpl-dag.o)
                0x00004c64                rpl_parent_is_fresh
 .text.rpl_parent_is_reachable
                0x00004c74       0x40 contiki-cc13xx.a(rpl-dag.o)
                0x00004c74                rpl_parent_is_reachable
 .text.rpl_repair_root
                0x00004cb4       0x5c contiki-cc13xx.a(rpl-dag.o)
                0x00004cb4                rpl_repair_root
 .text.rpl_set_prefix
                0x00004d10       0x98 contiki-cc13xx.a(rpl-dag.o)
                0x00004d10                rpl_set_prefix
 .text.rpl_set_default_route
                0x00004da8       0x30 contiki-cc13xx.a(rpl-dag.o)
                0x00004da8                rpl_set_default_route
 .text.rpl_alloc_instance
                0x00004dd8       0x34 contiki-cc13xx.a(rpl-dag.o)
                0x00004dd8                rpl_alloc_instance
 .text.rpl_alloc_dag
                0x00004e0c       0x5c contiki-cc13xx.a(rpl-dag.o)
                0x00004e0c                rpl_alloc_dag
 .text.rpl_add_parent
                0x00004e68       0x30 contiki-cc13xx.a(rpl-dag.o)
                0x00004e68                rpl_add_parent
 .text.rpl_find_parent
                0x00004e98       0x18 contiki-cc13xx.a(rpl-dag.o)
                0x00004e98                rpl_find_parent
 .text.rpl_find_parent_any_dag
                0x00004eb0       0x20 contiki-cc13xx.a(rpl-dag.o)
                0x00004eb0                rpl_find_parent_any_dag
 .text.rpl_select_parent
                0x00004ed0       0x58 contiki-cc13xx.a(rpl-dag.o)
                0x00004ed0                rpl_select_parent
 .text.rpl_select_dag
                0x00004f28      0x184 contiki-cc13xx.a(rpl-dag.o)
                0x00004f28                rpl_select_dag
 .text.rpl_nullify_parent
                0x000050ac       0x58 contiki-cc13xx.a(rpl-dag.o)
                0x000050ac                rpl_nullify_parent
 .text.rpl_remove_parent
                0x00005104       0x1c contiki-cc13xx.a(rpl-dag.o)
                0x00005104                rpl_remove_parent
 .text.nbr_callback
                0x00005120        0x4 contiki-cc13xx.a(rpl-dag.o)
 .text.remove_parents.constprop.6
                0x00005124       0x44 contiki-cc13xx.a(rpl-dag.o)
 .text.rpl_free_dag
                0x00005168       0x3c contiki-cc13xx.a(rpl-dag.o)
                0x00005168                rpl_free_dag
 .text.rpl_move_parent
                0x000051a4       0x58 contiki-cc13xx.a(rpl-dag.o)
                0x000051a4                rpl_move_parent
 .text.rpl_get_dag
                0x000051fc       0x3c contiki-cc13xx.a(rpl-dag.o)
                0x000051fc                rpl_get_dag
 .text.rpl_get_any_dag
                0x00005238       0x18 contiki-cc13xx.a(rpl-dag.o)
                0x00005238                rpl_get_any_dag
 .text.rpl_get_instance
                0x00005250       0x20 contiki-cc13xx.a(rpl-dag.o)
                0x00005250                rpl_get_instance
 .text.rpl_join_instance
                0x00005270      0x168 contiki-cc13xx.a(rpl-dag.o)
                0x00005270                rpl_join_instance
 .text.rpl_local_repair
                0x000053d8       0x90 contiki-cc13xx.a(rpl-dag.o)
                0x000053d8                rpl_local_repair
 .text.rpl_process_parent_event
                0x00005468       0x9c contiki-cc13xx.a(rpl-dag.o)
                0x00005468                rpl_process_parent_event
 .text.rpl_add_dag
                0x00005504      0x154 contiki-cc13xx.a(rpl-dag.o)
                0x00005504                rpl_add_dag
 .text.rpl_recalculate_ranks
                0x00005658       0x50 contiki-cc13xx.a(rpl-dag.o)
                0x00005658                rpl_recalculate_ranks
 .text.rpl_process_dio
                0x000056a8      0x334 contiki-cc13xx.a(rpl-dag.o)
                0x000056a8                rpl_process_dio
 .text.new_dio_interval
                0x000059dc       0x60 contiki-cc13xx.a(rpl-timers.o)
 .text.handle_periodic_timer
                0x00005a3c       0x58 contiki-cc13xx.a(rpl-timers.o)
 .text.set_dao_lifetime_timer
                0x00005a94       0x48 contiki-cc13xx.a(rpl-timers.o)
 .text.handle_unicast_dio_timer
                0x00005adc       0x1c contiki-cc13xx.a(rpl-timers.o)
 .text.handle_dio_timer
                0x00005af8       0x8c contiki-cc13xx.a(rpl-timers.o)
 .text.schedule_dao
                0x00005b84       0x54 contiki-cc13xx.a(rpl-timers.o)
 .text.handle_dao_timer
                0x00005bd8       0x5c contiki-cc13xx.a(rpl-timers.o)
 .text.rpl_reset_periodic_timer
                0x00005c34       0x3c contiki-cc13xx.a(rpl-timers.o)
                0x00005c34                rpl_reset_periodic_timer
 .text.rpl_reset_dio_timer
                0x00005c70       0x1c contiki-cc13xx.a(rpl-timers.o)
                0x00005c70                rpl_reset_dio_timer
 .text.rpl_schedule_dao
                0x00005c8c        0x8 contiki-cc13xx.a(rpl-timers.o)
                0x00005c8c                rpl_schedule_dao
 .text.rpl_schedule_unicast_dio_immediately
                0x00005c94       0x14 contiki-cc13xx.a(rpl-timers.o)
                0x00005c94                rpl_schedule_unicast_dio_immediately
 .text.get_probing_delay
                0x00005ca8       0x4c contiki-cc13xx.a(rpl-timers.o)
                0x00005ca8                get_probing_delay
 .text.get_probing_target
                0x00005cf4       0xdc contiki-cc13xx.a(rpl-timers.o)
                0x00005cf4                get_probing_target
 .text.rpl_schedule_probing
                0x00005dd0       0x20 contiki-cc13xx.a(rpl-timers.o)
                0x00005dd0                rpl_schedule_probing
 .text.handle_probing_timer
                0x00005df0       0x34 contiki-cc13xx.a(rpl-timers.o)
 .text.update_hbh_header
                0x00005e24       0xcc contiki-cc13xx.a(rpl-ext-header.)
 .text.insert_hbh_header.isra.0
                0x00005ef0       0xac contiki-cc13xx.a(rpl-ext-header.)
 .text.rpl_verify_hbh_header
                0x00005f9c       0xf0 contiki-cc13xx.a(rpl-ext-header.)
                0x00005f9c                rpl_verify_hbh_header
 .text.rpl_remove_header
                0x0000608c       0x7c contiki-cc13xx.a(rpl-ext-header.)
                0x0000608c                rpl_remove_header
 .text.rpl_update_header
                0x00006108       0x74 contiki-cc13xx.a(rpl-ext-header.)
                0x00006108                rpl_update_header
 .text.rpl_get_mode
                0x0000617c        0xc contiki-cc13xx.a(rpl.o)
                0x0000617c                rpl_get_mode
 .text.rpl_purge_routes
                0x00006188       0x7c contiki-cc13xx.a(rpl.o)
                0x00006188                rpl_purge_routes
 .text.rpl_remove_routes
                0x00006204       0x24 contiki-cc13xx.a(rpl.o)
                0x00006204                rpl_remove_routes
 .text.rpl_remove_routes_by_nexthop
                0x00006228       0x34 contiki-cc13xx.a(rpl.o)
                0x00006228                rpl_remove_routes_by_nexthop
 .text.rpl_add_route
                0x0000625c       0x38 contiki-cc13xx.a(rpl.o)
                0x0000625c                rpl_add_route
 .text.rpl_link_neighbor_callback
                0x00006294       0x60 contiki-cc13xx.a(rpl.o)
                0x00006294                rpl_link_neighbor_callback
 .text.rpl_ipv6_neighbor_callback
                0x000062f4       0x30 contiki-cc13xx.a(rpl.o)
                0x000062f4                rpl_ipv6_neighbor_callback
 .text.rpl_purge_dags
                0x00006324       0x40 contiki-cc13xx.a(rpl.o)
                0x00006324                rpl_purge_dags
 .text.rpl_init
                0x00006364       0x4c contiki-cc13xx.a(rpl.o)
                0x00006364                rpl_init
 .text.reset    0x000063b0        0x4 contiki-cc13xx.a(rpl-mrhof.o)
 .text.update_metric_container
                0x000063b4        0x8 contiki-cc13xx.a(rpl-mrhof.o)
 .text.parent_link_metric
                0x000063bc       0x14 contiki-cc13xx.a(rpl-mrhof.o)
 .text.parent_has_usable_link
                0x000063d0       0x18 contiki-cc13xx.a(rpl-mrhof.o)
 .text.best_dag
                0x000063e8       0x2c contiki-cc13xx.a(rpl-mrhof.o)
 .text.parent_path_cost
                0x00006414       0x4c contiki-cc13xx.a(rpl-mrhof.o)
 .text.parent_is_acceptable
                0x00006460       0x34 contiki-cc13xx.a(rpl-mrhof.o)
 .text.rank_via_parent
                0x00006494       0x3c contiki-cc13xx.a(rpl-mrhof.o)
 .text.best_parent
                0x000064d0       0x70 contiki-cc13xx.a(rpl-mrhof.o)
 .text.get32    0x00006540       0x20 contiki-cc13xx.a(rpl-icmp6.o)
 .text.dao_ack_input
                0x00006560       0x14 contiki-cc13xx.a(rpl-icmp6.o)
 .text.dao_output_target_seq
                0x00006574      0x12c contiki-cc13xx.a(rpl-icmp6.o)
 .text.dio_input
                0x000066a0      0x270 contiki-cc13xx.a(rpl-icmp6.o)
 .text.rpl_icmp6_update_nbr_table
                0x00006910       0x38 contiki-cc13xx.a(rpl-icmp6.o)
                0x00006910                rpl_icmp6_update_nbr_table
 .text.dao_input
                0x00006948      0x2ec contiki-cc13xx.a(rpl-icmp6.o)
 .text.dis_output
                0x00006c34       0x58 contiki-cc13xx.a(rpl-icmp6.o)
                0x00006c34                dis_output
 .text.dio_output
                0x00006c8c      0x2e4 contiki-cc13xx.a(rpl-icmp6.o)
                0x00006c8c                dio_output
 .text.dis_input
                0x00006f70       0x54 contiki-cc13xx.a(rpl-icmp6.o)
 .text.dao_output
                0x00006fc4       0x90 contiki-cc13xx.a(rpl-icmp6.o)
                0x00006fc4                dao_output
 .text.dao_output_target
                0x00007054        0xc contiki-cc13xx.a(rpl-icmp6.o)
                0x00007054                dao_output_target
 .text.rpl_icmp6_register_handlers
                0x00007060       0x30 contiki-cc13xx.a(rpl-icmp6.o)
                0x00007060                rpl_icmp6_register_handlers
 .text.TrimAfterColdResetWakeupFromShutDown
                0x00007090       0xd8 contiki-cc13xx.a(setup.o)
 .text.NOROM_SetupTrimDevice
                0x00007168       0xa4 contiki-cc13xx.a(setup.o)
                0x00007168                NOROM_SetupTrimDevice
 .text.NOROM_SetupGetTrimForXoscHfCtl.part.3
                0x0000720c       0x20 contiki-cc13xx.a(setup_rom.o)
 .text.NOROM_SetupGetTrimForRadcExtCfg.part.4
                0x0000722c       0x20 contiki-cc13xx.a(setup_rom.o)
 .text.NOROM_SetupSetVddrLevel
                0x0000724c       0xa4 contiki-cc13xx.a(setup_rom.o)
                0x0000724c                NOROM_SetupSetVddrLevel
 .text.NOROM_SetupAfterColdResetWakeupFromShutDownCfg1
                0x000072f0       0xc0 contiki-cc13xx.a(setup_rom.o)
                0x000072f0                NOROM_SetupAfterColdResetWakeupFromShutDownCfg1
 .text.NOROM_SetupAfterColdResetWakeupFromShutDownCfg3
                0x000073b0      0x194 contiki-cc13xx.a(setup_rom.o)
                0x000073b0                NOROM_SetupAfterColdResetWakeupFromShutDownCfg3
 .text.NOROM_SetupGetTrimForAnabypassValue1
                0x00007544       0x64 contiki-cc13xx.a(setup_rom.o)
                0x00007544                NOROM_SetupGetTrimForAnabypassValue1
 .text.NOROM_SetupGetTrimForAmpcompCtrl
                0x000075a8       0x74 contiki-cc13xx.a(setup_rom.o)
                0x000075a8                NOROM_SetupGetTrimForAmpcompCtrl
 .text.NOROM_SetupAfterColdResetWakeupFromShutDownCfg2
                0x0000761c      0x19c contiki-cc13xx.a(setup_rom.o)
                0x0000761c                NOROM_SetupAfterColdResetWakeupFromShutDownCfg2
 .text.NOROM_SetupSetCacheModeAccordingToCcfgSetting
                0x000077b8       0x6c contiki-cc13xx.a(setup_rom.o)
                0x000077b8                NOROM_SetupSetCacheModeAccordingToCcfgSetting
 .text.SafeHapiVoid
                0x00007824       0x2c contiki-cc13xx.a(adi.o)
                0x00007824                SafeHapiVoid
 .text.NOROM_CPUcpsid
                0x00007850        0x8 contiki-cc13xx.a(cpu.o)
                0x00007850                NOROM_CPUcpsid
 .text.NOROM_CPUcpsie
                0x00007858        0x8 contiki-cc13xx.a(cpu.o)
                0x00007858                NOROM_CPUcpsie
 .text.NOROM_DDI32RegWrite
                0x00007860       0x34 contiki-cc13xx.a(ddi.o)
                0x00007860                NOROM_DDI32RegWrite
 .text.NOROM_SysCtrlSetRechargeBeforePowerDown
                0x00007894      0x2b0 contiki-cc13xx.a(sys_ctrl.o)
                0x00007894                NOROM_SysCtrlSetRechargeBeforePowerDown
 .text.NOROM_SysCtrlAdjustRechargeAfterPowerDown
                0x00007b44       0x64 contiki-cc13xx.a(sys_ctrl.o)
                0x00007b44                NOROM_SysCtrlAdjustRechargeAfterPowerDown
 .text.NOROM_SysCtrl_DCDC_VoltageConditionalControl
                0x00007ba8       0x7c contiki-cc13xx.a(sys_ctrl.o)
                0x00007ba8                NOROM_SysCtrl_DCDC_VoltageConditionalControl
 .text.NOROM_PowerCtrlSourceSet
                0x00007c24       0x30 contiki-cc13xx.a(pwr_ctrl.o)
                0x00007c24                NOROM_PowerCtrlSourceSet
 .text.NOROM_OSCClockSourceSet
                0x00007c54       0x60 contiki-cc13xx.a(osc.o)
                0x00007c54                NOROM_OSCClockSourceSet
 .text.NOROM_OSCClockSourceGet
                0x00007cb4       0x2c contiki-cc13xx.a(osc.o)
                0x00007cb4                NOROM_OSCClockSourceGet
 .text.NOROM_TRNGConfigure
                0x00007ce0       0x38 contiki-cc13xx.a(trng.o)
                0x00007ce0                NOROM_TRNGConfigure
 .text.NOROM_AONRTCCurrentCompareValueGet
                0x00007d18       0x24 contiki-cc13xx.a(aon_rtc.o)
                0x00007d18                NOROM_AONRTCCurrentCompareValueGet
 .text.NOROM_ChipInfo_GetChipFamily
                0x00007d3c       0x50 contiki-cc13xx.a(chipinfo.o)
                0x00007d3c                NOROM_ChipInfo_GetChipFamily
 .text.NOROM_ChipInfo_GetChipType
                0x00007d8c       0x30 contiki-cc13xx.a(chipinfo.o)
                0x00007d8c                NOROM_ChipInfo_GetChipType
 .text.NOROM_ChipInfo_GetHwRevision
                0x00007dbc       0x70 contiki-cc13xx.a(chipinfo.o)
                0x00007dbc                NOROM_ChipInfo_GetHwRevision
 .text.NOROM_ThisCodeIsBuiltForCC13xxHwRev20AndLater_HaltIfViolated
                0x00007e2c       0x18 contiki-cc13xx.a(chipinfo.o)
                0x00007e2c                NOROM_ThisCodeIsBuiltForCC13xxHwRev20AndLater_HaltIfViolated
 .text.NOROM_RFCRTrim
                0x00007e44      0x138 contiki-cc13xx.a(rfc.o)
                0x00007e44                NOROM_RFCRTrim
 .text.NOROM_RFCAdi3VcoLdoVoltageMode
                0x00007f7c       0x20 contiki-cc13xx.a(rfc.o)
                0x00007f7c                NOROM_RFCAdi3VcoLdoVoltageMode
 .text.queuebuf_numfree
                0x00007f9c        0xc contiki-cc13xx.a(queuebuf.o)
                0x00007f9c                queuebuf_numfree
 .text.queuebuf_new_from_packetbuf
                0x00007fa8       0x48 contiki-cc13xx.a(queuebuf.o)
                0x00007fa8                queuebuf_new_from_packetbuf
 .text.queuebuf_free
                0x00007ff0       0x2c contiki-cc13xx.a(queuebuf.o)
                0x00007ff0                queuebuf_free
 .text.queuebuf_to_packetbuf
                0x0000801c       0x30 contiki-cc13xx.a(queuebuf.o)
                0x0000801c                queuebuf_to_packetbuf
 .text.nbr_set_bit
                0x0000804c       0x4c contiki-cc13xx.a(nbr-table.o)
 .text.index_from_lladdr
                0x00008098       0x48 contiki-cc13xx.a(nbr-table.o)
 .text.nbr_get_bit.constprop.0
                0x000080e0       0x2c contiki-cc13xx.a(nbr-table.o)
 .text.remove_key
                0x0000810c       0x8c contiki-cc13xx.a(nbr-table.o)
 .text.nbr_table_register
                0x00008198       0x2c contiki-cc13xx.a(nbr-table.o)
                0x00008198                nbr_table_register
 .text.nbr_table_next
                0x000081c4       0x64 contiki-cc13xx.a(nbr-table.o)
                0x000081c4                nbr_table_next
 .text.nbr_table_head
                0x00008228       0x50 contiki-cc13xx.a(nbr-table.o)
                0x00008228                nbr_table_head
 .text.nbr_table_add_lladdr
                0x00008278      0x124 contiki-cc13xx.a(nbr-table.o)
                0x00008278                nbr_table_add_lladdr
 .text.nbr_table_get_from_lladdr
                0x0000839c       0x34 contiki-cc13xx.a(nbr-table.o)
                0x0000839c                nbr_table_get_from_lladdr
 .text.nbr_table_remove
                0x000083d0       0x2c contiki-cc13xx.a(nbr-table.o)
                0x000083d0                nbr_table_remove
 .text.nbr_table_lock
                0x000083fc       0x14 contiki-cc13xx.a(nbr-table.o)
                0x000083fc                nbr_table_lock
 .text.nbr_table_unlock
                0x00008410       0x14 contiki-cc13xx.a(nbr-table.o)
                0x00008410                nbr_table_unlock
 .text.nbr_table_get_lladdr
                0x00008424       0x2c contiki-cc13xx.a(nbr-table.o)
                0x00008424                nbr_table_get_lladdr
 .text.nbr_table_update_lladdr
                0x00008450       0x48 contiki-cc13xx.a(nbr-table.o)
                0x00008450                nbr_table_update_lladdr
 .text.packetbuf_copyto
                0x00008498       0x50 contiki-cc13xx.a(packetbuf.o)
                0x00008498                packetbuf_copyto
 .text.packetbuf_hdralloc
                0x000084e8       0x58 contiki-cc13xx.a(packetbuf.o)
                0x000084e8                packetbuf_hdralloc
 .text.packetbuf_hdrreduce
                0x00008540       0x2c contiki-cc13xx.a(packetbuf.o)
                0x00008540                packetbuf_hdrreduce
 .text.packetbuf_set_datalen
                0x0000856c        0xc contiki-cc13xx.a(packetbuf.o)
                0x0000856c                packetbuf_set_datalen
 .text.packetbuf_dataptr
                0x00008578       0x20 contiki-cc13xx.a(packetbuf.o)
                0x00008578                packetbuf_dataptr
 .text.packetbuf_hdrptr
                0x00008598        0x8 contiki-cc13xx.a(packetbuf.o)
                0x00008598                packetbuf_hdrptr
 .text.packetbuf_datalen
                0x000085a0        0xc contiki-cc13xx.a(packetbuf.o)
                0x000085a0                packetbuf_datalen
 .text.packetbuf_totlen
                0x000085ac       0x24 contiki-cc13xx.a(packetbuf.o)
                0x000085ac                packetbuf_totlen
 .text.packetbuf_attr_clear
                0x000085d0       0x30 contiki-cc13xx.a(packetbuf.o)
                0x000085d0                packetbuf_attr_clear
 .text.packetbuf_clear
                0x00008600       0x20 contiki-cc13xx.a(packetbuf.o)
                0x00008600                packetbuf_clear
 .text.packetbuf_copyfrom
                0x00008620       0x40 contiki-cc13xx.a(packetbuf.o)
                0x00008620                packetbuf_copyfrom
 .text.packetbuf_attr_copyto
                0x00008660       0x38 contiki-cc13xx.a(packetbuf.o)
                0x00008660                packetbuf_attr_copyto
 .text.packetbuf_attr_copyfrom
                0x00008698       0x38 contiki-cc13xx.a(packetbuf.o)
                0x00008698                packetbuf_attr_copyfrom
 .text.packetbuf_set_attr
                0x000086d0       0x10 contiki-cc13xx.a(packetbuf.o)
                0x000086d0                packetbuf_set_attr
 .text.packetbuf_attr
                0x000086e0        0xc contiki-cc13xx.a(packetbuf.o)
                0x000086e0                packetbuf_attr
 .text.packetbuf_set_addr
                0x000086ec       0x18 contiki-cc13xx.a(packetbuf.o)
                0x000086ec                packetbuf_set_addr
 .text.packetbuf_addr
                0x00008704       0x10 contiki-cc13xx.a(packetbuf.o)
                0x00008704                packetbuf_addr
 .text.packetbuf_holds_broadcast
                0x00008714       0x10 contiki-cc13xx.a(packetbuf.o)
                0x00008714                packetbuf_holds_broadcast
 .text.netstack_init
                0x00008724       0x1c contiki-cc13xx.a(netstack.o)
                0x00008724                netstack_init
 .text.linkaddr_copy
                0x00008740        0x8 contiki-cc13xx.a(linkaddr.o)
                0x00008740                linkaddr_copy
 .text.linkaddr_cmp
                0x00008748       0x10 contiki-cc13xx.a(linkaddr.o)
                0x00008748                linkaddr_cmp
 .text.periodic
                0x00008758       0x2c contiki-cc13xx.a(link-stats.o)
 .text.link_stats_from_lladdr
                0x00008784        0xc contiki-cc13xx.a(link-stats.o)
                0x00008784                link_stats_from_lladdr
 .text.link_stats_is_fresh
                0x00008790       0x28 contiki-cc13xx.a(link-stats.o)
                0x00008790                link_stats_is_fresh
 .text.link_stats_packet_sent
                0x000087b8       0xbc contiki-cc13xx.a(link-stats.o)
                0x000087b8                link_stats_packet_sent
 .text.link_stats_input_callback
                0x00008874       0x5c contiki-cc13xx.a(link-stats.o)
                0x00008874                link_stats_input_callback
 .text.link_stats_init
                0x000088d0       0x28 contiki-cc13xx.a(link-stats.o)
                0x000088d0                link_stats_init
 .text.parse    0x000088f8       0xa0 contiki-cc13xx.a(framer-802154.o)
 .text.create_frame.isra.0
                0x00008998      0x140 contiki-cc13xx.a(framer-802154.o)
 .text.create   0x00008ad8        0x8 contiki-cc13xx.a(framer-802154.o)
 .text.hdr_length
                0x00008ae0        0x8 contiki-cc13xx.a(framer-802154.o)
 .text.frame802154_get_pan_id
                0x00008ae8        0xc contiki-cc13xx.a(frame802154.o)
                0x00008ae8                frame802154_get_pan_id
 .text.frame802154_has_panid
                0x00008af4       0xb8 contiki-cc13xx.a(frame802154.o)
                0x00008af4                frame802154_has_panid
 .text.field_len
                0x00008bac       0x9c contiki-cc13xx.a(frame802154.o)
 .text.frame802154_is_broadcast_addr
                0x00008c48       0x20 contiki-cc13xx.a(frame802154.o)
                0x00008c48                frame802154_is_broadcast_addr
 .text.frame802154_hdrlen
                0x00008c68       0x34 contiki-cc13xx.a(frame802154.o)
                0x00008c68                frame802154_hdrlen
 .text.frame802154_create_fcf
                0x00008c9c       0x64 contiki-cc13xx.a(frame802154.o)
                0x00008c9c                frame802154_create_fcf
 .text.frame802154_create
                0x00008d00       0xb8 contiki-cc13xx.a(frame802154.o)
                0x00008d00                frame802154_create
 .text.frame802154_parse_fcf
                0x00008db8       0x4c contiki-cc13xx.a(frame802154.o)
                0x00008db8                frame802154_parse_fcf
 .text.frame802154_parse
                0x00008e04      0x134 contiki-cc13xx.a(frame802154.o)
                0x00008e04                frame802154_parse
 .text.on       0x00008f38        0xc contiki-cc13xx.a(nullrdc.o)
 .text.channel_check_interval
                0x00008f44        0x4 contiki-cc13xx.a(nullrdc.o)
 .text.init     0x00008f48        0xc contiki-cc13xx.a(nullrdc.o)
 .text.packet_input
                0x00008f54       0xc4 contiki-cc13xx.a(nullrdc.o)
 .text.send_one_packet
                0x00009018      0x114 contiki-cc13xx.a(nullrdc.o)
 .text.send_list
                0x0000912c       0x24 contiki-cc13xx.a(nullrdc.o)
 .text.send_packet
                0x00009150        0x4 contiki-cc13xx.a(nullrdc.o)
 .text.off      0x00009154       0x1c contiki-cc13xx.a(nullrdc.o)
 .text.send_packet
                0x00009170        0x4 contiki-cc13xx.a(hitmac.o)
 .text.channel_check_interval
                0x00009174        0x4 contiki-cc13xx.a(hitmac.o)
 .text.process_thread_hitmac_test_process
                0x00009178       0x8c contiki-cc13xx.a(hitmac.o)
 .text.update_asn
                0x00009204      0x138 contiki-cc13xx.a(hitmac.o)
                0x00009204                update_asn
 .text.hitmac_init
                0x0000933c       0xbc contiki-cc13xx.a(hitmac.o)
 .text.turn_off
                0x000093f8       0x1c contiki-cc13xx.a(hitmac.o)
 .text.turn_on  0x00009414       0x20 contiki-cc13xx.a(hitmac.o)
 .text.hitmac_send_packet.part.2
                0x00009434       0x60 contiki-cc13xx.a(hitmac.o)
 .text.process_thread_hitmac_root_eb_process
                0x00009494       0x34 contiki-cc13xx.a(hitmac.o)
 .text.packet_input
                0x000094c8       0xc8 contiki-cc13xx.a(hitmac.o)
 .text.hitmac_set_asn
                0x00009590       0x8c contiki-cc13xx.a(hitmac.o)
                0x00009590                hitmac_set_asn
 .text.hitmac_receive_eb
                0x0000961c       0xc0 contiki-cc13xx.a(hitmac.o)
                0x0000961c                hitmac_receive_eb
 .text.process_thread_hitmac_scheduler_process
                0x000096dc       0x50 contiki-cc13xx.a(hitmac.o)
 .text.hitmac_request
                0x0000972c      0x150 contiki-cc13xx.a(hitmac.o)
                0x0000972c                hitmac_request
 .text.process_thread_hitmac_process
                0x0000987c       0x98 contiki-cc13xx.a(hitmac.o)
 .text.frame80215e_create_ie_hitmac_synchronization
                0x00009914       0x34 contiki-cc13xx.a(hitmac-frame.o)
                0x00009914                frame80215e_create_ie_hitmac_synchronization
 .text.hitmac_packet_create_eb
                0x00009948       0x98 contiki-cc13xx.a(hitmac-frame.o)
                0x00009948                hitmac_packet_create_eb
 .text.hitmac_packet_create_request_associate
                0x000099e0       0x80 contiki-cc13xx.a(hitmac-frame.o)
                0x000099e0                hitmac_packet_create_request_associate
 .text.hitmac_parse_information_elements
                0x00009a60       0x3c contiki-cc13xx.a(hitmac-frame.o)
                0x00009a60                hitmac_parse_information_elements
 .text.hitmac_packet_parse_eb
                0x00009a9c      0x108 contiki-cc13xx.a(hitmac-frame.o)
                0x00009a9c                hitmac_packet_parse_eb
 .text.hitmac_packet_parse_cmd
                0x00009ba4       0xe8 contiki-cc13xx.a(hitmac-frame.o)
                0x00009ba4                hitmac_packet_parse_cmd
 .text.hitmac_packet_is_broadcast
                0x00009c8c       0x18 contiki-cc13xx.a(hitmac-frame.o)
                0x00009c8c                hitmac_packet_is_broadcast
 .text.init     0x00009ca4        0x4 contiki-cc13xx.a(nullsec.o)
 .text.input    0x00009ca8        0xc contiki-cc13xx.a(nullsec.o)
 .text.send     0x00009cb4       0x20 contiki-cc13xx.a(nullsec.o)
 .text.read_flash
                0x00009cd4       0x3c contiki-cc13xx.a(flashdata.o)
                0x00009cd4                read_flash
 .text.write_to_flash
                0x00009d10      0x118 contiki-cc13xx.a(flashdata.o)
                0x00009d10                write_to_flash
 .text.aux_ctrl_power_up
                0x00009e28       0x28 contiki-cc13xx.a(aux-ctrl.o)
                0x00009e28                aux_ctrl_power_up
 .text.aux_ctrl_register_consumer
                0x00009e50       0x40 contiki-cc13xx.a(aux-ctrl.o)
                0x00009e50                aux_ctrl_register_consumer
 .text.aux_ctrl_power_down
                0x00009e90       0x6c contiki-cc13xx.a(aux-ctrl.o)
                0x00009e90                aux_ctrl_power_down
 .text.aux_ctrl_unregister_consumer
                0x00009efc       0x28 contiki-cc13xx.a(aux-ctrl.o)
                0x00009efc                aux_ctrl_unregister_consumer
 .text.memb_init
                0x00009f24       0x24 contiki-cc13xx.a(memb.o)
                0x00009f24                memb_init
 .text.memb_alloc
                0x00009f48       0x3c contiki-cc13xx.a(memb.o)
                0x00009f48                memb_alloc
 .text.memb_free
                0x00009f84       0x44 contiki-cc13xx.a(memb.o)
                0x00009f84                memb_free
 .text.memb_inmemb
                0x00009fc8       0x1c contiki-cc13xx.a(memb.o)
                0x00009fc8                memb_inmemb
 .text.memb_numfree
                0x00009fe4       0x1c contiki-cc13xx.a(memb.o)
                0x00009fe4                memb_numfree
 .text.echo_reply_input
                0x0000a000       0xb0 contiki-cc13xx.a(uip-icmp6.o)
 .text.echo_request_input
                0x0000a0b0       0xb8 contiki-cc13xx.a(uip-icmp6.o)
 .text.uip_icmp6_input
                0x0000a168       0x3c contiki-cc13xx.a(uip-icmp6.o)
                0x0000a168                uip_icmp6_input
 .text.uip_icmp6_register_input_handler
                0x0000a1a4        0xc contiki-cc13xx.a(uip-icmp6.o)
                0x0000a1a4                uip_icmp6_register_input_handler
 .text.uip_icmp6_error_output
                0x0000a1b0      0x150 contiki-cc13xx.a(uip-icmp6.o)
                0x0000a1b0                uip_icmp6_error_output
 .text.uip_icmp6_send
                0x0000a300       0x84 contiki-cc13xx.a(uip-icmp6.o)
                0x0000a300                uip_icmp6_send
 .text.uip_icmp6_init
                0x0000a384       0x24 contiki-cc13xx.a(uip-icmp6.o)
                0x0000a384                uip_icmp6_init
 .text.uip_ds6_list_loop
                0x0000a3a8       0x60 contiki-cc13xx.a(uip-ds6.o)
                0x0000a3a8                uip_ds6_list_loop
 .text.uip_ds6_prefix_add
                0x0000a408       0x6c contiki-cc13xx.a(uip-ds6.o)
                0x0000a408                uip_ds6_prefix_add
 .text.uip_ds6_is_addr_onlink
                0x0000a474       0x3c contiki-cc13xx.a(uip-ds6.o)
                0x0000a474                uip_ds6_is_addr_onlink
 .text.uip_ds6_addr_lookup
                0x0000a4b0       0x30 contiki-cc13xx.a(uip-ds6.o)
                0x0000a4b0                uip_ds6_addr_lookup
 .text.uip_ds6_get_link_local
                0x0000a4e0       0x44 contiki-cc13xx.a(uip-ds6.o)
                0x0000a4e0                uip_ds6_get_link_local
 .text.uip_ds6_maddr_add
                0x0000a524       0x50 contiki-cc13xx.a(uip-ds6.o)
                0x0000a524                uip_ds6_maddr_add
 .text.uip_ds6_addr_add
                0x0000a574       0xa8 contiki-cc13xx.a(uip-ds6.o)
                0x0000a574                uip_ds6_addr_add
 .text.uip_ds6_maddr_lookup
                0x0000a61c       0x30 contiki-cc13xx.a(uip-ds6.o)
                0x0000a61c                uip_ds6_maddr_lookup
 .text.uip_ds6_addr_rm
                0x0000a64c       0x48 contiki-cc13xx.a(uip-ds6.o)
                0x0000a64c                uip_ds6_addr_rm
 .text.uip_ds6_periodic
                0x0000a694       0x5c contiki-cc13xx.a(uip-ds6.o)
                0x0000a694                uip_ds6_periodic
 .text.uip_ds6_select_src
                0x0000a6f0       0xf4 contiki-cc13xx.a(uip-ds6.o)
                0x0000a6f0                uip_ds6_select_src
 .text.uip_ds6_set_addr_iid
                0x0000a7e4       0x14 contiki-cc13xx.a(uip-ds6.o)
                0x0000a7e4                uip_ds6_set_addr_iid
 .text.uip_ds6_compute_reachable_time
                0x0000a7f8       0x28 contiki-cc13xx.a(uip-ds6.o)
                0x0000a7f8                uip_ds6_compute_reachable_time
 .text.uip_ds6_init
                0x0000a820       0xf8 contiki-cc13xx.a(uip-ds6.o)
                0x0000a820                uip_ds6_init
 .text.call_route_callback
                0x0000a918       0x50 contiki-cc13xx.a(uip-ds6-route.o)
 .text.uip_ds6_route_init
                0x0000a968       0x4c contiki-cc13xx.a(uip-ds6-route.o)
                0x0000a968                uip_ds6_route_init
 .text.uip_ds6_route_nexthop
                0x0000a9b4       0x1c contiki-cc13xx.a(uip-ds6-route.o)
                0x0000a9b4                uip_ds6_route_nexthop
 .text.uip_ds6_route_head
                0x0000a9d0        0xc contiki-cc13xx.a(uip-ds6-route.o)
                0x0000a9d0                uip_ds6_route_head
 .text.uip_ds6_route_next
                0x0000a9dc        0x8 contiki-cc13xx.a(uip-ds6-route.o)
                0x0000a9dc                uip_ds6_route_next
 .text.uip_ds6_route_is_nexthop
                0x0000a9e4       0x20 contiki-cc13xx.a(uip-ds6-route.o)
                0x0000a9e4                uip_ds6_route_is_nexthop
 .text.uip_ds6_route_lookup
                0x0000aa04       0x78 contiki-cc13xx.a(uip-ds6-route.o)
                0x0000aa04                uip_ds6_route_lookup
 .text.uip_ds6_route_rm
                0x0000aa7c       0xac contiki-cc13xx.a(uip-ds6-route.o)
                0x0000aa7c                uip_ds6_route_rm
 .text.rm_routelist
                0x0000ab28       0x38 contiki-cc13xx.a(uip-ds6-route.o)
 .text.rm_routelist_callback
                0x0000ab60        0x4 contiki-cc13xx.a(uip-ds6-route.o)
 .text.uip_ds6_route_add
                0x0000ab64      0x12c contiki-cc13xx.a(uip-ds6-route.o)
                0x0000ab64                uip_ds6_route_add
 .text.uip_ds6_defrt_rm
                0x0000ac90       0x48 contiki-cc13xx.a(uip-ds6-route.o)
                0x0000ac90                uip_ds6_defrt_rm
 .text.uip_ds6_defrt_lookup
                0x0000acd8       0x34 contiki-cc13xx.a(uip-ds6-route.o)
                0x0000acd8                uip_ds6_defrt_lookup
 .text.uip_ds6_defrt_add
                0x0000ad0c       0x5c contiki-cc13xx.a(uip-ds6-route.o)
                0x0000ad0c                uip_ds6_defrt_add
 .text.uip_ds6_defrt_choose
                0x0000ad68       0x34 contiki-cc13xx.a(uip-ds6-route.o)
                0x0000ad68                uip_ds6_defrt_choose
 .text.uip_ds6_defrt_periodic
                0x0000ad9c       0x3c contiki-cc13xx.a(uip-ds6-route.o)
                0x0000ad9c                uip_ds6_defrt_periodic
 .text.chksum   0x0000add8       0x50 contiki-cc13xx.a(uip6.o)
 .text.upper_layer_chksum
                0x0000ae28       0x58 contiki-cc13xx.a(uip6.o)
 .text.ext_hdr_options_process
                0x0000ae80       0xc8 contiki-cc13xx.a(uip6.o)
 .text.uip_add32
                0x0000af48       0x58 contiki-cc13xx.a(uip6.o)
                0x0000af48                uip_add32
 .text.unlikely.uip_add_rcv_nxt
                0x0000afa0       0x2c contiki-cc13xx.a(uip6.o)
 .text.uip_icmp6chksum
                0x0000afcc        0x8 contiki-cc13xx.a(uip6.o)
                0x0000afcc                uip_icmp6chksum
 .text.uip_init
                0x0000afd4       0x5c contiki-cc13xx.a(uip6.o)
                0x0000afd4                uip_init
 .text.remove_ext_hdr
                0x0000b030       0x60 contiki-cc13xx.a(uip6.o)
                0x0000b030                remove_ext_hdr
 .text.uip_unlisten
                0x0000b090       0x28 contiki-cc13xx.a(uip6.o)
                0x0000b090                uip_unlisten
 .text.uip_process
                0x0000b0b8     0x10fc contiki-cc13xx.a(uip6.o)
                0x0000b0b8                uip_process
 .text.uip_htonl
                0x0000c1b4       0x14 contiki-cc13xx.a(uip6.o)
                0x0000c1b4                uip_htonl
 .text.uip_ds6_nbr_rm
                0x0000c1c8       0x20 contiki-cc13xx.a(uip-ds6-nbr.o)
                0x0000c1c8                uip_ds6_nbr_rm
 .text.uip_ds6_neighbors_init
                0x0000c1e8       0x1c contiki-cc13xx.a(uip-ds6-nbr.o)
                0x0000c1e8                uip_ds6_neighbors_init
 .text.uip_ds6_nbr_add
                0x0000c204       0x38 contiki-cc13xx.a(uip-ds6-nbr.o)
                0x0000c204                uip_ds6_nbr_add
 .text.uip_ds6_nbr_get_ll
                0x0000c23c       0x10 contiki-cc13xx.a(uip-ds6-nbr.o)
                0x0000c23c                uip_ds6_nbr_get_ll
 .text.uip_ds6_nbr_lookup
                0x0000c24c       0x3c contiki-cc13xx.a(uip-ds6-nbr.o)
                0x0000c24c                uip_ds6_nbr_lookup
 .text.uip_ds6_nbr_ipaddr_from_lladdr
                0x0000c288       0x10 contiki-cc13xx.a(uip-ds6-nbr.o)
                0x0000c288                uip_ds6_nbr_ipaddr_from_lladdr
 .text.uip_ds6_nbr_lladdr_from_ipaddr
                0x0000c298       0x1c contiki-cc13xx.a(uip-ds6-nbr.o)
                0x0000c298                uip_ds6_nbr_lladdr_from_ipaddr
 .text.uip_ds6_link_neighbor_callback
                0x0000c2b4       0x34 contiki-cc13xx.a(uip-ds6-nbr.o)
                0x0000c2b4                uip_ds6_link_neighbor_callback
 .text.ns_input
                0x0000c2e8      0x2a0 contiki-cc13xx.a(uip-nd6.o)
 .text.uip_nd6_init
                0x0000c588        0xc contiki-cc13xx.a(uip-nd6.o)
                0x0000c588                uip_nd6_init
 .text.uip_debug_ipaddr_print
                0x0000c594       0xb0 contiki-cc13xx.a(uip-debug.o)
                0x0000c594                uip_debug_ipaddr_print
 .text.update_nbr
                0x0000c644      0x11c contiki-cc13xx.a(rpl-nbr-policy.)
 .text.handle_periodic_timer
                0x0000c760       0x14 contiki-cc13xx.a(rpl-nbr-policy.)
 .text.find_removable_dio
                0x0000c774       0x40 contiki-cc13xx.a(rpl-nbr-policy.)
                0x0000c774                find_removable_dio
 .text.find_removable_dao
                0x0000c7b4       0x38 contiki-cc13xx.a(rpl-nbr-policy.)
                0x0000c7b4                find_removable_dao
 .text.rpl_nbr_policy_find_removable
                0x0000c7ec       0x40 contiki-cc13xx.a(rpl-nbr-policy.)
                0x0000c7ec                rpl_nbr_policy_find_removable
 .text.NOROM_AONBatMonTemperatureGetDegC
                0x0000c82c       0x30 contiki-cc13xx.a(aon_batmon.o)
                0x0000c82c                NOROM_AONBatMonTemperatureGetDegC
 .text.NOROM_VIMSModeGet
                0x0000c85c       0x10 contiki-cc13xx.a(vims.o)
                0x0000c85c                NOROM_VIMSModeGet
 .text.NOROM_FlashSectorErase
                0x0000c86c       0x1c contiki-cc13xx.a(flash.o)
                0x0000c86c                NOROM_FlashSectorErase
 .text.NOROM_FlashProgram
                0x0000c888       0x1c contiki-cc13xx.a(flash.o)
                0x0000c888                NOROM_FlashProgram
 .text.mac_sequence_is_duplicate
                0x0000c8a4       0x50 contiki-cc13xx.a(mac-sequence.o)
                0x0000c8a4                mac_sequence_is_duplicate
 .text.mac_sequence_register_seqno
                0x0000c8f4       0x6c contiki-cc13xx.a(mac-sequence.o)
                0x0000c8f4                mac_sequence_register_seqno
 .text.mac_call_sent_callback
                0x0000c960       0x10 contiki-cc13xx.a(mac.o)
                0x0000c960                mac_call_sent_callback
 .text.stimer_set
                0x0000c970       0x10 contiki-cc13xx.a(stimer.o)
                0x0000c970                stimer_set
 .text.stimer_expired
                0x0000c980       0x20 contiki-cc13xx.a(stimer.o)
                0x0000c980                stimer_expired
 .text          0x0000c9a0       0x2c /opt/gcc-arm-none-eabi-4.9-cc1310/bin/../lib/gcc/arm-none-eabi/4.9.3/armv7-m/libgcc.a(_aeabi_uldivmod.o)
                0x0000c9a0                __aeabi_uldivmod
 .text          0x0000c9cc       0x60 /opt/gcc-arm-none-eabi-4.9-cc1310/bin/../lib/gcc/arm-none-eabi/4.9.3/armv7-m/libgcc.a(bpabi.o)
                0x0000c9cc                __gnu_ldivmod_helper
                0x0000c9fc                __gnu_uldivmod_helper
 .text          0x0000ca2c        0x4 /opt/gcc-arm-none-eabi-4.9-cc1310/bin/../lib/gcc/arm-none-eabi/4.9.3/armv7-m/libgcc.a(_dvmd_tls.o)
                0x0000ca2c                __aeabi_ldiv0
                0x0000ca2c                __aeabi_idiv0
 .text          0x0000ca30      0x2ac /opt/gcc-arm-none-eabi-4.9-cc1310/bin/../lib/gcc/arm-none-eabi/4.9.3/armv7-m/libgcc.a(_divdi3.o)
                0x0000ca30                __divdi3
 .text          0x0000ccdc      0x270 /opt/gcc-arm-none-eabi-4.9-cc1310/bin/../lib/gcc/arm-none-eabi/4.9.3/armv7-m/libgcc.a(_udivdi3.o)
                0x0000ccdc                __udivdi3
 .text.memcmp   0x0000cf4c       0x64 /opt/gcc-arm-none-eabi-4.9-cc1310/bin/../lib/gcc/arm-none-eabi/4.9.3/../../../../arm-none-eabi/lib/armv7-m/libc.a(lib_a-memcmp.o)
                0x0000cf4c                memcmp
 .text          0x0000cfb0       0xec /opt/gcc-arm-none-eabi-4.9-cc1310/bin/../lib/gcc/arm-none-eabi/4.9.3/../../../../arm-none-eabi/lib/armv7-m/libc.a(lib_a-memcpy.o)
                0x0000cfb0                memcpy
 .text.memmove  0x0000d09c       0xc8 /opt/gcc-arm-none-eabi-4.9-cc1310/bin/../lib/gcc/arm-none-eabi/4.9.3/../../../../arm-none-eabi/lib/armv7-m/libc.a(lib_a-memmove.o)
                0x0000d09c                memmove
 .text.memset   0x0000d164       0x9c /opt/gcc-arm-none-eabi-4.9-cc1310/bin/../lib/gcc/arm-none-eabi/4.9.3/../../../../arm-none-eabi/lib/armv7-m/libc.a(lib_a-memset.o)
                0x0000d164                memset
 .text.strlen   0x0000d200       0x5c /opt/gcc-arm-none-eabi-4.9-cc1310/bin/../lib/gcc/arm-none-eabi/4.9.3/../../../../arm-none-eabi/lib/armv7-m/libc.a(lib_a-strlen.o)
                0x0000d200                strlen
 *(SORT(.rodata*))
 .rodata.autostart_processes
                0x0000d25c        0x8 nodes-sender.co
                0x0000d25c                autostart_processes
 .rodata.str1.4
                0x0000d264       0x3d nodes-sender.co
                                 0x40 (size before relaxing)
 *fill*         0x0000d2a1        0x3 00000000
 .rodata.str1.4
                0x0000d2a4       0x91 contiki-cc13xx.a(contiki-main.o)
                                 0x94 (size before relaxing)
 *fill*         0x0000d335        0x3 00000000
 .rodata        0x0000d338       0x68 contiki-cc13xx.a(board.o)
 .rodata.str1.4
                0x0000d3a0       0xe2 contiki-cc13xx.a(node-id.o)
                                 0xe4 (size before relaxing)
 *fill*         0x0000d482        0x2 00000000
 .rodata.str1.4
                0x0000d484       0x1a contiki-cc13xx.a(external-watchd)
                                 0x1c (size before relaxing)
 *fill*         0x0000d49e        0x2 00000000
 .rodata.mode_prop
                0x0000d4a0        0x8 contiki-cc13xx.a(prop-mode.o)
 .rodata.prop_mode_driver
                0x0000d4a8       0x38 contiki-cc13xx.a(prop-mode.o)
                0x0000d4a8                prop_mode_driver
 .rodata.patchGenfskRfe
                0x0000d4e0      0x6b4 contiki-cc13xx.a(prop-mode.o)
 .rodata.patchImageGenfsk
                0x0000db94      0x28c contiki-cc13xx.a(prop-mode.o)
 .rodata.prop_mode_tx_power_431_527
                0x0000de20       0x30 contiki-cc13xx.a(prop-mode-tx-po)
                0x0000de20                prop_mode_tx_power_431_527
 .rodata.str1.4
                0x0000de50       0x46 contiki-cc13xx.a(rf-core.o)
                                 0x48 (size before relaxing)
 *fill*         0x0000de96        0x2 00000000
 .rodata.str1.4
                0x0000de98       0x1b contiki-cc13xx.a(soc-trng.o)
                                 0x1c (size before relaxing)
 *fill*         0x0000deb3        0x1 00000000
 .rodata.str1.4
                0x0000deb4       0x46 contiki-cc13xx.a(strformat.o)
                                 0x48 (size before relaxing)
 *fill*         0x0000defa        0x2 00000000
 .rodata.buffer.4019
                0x0000defc       0x10 contiki-cc13xx.a(strformat.o)
 .rodata.buffer.4028
                0x0000df0c       0x10 contiki-cc13xx.a(strformat.o)
 .rodata.str1.4
                0x0000df1c        0xc contiki-cc13xx.a(etimer.o)
 .rodata.str1.4
                0x0000df28        0xf contiki-cc13xx.a(ctimer.o)
                                 0x10 (size before relaxing)
 *fill*         0x0000df37        0x1 00000000
 .rodata.str1.4
                0x0000df38        0xe contiki-cc13xx.a(serial-line.o)
                                 0x10 (size before relaxing)
 *fill*         0x0000df46        0x2 00000000
 .rodata        0x0000df48        0x4 contiki-cc13xx.a(sicslowpan.o)
 .rodata.ttl_values
                0x0000df4c        0x4 contiki-cc13xx.a(sicslowpan.o)
 .rodata.unc_llconf
                0x0000df50        0x4 contiki-cc13xx.a(sicslowpan.o)
                0x0000df50                unc_llconf
 .rodata.llprefix
                0x0000df54        0x4 contiki-cc13xx.a(sicslowpan.o)
                0x0000df54                llprefix
 .rodata.sicslowpan_driver
                0x0000df58        0xc contiki-cc13xx.a(sicslowpan.o)
                0x0000df58                sicslowpan_driver
 .rodata.unc_mxconf
                0x0000df64        0x4 contiki-cc13xx.a(sicslowpan.o)
                0x0000df64                unc_mxconf
 .rodata.unc_ctxconf
                0x0000df68        0x4 contiki-cc13xx.a(sicslowpan.o)
                0x0000df68                unc_ctxconf
 .rodata.str1.4
                0x0000df6c        0xb contiki-cc13xx.a(sicslowpan.o)
                                  0xc (size before relaxing)
 *fill*         0x0000df77        0x1 00000000
 .rodata.str1.4
                0x0000df78        0xd contiki-cc13xx.a(tcpip.o)
                                 0x10 (size before relaxing)
 *fill*         0x0000df85        0x3 00000000
 .rodata.linkaddr_null
                0x0000df88        0x4 contiki-cc13xx.a(linkaddr.o)
                0x0000df88                linkaddr_null
 .rodata.framer_802154
                0x0000df8c        0xc contiki-cc13xx.a(framer-802154.o)
                0x0000df8c                framer_802154
 .rodata.str1.4
                0x0000df98        0x8 contiki-cc13xx.a(nullrdc.o)
 .rodata.nullrdc_driver
                0x0000dfa0       0x20 contiki-cc13xx.a(nullrdc.o)
                0x0000dfa0                nullrdc_driver
 .rodata.str1.4
                0x0000dfc0      0x19f contiki-cc13xx.a(hitmac.o)
                                0x1a0 (size before relaxing)
 *fill*         0x0000e15f        0x1 00000000
 .rodata.hitmac_driver
                0x0000e160       0x1c contiki-cc13xx.a(hitmac.o)
                0x0000e160                hitmac_driver
 .rodata.str1.4
                0x0000e17c      0x22c contiki-cc13xx.a(hitmac-frame.o)
 .rodata.str1.4
                0x0000e3a8        0x8 contiki-cc13xx.a(nullsec.o)
 .rodata.nullsec_driver
                0x0000e3b0       0x10 contiki-cc13xx.a(nullsec.o)
                0x0000e3b0                nullsec_driver
 .rodata.str1.4
                0x0000e3c0       0x8c contiki-cc13xx.a(flashdata.o)
 .rodata.str1.4
                0x0000e44c       0x2c contiki-cc13xx.a(uip-debug.o)
                0x0000e478                _etext = .

.glue_7         0x0000e478        0x0
 .glue_7        0x00000000        0x0 linker stubs

.glue_7t        0x0000e478        0x0
 .glue_7t       0x00000000        0x0 linker stubs

.vfp11_veneer   0x0000e478        0x0
 .vfp11_veneer  0x00000000        0x0 linker stubs

.v4_bx          0x0000e478        0x0
 .v4_bx         0x00000000        0x0 linker stubs

.iplt           0x0000e478        0x0
 .iplt          0x00000000        0x0 obj_cc13xx/startup_gcc.o

.data           0x20000000      0x331 load address 0x0000e478
                0x20000000                _data = .
 *(SORT(vtable))
 *(SORT(.data*))
 .data.nodes_sender_process
                0x20000000       0x10 nodes-sender.co
                0x20000000                nodes_sender_process
 .data.srf_module
                0x20000010       0x14 contiki-cc13xx.a(board.o)
 .data.watchdog_process
                0x20000024       0x10 contiki-cc13xx.a(external-watchd)
                0x20000024                watchdog_process
 .data.prop_lpm_module
                0x20000034       0x14 contiki-cc13xx.a(prop-mode.o)
 .data.tx_power_current
                0x20000048        0x4 contiki-cc13xx.a(prop-mode.o)
                0x20000048                tx_power_current
 .data.uart_module
                0x2000004c       0x14 contiki-cc13xx.a(cc26xx-uart.o)
 .data.rf_core_process
                0x20000060       0x10 contiki-cc13xx.a(rf-core.o)
                0x20000060                rf_core_process
 .data.rng_module
                0x20000070       0x14 contiki-cc13xx.a(soc-trng.o)
 .data.soc_trng_process
                0x20000084       0x10 contiki-cc13xx.a(soc-trng.o)
                0x20000084                soc_trng_process
 .data.ctxt     0x20000094        0x8 contiki-cc13xx.a(dbg-printf.o)
 .data.etimer_process
                0x2000009c       0x10 contiki-cc13xx.a(etimer.o)
                0x2000009c                etimer_process
 .data.ctimer_process
                0x200000ac       0x10 contiki-cc13xx.a(ctimer.o)
                0x200000ac                ctimer_process
 .data.serial_line_process
                0x200000bc       0x10 contiki-cc13xx.a(serial-line.o)
                0x200000bc                serial_line_process
 .data.tcpip_process
                0x200000cc       0x10 contiki-cc13xx.a(tcpip.o)
                0x200000cc                tcpip_process
 .data.rpl_parents
                0x200000dc        0x4 contiki-cc13xx.a(rpl-dag.o)
                0x200000dc                rpl_parents
 .data.rpl_parents_struct
                0x200000e0       0x10 contiki-cc13xx.a(rpl-dag.o)
 .data.rpl_mrhof
                0x200000f0       0x24 contiki-cc13xx.a(rpl-mrhof.o)
                0x200000f0                rpl_mrhof
 .data.dao_ack_handler
                0x20000114        0xc contiki-cc13xx.a(rpl-icmp6.o)
 .data.dis_handler
                0x20000120        0xc contiki-cc13xx.a(rpl-icmp6.o)
 .data.dao_handler
                0x2000012c        0xc contiki-cc13xx.a(rpl-icmp6.o)
 .data.dio_handler
                0x20000138        0xc contiki-cc13xx.a(rpl-icmp6.o)
 .data.bufmem   0x20000144        0xc contiki-cc13xx.a(queuebuf.o)
 .data.buframmem
                0x20000150        0xc contiki-cc13xx.a(queuebuf.o)
 .data.neighbor_addr_mem
                0x2000015c        0xc contiki-cc13xx.a(nbr-table.o)
 .data.link_stats_struct
                0x20000168       0x10 contiki-cc13xx.a(link-stats.o)
 .data.hitmac_root_eb_process
                0x20000178       0x10 contiki-cc13xx.a(hitmac.o)
                0x20000178                hitmac_root_eb_process
 .data.hitmac_scheduler_process
                0x20000188       0x10 contiki-cc13xx.a(hitmac.o)
                0x20000188                hitmac_scheduler_process
 .data.hitmac_nodeid
                0x20000198        0xc contiki-cc13xx.a(hitmac.o)
                0x20000198                hitmac_nodeid
 .data.hitmac_test_process
                0x200001a4       0x10 contiki-cc13xx.a(hitmac.o)
                0x200001a4                hitmac_test_process
 .data.hitmac_process
                0x200001b4       0x10 contiki-cc13xx.a(hitmac.o)
                0x200001b4                hitmac_process
 .data.nodeid_slot
                0x200001c4        0x8 contiki-cc13xx.a(hitmac.o)
                0x200001c4                nodeid_slot
 .data.smartrf_settings_cmd_prop_rx_adv
                0x200001cc       0x30 contiki-cc13xx.a(smartrf-setting)
                0x200001cc                smartrf_settings_cmd_prop_rx_adv
 .data.smartrf_settings_cmd_fs
                0x200001fc       0x18 contiki-cc13xx.a(smartrf-setting)
                0x200001fc                smartrf_settings_cmd_fs
 .data.smartrf_settings_cmd_prop_radio_div_setup
                0x20000214       0x28 contiki-cc13xx.a(smartrf-setting)
                0x20000214                smartrf_settings_cmd_prop_radio_div_setup
 .data.smartrf_settings_cmd_prop_tx_adv
                0x2000023c       0x20 contiki-cc13xx.a(smartrf-setting)
                0x2000023c                smartrf_settings_cmd_prop_tx_adv
 .data.overrides
                0x2000025c       0x60 contiki-cc13xx.a(smartrf-setting)
 .data.echo_request_handler
                0x200002bc        0xc contiki-cc13xx.a(uip-icmp6.o)
 .data.echo_reply_handler
                0x200002c8        0xc contiki-cc13xx.a(uip-icmp6.o)
 .data.defaultroutermemb
                0x200002d4        0xc contiki-cc13xx.a(uip-ds6-route.o)
 .data.nbr_routes_struct
                0x200002e0       0x10 contiki-cc13xx.a(uip-ds6-route.o)
 .data.nbr_routes
                0x200002f0        0x4 contiki-cc13xx.a(uip-ds6-route.o)
                0x200002f0                nbr_routes
 .data.routememb
                0x200002f4        0xc contiki-cc13xx.a(uip-ds6-route.o)
 .data.neighborroutememb
                0x20000300        0xc contiki-cc13xx.a(uip-ds6-route.o)
 .data.ds6_neighbors
                0x2000030c        0x4 contiki-cc13xx.a(uip-ds6-nbr.o)
                0x2000030c                ds6_neighbors
 .data.ds6_neighbors_struct
                0x20000310       0x10 contiki-cc13xx.a(uip-ds6-nbr.o)
 .data.ns_input_handler
                0x20000320        0xc contiki-cc13xx.a(uip-nd6.o)
 .data.mac_pan_id
                0x2000032c        0x2 contiki-cc13xx.a(frame802154.o)
 .data.rssi_threshold
                0x2000032e        0x1 contiki-cc13xx.a(prop-mode.o)
 .data.rng_ready_event
                0x2000032f        0x1 contiki-cc13xx.a(soc-trng.o)
 .data.dao_sequence
                0x20000330        0x1 contiki-cc13xx.a(rpl-icmp6.o)
                0x20000331                _edata = .

.igot.plt       0x20000334        0x0 load address 0x0000e7a9
 .igot.plt      0x00000000        0x0 obj_cc13xx/startup_gcc.o

.ARM.exidx      0x0000e7ac        0x8
 *(SORT(.ARM.exidx*))
 .ARM.exidx     0x0000e7ac        0x8 /opt/gcc-arm-none-eabi-4.9-cc1310/bin/../lib/gcc/arm-none-eabi/4.9.3/armv7-m/libgcc.a(_divdi3.o)
 .ARM.exidx     0x0000e7b4        0x0 /opt/gcc-arm-none-eabi-4.9-cc1310/bin/../lib/gcc/arm-none-eabi/4.9.3/armv7-m/libgcc.a(_udivdi3.o)
                                  0x8 (size before relaxing)

.bss            0x20000338     0x29e7
                0x20000338                _bss = .
 *(SORT(.bss*))
 .bss.count     0x20000338        0x8 contiki-cc13xx.a(clock.o)
 .bss.rands_cache
                0x20000340       0x20 contiki-cc13xx.a(soc-trng.o)
 .bss.periodic.6088
                0x20000360       0x10 nodes-sender.co
 .bss.inited    0x20000370        0x4 contiki-cc13xx.a(board.o)
 .bss.dog       0x20000374       0x10 contiki-cc13xx.a(external-watchd)
 .bss.rx_stats  0x20000384        0xc contiki-cc13xx.a(prop-mode.o)
 .bss.rx_data_queue
                0x20000390        0x8 contiki-cc13xx.a(prop-mode.o)
 .bss.rx_read_entry
                0x20000398        0x4 contiki-cc13xx.a(prop-mode.o)
 .bss.tx_buf    0x2000039c       0xb8 contiki-cc13xx.a(prop-mode.o)
 .bss.rx_buf    0x20000454      0x230 contiki-cc13xx.a(prop-mode.o)
 .bss.last_isr_time
                0x20000684        0x4 contiki-cc13xx.a(soc-rtc.o)
 .bss.input_handler
                0x20000688        0x4 contiki-cc13xx.a(cc26xx-uart.o)
 .bss.modules_list_list
                0x2000068c        0x4 contiki-cc13xx.a(lpm.o)
 .bss.last_radio_op
                0x20000690        0x4 contiki-cc13xx.a(rf-core.o)
 .bss.primary_mode
                0x20000694        0x4 contiki-cc13xx.a(rf-core.o)
 .bss.rat_offset
                0x20000698        0x4 contiki-cc13xx.a(rf-core.o)
                0x20000698                rat_offset
 .bss.notify_cb
                0x2000069c        0x4 contiki-cc13xx.a(soc-trng.o)
 .bss.rands_mask
                0x200006a0        0x4 contiki-cc13xx.a(soc-trng.o)
 .bss.timerlist
                0x200006a4        0x4 contiki-cc13xx.a(etimer.o)
 .bss.next_expiration
                0x200006a8        0x4 contiki-cc13xx.a(etimer.o)
 .bss.ctimer_list_list
                0x200006ac        0x4 contiki-cc13xx.a(ctimer.o)
 .bss.process_current
                0x200006b0        0x4 contiki-cc13xx.a(process.o)
                0x200006b0                process_current
 .bss.process_list
                0x200006b4        0x4 contiki-cc13xx.a(process.o)
                0x200006b4                process_list
 .bss.events    0x200006b8      0x180 contiki-cc13xx.a(process.o)
 .bss.next_rtimer
                0x20000838        0x4 contiki-cc13xx.a(rtimer.o)
 .bss.rxbuf_data
                0x2000083c       0x80 contiki-cc13xx.a(serial-line.o)
 .bss.buf.4853  0x200008bc       0x80 contiki-cc13xx.a(serial-line.o)
 .bss.rxbuf     0x2000093c        0x8 contiki-cc13xx.a(serial-line.o)
 .bss.ptr.4854  0x20000944        0x4 contiki-cc13xx.a(serial-line.o)
 .bss.context   0x20000948        0x4 contiki-cc13xx.a(sicslowpan.o)
 .bss.last_rssi
                0x2000094c        0x4 contiki-cc13xx.a(sicslowpan.o)
 .bss.hc06_ptr  0x20000950        0x4 contiki-cc13xx.a(sicslowpan.o)
 .bss.frag_info
                0x20000954      0x158 contiki-cc13xx.a(sicslowpan.o)
 .bss.addr_contexts
                0x20000aac        0xc contiki-cc13xx.a(sicslowpan.o)
 .bss.packetbuf_ptr
                0x20000ab8        0x4 contiki-cc13xx.a(sicslowpan.o)
 .bss.last_tx_status
                0x20000abc        0x4 contiki-cc13xx.a(sicslowpan.o)
 .bss.frag_buf  0x20000ac0      0x54c contiki-cc13xx.a(sicslowpan.o)
 .bss.packetbuf_payload_len
                0x2000100c        0x4 contiki-cc13xx.a(sicslowpan.o)
 .bss.callback  0x20001010        0x4 contiki-cc13xx.a(sicslowpan.o)
 .bss.s         0x20001014       0xa4 contiki-cc13xx.a(tcpip.o)
 .bss.periodic  0x200010b8       0x10 contiki-cc13xx.a(tcpip.o)
 .bss.outputfunc
                0x200010c8        0x4 contiki-cc13xx.a(tcpip.o)
 .bss._rpl_parents_mem
                0x200010cc       0xa0 contiki-cc13xx.a(rpl-dag.o)
 .bss.periodic_timer
                0x2000116c       0x20 contiki-cc13xx.a(rpl-timers.o)
 .bss.powerQualGlobals
                0x2000118c        0x8 contiki-cc13xx.a(sys_ctrl.o)
 .bss.buframmem_memb_count
                0x20001194        0x8 contiki-cc13xx.a(queuebuf.o)
 .bss.bufmem_memb_mem
                0x2000119c       0x20 contiki-cc13xx.a(queuebuf.o)
 .bss.buframmem_memb_mem
                0x200011bc      0x520 contiki-cc13xx.a(queuebuf.o)
 .bss.bufmem_memb_count
                0x200016dc        0x8 contiki-cc13xx.a(queuebuf.o)
 .bss.neighbor_addr_mem_memb_count
                0x200016e4       0x14 contiki-cc13xx.a(nbr-table.o)
 .bss.locked_map
                0x200016f8       0x14 contiki-cc13xx.a(nbr-table.o)
 .bss.nbr_table_keys_list
                0x2000170c        0x4 contiki-cc13xx.a(nbr-table.o)
 .bss.neighbor_addr_mem_memb_mem
                0x20001710       0xa0 contiki-cc13xx.a(nbr-table.o)
 .bss.used_map  0x200017b0       0x14 contiki-cc13xx.a(nbr-table.o)
 .bss.all_tables
                0x200017c4       0x20 contiki-cc13xx.a(nbr-table.o)
 .bss.num_tables
                0x200017e4        0x4 contiki-cc13xx.a(nbr-table.o)
 .bss.packetbuf_aligned
                0x200017e8       0x80 contiki-cc13xx.a(packetbuf.o)
 .bss._link_stats_mem
                0x20001868       0xf0 contiki-cc13xx.a(link-stats.o)
 .bss.scan_timer.6810
                0x20001958       0x10 contiki-cc13xx.a(hitmac.o)
 .bss.current_asn_time
                0x20001968        0x4 contiki-cc13xx.a(hitmac.o)
 .bss.test_et.6850
                0x2000196c       0x10 contiki-cc13xx.a(hitmac.o)
 .bss.hitmac_current_scheduler
                0x2000197c       0x14 contiki-cc13xx.a(hitmac.o)
 .bss.hitmac_is_associated
                0x20001990        0x4 contiki-cc13xx.a(hitmac.o)
 .bss.hitmac_current_bussiness
                0x20001994        0x4 contiki-cc13xx.a(hitmac.o)
 .bss.hitmac_current_asn
                0x20001998        0x8 contiki-cc13xx.a(hitmac.o)
 .bss.asn_rtimer
                0x200019a0        0xc contiki-cc13xx.a(hitmac.o)
 .bss.request_pt.6836
                0x200019ac        0x4 contiki-cc13xx.a(hitmac.o)
 .bss.consumers_list_list
                0x200019b0        0x4 contiki-cc13xx.a(aux-ctrl.o)
 .bss.tmp_ipaddr
                0x200019b4       0x10 contiki-cc13xx.a(uip-icmp6.o)
 .bss.echo_reply_callback_list_list
                0x200019c4        0x4 contiki-cc13xx.a(uip-icmp6.o)
 .bss.input_handler_list_list
                0x200019c8        0x4 contiki-cc13xx.a(uip-icmp6.o)
 .bss.locmaddr  0x200019cc        0x4 contiki-cc13xx.a(uip-ds6.o)
 .bss.locprefix
                0x200019d0        0x4 contiki-cc13xx.a(uip-ds6.o)
 .bss.locaddr   0x200019d4        0x4 contiki-cc13xx.a(uip-ds6.o)
 .bss.loc_fipaddr
                0x200019d8       0x10 contiki-cc13xx.a(uip-ds6.o)
 .bss.defaultroutermemb_memb_mem
                0x200019e8       0x40 contiki-cc13xx.a(uip-ds6-route.o)
 .bss.num_routes
                0x20001a28        0x4 contiki-cc13xx.a(uip-ds6-route.o)
 .bss.defaultroutermemb_memb_count
                0x20001a2c        0x4 contiki-cc13xx.a(uip-ds6-route.o)
 .bss.defaultrouterlist_list
                0x20001a30        0x4 contiki-cc13xx.a(uip-ds6-route.o)
 .bss._nbr_routes_mem
                0x20001a34       0xa0 contiki-cc13xx.a(uip-ds6-route.o)
 .bss.routelist_list
                0x20001ad4        0x4 contiki-cc13xx.a(uip-ds6-route.o)
 .bss.routememb_memb_mem
                0x20001ad8      0x320 contiki-cc13xx.a(uip-ds6-route.o)
 .bss.neighborroutememb_memb_mem
                0x20001df8       0xa0 contiki-cc13xx.a(uip-ds6-route.o)
 .bss.notificationlist_list
                0x20001e98        0x4 contiki-cc13xx.a(uip-ds6-route.o)
 .bss.neighborroutememb_memb_count
                0x20001e9c       0x14 contiki-cc13xx.a(uip-ds6-route.o)
 .bss.routememb_memb_count
                0x20001eb0       0x14 contiki-cc13xx.a(uip-ds6-route.o)
 .bss.iss       0x20001ec4        0x4 contiki-cc13xx.a(uip6.o)
 .bss._ds6_neighbors_mem
                0x20001ec8      0x168 contiki-cc13xx.a(uip-ds6-nbr.o)
 .bss.nbr       0x20002030        0x4 contiki-cc13xx.a(uip-nd6.o)
 .bss.nd6_opt_llao
                0x20002034        0x4 contiki-cc13xx.a(uip-nd6.o)
 .bss.addr      0x20002038        0x4 contiki-cc13xx.a(uip-nd6.o)
 .bss.periodic_timer
                0x2000203c       0x20 contiki-cc13xx.a(rpl-nbr-policy.)
 .bss.timer_init
                0x2000205c        0x4 contiki-cc13xx.a(rpl-nbr-policy.)
 .bss.num_children
                0x20002060        0x4 contiki-cc13xx.a(rpl-nbr-policy.)
 .bss.worst_rank_nbr
                0x20002064        0x4 contiki-cc13xx.a(rpl-nbr-policy.)
 .bss.num_free  0x20002068        0x4 contiki-cc13xx.a(rpl-nbr-policy.)
 .bss.num_parents
                0x2000206c        0x4 contiki-cc13xx.a(rpl-nbr-policy.)
 .bss.received_seqnos
                0x20002070       0xc0 contiki-cc13xx.a(mac-sequence.o)
 .bss.node_id   0x20002130        0x2 contiki-cc13xx.a(node-id.o)
                0x20002130                node_id
 .bss.my_tag    0x20002132        0x2 contiki-cc13xx.a(sicslowpan.o)
 .bss.next_dis  0x20002134        0x2 contiki-cc13xx.a(rpl-timers.o)
 .bss.buflen    0x20002136        0x2 contiki-cc13xx.a(packetbuf.o)
 .bss.bufptr    0x20002138        0x2 contiki-cc13xx.a(packetbuf.o)
 .bss.lastport  0x2000213a        0x2 contiki-cc13xx.a(uip6.o)
 .bss.worst_rank
                0x2000213c        0x2 contiki-cc13xx.a(rpl-nbr-policy.)
 .bss.c         0x2000213e        0x1 contiki-cc13xx.a(board.o)
 .bss.rat_offset_known
                0x2000213f        0x1 contiki-cc13xx.a(rf-core.o)
 .bss.ble_mode_on
                0x20002140        0x1 contiki-cc13xx.a(rf-ble.o)
 .bss.initialized
                0x20002141        0x1 contiki-cc13xx.a(ctimer.o)
 .bss.fevent    0x20002142        0x1 contiki-cc13xx.a(process.o)
 .bss.nevents   0x20002143        0x1 contiki-cc13xx.a(process.o)
 .bss.poll_requested
                0x20002144        0x1 contiki-cc13xx.a(process.o)
 .bss.lastevent
                0x20002145        0x1 contiki-cc13xx.a(process.o)
 .bss.leds      0x20002146        0x1 contiki-cc13xx.a(leds.o)
 .bss.uncomp_hdr_len
                0x20002147        0x1 contiki-cc13xx.a(sicslowpan.o)
 .bss.packetbuf_hdr_len
                0x20002148        0x1 contiki-cc13xx.a(sicslowpan.o)
 .bss.dio_send_ok
                0x20002149        0x1 contiki-cc13xx.a(rpl-timers.o)
 .bss.mode      0x2000214a        0x1 contiki-cc13xx.a(rpl.o)
 .bss.hdrlen    0x2000214b        0x1 contiki-cc13xx.a(packetbuf.o)
 .bss.mac_dsn   0x2000214c        0x1 contiki-cc13xx.a(framer-802154.o)
 .bss.initialized
                0x2000214d        0x1 contiki-cc13xx.a(framer-802154.o)
 .bss.lost_sync_num
                0x2000214e        0x1 contiki-cc13xx.a(hitmac.o)
                0x2000214e                lost_sync_num
 .bss.rand_req.6811
                0x2000214f        0x1 contiki-cc13xx.a(hitmac.o)
 .bss.hitmac_slot
                0x20002150        0x1 contiki-cc13xx.a(hitmac.o)
 .bss.mod_type  0x20002151        0x1 contiki-cc13xx.a(hitmac.o)
 .bss.uip_ext_len
                0x20002152        0x1 contiki-cc13xx.a(uip6.o)
                0x20002152                uip_ext_len
 .bss.uip_ext_bitmap
                0x20002153        0x1 contiki-cc13xx.a(uip6.o)
                0x20002153                uip_ext_bitmap
 .bss.uip_ext_opt_offset
                0x20002154        0x1 contiki-cc13xx.a(uip6.o)
                0x20002154                uip_ext_opt_offset
 .bss.nd6_opt_offset
                0x20002155        0x1 contiki-cc13xx.a(uip-nd6.o)
 *(SORT(COMMON))
 *fill*         0x20002156        0x2 
 COMMON         0x20002158       0x26 contiki-cc13xx.a(contiki-main.o)
                0x20002158                normal_byte
                0x2000215a                channel_byte
                0x2000215c                restart_count
                0x20002160                cmd_read_meter
 *fill*         0x2000217e        0x2 
 COMMON         0x20002180      0x158 contiki-cc13xx.a(rpl-dag.o)
                0x20002180                default_instance
                0x20002184                instance_table
 COMMON         0x200022d8       0x22 contiki-cc13xx.a(packetbuf.o)
                0x200022d8                packetbuf_addrs
                0x200022dc                packetbuf_attrs
 *fill*         0x200022fa        0x2 
 COMMON         0x200022fc        0x2 contiki-cc13xx.a(linkaddr.o)
                0x200022fc                linkaddr_node_addr
 *fill*         0x200022fe        0x2 
 COMMON         0x20002300       0x20 contiki-cc13xx.a(link-stats.o)
                0x20002300                periodic_timer
 COMMON         0x20002320        0xc contiki-cc13xx.a(hitmac.o)
                0x20002320                hitmac_is_started
                0x20002324                hitmac_is_root
                0x20002328                receive_request_time
 COMMON         0x2000232c      0x174 contiki-cc13xx.a(uip-ds6.o)
                0x2000232c                uip_ds6_timer_ra
                0x20002334                uip_ds6_if
                0x2000242c                uip_ds6_netif_addr_list_offset
                0x2000242d                uip_ds6_addr_size
                0x20002430                uip_ds6_prefix_list
                0x20002490                uip_ds6_timer_periodic
 COMMON         0x200024a0      0x87c contiki-cc13xx.a(uip6.o)
                0x200024a0                uip_len
                0x200024a4                uip_sappdata
                0x200024a8                uip_acc32
                0x200024ac                uip_lladdr
                0x200024b4                uip_aligned_buf
                0x200029b4                uip_flags
                0x200029b8                uip_next_hdr
                0x200029bc                uip_udp_conn
                0x200029c0                uip_appdata